[2026-06-14 19:07:20] INFO [setup_logging] 日志系统初始化完成，日志文件: /Use*******************************************************************************************************
[2026-06-14 19:07:20] INFO [setup_logging] 未检测到 tkinter，将使用命令行交互模式
[2026-06-14 19:07:21] INFO [find_lookup_file] 精确匹配到主体查找表: /var**************************************************************************************
[2026-06-14 19:07:21] INFO [run_pipeline] 正在预加载主体查找表...
[2026-06-14 19:07:21] DEBUG [detect_excel_format] 文件 /var************************************************************************************** Magic Bytes 检测为 xlsx 格式 (ZIP/OOXML)
[2026-06-14 19:07:21] INFO [load_lookup_table] 查找表加载完成：共 2 条条目，2 个唯一账号，0 个扩展字段
[2026-06-14 19:07:21] INFO [run_pipeline] 主体查找表预加载完成
[2026-06-14 19:07:21] INFO [load_existing_keys] 未找到历史总表，将以全量模式运行
[2026-06-14 19:07:21] INFO [run_pipeline] 无历史数据，将以全量模式运行
[2026-06-14 19:07:21] INFO [prepare_working_folder] 已复制文件夹到同级目录: /var******************************************************************************
[2026-06-14 19:07:21] DEBUG [scan_excel_files] 发现 Excel 文件: /var*******************************************************************************************
[2026-06-14 19:07:21] INFO [scan_excel_files] 共扫描到 1 个 Excel 文件
[2026-06-14 19:07:21] DEBUG [detect_excel_format] 文件 /var******************************************************************************************* Magic Bytes 检测为 xlsx 格式 (ZIP/OOXML)
[2026-06-14 19:07:21] INFO [identify_bank] 文件「北京银行_流水.xlsx」通过前缀匹配识别为: 北京银行
[2026-06-14 19:07:21] INFO [parse] 开始处理北京银行文件: /var*******************************************************************************************
[2026-06-14 19:07:21] DEBUG [detect_excel_format] 文件 /var******************************************************************************************* Magic Bytes 检测为 xlsx 格式 (ZIP/OOXML)
[2026-06-14 19:07:21] INFO [validate_headers] 北京银行文件工作表「交易明细」表头校验通过，7 个字段均匹配
[2026-06-14 19:07:21] DEBUG [get_subject_info] 银行账号「0109年03月」匹配到主体: 北********司（优先级: 0）
[2026-06-14 19:07:21] INFO [_parse_sheet] 北京银行文件工作表「交易明细」提取 2 条记录
[2026-06-14 19:07:21] INFO [parse] 北京银行文件处理完成，共提取 2 条记录
[2026-06-14 19:07:21] INFO [run_pipeline] 成功处理文件: /var*******************************************************************************************（2 条记录）
[2026-06-14 19:07:21] DEBUG [delete_processed_files] 已删除文件: /var*******************************************************************************************
[2026-06-14 19:07:21] INFO [run_pipeline] 总表输出完成: /var***************************************************************************************（共 2 条记录）
[2026-06-14 19:07:21] INFO [apply_amount_anomaly_detection] 开始金额异常检测，单笔阈值: [金额已隐藏] 元
[2026-06-14 19:07:21] INFO [apply_amount_anomaly_detection] 金额异常检测完成：共 2 条记录，0 条异常 (0.00%)
[2026-06-14 19:07:21] INFO [save_config] 对方户名规则配置已保存: /var***************************************************************************************************
[2026-06-14 19:07:21] INFO [apply_counterparty_rules] 对方户名规则匹配完成: 总记录 2, 命中 0, 黑名单 0, 白名单 0
[2026-06-14 19:07:21] INFO [export_masked_summary] 脱敏版总表输出完成: /var*******************************************************************************************（共 2 条记录）
[2026-06-14 19:07:21] DEBUG [init_schema] 数据库表结构初始化完成
[2026-06-14 19:07:21] INFO [connect] SQLite 数据库已连接: /Use************************************************************************************
[2026-06-14 19:07:21] INFO [insert_records] 已加载 25 个历史匹配键用于去重
[2026-06-14 19:07:21] INFO [insert_records] 批量导入完成: 批次 BATC***************, 共 2 条, 新增 0 条, 重复 2 条
[2026-06-14 19:07:21] INFO [disconnect] SQLite 数据库已断开
[2026-06-14 19:07:21] INFO [run_pipeline] 数据库持久化完成: 批次 BATC***************, 插入 0 条, 去重跳过 2 条
[2026-06-14 19:07:21] INFO [identify_internal_transfers] 内部划转识别完成: 2 条记录, 识别出 0 对 (0 划出 + 0 划入), 涉及 0 个主体, 0 家银行
[2026-06-14 19:07:21] INFO [summarize_transactions] 主体维度汇总完成: 2 条记录, 1 个主体, 1 家银行, 1 个月份, 0 个未匹配账号
[2026-06-14 19:07:21] INFO [export_subject_summary] 主体维度汇总分析已导出: /var*********************************************************************************************************
[2026-06-14 19:07:21] INFO [run_pipeline] 主体维度汇总分析已自动生成: /var*********************************************************************************************************
[2026-06-14 19:07:21] INFO [check_balance_continuity] 共 1 个账号待校验
[2026-06-14 19:07:21] DEBUG [check_balance_continuity] 校验账号: 0109年03月, 记录数: 2
[2026-06-14 19:07:21] INFO [check_balance_continuity] 余额连续性校验完成 - 总账号: 1, 已校验: 1, 跳过: 0, 异常笔数: 0, 异常账号: 0
[2026-06-14 19:07:21] INFO [export_balance_check_result] 余额连续性校验结果已导出: /var**********************************************************************************************************
[2026-06-14 19:07:21] INFO [run_pipeline] 余额连续性校验报告已自动生成: /var**********************************************************************************************************
[2026-06-14 19:07:21] INFO [detect_duplicates] 重复交易检测完成 - 总记录: 2, 疑似重复组: 0, 疑似重复记录: 0, 重复率: 0.00%
[2026-06-14 19:07:21] INFO [generate_duplicate_check_from_records] 未检测到重复交易，仍导出报告
[2026-06-14 19:07:21] INFO [export_duplicate_check_result] 重复交易检测结果已导出: /var*********************************************************************************************************
[2026-06-14 19:07:21] INFO [run_pipeline] 重复交易检测报告已自动生成: /var*********************************************************************************************************
[2026-06-14 19:07:21] INFO [filter_interest_fee_transactions] 筛选出 0 条利息手续费交易
[2026-06-14 19:07:21] INFO [summarize_by_period] 按month汇总生成 0 条期间汇总记录，异常 0 条
[2026-06-14 19:07:21] INFO [check_interest_fee] 利息手续费核对完成 - 总记录: 0 (利息: 0, 手续费: 0), 期间汇总: 0, 异常: 0
[2026-06-14 19:07:21] WARNING [generate_interest_fee_check_from_records] 未筛选到任何利息手续费交易，跳过报告生成
[2026-06-14 19:07:21] INFO [mark_non_workday_transactions] 非工作日交易标记完成: 总记录 2, 工作日 2, 周末 0, 法定节假日 0, 调休工作日 0
[2026-06-14 19:07:21] INFO [generate_holiday_check_from_records] 未发现非工作日交易，仍导出报告
[2026-06-14 19:07:21] INFO [export_holiday_check_result] 非工作日交易标记结果已导出: /var***********************************************************************************************************
[2026-06-14 19:07:21] INFO [run_pipeline] 非工作日交易标记报告已自动生成: /var***********************************************************************************************************
[2026-06-14 19:07:21] INFO [load_config] 会计期间配置已加载: period_type=monthly, cutoff_day=25, fiscal_year_start_month=1, format=YYYY-MM
[2026-06-14 19:07:21] INFO [assign_accounting_period] 会计期间归属完成: 2 条记录, 1 个期间
[2026-06-14 19:07:21] INFO [export_accounting_period_summary] 会计期间总表已导出: /var*******************************************************************************************************（1 个期间）
[2026-06-14 19:07:21] INFO [run_pipeline] 会计期间总表已自动生成: /var*******************************************************************************************************
[2026-06-14 19:07:21] INFO [save_report] 性能剖析报告已保存: /var*****************************************************************************************************
[2026-06-14 19:07:21] INFO [save_report] 性能剖析数据已保存: /var*******************************************************************************************************
[2026-06-14 19:07:21] INFO [run_pipeline] 性能剖析报告已生成: /var*****************************************************************************************************
[2026-06-14 19:07:22] INFO [generate_collab_template] 财务协同编辑模板生成完成: /var***************************************************************************************************************（可编辑列: 凭证号, 凭证日期, 会计科目编码, 会计科目名称, 备注, 制单人）
[2026-06-14 19:07:22] INFO [run_pipeline] 财务协同编辑模板已自动生成: /var***************************************************************************************************************
[2026-06-14 19:07:22] INFO [setup_logging] 日志系统初始化完成，日志文件: /Use*******************************************************************************************************
[2026-06-14 19:07:22] INFO [setup_logging] 未检测到 tkinter，将使用命令行交互模式
[2026-06-14 19:07:22] INFO [find_lookup_file] 精确匹配到主体查找表: /var**************************************************************************************
[2026-06-14 19:07:22] INFO [run_pipeline] 正在预加载主体查找表...
[2026-06-14 19:07:22] DEBUG [detect_excel_format] 文件 /var************************************************************************************** Magic Bytes 检测为 xlsx 格式 (ZIP/OOXML)
[2026-06-14 19:07:22] INFO [load_lookup_table] 查找表加载完成：共 2 条条目，2 个唯一账号，0 个扩展字段
[2026-06-14 19:07:22] INFO [run_pipeline] 主体查找表预加载完成
[2026-06-14 19:07:22] INFO [load_existing_keys] 未找到历史总表，将以全量模式运行
[2026-06-14 19:07:22] INFO [run_pipeline] 无历史数据，将以全量模式运行
[2026-06-14 19:07:22] INFO [prepare_working_folder] 已复制文件夹到同级目录: /var******************************************************************************
[2026-06-14 19:07:22] DEBUG [scan_excel_files] 发现 Excel 文件: /var*******************************************************************************************
[2026-06-14 19:07:22] INFO [scan_excel_files] 共扫描到 1 个 Excel 文件
[2026-06-14 19:07:22] DEBUG [detect_excel_format] 文件 /var******************************************************************************************* Magic Bytes 检测为 xlsx 格式 (ZIP/OOXML)
[2026-06-14 19:07:22] INFO [identify_bank] 文件「东亚银行_流水.xlsx」通过前缀匹配识别为: 东亚银行
[2026-06-14 19:07:22] INFO [parse] 开始处理东亚银行文件: /var*******************************************************************************************
[2026-06-14 19:07:22] DEBUG [detect_excel_format] 文件 /var******************************************************************************************* Magic Bytes 检测为 xlsx 格式 (ZIP/OOXML)
[2026-06-14 19:07:22] INFO [validate_headers] 东亚银行文件工作表「交易明细」表头校验通过，7 个字段均匹配
[2026-06-14 19:07:22] DEBUG [get_subject_info] 银行账号「3881年23月」匹配到主体: 上********司（优先级: 0）
[2026-06-14 19:07:22] INFO [_parse_sheet] 东亚银行文件工作表「交易明细」提取 2 条记录
[2026-06-14 19:07:22] INFO [parse] 东亚银行文件处理完成，共提取 2 条记录
[2026-06-14 19:07:22] INFO [run_pipeline] 成功处理文件: /var*******************************************************************************************（2 条记录）
[2026-06-14 19:07:22] DEBUG [delete_processed_files] 已删除文件: /var*******************************************************************************************
[2026-06-14 19:07:22] INFO [run_pipeline] 总表输出完成: /var***************************************************************************************（共 2 条记录）
[2026-06-14 19:07:22] INFO [apply_amount_anomaly_detection] 开始金额异常检测，单笔阈值: [金额已隐藏] 元
[2026-06-14 19:07:22] INFO [apply_amount_anomaly_detection] 金额异常检测完成：共 2 条记录，0 条异常 (0.00%)
[2026-06-14 19:07:22] INFO [apply_counterparty_rules] 对方户名规则匹配完成: 总记录 2, 命中 0, 黑名单 0, 白名单 0
[2026-06-14 19:07:22] INFO [export_masked_summary] 脱敏版总表输出完成: /var*******************************************************************************************（共 2 条记录）
[2026-06-14 19:07:22] DEBUG [init_schema] 数据库表结构初始化完成
[2026-06-14 19:07:22] INFO [connect] SQLite 数据库已连接: /Use************************************************************************************
[2026-06-14 19:07:22] INFO [insert_records] 已加载 25 个历史匹配键用于去重
[2026-06-14 19:07:23] INFO [insert_records] 批量导入完成: 批次 BATC***************, 共 2 条, 新增 0 条, 重复 2 条
[2026-06-14 19:07:23] INFO [disconnect] SQLite 数据库已断开
[2026-06-14 19:07:23] INFO [run_pipeline] 数据库持久化完成: 批次 BATC***************, 插入 0 条, 去重跳过 2 条
[2026-06-14 19:07:23] INFO [identify_internal_transfers] 内部划转识别完成: 2 条记录, 识别出 0 对 (0 划出 + 0 划入), 涉及 0 个主体, 0 家银行
[2026-06-14 19:07:23] INFO [summarize_transactions] 主体维度汇总完成: 2 条记录, 1 个主体, 1 家银行, 1 个月份, 0 个未匹配账号
[2026-06-14 19:07:23] INFO [export_subject_summary] 主体维度汇总分析已导出: /var*********************************************************************************************************
[2026-06-14 19:07:23] INFO [run_pipeline] 主体维度汇总分析已自动生成: /var*********************************************************************************************************
[2026-06-14 19:07:23] INFO [check_balance_continuity] 共 1 个账号待校验
[2026-06-14 19:07:23] DEBUG [check_balance_continuity] 校验账号: 3881年23月, 记录数: 2
[2026-06-14 19:07:23] INFO [check_balance_continuity] 余额连续性校验完成 - 总账号: 1, 已校验: 1, 跳过: 0, 异常笔数: 0, 异常账号: 0
[2026-06-14 19:07:23] INFO [export_balance_check_result] 余额连续性校验结果已导出: /var**********************************************************************************************************
[2026-06-14 19:07:23] INFO [run_pipeline] 余额连续性校验报告已自动生成: /var**********************************************************************************************************
[2026-06-14 19:07:23] INFO [detect_duplicates] 重复交易检测完成 - 总记录: 2, 疑似重复组: 0, 疑似重复记录: 0, 重复率: 0.00%
[2026-06-14 19:07:23] INFO [generate_duplicate_check_from_records] 未检测到重复交易，仍导出报告
[2026-06-14 19:07:23] INFO [export_duplicate_check_result] 重复交易检测结果已导出: /var*********************************************************************************************************
[2026-06-14 19:07:23] INFO [run_pipeline] 重复交易检测报告已自动生成: /var*********************************************************************************************************
[2026-06-14 19:07:23] INFO [filter_interest_fee_transactions] 筛选出 1 条利息手续费交易
[2026-06-14 19:07:23] INFO [summarize_by_period] 按month汇总生成 1 条期间汇总记录，异常 1 条
[2026-06-14 19:07:23] INFO [check_interest_fee] 利息手续费核对完成 - 总记录: 1 (利息: 0, 手续费: 1), 期间汇总: 1, 异常: 1
[2026-06-14 19:07:24] INFO [export_interest_fee_check_result] 利息手续费核对结果已导出: /var**********************************************************************************************************
[2026-06-14 19:07:24] INFO [run_pipeline] Interest & Fee check report auto-generated: /var/folders/8t/8rw7_pg16cx2c2mkh_cvpz8m0000gn/T/bankcheck_test_r2n1zto8/script/利息手续费核对报告_20260614_190723.xlsx
[2026-06-14 19:07:24] INFO [mark_non_workday_transactions] 非工作日交易标记完成: 总记录 2, 工作日 2, 周末 0, 法定节假日 0, 调休工作日 0
[2026-06-14 19:07:24] INFO [generate_holiday_check_from_records] 未发现非工作日交易，仍导出报告
[2026-06-14 19:07:24] INFO [export_holiday_check_result] 非工作日交易标记结果已导出: /var***********************************************************************************************************
[2026-06-14 19:07:24] INFO [run_pipeline] 非工作日交易标记报告已自动生成: /var***********************************************************************************************************
[2026-06-14 19:07:24] INFO [assign_accounting_period] 会计期间归属完成: 2 条记录, 1 个期间
[2026-06-14 19:07:24] INFO [export_accounting_period_summary] 会计期间总表已导出: /var*******************************************************************************************************（1 个期间）
[2026-06-14 19:07:24] INFO [run_pipeline] 会计期间总表已自动生成: /var*******************************************************************************************************
[2026-06-14 19:07:24] INFO [save_report] 性能剖析报告已保存: /var*****************************************************************************************************
[2026-06-14 19:07:24] INFO [save_report] 性能剖析数据已保存: /var*******************************************************************************************************
[2026-06-14 19:07:24] INFO [run_pipeline] 性能剖析报告已生成: /var*****************************************************************************************************
[2026-06-14 19:07:25] INFO [generate_collab_template] 财务协同编辑模板生成完成: /var***************************************************************************************************************（可编辑列: 凭证号, 凭证日期, 会计科目编码, 会计科目名称, 备注, 制单人）
[2026-06-14 19:07:25] INFO [run_pipeline] 财务协同编辑模板已自动生成: /var***************************************************************************************************************
[2026-06-14 19:07:25] INFO [setup_logging] 日志系统初始化完成，日志文件: /Use*******************************************************************************************************
[2026-06-14 19:07:25] INFO [setup_logging] 未检测到 tkinter，将使用命令行交互模式
[2026-06-14 19:07:25] INFO [find_lookup_file] 精确匹配到主体查找表: /var**************************************************************************************
[2026-06-14 19:07:25] INFO [run_pipeline] 正在预加载主体查找表...
[2026-06-14 19:07:25] DEBUG [detect_excel_format] 文件 /var************************************************************************************** Magic Bytes 检测为 xlsx 格式 (ZIP/OOXML)
[2026-06-14 19:07:25] INFO [load_lookup_table] 查找表加载完成：共 2 条条目，2 个唯一账号，0 个扩展字段
[2026-06-14 19:07:25] INFO [run_pipeline] 主体查找表预加载完成
[2026-06-14 19:07:25] INFO [load_existing_keys] 未找到历史总表，将以全量模式运行
[2026-06-14 19:07:25] INFO [run_pipeline] 无历史数据，将以全量模式运行
[2026-06-14 19:07:25] INFO [prepare_working_folder] 已复制文件夹到同级目录: /var******************************************************************************
[2026-06-14 19:07:25] DEBUG [scan_excel_files] 发现 Excel 文件: /var*******************************************************************************************
[2026-06-14 19:07:25] DEBUG [scan_excel_files] 发现 Excel 文件: /var*******************************************************************************************
[2026-06-14 19:07:25] INFO [scan_excel_files] 共扫描到 2 个 Excel 文件
[2026-06-14 19:07:25] DEBUG [detect_excel_format] 文件 /var******************************************************************************************* Magic Bytes 检测为 xlsx 格式 (ZIP/OOXML)
[2026-06-14 19:07:25] DEBUG [detect_excel_format] 文件 /var******************************************************************************************* Magic Bytes 检测为 xlsx 格式 (ZIP/OOXML)
[2026-06-14 19:07:25] INFO [identify_bank] 文件「东亚银行_流水.xlsx」通过前缀匹配识别为: 东亚银行
[2026-06-14 19:07:25] INFO [parse] 开始处理东亚银行文件: /var*******************************************************************************************
[2026-06-14 19:07:25] DEBUG [detect_excel_format] 文件 /var******************************************************************************************* Magic Bytes 检测为 xlsx 格式 (ZIP/OOXML)
[2026-06-14 19:07:25] INFO [validate_headers] 东亚银行文件工作表「交易明细」表头校验通过，7 个字段均匹配
[2026-06-14 19:07:25] DEBUG [get_subject_info] 银行账号「3881年23月」匹配到主体: 上********司（优先级: 0）
[2026-06-14 19:07:25] INFO [_parse_sheet] 东亚银行文件工作表「交易明细」提取 2 条记录
[2026-06-14 19:07:25] INFO [parse] 东亚银行文件处理完成，共提取 2 条记录
[2026-06-14 19:07:25] INFO [run_pipeline] 成功处理文件: /var*******************************************************************************************（2 条记录）
[2026-06-14 19:07:25] INFO [identify_bank] 文件「北京银行_流水.xlsx」通过前缀匹配识别为: 北京银行
[2026-06-14 19:07:25] INFO [parse] 开始处理北京银行文件: /var*******************************************************************************************
[2026-06-14 19:07:25] DEBUG [detect_excel_format] 文件 /var******************************************************************************************* Magic Bytes 检测为 xlsx 格式 (ZIP/OOXML)
[2026-06-14 19:07:25] INFO [validate_headers] 北京银行文件工作表「交易明细」表头校验通过，7 个字段均匹配
[2026-06-14 19:07:25] DEBUG [get_subject_info] 银行账号「0109年03月」匹配到主体: 北********司（优先级: 0）
[2026-06-14 19:07:25] INFO [_parse_sheet] 北京银行文件工作表「交易明细」提取 2 条记录
[2026-06-14 19:07:25] INFO [parse] 北京银行文件处理完成，共提取 2 条记录
[2026-06-14 19:07:25] INFO [run_pipeline] 成功处理文件: /var*******************************************************************************************（2 条记录）
[2026-06-14 19:07:25] DEBUG [delete_processed_files] 已删除文件: /var*******************************************************************************************
[2026-06-14 19:07:25] DEBUG [delete_processed_files] 已删除文件: /var*******************************************************************************************
[2026-06-14 19:07:25] INFO [run_pipeline] 总表输出完成: /var***************************************************************************************（共 4 条记录）
[2026-06-14 19:07:25] INFO [apply_amount_anomaly_detection] 开始金额异常检测，单笔阈值: [金额已隐藏] 元
[2026-06-14 19:07:25] INFO [apply_amount_anomaly_detection] 金额异常检测完成：共 4 条记录，0 条异常 (0.00%)
[2026-06-14 19:07:25] INFO [apply_counterparty_rules] 对方户名规则匹配完成: 总记录 4, 命中 0, 黑名单 0, 白名单 0
[2026-06-14 19:07:25] INFO [export_masked_summary] 脱敏版总表输出完成: /var*******************************************************************************************（共 4 条记录）
[2026-06-14 19:07:25] DEBUG [init_schema] 数据库表结构初始化完成
[2026-06-14 19:07:25] INFO [connect] SQLite 数据库已连接: /Use************************************************************************************
[2026-06-14 19:07:25] INFO [insert_records] 已加载 25 个历史匹配键用于去重
[2026-06-14 19:07:25] INFO [insert_records] 批量导入完成: 批次 BATC***************, 共 4 条, 新增 0 条, 重复 4 条
[2026-06-14 19:07:25] INFO [disconnect] SQLite 数据库已断开
[2026-06-14 19:07:25] INFO [run_pipeline] 数据库持久化完成: 批次 BATC***************, 插入 0 条, 去重跳过 4 条
[2026-06-14 19:07:25] INFO [identify_internal_transfers] 内部划转识别完成: 4 条记录, 识别出 0 对 (0 划出 + 0 划入), 涉及 0 个主体, 0 家银行
[2026-06-14 19:07:25] INFO [summarize_transactions] 主体维度汇总完成: 4 条记录, 2 个主体, 2 家银行, 1 个月份, 0 个未匹配账号
[2026-06-14 19:07:25] INFO [export_subject_summary] 主体维度汇总分析已导出: /var*********************************************************************************************************
[2026-06-14 19:07:25] INFO [run_pipeline] 主体维度汇总分析已自动生成: /var*********************************************************************************************************
[2026-06-14 19:07:25] INFO [check_balance_continuity] 共 2 个账号待校验
[2026-06-14 19:07:25] DEBUG [check_balance_continuity] 校验账号: 3881年23月, 记录数: 2
[2026-06-14 19:07:25] DEBUG [check_balance_continuity] 校验账号: 0109年03月, 记录数: 2
[2026-06-14 19:07:25] INFO [check_balance_continuity] 余额连续性校验完成 - 总账号: 2, 已校验: 2, 跳过: 0, 异常笔数: 0, 异常账号: 0
[2026-06-14 19:07:25] INFO [export_balance_check_result] 余额连续性校验结果已导出: /var**********************************************************************************************************
[2026-06-14 19:07:25] INFO [run_pipeline] 余额连续性校验报告已自动生成: /var**********************************************************************************************************
[2026-06-14 19:07:25] INFO [detect_duplicates] 重复交易检测完成 - 总记录: 4, 疑似重复组: 0, 疑似重复记录: 0, 重复率: 0.00%
[2026-06-14 19:07:25] INFO [generate_duplicate_check_from_records] 未检测到重复交易，仍导出报告
[2026-06-14 19:07:25] INFO [export_duplicate_check_result] 重复交易检测结果已导出: /var*********************************************************************************************************
[2026-06-14 19:07:25] INFO [run_pipeline] 重复交易检测报告已自动生成: /var*********************************************************************************************************
[2026-06-14 19:07:25] INFO [filter_interest_fee_transactions] 筛选出 1 条利息手续费交易
[2026-06-14 19:07:25] INFO [summarize_by_period] 按month汇总生成 1 条期间汇总记录，异常 1 条
[2026-06-14 19:07:25] INFO [check_interest_fee] 利息手续费核对完成 - 总记录: 1 (利息: 0, 手续费: 1), 期间汇总: 1, 异常: 1
[2026-06-14 19:07:25] INFO [export_interest_fee_check_result] 利息手续费核对结果已导出: /var**********************************************************************************************************
[2026-06-14 19:07:25] INFO [run_pipeline] Interest & Fee check report auto-generated: /var/folders/8t/8rw7_pg16cx2c2mkh_cvpz8m0000gn/T/bankcheck_test_rgoe4ke3/script/利息手续费核对报告_20260614_190725.xlsx
[2026-06-14 19:07:25] INFO [mark_non_workday_transactions] 非工作日交易标记完成: 总记录 4, 工作日 4, 周末 0, 法定节假日 0, 调休工作日 0
[2026-06-14 19:07:25] INFO [generate_holiday_check_from_records] 未发现非工作日交易，仍导出报告
[2026-06-14 19:07:25] INFO [export_holiday_check_result] 非工作日交易标记结果已导出: /var***********************************************************************************************************
[2026-06-14 19:07:25] INFO [run_pipeline] 非工作日交易标记报告已自动生成: /var***********************************************************************************************************
[2026-06-14 19:07:25] INFO [assign_accounting_period] 会计期间归属完成: 4 条记录, 1 个期间
[2026-06-14 19:07:25] INFO [export_accounting_period_summary] 会计期间总表已导出: /var*******************************************************************************************************（1 个期间）
[2026-06-14 19:07:25] INFO [run_pipeline] 会计期间总表已自动生成: /var*******************************************************************************************************
[2026-06-14 19:07:25] INFO [save_report] 性能剖析报告已保存: /var*****************************************************************************************************
[2026-06-14 19:07:25] INFO [save_report] 性能剖析数据已保存: /var*******************************************************************************************************
[2026-06-14 19:07:25] INFO [run_pipeline] 性能剖析报告已生成: /var*****************************************************************************************************
[2026-06-14 19:07:27] INFO [generate_collab_template] 财务协同编辑模板生成完成: /var***************************************************************************************************************（可编辑列: 凭证号, 凭证日期, 会计科目编码, 会计科目名称, 备注, 制单人）
[2026-06-14 19:07:27] INFO [run_pipeline] 财务协同编辑模板已自动生成: /var***************************************************************************************************************
[2026-06-14 19:07:27] INFO [setup_logging] 日志系统初始化完成，日志文件: /Use*******************************************************************************************************
[2026-06-14 19:07:27] INFO [setup_logging] 未检测到 tkinter，将使用命令行交互模式
[2026-06-14 19:07:27] INFO [find_lookup_file] 精确匹配到主体查找表: /var**************************************************************************************
[2026-06-14 19:07:27] INFO [run_pipeline] 正在预加载主体查找表...
[2026-06-14 19:07:27] DEBUG [detect_excel_format] 文件 /var************************************************************************************** Magic Bytes 检测为 xlsx 格式 (ZIP/OOXML)
[2026-06-14 19:07:27] INFO [load_lookup_table] 查找表加载完成：共 2 条条目，2 个唯一账号，0 个扩展字段
[2026-06-14 19:07:27] INFO [run_pipeline] 主体查找表预加载完成
[2026-06-14 19:07:27] INFO [load_existing_keys] 未找到历史总表，将以全量模式运行
[2026-06-14 19:07:27] INFO [run_pipeline] 无历史数据，将以全量模式运行
[2026-06-14 19:07:27] INFO [prepare_working_folder] 已复制文件夹到同级目录: /var******************************************************************************
[2026-06-14 19:07:27] DEBUG [scan_excel_files] 发现 Excel 文件: /var*******************************************************************************************
[2026-06-14 19:07:27] DEBUG [scan_excel_files] 发现 Excel 文件: /var*******************************************************************************************
[2026-06-14 19:07:27] INFO [scan_excel_files] 共扫描到 2 个 Excel 文件
[2026-06-14 19:07:27] DEBUG [detect_excel_format] 文件 /var******************************************************************************************* Magic Bytes 检测为 xlsx 格式 (ZIP/OOXML)
[2026-06-14 19:07:27] DEBUG [detect_excel_format] 文件 /var******************************************************************************************* Magic Bytes 检测为 xlsx 格式 (ZIP/OOXML)
[2026-06-14 19:07:27] INFO [identify_bank] 文件「北京银行_流水.xlsx」通过前缀匹配识别为: 北京银行
[2026-06-14 19:07:27] INFO [parse] 开始处理北京银行文件: /var*******************************************************************************************
[2026-06-14 19:07:27] DEBUG [detect_excel_format] 文件 /var******************************************************************************************* Magic Bytes 检测为 xlsx 格式 (ZIP/OOXML)
[2026-06-14 19:07:27] INFO [validate_headers] 北京银行文件工作表「交易明细」表头校验通过，7 个字段均匹配
[2026-06-14 19:07:27] DEBUG [get_subject_info] 银行账号「0109年03月」匹配到主体: 北********司（优先级: 0）
[2026-06-14 19:07:27] INFO [_parse_sheet] 北京银行文件工作表「交易明细」提取 2 条记录
[2026-06-14 19:07:27] INFO [parse] 北京银行文件处理完成，共提取 2 条记录
[2026-06-14 19:07:27] INFO [run_pipeline] 成功处理文件: /var*******************************************************************************************（2 条记录）
[2026-06-14 19:07:27] WARNING [identify_bank] 文件「未知银行_流水.xlsx」无法识别银行类型
[2026-06-14 19:07:27] DEBUG [delete_processed_files] 已删除文件: /var*******************************************************************************************
[2026-06-14 19:07:27] INFO [run_pipeline] 总表输出完成: /var***************************************************************************************（共 2 条记录）
[2026-06-14 19:07:27] INFO [apply_amount_anomaly_detection] 开始金额异常检测，单笔阈值: [金额已隐藏] 元
[2026-06-14 19:07:27] INFO [apply_amount_anomaly_detection] 金额异常检测完成：共 2 条记录，0 条异常 (0.00%)
[2026-06-14 19:07:27] INFO [apply_counterparty_rules] 对方户名规则匹配完成: 总记录 2, 命中 0, 黑名单 0, 白名单 0
[2026-06-14 19:07:27] INFO [export_masked_summary] 脱敏版总表输出完成: /var*******************************************************************************************（共 2 条记录）
[2026-06-14 19:07:27] DEBUG [init_schema] 数据库表结构初始化完成
[2026-06-14 19:07:27] INFO [connect] SQLite 数据库已连接: /Use************************************************************************************
[2026-06-14 19:07:27] INFO [insert_records] 已加载 25 个历史匹配键用于去重
[2026-06-14 19:07:27] INFO [insert_records] 批量导入完成: 批次 BATC***************, 共 2 条, 新增 0 条, 重复 2 条
[2026-06-14 19:07:27] INFO [disconnect] SQLite 数据库已断开
[2026-06-14 19:07:27] INFO [run_pipeline] 数据库持久化完成: 批次 BATC***************, 插入 0 条, 去重跳过 2 条
[2026-06-14 19:07:27] INFO [identify_internal_transfers] 内部划转识别完成: 2 条记录, 识别出 0 对 (0 划出 + 0 划入), 涉及 0 个主体, 0 家银行
[2026-06-14 19:07:27] INFO [summarize_transactions] 主体维度汇总完成: 2 条记录, 1 个主体, 1 家银行, 1 个月份, 0 个未匹配账号
[2026-06-14 19:07:28] INFO [export_subject_summary] 主体维度汇总分析已导出: /var*********************************************************************************************************
[2026-06-14 19:07:28] INFO [run_pipeline] 主体维度汇总分析已自动生成: /var*********************************************************************************************************
[2026-06-14 19:07:28] INFO [check_balance_continuity] 共 1 个账号待校验
[2026-06-14 19:07:28] DEBUG [check_balance_continuity] 校验账号: 0109年03月, 记录数: 2
[2026-06-14 19:07:28] INFO [check_balance_continuity] 余额连续性校验完成 - 总账号: 1, 已校验: 1, 跳过: 0, 异常笔数: 0, 异常账号: 0
[2026-06-14 19:07:28] INFO [export_balance_check_result] 余额连续性校验结果已导出: /var**********************************************************************************************************
[2026-06-14 19:07:28] INFO [run_pipeline] 余额连续性校验报告已自动生成: /var**********************************************************************************************************
[2026-06-14 19:07:28] INFO [detect_duplicates] 重复交易检测完成 - 总记录: 2, 疑似重复组: 0, 疑似重复记录: 0, 重复率: 0.00%
[2026-06-14 19:07:28] INFO [generate_duplicate_check_from_records] 未检测到重复交易，仍导出报告
[2026-06-14 19:07:28] INFO [export_duplicate_check_result] 重复交易检测结果已导出: /var*********************************************************************************************************
[2026-06-14 19:07:28] INFO [run_pipeline] 重复交易检测报告已自动生成: /var*********************************************************************************************************
[2026-06-14 19:07:28] INFO [filter_interest_fee_transactions] 筛选出 0 条利息手续费交易
[2026-06-14 19:07:28] INFO [summarize_by_period] 按month汇总生成 0 条期间汇总记录，异常 0 条
[2026-06-14 19:07:28] INFO [check_interest_fee] 利息手续费核对完成 - 总记录: 0 (利息: 0, 手续费: 0), 期间汇总: 0, 异常: 0
[2026-06-14 19:07:28] WARNING [generate_interest_fee_check_from_records] 未筛选到任何利息手续费交易，跳过报告生成
[2026-06-14 19:07:28] INFO [mark_non_workday_transactions] 非工作日交易标记完成: 总记录 2, 工作日 2, 周末 0, 法定节假日 0, 调休工作日 0
[2026-06-14 19:07:28] INFO [generate_holiday_check_from_records] 未发现非工作日交易，仍导出报告
[2026-06-14 19:07:28] INFO [export_holiday_check_result] 非工作日交易标记结果已导出: /var***********************************************************************************************************
[2026-06-14 19:07:28] INFO [run_pipeline] 非工作日交易标记报告已自动生成: /var***********************************************************************************************************
[2026-06-14 19:07:28] INFO [assign_accounting_period] 会计期间归属完成: 2 条记录, 1 个期间
[2026-06-14 19:07:28] INFO [export_accounting_period_summary] 会计期间总表已导出: /var*******************************************************************************************************（1 个期间）
[2026-06-14 19:07:28] INFO [run_pipeline] 会计期间总表已自动生成: /var*******************************************************************************************************
[2026-06-14 19:07:28] INFO [save_report] 性能剖析报告已保存: /var*****************************************************************************************************
[2026-06-14 19:07:28] INFO [save_report] 性能剖析数据已保存: /var*******************************************************************************************************
[2026-06-14 19:07:28] INFO [run_pipeline] 性能剖析报告已生成: /var*****************************************************************************************************
[2026-06-14 19:07:28] INFO [generate_collab_template] 财务协同编辑模板生成完成: /var***************************************************************************************************************（可编辑列: 凭证号, 凭证日期, 会计科目编码, 会计科目名称, 备注, 制单人）
[2026-06-14 19:07:28] INFO [run_pipeline] 财务协同编辑模板已自动生成: /var***************************************************************************************************************
[2026-06-14 19:07:28] INFO [generate_pending_list_xlsx] 待处理清单已生成: /var******************************************************************************************************（共 1 条记录）
[2026-06-14 19:07:28] INFO [setup_logging] 日志系统初始化完成，日志文件: /Use*******************************************************************************************************
[2026-06-14 19:07:28] INFO [setup_logging] 未检测到 tkinter，将使用命令行交互模式
[2026-06-14 19:07:28] INFO [find_lookup_file] 精确匹配到主体查找表: /var**************************************************************************************
[2026-06-14 19:07:28] INFO [run_pipeline] 正在预加载主体查找表...
[2026-06-14 19:07:28] DEBUG [detect_excel_format] 文件 /var************************************************************************************** Magic Bytes 检测为 xlsx 格式 (ZIP/OOXML)
[2026-06-14 19:07:28] INFO [load_lookup_table] 查找表加载完成：共 2 条条目，2 个唯一账号，0 个扩展字段
[2026-06-14 19:07:28] INFO [run_pipeline] 主体查找表预加载完成
[2026-06-14 19:07:28] INFO [load_existing_keys] 未找到历史总表，将以全量模式运行
[2026-06-14 19:07:28] INFO [run_pipeline] 无历史数据，将以全量模式运行
[2026-06-14 19:07:28] INFO [prepare_working_folder] 已复制文件夹到同级目录: /var******************************************************************************
[2026-06-14 19:07:28] DEBUG [scan_excel_files] 发现 Excel 文件: /var*******************************************************************************************
[2026-06-14 19:07:28] DEBUG [scan_excel_files] 发现 Excel 文件: /var*******************************************************************************************
[2026-06-14 19:07:28] INFO [scan_excel_files] 共扫描到 2 个 Excel 文件
[2026-06-14 19:07:28] DEBUG [detect_excel_format] 文件 /var******************************************************************************************* Magic Bytes 检测为 xlsx 格式 (ZIP/OOXML)
[2026-06-14 19:07:28] DEBUG [detect_excel_format] 文件 /var******************************************************************************************* Magic Bytes 检测为 xlsx 格式 (ZIP/OOXML)
[2026-06-14 19:07:28] INFO [identify_bank] 文件「北京银行_流水.xlsx」通过前缀匹配识别为: 北京银行
[2026-06-14 19:07:28] INFO [parse] 开始处理北京银行文件: /var*******************************************************************************************
[2026-06-14 19:07:28] DEBUG [detect_excel_format] 文件 /var******************************************************************************************* Magic Bytes 检测为 xlsx 格式 (ZIP/OOXML)
[2026-06-14 19:07:28] INFO [validate_headers] 北京银行文件工作表「交易明细」表头校验通过，7 个字段均匹配
[2026-06-14 19:07:28] DEBUG [get_subject_info] 银行账号「0109年03月」匹配到主体: 北********司（优先级: 0）
[2026-06-14 19:07:28] INFO [_parse_sheet] 北京银行文件工作表「交易明细」提取 2 条记录
[2026-06-14 19:07:28] INFO [parse] 北京银行文件处理完成，共提取 2 条记录
[2026-06-14 19:07:28] INFO [run_pipeline] 成功处理文件: /var*******************************************************************************************（2 条记录）
[2026-06-14 19:07:28] WARNING [identify_bank] 文件「未知银行_流水.xlsx」无法识别银行类型
[2026-06-14 19:07:28] DEBUG [delete_processed_files] 已删除文件: /var*******************************************************************************************
[2026-06-14 19:07:28] INFO [run_pipeline] 总表输出完成: /var***************************************************************************************（共 2 条记录）
[2026-06-14 19:07:28] INFO [apply_amount_anomaly_detection] 开始金额异常检测，单笔阈值: [金额已隐藏] 元
[2026-06-14 19:07:28] INFO [apply_amount_anomaly_detection] 金额异常检测完成：共 2 条记录，0 条异常 (0.00%)
[2026-06-14 19:07:28] INFO [apply_counterparty_rules] 对方户名规则匹配完成: 总记录 2, 命中 0, 黑名单 0, 白名单 0
[2026-06-14 19:07:28] INFO [export_masked_summary] 脱敏版总表输出完成: /var*******************************************************************************************（共 2 条记录）
[2026-06-14 19:07:28] DEBUG [init_schema] 数据库表结构初始化完成
[2026-06-14 19:07:28] INFO [connect] SQLite 数据库已连接: /Use************************************************************************************
[2026-06-14 19:07:28] INFO [insert_records] 已加载 25 个历史匹配键用于去重
[2026-06-14 19:07:28] INFO [insert_records] 批量导入完成: 批次 BATC***************, 共 2 条, 新增 0 条, 重复 2 条
[2026-06-14 19:07:28] INFO [disconnect] SQLite 数据库已断开
[2026-06-14 19:07:28] INFO [run_pipeline] 数据库持久化完成: 批次 BATC***************, 插入 0 条, 去重跳过 2 条
[2026-06-14 19:07:29] INFO [identify_internal_transfers] 内部划转识别完成: 2 条记录, 识别出 0 对 (0 划出 + 0 划入), 涉及 0 个主体, 0 家银行
[2026-06-14 19:07:29] INFO [summarize_transactions] 主体维度汇总完成: 2 条记录, 1 个主体, 1 家银行, 1 个月份, 0 个未匹配账号
[2026-06-14 19:07:29] INFO [export_subject_summary] 主体维度汇总分析已导出: /var*********************************************************************************************************
[2026-06-14 19:07:29] INFO [run_pipeline] 主体维度汇总分析已自动生成: /var*********************************************************************************************************
[2026-06-14 19:07:29] INFO [check_balance_continuity] 共 1 个账号待校验
[2026-06-14 19:07:29] DEBUG [check_balance_continuity] 校验账号: 0109年03月, 记录数: 2
[2026-06-14 19:07:29] INFO [check_balance_continuity] 余额连续性校验完成 - 总账号: 1, 已校验: 1, 跳过: 0, 异常笔数: 0, 异常账号: 0
[2026-06-14 19:07:29] INFO [export_balance_check_result] 余额连续性校验结果已导出: /var**********************************************************************************************************
[2026-06-14 19:07:29] INFO [run_pipeline] 余额连续性校验报告已自动生成: /var**********************************************************************************************************
[2026-06-14 19:07:29] INFO [detect_duplicates] 重复交易检测完成 - 总记录: 2, 疑似重复组: 0, 疑似重复记录: 0, 重复率: 0.00%
[2026-06-14 19:07:29] INFO [generate_duplicate_check_from_records] 未检测到重复交易，仍导出报告
[2026-06-14 19:07:29] INFO [export_duplicate_check_result] 重复交易检测结果已导出: /var*********************************************************************************************************
[2026-06-14 19:07:29] INFO [run_pipeline] 重复交易检测报告已自动生成: /var*********************************************************************************************************
[2026-06-14 19:07:29] INFO [filter_interest_fee_transactions] 筛选出 0 条利息手续费交易
[2026-06-14 19:07:29] INFO [summarize_by_period] 按month汇总生成 0 条期间汇总记录，异常 0 条
[2026-06-14 19:07:29] INFO [check_interest_fee] 利息手续费核对完成 - 总记录: 0 (利息: 0, 手续费: 0), 期间汇总: 0, 异常: 0
[2026-06-14 19:07:29] WARNING [generate_interest_fee_check_from_records] 未筛选到任何利息手续费交易，跳过报告生成
[2026-06-14 19:07:29] INFO [mark_non_workday_transactions] 非工作日交易标记完成: 总记录 2, 工作日 2, 周末 0, 法定节假日 0, 调休工作日 0
[2026-06-14 19:07:29] INFO [generate_holiday_check_from_records] 未发现非工作日交易，仍导出报告
[2026-06-14 19:07:29] INFO [export_holiday_check_result] 非工作日交易标记结果已导出: /var***********************************************************************************************************
[2026-06-14 19:07:29] INFO [run_pipeline] 非工作日交易标记报告已自动生成: /var***********************************************************************************************************
[2026-06-14 19:07:29] INFO [assign_accounting_period] 会计期间归属完成: 2 条记录, 1 个期间
[2026-06-14 19:07:29] INFO [export_accounting_period_summary] 会计期间总表已导出: /var*******************************************************************************************************（1 个期间）
[2026-06-14 19:07:29] INFO [run_pipeline] 会计期间总表已自动生成: /var*******************************************************************************************************
[2026-06-14 19:07:29] INFO [save_report] 性能剖析报告已保存: /var*****************************************************************************************************
[2026-06-14 19:07:29] INFO [save_report] 性能剖析数据已保存: /var*******************************************************************************************************
[2026-06-14 19:07:29] INFO [run_pipeline] 性能剖析报告已生成: /var*****************************************************************************************************
[2026-06-14 19:07:29] INFO [generate_collab_template] 财务协同编辑模板生成完成: /var***************************************************************************************************************（可编辑列: 凭证号, 凭证日期, 会计科目编码, 会计科目名称, 备注, 制单人）
[2026-06-14 19:07:29] INFO [run_pipeline] 财务协同编辑模板已自动生成: /var***************************************************************************************************************
[2026-06-14 19:07:29] INFO [generate_pending_list_xlsx] 待处理清单已生成: /var******************************************************************************************************（共 1 条记录）
[2026-06-14 19:07:29] DEBUG [scan_excel_files] 发现 Excel 文件: /var*******************************************************************************************
[2026-06-14 19:07:29] INFO [scan_excel_files] 共扫描到 1 个 Excel 文件
[2026-06-14 19:07:29] INFO [setup_logging] 日志系统初始化完成，日志文件: /Use*******************************************************************************************************
[2026-06-14 19:07:29] INFO [setup_logging] 未检测到 tkinter，将使用命令行交互模式
[2026-06-14 19:07:30] INFO [find_lookup_file] 精确匹配到主体查找表: /var**************************************************************************************
[2026-06-14 19:07:30] INFO [run_pipeline] 正在预加载主体查找表...
[2026-06-14 19:07:30] DEBUG [detect_excel_format] 文件 /var************************************************************************************** Magic Bytes 检测为 xlsx 格式 (ZIP/OOXML)
[2026-06-14 19:07:30] INFO [load_lookup_table] 查找表加载完成：共 2 条条目，2 个唯一账号，0 个扩展字段
[2026-06-14 19:07:30] INFO [run_pipeline] 主体查找表预加载完成
[2026-06-14 19:07:30] INFO [load_existing_keys] 未找到历史总表，将以全量模式运行
[2026-06-14 19:07:30] INFO [run_pipeline] 无历史数据，将以全量模式运行
[2026-06-14 19:07:30] INFO [prepare_working_folder] 已复制文件夹到同级目录: /var******************************************************************************
[2026-06-14 19:07:30] DEBUG [scan_excel_files] 发现 Excel 文件: /var*******************************************************************************************
[2026-06-14 19:07:30] INFO [scan_excel_files] 共扫描到 1 个 Excel 文件
[2026-06-14 19:07:30] DEBUG [detect_excel_format] 文件 /var******************************************************************************************* Magic Bytes 检测为 xlsx 格式 (ZIP/OOXML)
[2026-06-14 19:07:30] INFO [identify_bank] 文件「北京银行_流水.xlsx」通过前缀匹配识别为: 北京银行
[2026-06-14 19:07:30] INFO [parse] 开始处理北京银行文件: /var*******************************************************************************************
[2026-06-14 19:07:30] DEBUG [detect_excel_format] 文件 /var******************************************************************************************* Magic Bytes 检测为 xlsx 格式 (ZIP/OOXML)
[2026-06-14 19:07:30] INFO [validate_headers] 北京银行文件工作表「交易明细」表头校验通过，7 个字段均匹配
[2026-06-14 19:07:30] DEBUG [get_subject_info] 银行账号「0109年03月」匹配到主体: 北********司（优先级: 0）
[2026-06-14 19:07:30] INFO [_parse_sheet] 北京银行文件工作表「交易明细」提取 2 条记录
[2026-06-14 19:07:30] INFO [parse] 北京银行文件处理完成，共提取 2 条记录
[2026-06-14 19:07:30] INFO [run_pipeline] 成功处理文件: /var*******************************************************************************************（2 条记录）
[2026-06-14 19:07:30] DEBUG [delete_processed_files] 已删除文件: /var*******************************************************************************************
[2026-06-14 19:07:30] INFO [run_pipeline] 总表输出完成: /var***************************************************************************************（共 2 条记录）
[2026-06-14 19:07:30] INFO [apply_amount_anomaly_detection] 开始金额异常检测，单笔阈值: [金额已隐藏] 元
[2026-06-14 19:07:30] INFO [apply_amount_anomaly_detection] 金额异常检测完成：共 2 条记录，0 条异常 (0.00%)
[2026-06-14 19:07:30] INFO [apply_counterparty_rules] 对方户名规则匹配完成: 总记录 2, 命中 0, 黑名单 0, 白名单 0
[2026-06-14 19:07:30] INFO [export_masked_summary] 脱敏版总表输出完成: /var*******************************************************************************************（共 2 条记录）
[2026-06-14 19:07:30] DEBUG [init_schema] 数据库表结构初始化完成
[2026-06-14 19:07:30] INFO [connect] SQLite 数据库已连接: /Use************************************************************************************
[2026-06-14 19:07:30] INFO [insert_records] 已加载 25 个历史匹配键用于去重
[2026-06-14 19:07:30] INFO [insert_records] 批量导入完成: 批次 BATC***************, 共 2 条, 新增 0 条, 重复 2 条
[2026-06-14 19:07:30] INFO [disconnect] SQLite 数据库已断开
[2026-06-14 19:07:30] INFO [run_pipeline] 数据库持久化完成: 批次 BATC***************, 插入 0 条, 去重跳过 2 条
[2026-06-14 19:07:30] INFO [identify_internal_transfers] 内部划转识别完成: 2 条记录, 识别出 0 对 (0 划出 + 0 划入), 涉及 0 个主体, 0 家银行
[2026-06-14 19:07:30] INFO [summarize_transactions] 主体维度汇总完成: 2 条记录, 1 个主体, 1 家银行, 1 个月份, 0 个未匹配账号
[2026-06-14 19:07:30] INFO [export_subject_summary] 主体维度汇总分析已导出: /var*********************************************************************************************************
[2026-06-14 19:07:30] INFO [run_pipeline] 主体维度汇总分析已自动生成: /var*********************************************************************************************************
[2026-06-14 19:07:30] INFO [check_balance_continuity] 共 1 个账号待校验
[2026-06-14 19:07:30] DEBUG [check_balance_continuity] 校验账号: 0109年03月, 记录数: 2
[2026-06-14 19:07:30] INFO [check_balance_continuity] 余额连续性校验完成 - 总账号: 1, 已校验: 1, 跳过: 0, 异常笔数: 0, 异常账号: 0
[2026-06-14 19:07:30] INFO [export_balance_check_result] 余额连续性校验结果已导出: /var**********************************************************************************************************
[2026-06-14 19:07:30] INFO [run_pipeline] 余额连续性校验报告已自动生成: /var**********************************************************************************************************
[2026-06-14 19:07:30] INFO [detect_duplicates] 重复交易检测完成 - 总记录: 2, 疑似重复组: 0, 疑似重复记录: 0, 重复率: 0.00%
[2026-06-14 19:07:30] INFO [generate_duplicate_check_from_records] 未检测到重复交易，仍导出报告
[2026-06-14 19:07:30] INFO [export_duplicate_check_result] 重复交易检测结果已导出: /var*********************************************************************************************************
[2026-06-14 19:07:30] INFO [run_pipeline] 重复交易检测报告已自动生成: /var*********************************************************************************************************
[2026-06-14 19:07:30] INFO [filter_interest_fee_transactions] 筛选出 0 条利息手续费交易
[2026-06-14 19:07:30] INFO [summarize_by_period] 按month汇总生成 0 条期间汇总记录，异常 0 条
[2026-06-14 19:07:30] INFO [check_interest_fee] 利息手续费核对完成 - 总记录: 0 (利息: 0, 手续费: 0), 期间汇总: 0, 异常: 0
[2026-06-14 19:07:30] WARNING [generate_interest_fee_check_from_records] 未筛选到任何利息手续费交易，跳过报告生成
[2026-06-14 19:07:30] INFO [mark_non_workday_transactions] 非工作日交易标记完成: 总记录 2, 工作日 2, 周末 0, 法定节假日 0, 调休工作日 0
[2026-06-14 19:07:30] INFO [generate_holiday_check_from_records] 未发现非工作日交易，仍导出报告
[2026-06-14 19:07:30] INFO [export_holiday_check_result] 非工作日交易标记结果已导出: /var***********************************************************************************************************
[2026-06-14 19:07:30] INFO [run_pipeline] 非工作日交易标记报告已自动生成: /var***********************************************************************************************************
[2026-06-14 19:07:30] INFO [assign_accounting_period] 会计期间归属完成: 2 条记录, 1 个期间
[2026-06-14 19:07:31] INFO [export_accounting_period_summary] 会计期间总表已导出: /var*******************************************************************************************************（1 个期间）
[2026-06-14 19:07:31] INFO [run_pipeline] 会计期间总表已自动生成: /var*******************************************************************************************************
[2026-06-14 19:07:31] INFO [save_report] 性能剖析报告已保存: /var*****************************************************************************************************
[2026-06-14 19:07:31] INFO [save_report] 性能剖析数据已保存: /var*******************************************************************************************************
[2026-06-14 19:07:31] INFO [run_pipeline] 性能剖析报告已生成: /var*****************************************************************************************************
[2026-06-14 19:07:32] INFO [generate_collab_template] 财务协同编辑模板生成完成: /var***************************************************************************************************************（可编辑列: 凭证号, 凭证日期, 会计科目编码, 会计科目名称, 备注, 制单人）
[2026-06-14 19:07:32] INFO [run_pipeline] 财务协同编辑模板已自动生成: /var***************************************************************************************************************
[2026-06-14 19:07:32] INFO [setup_logging] 日志系统初始化完成，日志文件: /Use*******************************************************************************************************
[2026-06-14 19:07:32] INFO [setup_logging] 未检测到 tkinter，将使用命令行交互模式
[2026-06-14 19:07:32] INFO [find_lookup_file] 精确匹配到主体查找表: /var**************************************************************************************
[2026-06-14 19:07:32] INFO [run_pipeline] 正在预加载主体查找表...
[2026-06-14 19:07:32] DEBUG [detect_excel_format] 文件 /var************************************************************************************** Magic Bytes 检测为 xlsx 格式 (ZIP/OOXML)
[2026-06-14 19:07:32] INFO [load_lookup_table] 查找表加载完成：共 2 条条目，2 个唯一账号，0 个扩展字段
[2026-06-14 19:07:32] INFO [run_pipeline] 主体查找表预加载完成
[2026-06-14 19:07:32] INFO [load_existing_keys] 未找到历史总表，将以全量模式运行
[2026-06-14 19:07:32] INFO [run_pipeline] 无历史数据，将以全量模式运行
[2026-06-14 19:07:32] INFO [prepare_working_folder] 已复制文件夹到同级目录: /var*****************************************************************************
[2026-06-14 19:07:32] INFO [scan_excel_files] 共扫描到 0 个 Excel 文件
[2026-06-14 19:07:32] WARNING [run_pipeline] 工作文件夹中未发现任何 Excel 或 PDF 文件
[2026-06-14 19:07:32] INFO [setup_logging] 日志系统初始化完成，日志文件: /Use*******************************************************************************************************
[2026-06-14 19:07:32] INFO [setup_logging] 未检测到 tkinter，将使用命令行交互模式
[2026-06-14 19:07:33] WARNING [find_lookup_file] 程序目录下未找到任何 Excel 文件作为主体查找表
[2026-06-14 19:07:33] WARNING [run_pipeline] 未找到主体查找表，"主体"列将为空
[2026-06-14 19:07:33] WARNING [load_lookup_table] 主体查找表不存在或未指定，返回空查找表结构
[2026-06-14 19:07:33] INFO [load_existing_keys] 未找到历史总表，将以全量模式运行
[2026-06-14 19:07:33] INFO [run_pipeline] 无历史数据，将以全量模式运行
[2026-06-14 19:07:33] INFO [prepare_working_folder] 已复制文件夹到同级目录: /var******************************************************************************
[2026-06-14 19:07:33] DEBUG [scan_excel_files] 发现 Excel 文件: /var*******************************************************************************************
[2026-06-14 19:07:33] INFO [scan_excel_files] 共扫描到 1 个 Excel 文件
[2026-06-14 19:07:33] DEBUG [detect_excel_format] 文件 /var******************************************************************************************* Magic Bytes 检测为 xlsx 格式 (ZIP/OOXML)
[2026-06-14 19:07:33] INFO [identify_bank] 文件「北京银行_流水.xlsx」通过前缀匹配识别为: 北京银行
[2026-06-14 19:07:33] INFO [parse] 开始处理北京银行文件: /var*******************************************************************************************
[2026-06-14 19:07:33] DEBUG [detect_excel_format] 文件 /var******************************************************************************************* Magic Bytes 检测为 xlsx 格式 (ZIP/OOXML)
[2026-06-14 19:07:33] INFO [validate_headers] 北京银行文件工作表「交易明细」表头校验通过，7 个字段均匹配
[2026-06-14 19:07:33] WARNING [get_subject_info] 主体查找表不存在或未指定，银行账号「0109年03月」的主体将为空
[2026-06-14 19:07:33] INFO [_parse_sheet] 北京银行文件工作表「交易明细」提取 2 条记录
[2026-06-14 19:07:33] INFO [parse] 北京银行文件处理完成，共提取 2 条记录
[2026-06-14 19:07:33] INFO [run_pipeline] 成功处理文件: /var*******************************************************************************************（2 条记录）
[2026-06-14 19:07:33] DEBUG [delete_processed_files] 已删除文件: /var*******************************************************************************************
[2026-06-14 19:07:33] INFO [run_pipeline] 总表输出完成: /var***************************************************************************************（共 2 条记录）
[2026-06-14 19:07:33] INFO [apply_amount_anomaly_detection] 开始金额异常检测，单笔阈值: [金额已隐藏] 元
[2026-06-14 19:07:33] INFO [apply_amount_anomaly_detection] 金额异常检测完成：共 2 条记录，0 条异常 (0.00%)
[2026-06-14 19:07:33] INFO [apply_counterparty_rules] 对方户名规则匹配完成: 总记录 2, 命中 0, 黑名单 0, 白名单 0
[2026-06-14 19:07:33] INFO [export_masked_summary] 脱敏版总表输出完成: /var*******************************************************************************************（共 2 条记录）
[2026-06-14 19:07:33] DEBUG [init_schema] 数据库表结构初始化完成
[2026-06-14 19:07:33] INFO [connect] SQLite 数据库已连接: /Use************************************************************************************
[2026-06-14 19:07:33] INFO [insert_records] 已加载 25 个历史匹配键用于去重
[2026-06-14 19:07:33] INFO [insert_records] 批量导入完成: 批次 BATC***************, 共 2 条, 新增 0 条, 重复 2 条
[2026-06-14 19:07:33] INFO [disconnect] SQLite 数据库已断开
[2026-06-14 19:07:33] INFO [run_pipeline] 数据库持久化完成: 批次 BATC***************, 插入 0 条, 去重跳过 2 条
[2026-06-14 19:07:33] INFO [identify_internal_transfers] 内部划转识别完成: 2 条记录, 识别出 0 对 (0 划出 + 0 划入), 涉及 0 个主体, 0 家银行
[2026-06-14 19:07:33] INFO [summarize_transactions] 主体维度汇总完成: 2 条记录, 1 个主体, 1 家银行, 1 个月份, 1 个未匹配账号
[2026-06-14 19:07:33] INFO [export_subject_summary] 主体维度汇总分析已导出: /var*********************************************************************************************************
[2026-06-14 19:07:33] INFO [run_pipeline] 主体维度汇总分析已自动生成: /var*********************************************************************************************************
[2026-06-14 19:07:33] INFO [check_balance_continuity] 共 1 个账号待校验
[2026-06-14 19:07:33] DEBUG [check_balance_continuity] 校验账号: 0109年03月, 记录数: 2
[2026-06-14 19:07:33] INFO [check_balance_continuity] 余额连续性校验完成 - 总账号: 1, 已校验: 1, 跳过: 0, 异常笔数: 0, 异常账号: 0
[2026-06-14 19:07:33] INFO [export_balance_check_result] 余额连续性校验结果已导出: /var**********************************************************************************************************
[2026-06-14 19:07:33] INFO [run_pipeline] 余额连续性校验报告已自动生成: /var**********************************************************************************************************
[2026-06-14 19:07:33] INFO [detect_duplicates] 重复交易检测完成 - 总记录: 2, 疑似重复组: 0, 疑似重复记录: 0, 重复率: 0.00%
[2026-06-14 19:07:33] INFO [generate_duplicate_check_from_records] 未检测到重复交易，仍导出报告
[2026-06-14 19:07:33] INFO [export_duplicate_check_result] 重复交易检测结果已导出: /var*********************************************************************************************************
[2026-06-14 19:07:33] INFO [run_pipeline] 重复交易检测报告已自动生成: /var*********************************************************************************************************
[2026-06-14 19:07:33] INFO [filter_interest_fee_transactions] 筛选出 0 条利息手续费交易
[2026-06-14 19:07:33] INFO [summarize_by_period] 按month汇总生成 0 条期间汇总记录，异常 0 条
[2026-06-14 19:07:33] INFO [check_interest_fee] 利息手续费核对完成 - 总记录: 0 (利息: 0, 手续费: 0), 期间汇总: 0, 异常: 0
[2026-06-14 19:07:33] WARNING [generate_interest_fee_check_from_records] 未筛选到任何利息手续费交易，跳过报告生成
[2026-06-14 19:07:33] INFO [mark_non_workday_transactions] 非工作日交易标记完成: 总记录 2, 工作日 2, 周末 0, 法定节假日 0, 调休工作日 0
[2026-06-14 19:07:33] INFO [generate_holiday_check_from_records] 未发现非工作日交易，仍导出报告
[2026-06-14 19:07:33] INFO [export_holiday_check_result] 非工作日交易标记结果已导出: /var***********************************************************************************************************
[2026-06-14 19:07:33] INFO [run_pipeline] 非工作日交易标记报告已自动生成: /var***********************************************************************************************************
[2026-06-14 19:07:33] INFO [assign_accounting_period] 会计期间归属完成: 2 条记录, 1 个期间
[2026-06-14 19:07:33] INFO [export_accounting_period_summary] 会计期间总表已导出: /var*******************************************************************************************************（1 个期间）
[2026-06-14 19:07:33] INFO [run_pipeline] 会计期间总表已自动生成: /var*******************************************************************************************************
[2026-06-14 19:07:33] INFO [save_report] 性能剖析报告已保存: /var*****************************************************************************************************
[2026-06-14 19:07:33] INFO [save_report] 性能剖析数据已保存: /var*******************************************************************************************************
[2026-06-14 19:07:33] INFO [run_pipeline] 性能剖析报告已生成: /var*****************************************************************************************************
[2026-06-14 19:07:33] INFO [generate_collab_template] 财务协同编辑模板生成完成: /var***************************************************************************************************************（可编辑列: 凭证号, 凭证日期, 会计科目编码, 会计科目名称, 备注, 制单人）
[2026-06-14 19:07:33] INFO [run_pipeline] 财务协同编辑模板已自动生成: /var***************************************************************************************************************
[2026-06-14 19:07:33] INFO [setup_logging] 日志系统初始化完成，日志文件: /Use*******************************************************************************************************
[2026-06-14 19:07:33] INFO [setup_logging] 未检测到 tkinter，将使用命令行交互模式
[2026-06-14 19:07:33] INFO [find_lookup_file] 精确匹配到主体查找表: /var**************************************************************************************
[2026-06-14 19:07:33] INFO [run_pipeline] 正在预加载主体查找表...
[2026-06-14 19:07:33] DEBUG [detect_excel_format] 文件 /var************************************************************************************** Magic Bytes 检测为 xlsx 格式 (ZIP/OOXML)
[2026-06-14 19:07:33] INFO [load_lookup_table] 查找表加载完成：共 2 条条目，2 个唯一账号，0 个扩展字段
[2026-06-14 19:07:33] INFO [run_pipeline] 主体查找表预加载完成
[2026-06-14 19:07:33] INFO [load_existing_keys] 未找到历史总表，将以全量模式运行
[2026-06-14 19:07:33] INFO [run_pipeline] 无历史数据，将以全量模式运行
[2026-06-14 19:07:33] INFO [prepare_working_folder] 已复制文件夹到同级目录: /var******************************************************************************
[2026-06-14 19:07:33] DEBUG [scan_excel_files] 发现 Excel 文件: /var******************************************************************************************
[2026-06-14 19:07:33] INFO [scan_excel_files] 共扫描到 1 个 Excel 文件
[2026-06-14 19:07:33] DEBUG [detect_excel_format] 文件 /var****************************************************************************************** 未识别的 Magic Bytes: 6e6f****
[2026-06-14 19:07:33] INFO [identify_bank] 文件「北京银行_坏.xlsx」通过前缀匹配识别为: 北京银行
[2026-06-14 19:07:33] INFO [parse] 开始处理北京银行文件: /var******************************************************************************************
[2026-06-14 19:07:33] DEBUG [detect_excel_format] 文件 /var****************************************************************************************** 未识别的 Magic Bytes: 6e6f****
[2026-06-14 19:07:33] ERROR [run_pipeline] 处理文件「/var******************************************************************************************」时发生错误: File is not a zip file
Traceback (most recent call last):
  File "/Users/zhangchengcheng/work/ai-project/Trea/solo0605/label-02552/tests/../backend/bankcheck.py", line 3314, in run_pipeline
    rows = processor(filepath, lookup_data)
  File "/Users/zhangchengcheng/work/ai-project/Trea/solo0605/label-02552/tests/../backend/bankcheck.py", line 2064, in processor
    return parser.parse(filepath, lookup_source)
           ~~~~~~~~~~~~^^^^^^^^^^^^^^^^^^^^^^^^^
  File "/Users/zhangchengcheng/work/ai-project/Trea/solo0605/label-02552/tests/../backend/bankcheck.py", line 2031, in parse
    wb, tmp_path = open_workbook_compat(filepath)
                   ~~~~~~~~~~~~~~~~~~~~^^^^^^^^^^
  File "/Users/zhangchengcheng/work/ai-project/Trea/solo0605/label-02552/tests/../backend/bankcheck.py", line 984, in open_workbook_compat
    wb = openpyxl.load_workbook(filepath, data_only=True)
  File "/Users/zhangchengcheng/work/ai-project/Trea/solo0605/label-02552/.venv/lib/python3.14/site-packages/openpyxl/reader/excel.py", line 346, in load_workbook
    reader = ExcelReader(filename, read_only, keep_vba,
                         data_only, keep_links, rich_text)
  File "/Users/zhangchengcheng/work/ai-project/Trea/solo0605/label-02552/.venv/lib/python3.14/site-packages/openpyxl/reader/excel.py", line 123, in __init__
    self.archive = _validate_archive(fn)
                   ~~~~~~~~~~~~~~~~~^^^^
  File "/Users/zhangchengcheng/work/ai-project/Trea/solo0605/label-02552/.venv/lib/python3.14/site-packages/openpyxl/reader/excel.py", line 95, in _validate_archive
    archive = ZipFile(filename, 'r')
  File "/opt/homebrew/Cellar/python@3.14/3.14.4_1/Frameworks/Python.framework/Versions/3.14/lib/python3.14/zipfile/__init__.py", line 1471, in __init__
    self._RealGetContents()
    ~~~~~~~~~~~~~~~~~~~~~^^
  File "/opt/homebrew/Cellar/python@3.14/3.14.4_1/Frameworks/Python.framework/Versions/3.14/lib/python3.14/zipfile/__init__.py", line 1538, in _RealGetContents
    raise BadZipFile("File is not a zip file")
zipfile.BadZipFile: File is not a zip file
[2026-06-14 19:07:33] WARNING [run_pipeline] 未提取到任何银行流水记录
[2026-06-14 19:07:33] INFO [save_report] 性能剖析报告已保存: /var*****************************************************************************************************
[2026-06-14 19:07:33] INFO [save_report] 性能剖析数据已保存: /var*******************************************************************************************************
[2026-06-14 19:07:33] INFO [run_pipeline] 性能剖析报告已生成: /var*****************************************************************************************************
[2026-06-14 19:07:33] INFO [generate_pending_list_xlsx] 待处理清单已生成: /var******************************************************************************************************（共 1 条记录）
[2026-06-14 19:07:33] DEBUG [scan_excel_files] 发现 Excel 文件: /var******************************************************************************************
[2026-06-14 19:07:33] INFO [scan_excel_files] 共扫描到 1 个 Excel 文件
[2026-06-14 19:07:33] INFO [setup_logging] 日志系统初始化完成，日志文件: /Use*******************************************************************************************************
[2026-06-14 19:07:33] INFO [setup_logging] 未检测到 tkinter，将使用命令行交互模式
[2026-06-14 19:07:33] INFO [find_lookup_file] 精确匹配到主体查找表: /var**************************************************************************************
[2026-06-14 19:07:33] INFO [run_pipeline] 正在预加载主体查找表...
[2026-06-14 19:07:33] DEBUG [detect_excel_format] 文件 /var************************************************************************************** Magic Bytes 检测为 xlsx 格式 (ZIP/OOXML)
[2026-06-14 19:07:33] INFO [load_lookup_table] 查找表加载完成：共 2 条条目，2 个唯一账号，0 个扩展字段
[2026-06-14 19:07:33] INFO [run_pipeline] 主体查找表预加载完成
[2026-06-14 19:07:33] INFO [load_existing_keys] 未找到历史总表，将以全量模式运行
[2026-06-14 19:07:33] INFO [run_pipeline] 无历史数据，将以全量模式运行
[2026-06-14 19:07:33] INFO [prepare_working_folder] 已复制文件夹到同级目录: /var******************************************************************************
[2026-06-14 19:07:33] DEBUG [scan_excel_files] 发现 Excel 文件: /var*******************************************************************************************
[2026-06-14 19:07:33] DEBUG [scan_excel_files] 发现 Excel 文件: /var*******************************************************************************************
[2026-06-14 19:07:33] DEBUG [scan_excel_files] 发现 Excel 文件: /var******************************************************************************************
[2026-06-14 19:07:33] INFO [scan_excel_files] 共扫描到 3 个 Excel 文件
[2026-06-14 19:07:33] DEBUG [detect_excel_format] 文件 /var****************************************************************************************** 未识别的 Magic Bytes: 636f****
[2026-06-14 19:07:33] DEBUG [detect_excel_format] 文件 /var******************************************************************************************* Magic Bytes 检测为 xlsx 格式 (ZIP/OOXML)
[2026-06-14 19:07:33] DEBUG [detect_excel_format] 文件 /var******************************************************************************************* Magic Bytes 检测为 xlsx 格式 (ZIP/OOXML)
[2026-06-14 19:07:33] INFO [identify_bank] 文件「北京银行_坏.xlsx」通过前缀匹配识别为: 北京银行
[2026-06-14 19:07:33] INFO [parse] 开始处理北京银行文件: /var******************************************************************************************
[2026-06-14 19:07:33] DEBUG [detect_excel_format] 文件 /var****************************************************************************************** 未识别的 Magic Bytes: 636f****
[2026-06-14 19:07:33] ERROR [run_pipeline] 处理文件「/var******************************************************************************************」时发生错误: File is not a zip file
Traceback (most recent call last):
  File "/Users/zhangchengcheng/work/ai-project/Trea/solo0605/label-02552/tests/../backend/bankcheck.py", line 3314, in run_pipeline
    rows = processor(filepath, lookup_data)
  File "/Users/zhangchengcheng/work/ai-project/Trea/solo0605/label-02552/tests/../backend/bankcheck.py", line 2064, in processor
    return parser.parse(filepath, lookup_source)
           ~~~~~~~~~~~~^^^^^^^^^^^^^^^^^^^^^^^^^
  File "/Users/zhangchengcheng/work/ai-project/Trea/solo0605/label-02552/tests/../backend/bankcheck.py", line 2031, in parse
    wb, tmp_path = open_workbook_compat(filepath)
                   ~~~~~~~~~~~~~~~~~~~~^^^^^^^^^^
  File "/Users/zhangchengcheng/work/ai-project/Trea/solo0605/label-02552/tests/../backend/bankcheck.py", line 984, in open_workbook_compat
    wb = openpyxl.load_workbook(filepath, data_only=True)
  File "/Users/zhangchengcheng/work/ai-project/Trea/solo0605/label-02552/.venv/lib/python3.14/site-packages/openpyxl/reader/excel.py", line 346, in load_workbook
    reader = ExcelReader(filename, read_only, keep_vba,
                         data_only, keep_links, rich_text)
  File "/Users/zhangchengcheng/work/ai-project/Trea/solo0605/label-02552/.venv/lib/python3.14/site-packages/openpyxl/reader/excel.py", line 123, in __init__
    self.archive = _validate_archive(fn)
                   ~~~~~~~~~~~~~~~~~^^^^
  File "/Users/zhangchengcheng/work/ai-project/Trea/solo0605/label-02552/.venv/lib/python3.14/site-packages/openpyxl/reader/excel.py", line 95, in _validate_archive
    archive = ZipFile(filename, 'r')
  File "/opt/homebrew/Cellar/python@3.14/3.14.4_1/Frameworks/Python.framework/Versions/3.14/lib/python3.14/zipfile/__init__.py", line 1471, in __init__
    self._RealGetContents()
    ~~~~~~~~~~~~~~~~~~~~~^^
  File "/opt/homebrew/Cellar/python@3.14/3.14.4_1/Frameworks/Python.framework/Versions/3.14/lib/python3.14/zipfile/__init__.py", line 1538, in _RealGetContents
    raise BadZipFile("File is not a zip file")
zipfile.BadZipFile: File is not a zip file
[2026-06-14 19:07:33] INFO [identify_bank] 文件「北京银行_正常.xlsx」通过前缀匹配识别为: 北京银行
[2026-06-14 19:07:34] INFO [parse] 开始处理北京银行文件: /var*******************************************************************************************
[2026-06-14 19:07:34] DEBUG [detect_excel_format] 文件 /var******************************************************************************************* Magic Bytes 检测为 xlsx 格式 (ZIP/OOXML)
[2026-06-14 19:07:34] INFO [validate_headers] 北京银行文件工作表「交易明细」表头校验通过，7 个字段均匹配
[2026-06-14 19:07:34] DEBUG [get_subject_info] 银行账号「0109年03月」匹配到主体: 北********司（优先级: 0）
[2026-06-14 19:07:34] INFO [_parse_sheet] 北京银行文件工作表「交易明细」提取 2 条记录
[2026-06-14 19:07:34] INFO [parse] 北京银行文件处理完成，共提取 2 条记录
[2026-06-14 19:07:34] INFO [run_pipeline] 成功处理文件: /var*******************************************************************************************（2 条记录）
[2026-06-14 19:07:34] WARNING [identify_bank] 文件「未知银行_流水.xlsx」无法识别银行类型
[2026-06-14 19:07:34] DEBUG [delete_processed_files] 已删除文件: /var*******************************************************************************************
[2026-06-14 19:07:34] INFO [run_pipeline] 总表输出完成: /var***************************************************************************************（共 2 条记录）
[2026-06-14 19:07:34] INFO [apply_amount_anomaly_detection] 开始金额异常检测，单笔阈值: [金额已隐藏] 元
[2026-06-14 19:07:34] INFO [apply_amount_anomaly_detection] 金额异常检测完成：共 2 条记录，0 条异常 (0.00%)
[2026-06-14 19:07:34] INFO [apply_counterparty_rules] 对方户名规则匹配完成: 总记录 2, 命中 0, 黑名单 0, 白名单 0
[2026-06-14 19:07:34] INFO [export_masked_summary] 脱敏版总表输出完成: /var*******************************************************************************************（共 2 条记录）
[2026-06-14 19:07:35] DEBUG [init_schema] 数据库表结构初始化完成
[2026-06-14 19:07:35] INFO [connect] SQLite 数据库已连接: /Use************************************************************************************
[2026-06-14 19:07:35] INFO [insert_records] 已加载 25 个历史匹配键用于去重
[2026-06-14 19:07:35] INFO [insert_records] 批量导入完成: 批次 BATC***************, 共 2 条, 新增 0 条, 重复 2 条
[2026-06-14 19:07:35] INFO [disconnect] SQLite 数据库已断开
[2026-06-14 19:07:35] INFO [run_pipeline] 数据库持久化完成: 批次 BATC***************, 插入 0 条, 去重跳过 2 条
[2026-06-14 19:07:35] INFO [identify_internal_transfers] 内部划转识别完成: 2 条记录, 识别出 0 对 (0 划出 + 0 划入), 涉及 0 个主体, 0 家银行
[2026-06-14 19:07:35] INFO [summarize_transactions] 主体维度汇总完成: 2 条记录, 1 个主体, 1 家银行, 1 个月份, 0 个未匹配账号
[2026-06-14 19:07:35] INFO [export_subject_summary] 主体维度汇总分析已导出: /var*********************************************************************************************************
[2026-06-14 19:07:35] INFO [run_pipeline] 主体维度汇总分析已自动生成: /var*********************************************************************************************************
[2026-06-14 19:07:35] INFO [check_balance_continuity] 共 1 个账号待校验
[2026-06-14 19:07:35] DEBUG [check_balance_continuity] 校验账号: 0109年03月, 记录数: 2
[2026-06-14 19:07:35] INFO [check_balance_continuity] 余额连续性校验完成 - 总账号: 1, 已校验: 1, 跳过: 0, 异常笔数: 0, 异常账号: 0
[2026-06-14 19:07:35] INFO [export_balance_check_result] 余额连续性校验结果已导出: /var**********************************************************************************************************
[2026-06-14 19:07:35] INFO [run_pipeline] 余额连续性校验报告已自动生成: /var**********************************************************************************************************
[2026-06-14 19:07:35] INFO [detect_duplicates] 重复交易检测完成 - 总记录: 2, 疑似重复组: 0, 疑似重复记录: 0, 重复率: 0.00%
[2026-06-14 19:07:35] INFO [generate_duplicate_check_from_records] 未检测到重复交易，仍导出报告
[2026-06-14 19:07:35] INFO [export_duplicate_check_result] 重复交易检测结果已导出: /var*********************************************************************************************************
[2026-06-14 19:07:35] INFO [run_pipeline] 重复交易检测报告已自动生成: /var*********************************************************************************************************
[2026-06-14 19:07:35] INFO [filter_interest_fee_transactions] 筛选出 0 条利息手续费交易
[2026-06-14 19:07:35] INFO [summarize_by_period] 按month汇总生成 0 条期间汇总记录，异常 0 条
[2026-06-14 19:07:35] INFO [check_interest_fee] 利息手续费核对完成 - 总记录: 0 (利息: 0, 手续费: 0), 期间汇总: 0, 异常: 0
[2026-06-14 19:07:35] WARNING [generate_interest_fee_check_from_records] 未筛选到任何利息手续费交易，跳过报告生成
[2026-06-14 19:07:35] INFO [mark_non_workday_transactions] 非工作日交易标记完成: 总记录 2, 工作日 2, 周末 0, 法定节假日 0, 调休工作日 0
[2026-06-14 19:07:35] INFO [generate_holiday_check_from_records] 未发现非工作日交易，仍导出报告
[2026-06-14 19:07:35] INFO [export_holiday_check_result] 非工作日交易标记结果已导出: /var***********************************************************************************************************
[2026-06-14 19:07:35] INFO [run_pipeline] 非工作日交易标记报告已自动生成: /var***********************************************************************************************************
[2026-06-14 19:07:35] INFO [assign_accounting_period] 会计期间归属完成: 2 条记录, 1 个期间
[2026-06-14 19:07:35] INFO [export_accounting_period_summary] 会计期间总表已导出: /var*******************************************************************************************************（1 个期间）
[2026-06-14 19:07:35] INFO [run_pipeline] 会计期间总表已自动生成: /var*******************************************************************************************************
[2026-06-14 19:07:35] INFO [save_report] 性能剖析报告已保存: /var*****************************************************************************************************
[2026-06-14 19:07:35] INFO [save_report] 性能剖析数据已保存: /var*******************************************************************************************************
[2026-06-14 19:07:35] INFO [run_pipeline] 性能剖析报告已生成: /var*****************************************************************************************************
[2026-06-14 19:07:35] INFO [generate_collab_template] 财务协同编辑模板生成完成: /var***************************************************************************************************************（可编辑列: 凭证号, 凭证日期, 会计科目编码, 会计科目名称, 备注, 制单人）
[2026-06-14 19:07:36] INFO [run_pipeline] 财务协同编辑模板已自动生成: /var***************************************************************************************************************
[2026-06-14 19:07:36] INFO [generate_pending_list_xlsx] 待处理清单已生成: /var******************************************************************************************************（共 2 条记录）
[2026-06-14 19:07:36] DEBUG [scan_excel_files] 发现 Excel 文件: /var*******************************************************************************************
[2026-06-14 19:07:36] DEBUG [scan_excel_files] 发现 Excel 文件: /var******************************************************************************************
[2026-06-14 19:07:36] INFO [scan_excel_files] 共扫描到 2 个 Excel 文件
[2026-06-14 19:07:36] INFO [setup_logging] 日志系统初始化完成，日志文件: /Use*******************************************************************************************************
[2026-06-14 19:07:36] INFO [setup_logging] 未检测到 tkinter，将使用命令行交互模式
[2026-06-14 19:07:36] INFO [setup_logging] 日志系统初始化完成，日志文件: /Use*******************************************************************************************************
[2026-06-14 19:07:36] INFO [setup_logging] 未检测到 tkinter，将使用命令行交互模式
[2026-06-14 19:07:36] INFO [find_lookup_file] 精确匹配到主体查找表: /Use****************************************************************************************
[2026-06-14 19:07:36] INFO [parse] 开始处理北京银行文件: /Use********************************************************************************************
[2026-06-14 19:07:36] DEBUG [detect_excel_format] 文件 /Use******************************************************************************************** Magic Bytes 检测为 xlsx 格式 (ZIP/OOXML)
[2026-06-14 19:07:36] INFO [validate_headers] 北京银行文件工作表「交易明细」表头校验通过，7 个字段均匹配
[2026-06-14 19:07:36] DEBUG [detect_excel_format] 文件 /Use**************************************************************************************** Magic Bytes 检测为 xlsx 格式 (ZIP/OOXML)
[2026-06-14 19:07:36] INFO [load_lookup_table] 查找表加载完成：共 2 条条目，2 个唯一账号，0 个扩展字段
[2026-06-14 19:07:36] DEBUG [get_subject_info] 银行账号「0109年03月」匹配到主体: 北********司（优先级: 0）
[2026-06-14 19:07:36] INFO [_parse_sheet] 北京银行文件工作表「交易明细」提取 2 条记录
[2026-06-14 19:07:36] INFO [parse] 北京银行文件处理完成，共提取 2 条记录
[2026-06-14 19:07:36] INFO [parse] 开始处理东亚银行文件: /Use********************************************************************************************
[2026-06-14 19:07:36] DEBUG [detect_excel_format] 文件 /Use******************************************************************************************** Magic Bytes 检测为 xlsx 格式 (ZIP/OOXML)
[2026-06-14 19:07:36] INFO [validate_headers] 东亚银行文件工作表「交易明细」表头校验通过，7 个字段均匹配
[2026-06-14 19:07:36] DEBUG [detect_excel_format] 文件 /Use**************************************************************************************** Magic Bytes 检测为 xlsx 格式 (ZIP/OOXML)
[2026-06-14 19:07:36] INFO [load_lookup_table] 查找表加载完成：共 2 条条目，2 个唯一账号，0 个扩展字段
[2026-06-14 19:07:36] DEBUG [get_subject_info] 银行账号「3881年23月」匹配到主体: 上********司（优先级: 0）
[2026-06-14 19:07:36] INFO [_parse_sheet] 东亚银行文件工作表「交易明细」提取 2 条记录
[2026-06-14 19:07:36] INFO [parse] 东亚银行文件处理完成，共提取 2 条记录
