[2026-06-14 14:58:06] INFO [setup_logging] 日志系统初始化完成，日志文件: /Use*******************************************************************************************************
[2026-06-14 14:58:06] INFO [setup_logging] 未检测到 tkinter，将使用命令行交互模式
[2026-06-14 14:58:06] INFO [run_pipeline] ===== 试运行模式已启用（不执行删除与写盘操作）=====
[2026-06-14 14:58:06] INFO [find_lookup_file] 精确匹配到主体查找表: /var**************************************************************************************
[2026-06-14 14:58:06] INFO [run_pipeline] 正在预加载主体查找表...
[2026-06-14 14:58:06] DEBUG [detect_excel_format] 文件 /var************************************************************************************** Magic Bytes 检测为 xlsx 格式 (ZIP/OOXML)
[2026-06-14 14:58:06] INFO [load_lookup_table] 查找表加载完成：共 2 条条目，2 个唯一账号，0 个扩展字段
[2026-06-14 14:58:06] INFO [run_pipeline] 主体查找表预加载完成
[2026-06-14 14:58:06] INFO [load_existing_keys] 未找到历史总表，将以全量模式运行
[2026-06-14 14:58:06] INFO [run_pipeline] 无历史数据，将以全量模式运行
[2026-06-14 14:58:06] INFO [run_pipeline] 已复制文件夹为＋检验版: /var******************************************************************************
[2026-06-14 14:58:06] DEBUG [scan_excel_files] 发现 Excel 文件: /var*******************************************************************************************
[2026-06-14 14:58:06] INFO [scan_excel_files] 共扫描到 1 个 Excel 文件
[2026-06-14 14:58:06] INFO [identify_bank] 文件「北京银行_流水.xlsx」通过前缀匹配识别为: 北京银行
[2026-06-14 14:58:06] INFO [parse] 开始处理北京银行文件: /var*******************************************************************************************
[2026-06-14 14:58:06] DEBUG [detect_excel_format] 文件 /var******************************************************************************************* Magic Bytes 检测为 xlsx 格式 (ZIP/OOXML)
[2026-06-14 14:58:06] INFO [validate_headers] 北京银行文件工作表「交易明细」表头校验通过，7 个字段均匹配
[2026-06-14 14:58:06] DEBUG [get_subject_info] 银行账号「0109年03月」匹配到主体: 北********司（优先级: 0）
[2026-06-14 14:58:06] INFO [_parse_sheet] 北京银行文件工作表「交易明细」提取 2 条记录
[2026-06-14 14:58:06] INFO [parse] 北京银行文件处理完成，共提取 2 条记录
[2026-06-14 14:58:06] INFO [run_pipeline] 成功处理文件: /var*******************************************************************************************（2 条记录）
[2026-06-14 14:58:06] INFO [run_pipeline] [试运行] 跳过删除文件操作，待删除文件 1 个
[2026-06-14 14:58:06] INFO [run_pipeline] [试运行] 跳过总表写盘，模式=全量覆盖，共 2 条记录
[2026-06-14 14:58:07] INFO [setup_logging] 日志系统初始化完成，日志文件: /Use*******************************************************************************************************
[2026-06-14 14:58:07] INFO [setup_logging] 未检测到 tkinter，将使用命令行交互模式
[2026-06-14 14:58:07] INFO [run_pipeline] ===== 试运行模式已启用（不执行删除与写盘操作）=====
[2026-06-14 14:58:07] INFO [find_lookup_file] 精确匹配到主体查找表: /var**************************************************************************************
[2026-06-14 14:58:07] INFO [run_pipeline] 正在预加载主体查找表...
[2026-06-14 14:58:07] DEBUG [detect_excel_format] 文件 /var************************************************************************************** Magic Bytes 检测为 xlsx 格式 (ZIP/OOXML)
[2026-06-14 14:58:07] INFO [load_lookup_table] 查找表加载完成：共 2 条条目，2 个唯一账号，0 个扩展字段
[2026-06-14 14:58:07] INFO [run_pipeline] 主体查找表预加载完成
[2026-06-14 14:58:07] INFO [load_existing_keys] 未找到历史总表，将以全量模式运行
[2026-06-14 14:58:07] INFO [run_pipeline] 无历史数据，将以全量模式运行
[2026-06-14 14:58:07] INFO [run_pipeline] 已复制文件夹为＋检验版: /var******************************************************************************
[2026-06-14 14:58:07] DEBUG [scan_excel_files] 发现 Excel 文件: /var*******************************************************************************************
[2026-06-14 14:58:07] INFO [scan_excel_files] 共扫描到 1 个 Excel 文件
[2026-06-14 14:58:07] INFO [identify_bank] 文件「北京银行_流水.xlsx」通过前缀匹配识别为: 北京银行
[2026-06-14 14:58:07] INFO [parse] 开始处理北京银行文件: /var*******************************************************************************************
[2026-06-14 14:58:07] DEBUG [detect_excel_format] 文件 /var******************************************************************************************* Magic Bytes 检测为 xlsx 格式 (ZIP/OOXML)
[2026-06-14 14:58:07] INFO [validate_headers] 北京银行文件工作表「交易明细」表头校验通过，7 个字段均匹配
[2026-06-14 14:58:07] DEBUG [get_subject_info] 银行账号「0109年03月」匹配到主体: 北********司（优先级: 0）
[2026-06-14 14:58:07] INFO [_parse_sheet] 北京银行文件工作表「交易明细」提取 2 条记录
[2026-06-14 14:58:07] INFO [parse] 北京银行文件处理完成，共提取 2 条记录
[2026-06-14 14:58:07] INFO [run_pipeline] 成功处理文件: /var*******************************************************************************************（2 条记录）
[2026-06-14 14:58:07] INFO [run_pipeline] [试运行] 跳过删除文件操作，待删除文件 1 个
[2026-06-14 14:58:07] INFO [run_pipeline] [试运行] 跳过总表写盘，模式=全量覆盖，共 2 条记录
[2026-06-14 14:58:07] INFO [setup_logging] 日志系统初始化完成，日志文件: /Use*******************************************************************************************************
[2026-06-14 14:58:07] INFO [setup_logging] 未检测到 tkinter，将使用命令行交互模式
[2026-06-14 14:58:07] INFO [run_pipeline] ===== 试运行模式已启用（不执行删除与写盘操作）=====
[2026-06-14 14:58:07] INFO [find_lookup_file] 精确匹配到主体查找表: /var**************************************************************************************
[2026-06-14 14:58:07] INFO [run_pipeline] 正在预加载主体查找表...
[2026-06-14 14:58:07] DEBUG [detect_excel_format] 文件 /var************************************************************************************** Magic Bytes 检测为 xlsx 格式 (ZIP/OOXML)
[2026-06-14 14:58:07] INFO [load_lookup_table] 查找表加载完成：共 2 条条目，2 个唯一账号，0 个扩展字段
[2026-06-14 14:58:07] INFO [run_pipeline] 主体查找表预加载完成
[2026-06-14 14:58:07] INFO [load_existing_keys] 未找到历史总表，将以全量模式运行
[2026-06-14 14:58:07] INFO [run_pipeline] 无历史数据，将以全量模式运行
[2026-06-14 14:58:07] INFO [run_pipeline] 已复制文件夹为＋检验版: /var******************************************************************************
[2026-06-14 14:58:07] DEBUG [scan_excel_files] 发现 Excel 文件: /var*******************************************************************************************
[2026-06-14 14:58:07] INFO [scan_excel_files] 共扫描到 1 个 Excel 文件
[2026-06-14 14:58:07] INFO [identify_bank] 文件「北京银行_流水.xlsx」通过前缀匹配识别为: 北京银行
[2026-06-14 14:58:07] INFO [parse] 开始处理北京银行文件: /var*******************************************************************************************
[2026-06-14 14:58:07] DEBUG [detect_excel_format] 文件 /var******************************************************************************************* Magic Bytes 检测为 xlsx 格式 (ZIP/OOXML)
[2026-06-14 14:58:07] INFO [validate_headers] 北京银行文件工作表「交易明细」表头校验通过，7 个字段均匹配
[2026-06-14 14:58:07] DEBUG [get_subject_info] 银行账号「0109年03月」匹配到主体: 北********司（优先级: 0）
[2026-06-14 14:58:07] INFO [_parse_sheet] 北京银行文件工作表「交易明细」提取 2 条记录
[2026-06-14 14:58:07] INFO [parse] 北京银行文件处理完成，共提取 2 条记录
[2026-06-14 14:58:07] INFO [run_pipeline] 成功处理文件: /var*******************************************************************************************（2 条记录）
[2026-06-14 14:58:07] INFO [run_pipeline] [试运行] 跳过删除文件操作，待删除文件 1 个
[2026-06-14 14:58:07] INFO [run_pipeline] [试运行] 跳过总表写盘，模式=全量覆盖，共 2 条记录
[2026-06-14 14:58:08] INFO [setup_logging] 日志系统初始化完成，日志文件: /Use*******************************************************************************************************
[2026-06-14 14:58:08] INFO [setup_logging] 未检测到 tkinter，将使用命令行交互模式
[2026-06-14 14:58:08] INFO [run_pipeline] ===== 试运行模式已启用（不执行删除与写盘操作）=====
[2026-06-14 14:58:08] INFO [find_lookup_file] 精确匹配到主体查找表: /var**************************************************************************************
[2026-06-14 14:58:08] INFO [run_pipeline] 正在预加载主体查找表...
[2026-06-14 14:58:08] DEBUG [detect_excel_format] 文件 /var************************************************************************************** Magic Bytes 检测为 xlsx 格式 (ZIP/OOXML)
[2026-06-14 14:58:08] INFO [load_lookup_table] 查找表加载完成：共 2 条条目，2 个唯一账号，0 个扩展字段
[2026-06-14 14:58:08] INFO [run_pipeline] 主体查找表预加载完成
[2026-06-14 14:58:08] INFO [load_existing_keys] 未找到历史总表，将以全量模式运行
[2026-06-14 14:58:08] INFO [run_pipeline] 无历史数据，将以全量模式运行
[2026-06-14 14:58:08] INFO [run_pipeline] 已复制文件夹为＋检验版: /var******************************************************************************
[2026-06-14 14:58:08] DEBUG [scan_excel_files] 发现 Excel 文件: /var*******************************************************************************************
[2026-06-14 14:58:08] DEBUG [scan_excel_files] 发现 Excel 文件: /var*******************************************************************************************
[2026-06-14 14:58:08] INFO [scan_excel_files] 共扫描到 2 个 Excel 文件
[2026-06-14 14:58:08] WARNING [identify_bank] 文件「未知银行_流水.xlsx」无法识别银行类型
[2026-06-14 14:58:08] INFO [identify_bank] 文件「北京银行_流水.xlsx」通过前缀匹配识别为: 北京银行
[2026-06-14 14:58:08] INFO [parse] 开始处理北京银行文件: /var*******************************************************************************************
[2026-06-14 14:58:08] DEBUG [detect_excel_format] 文件 /var******************************************************************************************* Magic Bytes 检测为 xlsx 格式 (ZIP/OOXML)
[2026-06-14 14:58:08] INFO [validate_headers] 北京银行文件工作表「交易明细」表头校验通过，7 个字段均匹配
[2026-06-14 14:58:08] DEBUG [get_subject_info] 银行账号「0109年03月」匹配到主体: 北********司（优先级: 0）
[2026-06-14 14:58:08] INFO [_parse_sheet] 北京银行文件工作表「交易明细」提取 2 条记录
[2026-06-14 14:58:08] INFO [parse] 北京银行文件处理完成，共提取 2 条记录
[2026-06-14 14:58:08] INFO [run_pipeline] 成功处理文件: /var*******************************************************************************************（2 条记录）
[2026-06-14 14:58:08] INFO [run_pipeline] [试运行] 跳过删除文件操作，待删除文件 1 个
[2026-06-14 14:58:08] INFO [run_pipeline] [试运行] 跳过总表写盘，模式=全量覆盖，共 2 条记录
[2026-06-14 14:58:08] INFO [setup_logging] 日志系统初始化完成，日志文件: /Use*******************************************************************************************************
[2026-06-14 14:58:08] INFO [setup_logging] 未检测到 tkinter，将使用命令行交互模式
[2026-06-14 14:58:08] INFO [run_pipeline] ===== 试运行模式已启用（不执行删除与写盘操作）=====
[2026-06-14 14:58:08] INFO [find_lookup_file] 精确匹配到主体查找表: /var**************************************************************************************
[2026-06-14 14:58:08] INFO [run_pipeline] 正在预加载主体查找表...
[2026-06-14 14:58:08] DEBUG [detect_excel_format] 文件 /var************************************************************************************** Magic Bytes 检测为 xlsx 格式 (ZIP/OOXML)
[2026-06-14 14:58:08] INFO [load_lookup_table] 查找表加载完成：共 2 条条目，2 个唯一账号，0 个扩展字段
[2026-06-14 14:58:08] INFO [run_pipeline] 主体查找表预加载完成
[2026-06-14 14:58:08] INFO [load_existing_keys] 未找到历史总表，将以全量模式运行
[2026-06-14 14:58:08] INFO [run_pipeline] 无历史数据，将以全量模式运行
[2026-06-14 14:58:08] INFO [run_pipeline] 已复制文件夹为＋检验版: /var******************************************************************************
[2026-06-14 14:58:08] DEBUG [scan_excel_files] 发现 Excel 文件: /var*******************************************************************************************
[2026-06-14 14:58:08] DEBUG [scan_excel_files] 发现 Excel 文件: /var*******************************************************************************************
[2026-06-14 14:58:08] INFO [scan_excel_files] 共扫描到 2 个 Excel 文件
[2026-06-14 14:58:08] INFO [identify_bank] 文件「东亚银行_流水.xlsx」通过前缀匹配识别为: 东亚银行
[2026-06-14 14:58:08] INFO [parse] 开始处理东亚银行文件: /var*******************************************************************************************
[2026-06-14 14:58:08] DEBUG [detect_excel_format] 文件 /var******************************************************************************************* Magic Bytes 检测为 xlsx 格式 (ZIP/OOXML)
[2026-06-14 14:58:08] INFO [validate_headers] 东亚银行文件工作表「交易明细」表头校验通过，7 个字段均匹配
[2026-06-14 14:58:08] DEBUG [get_subject_info] 银行账号「3881年23月」匹配到主体: 上********司（优先级: 0）
[2026-06-14 14:58:08] INFO [_parse_sheet] 东亚银行文件工作表「交易明细」提取 2 条记录
[2026-06-14 14:58:08] INFO [parse] 东亚银行文件处理完成，共提取 2 条记录
[2026-06-14 14:58:08] INFO [run_pipeline] 成功处理文件: /var*******************************************************************************************（2 条记录）
[2026-06-14 14:58:08] INFO [identify_bank] 文件「北京银行_流水.xlsx」通过前缀匹配识别为: 北京银行
[2026-06-14 14:58:08] INFO [parse] 开始处理北京银行文件: /var*******************************************************************************************
[2026-06-14 14:58:08] DEBUG [detect_excel_format] 文件 /var******************************************************************************************* Magic Bytes 检测为 xlsx 格式 (ZIP/OOXML)
[2026-06-14 14:58:08] INFO [validate_headers] 北京银行文件工作表「交易明细」表头校验通过，7 个字段均匹配
[2026-06-14 14:58:08] DEBUG [get_subject_info] 银行账号「0109年03月」匹配到主体: 北********司（优先级: 0）
[2026-06-14 14:58:08] INFO [_parse_sheet] 北京银行文件工作表「交易明细」提取 2 条记录
[2026-06-14 14:58:08] INFO [parse] 北京银行文件处理完成，共提取 2 条记录
[2026-06-14 14:58:08] INFO [run_pipeline] 成功处理文件: /var*******************************************************************************************（2 条记录）
[2026-06-14 14:58:08] INFO [run_pipeline] [试运行] 跳过删除文件操作，待删除文件 2 个
[2026-06-14 14:58:08] INFO [run_pipeline] [试运行] 跳过总表写盘，模式=全量覆盖，共 4 条记录
[2026-06-14 14:58:09] INFO [setup_logging] 日志系统初始化完成，日志文件: /Use*******************************************************************************************************
[2026-06-14 14:58:09] INFO [setup_logging] 未检测到 tkinter，将使用命令行交互模式
[2026-06-14 14:58:09] INFO [run_pipeline] ===== 试运行模式已启用（不执行删除与写盘操作）=====
[2026-06-14 14:58:09] INFO [find_lookup_file] 精确匹配到主体查找表: /var**************************************************************************************
[2026-06-14 14:58:09] INFO [run_pipeline] 正在预加载主体查找表...
[2026-06-14 14:58:09] DEBUG [detect_excel_format] 文件 /var************************************************************************************** Magic Bytes 检测为 xlsx 格式 (ZIP/OOXML)
[2026-06-14 14:58:09] INFO [load_lookup_table] 查找表加载完成：共 2 条条目，2 个唯一账号，0 个扩展字段
[2026-06-14 14:58:09] INFO [run_pipeline] 主体查找表预加载完成
[2026-06-14 14:58:09] INFO [load_existing_keys] 未找到历史总表，将以全量模式运行
[2026-06-14 14:58:09] INFO [run_pipeline] 无历史数据，将以全量模式运行
[2026-06-14 14:58:09] INFO [run_pipeline] 已复制文件夹为＋检验版: /var******************************************************************************
[2026-06-14 14:58:09] DEBUG [scan_excel_files] 发现 Excel 文件: /var*******************************************************************************************
[2026-06-14 14:58:09] INFO [scan_excel_files] 共扫描到 1 个 Excel 文件
[2026-06-14 14:58:09] INFO [identify_bank] 文件「北京银行_流水.xlsx」通过前缀匹配识别为: 北京银行
[2026-06-14 14:58:09] INFO [parse] 开始处理北京银行文件: /var*******************************************************************************************
[2026-06-14 14:58:09] DEBUG [detect_excel_format] 文件 /var******************************************************************************************* Magic Bytes 检测为 xlsx 格式 (ZIP/OOXML)
[2026-06-14 14:58:09] INFO [validate_headers] 北京银行文件工作表「交易明细」表头校验通过，7 个字段均匹配
[2026-06-14 14:58:09] DEBUG [get_subject_info] 银行账号「0109年03月」匹配到主体: 北********司（优先级: 0）
[2026-06-14 14:58:09] INFO [_parse_sheet] 北京银行文件工作表「交易明细」提取 2 条记录
[2026-06-14 14:58:09] INFO [parse] 北京银行文件处理完成，共提取 2 条记录
[2026-06-14 14:58:09] INFO [run_pipeline] 成功处理文件: /var*******************************************************************************************（2 条记录）
[2026-06-14 14:58:09] INFO [run_pipeline] [试运行] 跳过删除文件操作，待删除文件 1 个
[2026-06-14 14:58:09] INFO [run_pipeline] [试运行] 跳过总表写盘，模式=全量覆盖，共 2 条记录
[2026-06-14 14:58:09] INFO [setup_logging] 日志系统初始化完成，日志文件: /Use*******************************************************************************************************
[2026-06-14 14:58:09] INFO [setup_logging] 未检测到 tkinter，将使用命令行交互模式
[2026-06-14 14:58:09] INFO [run_pipeline] ===== 试运行模式已启用（不执行删除与写盘操作）=====
[2026-06-14 14:58:09] INFO [find_lookup_file] 精确匹配到主体查找表: /var**************************************************************************************
[2026-06-14 14:58:09] INFO [run_pipeline] 正在预加载主体查找表...
[2026-06-14 14:58:09] DEBUG [detect_excel_format] 文件 /var************************************************************************************** Magic Bytes 检测为 xlsx 格式 (ZIP/OOXML)
[2026-06-14 14:58:09] INFO [load_lookup_table] 查找表加载完成：共 2 条条目，2 个唯一账号，0 个扩展字段
[2026-06-14 14:58:09] INFO [run_pipeline] 主体查找表预加载完成
[2026-06-14 14:58:09] INFO [load_existing_keys] 未找到历史总表，将以全量模式运行
[2026-06-14 14:58:09] INFO [run_pipeline] 无历史数据，将以全量模式运行
[2026-06-14 14:58:09] INFO [run_pipeline] 已复制文件夹为＋检验版: /var******************************************************************************
[2026-06-14 14:58:09] DEBUG [scan_excel_files] 发现 Excel 文件: /var*******************************************************************************************
[2026-06-14 14:58:09] INFO [scan_excel_files] 共扫描到 1 个 Excel 文件
[2026-06-14 14:58:09] INFO [identify_bank] 文件「北京银行_流水.xlsx」通过前缀匹配识别为: 北京银行
[2026-06-14 14:58:09] INFO [parse] 开始处理北京银行文件: /var*******************************************************************************************
[2026-06-14 14:58:09] DEBUG [detect_excel_format] 文件 /var******************************************************************************************* Magic Bytes 检测为 xlsx 格式 (ZIP/OOXML)
[2026-06-14 14:58:09] INFO [validate_headers] 北京银行文件工作表「交易明细」表头校验通过，7 个字段均匹配
[2026-06-14 14:58:09] DEBUG [get_subject_info] 银行账号「0109年03月」匹配到主体: 北********司（优先级: 0）
[2026-06-14 14:58:09] INFO [_parse_sheet] 北京银行文件工作表「交易明细」提取 2 条记录
[2026-06-14 14:58:09] INFO [parse] 北京银行文件处理完成，共提取 2 条记录
[2026-06-14 14:58:09] INFO [run_pipeline] 成功处理文件: /var*******************************************************************************************（2 条记录）
[2026-06-14 14:58:09] INFO [run_pipeline] [试运行] 跳过删除文件操作，待删除文件 1 个
[2026-06-14 14:58:09] INFO [run_pipeline] [试运行] 跳过总表写盘，模式=全量覆盖，共 2 条记录
[2026-06-14 14:58:10] INFO [setup_logging] 日志系统初始化完成，日志文件: /Use*******************************************************************************************************
[2026-06-14 14:58:10] INFO [setup_logging] 未检测到 tkinter，将使用命令行交互模式
[2026-06-14 14:58:10] INFO [run_pipeline] ===== 试运行模式已启用（不执行删除与写盘操作）=====
[2026-06-14 14:58:10] INFO [find_lookup_file] 精确匹配到主体查找表: /var**************************************************************************************
[2026-06-14 14:58:10] INFO [run_pipeline] 正在预加载主体查找表...
[2026-06-14 14:58:10] DEBUG [detect_excel_format] 文件 /var************************************************************************************** Magic Bytes 检测为 xlsx 格式 (ZIP/OOXML)
[2026-06-14 14:58:10] INFO [load_lookup_table] 查找表加载完成：共 2 条条目，2 个唯一账号，0 个扩展字段
[2026-06-14 14:58:10] INFO [run_pipeline] 主体查找表预加载完成
[2026-06-14 14:58:10] INFO [load_existing_keys] 未找到历史总表，将以全量模式运行
[2026-06-14 14:58:10] INFO [run_pipeline] 无历史数据，将以全量模式运行
[2026-06-14 14:58:10] INFO [run_pipeline] 已复制文件夹为＋检验版: /var******************************************************************************
[2026-06-14 14:58:10] DEBUG [scan_excel_files] 发现 Excel 文件: /var*******************************************************************************************
[2026-06-14 14:58:10] DEBUG [scan_excel_files] 发现 Excel 文件: /var*******************************************************************************************
[2026-06-14 14:58:10] INFO [scan_excel_files] 共扫描到 2 个 Excel 文件
[2026-06-14 14:58:10] WARNING [identify_bank] 文件「未知银行_流水.xlsx」无法识别银行类型
[2026-06-14 14:58:10] INFO [identify_bank] 文件「北京银行_流水.xlsx」通过前缀匹配识别为: 北京银行
[2026-06-14 14:58:10] INFO [parse] 开始处理北京银行文件: /var*******************************************************************************************
[2026-06-14 14:58:10] DEBUG [detect_excel_format] 文件 /var******************************************************************************************* Magic Bytes 检测为 xlsx 格式 (ZIP/OOXML)
[2026-06-14 14:58:10] INFO [validate_headers] 北京银行文件工作表「交易明细」表头校验通过，7 个字段均匹配
[2026-06-14 14:58:10] DEBUG [get_subject_info] 银行账号「0109年03月」匹配到主体: 北********司（优先级: 0）
[2026-06-14 14:58:10] INFO [_parse_sheet] 北京银行文件工作表「交易明细」提取 2 条记录
[2026-06-14 14:58:10] INFO [parse] 北京银行文件处理完成，共提取 2 条记录
[2026-06-14 14:58:10] INFO [run_pipeline] 成功处理文件: /var*******************************************************************************************（2 条记录）
[2026-06-14 14:58:10] INFO [run_pipeline] [试运行] 跳过删除文件操作，待删除文件 1 个
[2026-06-14 14:58:10] INFO [run_pipeline] [试运行] 跳过总表写盘，模式=全量覆盖，共 2 条记录
[2026-06-14 14:58:10] INFO [setup_logging] 日志系统初始化完成，日志文件: /Use*******************************************************************************************************
[2026-06-14 14:58:10] INFO [setup_logging] 未检测到 tkinter，将使用命令行交互模式
[2026-06-14 14:58:10] INFO [run_pipeline] ===== 试运行模式已启用（不执行删除与写盘操作）=====
[2026-06-14 14:58:10] INFO [find_lookup_file] 精确匹配到主体查找表: /var**************************************************************************************
[2026-06-14 14:58:10] INFO [run_pipeline] 正在预加载主体查找表...
[2026-06-14 14:58:10] DEBUG [detect_excel_format] 文件 /var************************************************************************************** Magic Bytes 检测为 xlsx 格式 (ZIP/OOXML)
[2026-06-14 14:58:10] INFO [load_lookup_table] 查找表加载完成：共 2 条条目，2 个唯一账号，0 个扩展字段
[2026-06-14 14:58:10] INFO [run_pipeline] 主体查找表预加载完成
[2026-06-14 14:58:10] INFO [load_existing_keys] 未找到历史总表，将以全量模式运行
[2026-06-14 14:58:10] INFO [run_pipeline] 无历史数据，将以全量模式运行
[2026-06-14 14:58:10] INFO [run_pipeline] 已复制文件夹为＋检验版: /var******************************************************************************
[2026-06-14 14:58:10] DEBUG [scan_excel_files] 发现 Excel 文件: /var*******************************************************************************************
[2026-06-14 14:58:10] INFO [scan_excel_files] 共扫描到 1 个 Excel 文件
[2026-06-14 14:58:10] INFO [identify_bank] 文件「北京银行_流水.xlsx」通过前缀匹配识别为: 北京银行
[2026-06-14 14:58:10] INFO [parse] 开始处理北京银行文件: /var*******************************************************************************************
[2026-06-14 14:58:10] DEBUG [detect_excel_format] 文件 /var******************************************************************************************* Magic Bytes 检测为 xlsx 格式 (ZIP/OOXML)
[2026-06-14 14:58:10] INFO [validate_headers] 北京银行文件工作表「交易明细」表头校验通过，7 个字段均匹配
[2026-06-14 14:58:10] DEBUG [get_subject_info] 银行账号「0109年03月」匹配到主体: 北********司（优先级: 0）
[2026-06-14 14:58:10] INFO [_parse_sheet] 北京银行文件工作表「交易明细」提取 2 条记录
[2026-06-14 14:58:10] INFO [parse] 北京银行文件处理完成，共提取 2 条记录
[2026-06-14 14:58:10] INFO [run_pipeline] 成功处理文件: /var*******************************************************************************************（2 条记录）
[2026-06-14 14:58:10] INFO [run_pipeline] [试运行] 跳过删除文件操作，待删除文件 1 个
[2026-06-14 14:58:10] INFO [run_pipeline] [试运行] 跳过总表写盘，模式=全量覆盖，共 2 条记录
[2026-06-14 14:58:10] INFO [setup_logging] 日志系统初始化完成，日志文件: /Use*******************************************************************************************************
[2026-06-14 14:58:10] INFO [setup_logging] 未检测到 tkinter，将使用命令行交互模式
[2026-06-14 14:58:10] INFO [run_pipeline] ===== 试运行模式已启用（不执行删除与写盘操作）=====
[2026-06-14 14:58:10] INFO [find_lookup_file] 精确匹配到主体查找表: /var**************************************************************************************
[2026-06-14 14:58:10] INFO [run_pipeline] 正在预加载主体查找表...
[2026-06-14 14:58:10] DEBUG [detect_excel_format] 文件 /var************************************************************************************** Magic Bytes 检测为 xlsx 格式 (ZIP/OOXML)
[2026-06-14 14:58:10] INFO [load_lookup_table] 查找表加载完成：共 2 条条目，2 个唯一账号，0 个扩展字段
[2026-06-14 14:58:10] INFO [run_pipeline] 主体查找表预加载完成
[2026-06-14 14:58:10] INFO [load_existing_keys] 未找到历史总表，将以全量模式运行
[2026-06-14 14:58:10] INFO [run_pipeline] 无历史数据，将以全量模式运行
[2026-06-14 14:58:10] INFO [run_pipeline] 已复制文件夹为＋检验版: /var******************************************************************************
[2026-06-14 14:58:10] DEBUG [scan_excel_files] 发现 Excel 文件: /var*******************************************************************************************
[2026-06-14 14:58:10] INFO [scan_excel_files] 共扫描到 1 个 Excel 文件
[2026-06-14 14:58:10] INFO [identify_bank] 文件「北京银行_流水.xlsx」通过前缀匹配识别为: 北京银行
[2026-06-14 14:58:10] INFO [parse] 开始处理北京银行文件: /var*******************************************************************************************
[2026-06-14 14:58:10] DEBUG [detect_excel_format] 文件 /var******************************************************************************************* Magic Bytes 检测为 xlsx 格式 (ZIP/OOXML)
[2026-06-14 14:58:10] INFO [validate_headers] 北京银行文件工作表「交易明细」表头校验通过，7 个字段均匹配
[2026-06-14 14:58:10] DEBUG [get_subject_info] 银行账号「0109年03月」匹配到主体: 北********司（优先级: 0）
[2026-06-14 14:58:10] INFO [_parse_sheet] 北京银行文件工作表「交易明细」提取 2 条记录
[2026-06-14 14:58:10] INFO [parse] 北京银行文件处理完成，共提取 2 条记录
[2026-06-14 14:58:10] INFO [run_pipeline] 成功处理文件: /var*******************************************************************************************（2 条记录）
[2026-06-14 14:58:10] INFO [run_pipeline] [试运行] 跳过删除文件操作，待删除文件 1 个
[2026-06-14 14:58:10] INFO [run_pipeline] [试运行] 跳过总表写盘，模式=全量覆盖，共 2 条记录
[2026-06-14 14:58:11] INFO [setup_logging] 日志系统初始化完成，日志文件: /Use*******************************************************************************************************
[2026-06-14 14:58:11] INFO [setup_logging] 未检测到 tkinter，将使用命令行交互模式
[2026-06-14 14:58:11] INFO [run_pipeline] ===== 试运行模式已启用（不执行删除与写盘操作）=====
[2026-06-14 14:58:11] INFO [find_lookup_file] 精确匹配到主体查找表: /var**************************************************************************************
[2026-06-14 14:58:11] INFO [run_pipeline] 正在预加载主体查找表...
[2026-06-14 14:58:11] DEBUG [detect_excel_format] 文件 /var************************************************************************************** Magic Bytes 检测为 xlsx 格式 (ZIP/OOXML)
[2026-06-14 14:58:11] INFO [load_lookup_table] 查找表加载完成：共 2 条条目，2 个唯一账号，0 个扩展字段
[2026-06-14 14:58:11] INFO [run_pipeline] 主体查找表预加载完成
[2026-06-14 14:58:11] INFO [load_existing_keys] 未找到历史总表，将以全量模式运行
[2026-06-14 14:58:11] INFO [run_pipeline] 无历史数据，将以全量模式运行
[2026-06-14 14:58:11] INFO [run_pipeline] 已复制文件夹为＋检验版: /var******************************************************************************
[2026-06-14 14:58:11] DEBUG [scan_excel_files] 发现 Excel 文件: /var*******************************************************************************************
[2026-06-14 14:58:11] INFO [scan_excel_files] 共扫描到 1 个 Excel 文件
[2026-06-14 14:58:11] INFO [identify_bank] 文件「北京银行_流水.xlsx」通过前缀匹配识别为: 北京银行
[2026-06-14 14:58:11] INFO [parse] 开始处理北京银行文件: /var*******************************************************************************************
[2026-06-14 14:58:11] DEBUG [detect_excel_format] 文件 /var******************************************************************************************* Magic Bytes 检测为 xlsx 格式 (ZIP/OOXML)
[2026-06-14 14:58:11] INFO [validate_headers] 北京银行文件工作表「交易明细」表头校验通过，7 个字段均匹配
[2026-06-14 14:58:11] DEBUG [get_subject_info] 银行账号「0109年03月」匹配到主体: 北********司（优先级: 0）
[2026-06-14 14:58:11] INFO [_parse_sheet] 北京银行文件工作表「交易明细」提取 2 条记录
[2026-06-14 14:58:11] INFO [parse] 北京银行文件处理完成，共提取 2 条记录
[2026-06-14 14:58:11] INFO [run_pipeline] 成功处理文件: /var*******************************************************************************************（2 条记录）
[2026-06-14 14:58:11] INFO [run_pipeline] [试运行] 跳过删除文件操作，待删除文件 1 个
[2026-06-14 14:58:11] INFO [run_pipeline] [试运行] 跳过总表写盘，模式=全量覆盖，共 2 条记录
[2026-06-14 14:58:11] INFO [setup_logging] 日志系统初始化完成，日志文件: /Use*******************************************************************************************************
[2026-06-14 14:58:11] INFO [setup_logging] 未检测到 tkinter，将使用命令行交互模式
[2026-06-14 14:58:11] INFO [find_lookup_file] 精确匹配到主体查找表: /var**************************************************************************************
[2026-06-14 14:58:11] INFO [run_pipeline] 正在预加载主体查找表...
[2026-06-14 14:58:11] DEBUG [detect_excel_format] 文件 /var************************************************************************************** Magic Bytes 检测为 xlsx 格式 (ZIP/OOXML)
[2026-06-14 14:58:11] INFO [load_lookup_table] 查找表加载完成：共 2 条条目，2 个唯一账号，0 个扩展字段
[2026-06-14 14:58:11] INFO [run_pipeline] 主体查找表预加载完成
[2026-06-14 14:58:11] INFO [load_existing_keys] 未找到历史总表，将以全量模式运行
[2026-06-14 14:58:11] INFO [run_pipeline] 无历史数据，将以全量模式运行
[2026-06-14 14:58:11] INFO [run_pipeline] 已复制文件夹为＋检验版: /var******************************************************************************
[2026-06-14 14:58:11] DEBUG [scan_excel_files] 发现 Excel 文件: /var*******************************************************************************************
[2026-06-14 14:58:11] INFO [scan_excel_files] 共扫描到 1 个 Excel 文件
[2026-06-14 14:58:11] INFO [identify_bank] 文件「北京银行_流水.xlsx」通过前缀匹配识别为: 北京银行
[2026-06-14 14:58:11] INFO [parse] 开始处理北京银行文件: /var*******************************************************************************************
[2026-06-14 14:58:11] DEBUG [detect_excel_format] 文件 /var******************************************************************************************* Magic Bytes 检测为 xlsx 格式 (ZIP/OOXML)
[2026-06-14 14:58:11] INFO [validate_headers] 北京银行文件工作表「交易明细」表头校验通过，7 个字段均匹配
[2026-06-14 14:58:11] DEBUG [get_subject_info] 银行账号「0109年03月」匹配到主体: 北********司（优先级: 0）
[2026-06-14 14:58:11] INFO [_parse_sheet] 北京银行文件工作表「交易明细」提取 2 条记录
[2026-06-14 14:58:11] INFO [parse] 北京银行文件处理完成，共提取 2 条记录
[2026-06-14 14:58:11] INFO [run_pipeline] 成功处理文件: /var*******************************************************************************************（2 条记录）
[2026-06-14 14:58:11] DEBUG [delete_processed_files] 已删除文件: /var*******************************************************************************************
[2026-06-14 14:58:11] INFO [run_pipeline] 总表输出完成: /var***************************************************************************************（共 2 条记录）
[2026-06-14 14:58:12] INFO [setup_logging] 日志系统初始化完成，日志文件: /Use*******************************************************************************************************
[2026-06-14 14:58:12] INFO [setup_logging] 未检测到 tkinter，将使用命令行交互模式
[2026-06-14 14:58:12] INFO [run_pipeline] ===== 试运行模式已启用（不执行删除与写盘操作）=====
[2026-06-14 14:58:12] INFO [find_lookup_file] 精确匹配到主体查找表: /var**************************************************************************************
[2026-06-14 14:58:12] INFO [run_pipeline] 正在预加载主体查找表...
[2026-06-14 14:58:12] DEBUG [detect_excel_format] 文件 /var************************************************************************************** Magic Bytes 检测为 xlsx 格式 (ZIP/OOXML)
[2026-06-14 14:58:12] INFO [load_lookup_table] 查找表加载完成：共 2 条条目，2 个唯一账号，0 个扩展字段
[2026-06-14 14:58:12] INFO [run_pipeline] 主体查找表预加载完成
[2026-06-14 14:58:12] INFO [load_existing_keys] 未找到历史总表，将以全量模式运行
[2026-06-14 14:58:12] INFO [run_pipeline] 无历史数据，将以全量模式运行
[2026-06-14 14:58:12] INFO [run_pipeline] 已复制文件夹为＋检验版: /var******************************************************************************
[2026-06-14 14:58:12] DEBUG [scan_excel_files] 发现 Excel 文件: /var*******************************************************************************************
[2026-06-14 14:58:12] INFO [scan_excel_files] 共扫描到 1 个 Excel 文件
[2026-06-14 14:58:12] INFO [identify_bank] 文件「北京银行_流水.xlsx」通过前缀匹配识别为: 北京银行
[2026-06-14 14:58:12] INFO [parse] 开始处理北京银行文件: /var*******************************************************************************************
[2026-06-14 14:58:12] DEBUG [detect_excel_format] 文件 /var******************************************************************************************* Magic Bytes 检测为 xlsx 格式 (ZIP/OOXML)
[2026-06-14 14:58:12] INFO [validate_headers] 北京银行文件工作表「交易明细」表头校验通过，7 个字段均匹配
[2026-06-14 14:58:12] DEBUG [get_subject_info] 银行账号「0109年03月」匹配到主体: 北********司（优先级: 0）
[2026-06-14 14:58:12] INFO [_parse_sheet] 北京银行文件工作表「交易明细」提取 2 条记录
[2026-06-14 14:58:12] INFO [parse] 北京银行文件处理完成，共提取 2 条记录
[2026-06-14 14:58:12] INFO [run_pipeline] 成功处理文件: /var*******************************************************************************************（2 条记录）
[2026-06-14 14:58:12] INFO [run_pipeline] [试运行] 跳过删除文件操作，待删除文件 1 个
[2026-06-14 14:58:12] INFO [run_pipeline] [试运行] 跳过总表写盘，模式=全量覆盖，共 2 条记录
[2026-06-14 14:58:12] INFO [setup_logging] 日志系统初始化完成，日志文件: /Use*******************************************************************************************************
[2026-06-14 14:58:12] INFO [setup_logging] 未检测到 tkinter，将使用命令行交互模式
[2026-06-14 14:58:12] INFO [run_pipeline] ===== 试运行模式已启用（不执行删除与写盘操作）=====
[2026-06-14 14:58:12] INFO [find_lookup_file] 精确匹配到主体查找表: /var**************************************************************************************
[2026-06-14 14:58:12] INFO [run_pipeline] 正在预加载主体查找表...
[2026-06-14 14:58:12] DEBUG [detect_excel_format] 文件 /var************************************************************************************** Magic Bytes 检测为 xlsx 格式 (ZIP/OOXML)
[2026-06-14 14:58:12] INFO [load_lookup_table] 查找表加载完成：共 2 条条目，2 个唯一账号，0 个扩展字段
[2026-06-14 14:58:12] INFO [run_pipeline] 主体查找表预加载完成
[2026-06-14 14:58:12] INFO [load_existing_keys] 未找到历史总表，将以全量模式运行
[2026-06-14 14:58:12] INFO [run_pipeline] 无历史数据，将以全量模式运行
[2026-06-14 14:58:12] INFO [run_pipeline] 已复制文件夹为＋检验版: /var******************************************************************************
[2026-06-14 14:58:12] DEBUG [scan_excel_files] 发现 Excel 文件: /var*******************************************************************************************
[2026-06-14 14:58:12] DEBUG [scan_excel_files] 发现 Excel 文件: /var*******************************************************************************************
[2026-06-14 14:58:12] INFO [scan_excel_files] 共扫描到 2 个 Excel 文件
[2026-06-14 14:58:12] WARNING [identify_bank] 文件「未知银行_流水.xlsx」无法识别银行类型
[2026-06-14 14:58:12] INFO [identify_bank] 文件「北京银行_流水.xlsx」通过前缀匹配识别为: 北京银行
[2026-06-14 14:58:12] INFO [parse] 开始处理北京银行文件: /var*******************************************************************************************
[2026-06-14 14:58:12] DEBUG [detect_excel_format] 文件 /var******************************************************************************************* Magic Bytes 检测为 xlsx 格式 (ZIP/OOXML)
[2026-06-14 14:58:12] INFO [validate_headers] 北京银行文件工作表「交易明细」表头校验通过，7 个字段均匹配
[2026-06-14 14:58:12] DEBUG [get_subject_info] 银行账号「0109年03月」匹配到主体: 北********司（优先级: 0）
[2026-06-14 14:58:12] INFO [_parse_sheet] 北京银行文件工作表「交易明细」提取 2 条记录
[2026-06-14 14:58:12] INFO [parse] 北京银行文件处理完成，共提取 2 条记录
[2026-06-14 14:58:12] INFO [run_pipeline] 成功处理文件: /var*******************************************************************************************（2 条记录）
[2026-06-14 14:58:12] INFO [run_pipeline] [试运行] 跳过删除文件操作，待删除文件 1 个
[2026-06-14 14:58:12] INFO [run_pipeline] [试运行] 跳过总表写盘，模式=全量覆盖，共 2 条记录
[2026-06-14 14:58:13] INFO [setup_logging] 日志系统初始化完成，日志文件: /Use*******************************************************************************************************
[2026-06-14 14:58:13] INFO [setup_logging] 未检测到 tkinter，将使用命令行交互模式
[2026-06-14 14:58:13] INFO [run_pipeline] ===== 试运行模式已启用（不执行删除与写盘操作）=====
[2026-06-14 14:58:13] INFO [find_lookup_file] 精确匹配到主体查找表: /var**************************************************************************************
[2026-06-14 14:58:13] INFO [run_pipeline] 正在预加载主体查找表...
[2026-06-14 14:58:13] DEBUG [detect_excel_format] 文件 /var************************************************************************************** Magic Bytes 检测为 xlsx 格式 (ZIP/OOXML)
[2026-06-14 14:58:13] INFO [load_lookup_table] 查找表加载完成：共 2 条条目，2 个唯一账号，0 个扩展字段
[2026-06-14 14:58:13] INFO [run_pipeline] 主体查找表预加载完成
[2026-06-14 14:58:13] INFO [load_existing_keys] 未找到历史总表，将以全量模式运行
[2026-06-14 14:58:13] INFO [run_pipeline] 无历史数据，将以全量模式运行
[2026-06-14 14:58:13] INFO [run_pipeline] 已复制文件夹为＋检验版: /var*****************************************************************************
[2026-06-14 14:58:13] INFO [scan_excel_files] 共扫描到 0 个 Excel 文件
[2026-06-14 14:58:13] WARNING [run_pipeline] 检验版文件夹中未发现任何 Excel 或 PDF 文件
[2026-06-14 14:58:13] WARNING [commit_pipeline_changes] commit_pipeline_changes: 试运行结果为空文件夹，无需提交
[2026-06-14 14:58:13] INFO [setup_logging] 日志系统初始化完成，日志文件: /Use*******************************************************************************************************
[2026-06-14 14:58:13] INFO [setup_logging] 未检测到 tkinter，将使用命令行交互模式
[2026-06-14 14:58:13] INFO [find_lookup_file] 精确匹配到主体查找表: /var**************************************************************************************
[2026-06-14 14:58:13] INFO [run_pipeline] 正在预加载主体查找表...
[2026-06-14 14:58:13] DEBUG [detect_excel_format] 文件 /var************************************************************************************** Magic Bytes 检测为 xlsx 格式 (ZIP/OOXML)
[2026-06-14 14:58:13] INFO [load_lookup_table] 查找表加载完成：共 2 条条目，2 个唯一账号，0 个扩展字段
[2026-06-14 14:58:13] INFO [run_pipeline] 主体查找表预加载完成
[2026-06-14 14:58:13] INFO [load_existing_keys] 未找到历史总表，将以全量模式运行
[2026-06-14 14:58:13] INFO [run_pipeline] 无历史数据，将以全量模式运行
[2026-06-14 14:58:13] INFO [run_pipeline] 已复制文件夹为＋检验版: /var******************************************************************************
[2026-06-14 14:58:13] DEBUG [scan_excel_files] 发现 Excel 文件: /var*******************************************************************************************
[2026-06-14 14:58:13] INFO [scan_excel_files] 共扫描到 1 个 Excel 文件
[2026-06-14 14:58:13] INFO [identify_bank] 文件「北京银行_流水.xlsx」通过前缀匹配识别为: 北京银行
[2026-06-14 14:58:13] INFO [parse] 开始处理北京银行文件: /var*******************************************************************************************
[2026-06-14 14:58:13] DEBUG [detect_excel_format] 文件 /var******************************************************************************************* Magic Bytes 检测为 xlsx 格式 (ZIP/OOXML)
[2026-06-14 14:58:13] INFO [validate_headers] 北京银行文件工作表「交易明细」表头校验通过，7 个字段均匹配
[2026-06-14 14:58:13] DEBUG [get_subject_info] 银行账号「0109年03月」匹配到主体: 北********司（优先级: 0）
[2026-06-14 14:58:13] INFO [_parse_sheet] 北京银行文件工作表「交易明细」提取 2 条记录
[2026-06-14 14:58:13] INFO [parse] 北京银行文件处理完成，共提取 2 条记录
[2026-06-14 14:58:13] INFO [run_pipeline] 成功处理文件: /var*******************************************************************************************（2 条记录）
[2026-06-14 14:58:13] DEBUG [delete_processed_files] 已删除文件: /var*******************************************************************************************
[2026-06-14 14:58:13] INFO [run_pipeline] 总表输出完成: /var***************************************************************************************（共 2 条记录）
[2026-06-14 14:58:13] INFO [setup_logging] 日志系统初始化完成，日志文件: /Use*******************************************************************************************************
[2026-06-14 14:58:13] INFO [setup_logging] 未检测到 tkinter，将使用命令行交互模式
[2026-06-14 14:58:13] INFO [setup_logging] 日志系统初始化完成，日志文件: /Use*******************************************************************************************************
[2026-06-14 14:58:13] INFO [setup_logging] 未检测到 tkinter，将使用命令行交互模式
[2026-06-14 14:58:13] INFO [setup_logging] 日志系统初始化完成，日志文件: /Use*******************************************************************************************************
[2026-06-14 14:58:13] INFO [setup_logging] 未检测到 tkinter，将使用命令行交互模式
