[2026-06-15 00:49:28] INFO [setup_logging] 日志系统初始化完成，日志文件: /Use*******************************************************************************************************
[2026-06-15 00:49:28] INFO [setup_logging] 未检测到 tkinter，将使用命令行交互模式
[2026-06-15 00:49:28] DEBUG [scan_bank_files] 发现银行导出文件: /var******************************************************************************
[2026-06-15 00:49:28] INFO [scan_bank_files] 共扫描到 1 个银行导出文件
[2026-06-15 00:49:28] INFO [setup_logging] 日志系统初始化完成，日志文件: /Use*******************************************************************************************************
[2026-06-15 00:49:28] INFO [setup_logging] 未检测到 tkinter，将使用命令行交互模式
[2026-06-15 00:49:28] DEBUG [scan_bank_files] 发现银行导出文件: /var*****************************************************************************
[2026-06-15 00:49:28] INFO [scan_bank_files] 共扫描到 1 个银行导出文件
[2026-06-15 00:49:28] INFO [setup_logging] 日志系统初始化完成，日志文件: /Use*******************************************************************************************************
[2026-06-15 00:49:28] INFO [setup_logging] 未检测到 tkinter，将使用命令行交互模式
[2026-06-15 00:49:28] DEBUG [scan_bank_files] 发现银行导出文件: /var******************************************************************************
[2026-06-15 00:49:28] INFO [scan_bank_files] 共扫描到 1 个银行导出文件
[2026-06-15 00:49:28] INFO [setup_logging] 日志系统初始化完成，日志文件: /Use*******************************************************************************************************
[2026-06-15 00:49:28] INFO [setup_logging] 未检测到 tkinter，将使用命令行交互模式
[2026-06-15 00:49:28] DEBUG [scan_bank_files] 发现银行导出文件: /var*****************************************************************************
[2026-06-15 00:49:28] INFO [scan_bank_files] 共扫描到 1 个银行导出文件
[2026-06-15 00:49:28] INFO [setup_logging] 日志系统初始化完成，日志文件: /Use*******************************************************************************************************
[2026-06-15 00:49:28] INFO [setup_logging] 未检测到 tkinter，将使用命令行交互模式
[2026-06-15 00:49:28] DEBUG [scan_bank_files] 发现银行导出文件: /var**************************************************************************
[2026-06-15 00:49:28] DEBUG [scan_bank_files] 发现银行导出文件: /var***************************************************************************
[2026-06-15 00:49:28] DEBUG [scan_bank_files] 发现银行导出文件: /var**************************************************************************
[2026-06-15 00:49:28] DEBUG [scan_bank_files] 发现银行导出文件: /var***************************************************************************
[2026-06-15 00:49:28] INFO [scan_bank_files] 共扫描到 4 个银行导出文件
[2026-06-15 00:49:28] INFO [setup_logging] 日志系统初始化完成，日志文件: /Use*******************************************************************************************************
[2026-06-15 00:49:28] INFO [setup_logging] 未检测到 tkinter，将使用命令行交互模式
[2026-06-15 00:49:28] DEBUG [scan_bank_files] 发现银行导出文件: /var******************************************************************************
[2026-06-15 00:49:28] INFO [scan_bank_files] 共扫描到 1 个银行导出文件
[2026-06-15 00:49:28] INFO [setup_logging] 日志系统初始化完成，日志文件: /Use*******************************************************************************************************
[2026-06-15 00:49:28] INFO [setup_logging] 未检测到 tkinter，将使用命令行交互模式
[2026-06-15 00:49:28] DEBUG [scan_bank_files] 发现银行导出文件: /var*****************************************************************************
[2026-06-15 00:49:28] INFO [scan_bank_files] 共扫描到 1 个银行导出文件
[2026-06-15 00:49:28] INFO [setup_logging] 日志系统初始化完成，日志文件: /Use*******************************************************************************************************
[2026-06-15 00:49:28] INFO [setup_logging] 未检测到 tkinter，将使用命令行交互模式
[2026-06-15 00:49:28] INFO [scan_bank_files] 共扫描到 0 个银行导出文件
[2026-06-15 00:49:28] INFO [setup_logging] 日志系统初始化完成，日志文件: /Use*******************************************************************************************************
[2026-06-15 00:49:28] INFO [setup_logging] 未检测到 tkinter，将使用命令行交互模式
[2026-06-15 00:49:28] DEBUG [scan_bank_files] 发现银行导出文件: /var******************************************************************************
[2026-06-15 00:49:28] DEBUG [scan_bank_files] 发现银行导出文件: /var***************************************************************************************
[2026-06-15 00:49:28] INFO [scan_bank_files] 共扫描到 2 个银行导出文件
[2026-06-15 00:49:28] INFO [setup_logging] 日志系统初始化完成，日志文件: /Use*******************************************************************************************************
[2026-06-15 00:49:28] INFO [setup_logging] 未检测到 tkinter，将使用命令行交互模式
[2026-06-15 00:49:28] DEBUG [scan_bank_files] 发现银行导出文件: /var******************************************************************************
[2026-06-15 00:49:28] DEBUG [scan_bank_files] 发现银行导出文件: /var**************************************************************************************
[2026-06-15 00:49:28] INFO [scan_bank_files] 共扫描到 2 个银行导出文件
[2026-06-15 00:49:28] INFO [setup_logging] 日志系统初始化完成，日志文件: /Use*******************************************************************************************************
[2026-06-15 00:49:28] INFO [setup_logging] 未检测到 tkinter，将使用命令行交互模式
[2026-06-15 00:49:28] INFO [scan_bank_files] 共扫描到 0 个银行导出文件
[2026-06-15 00:49:28] INFO [setup_logging] 日志系统初始化完成，日志文件: /Use*******************************************************************************************************
[2026-06-15 00:49:28] INFO [setup_logging] 未检测到 tkinter，将使用命令行交互模式
[2026-06-15 00:49:28] DEBUG [scan_bank_files] 发现银行导出文件: /var******************************************************************************
[2026-06-15 00:49:28] DEBUG [scan_bank_files] 发现银行导出文件: /var******************************************************************************
[2026-06-15 00:49:28] INFO [scan_bank_files] 共扫描到 2 个银行导出文件
[2026-06-15 00:49:28] INFO [setup_logging] 日志系统初始化完成，日志文件: /Use*******************************************************************************************************
[2026-06-15 00:49:28] INFO [setup_logging] 未检测到 tkinter，将使用命令行交互模式
[2026-06-15 00:49:28] DEBUG [scan_bank_files] 发现银行导出文件: /var*****************************************************************************
[2026-06-15 00:49:28] DEBUG [scan_bank_files] 发现银行导出文件: /var******************************************************************************
[2026-06-15 00:49:28] INFO [scan_bank_files] 共扫描到 2 个银行导出文件
[2026-06-15 00:49:28] INFO [setup_logging] 日志系统初始化完成，日志文件: /Use*******************************************************************************************************
[2026-06-15 00:49:28] INFO [setup_logging] 未检测到 tkinter，将使用命令行交互模式
[2026-06-15 00:49:28] DEBUG [scan_bank_files] 发现银行导出文件: /var*******************************************************************************
[2026-06-15 00:49:28] DEBUG [scan_bank_files] 发现银行导出文件: /var******************************************************************************
[2026-06-15 00:49:28] INFO [scan_bank_files] 共扫描到 2 个银行导出文件
[2026-06-15 00:49:28] INFO [setup_logging] 日志系统初始化完成，日志文件: /Use*******************************************************************************************************
[2026-06-15 00:49:28] INFO [setup_logging] 未检测到 tkinter，将使用命令行交互模式
[2026-06-15 00:49:28] DEBUG [scan_bank_files] 发现银行导出文件: /var*****************************************************************************
[2026-06-15 00:49:28] DEBUG [scan_bank_files] 发现银行导出文件: /var******************************************************************************
[2026-06-15 00:49:28] INFO [scan_bank_files] 共扫描到 2 个银行导出文件
[2026-06-15 00:49:29] DEBUG [scan_bank_files] 发现银行导出文件: /var*****************************************************************************
[2026-06-15 00:49:29] DEBUG [scan_bank_files] 发现银行导出文件: /var******************************************************************************
[2026-06-15 00:49:29] INFO [scan_bank_files] 共扫描到 2 个银行导出文件
[2026-06-15 00:49:29] INFO [setup_logging] 日志系统初始化完成，日志文件: /Use*******************************************************************************************************
[2026-06-15 00:49:29] INFO [setup_logging] 未检测到 tkinter，将使用命令行交互模式
[2026-06-15 00:49:29] INFO [setup_logging] 日志系统初始化完成，日志文件: /Use*******************************************************************************************************
[2026-06-15 00:49:29] INFO [setup_logging] 未检测到 tkinter，将使用命令行交互模式
[2026-06-15 00:49:29] INFO [setup_logging] 日志系统初始化完成，日志文件: /Use*******************************************************************************************************
[2026-06-15 00:49:29] INFO [setup_logging] 未检测到 tkinter，将使用命令行交互模式
[2026-06-15 00:49:29] INFO [setup_logging] 日志系统初始化完成，日志文件: /Use*******************************************************************************************************
[2026-06-15 00:49:29] INFO [setup_logging] 未检测到 tkinter，将使用命令行交互模式
[2026-06-15 00:49:29] INFO [setup_logging] 日志系统初始化完成，日志文件: /Use*******************************************************************************************************
[2026-06-15 00:49:29] INFO [setup_logging] 未检测到 tkinter，将使用命令行交互模式
[2026-06-15 00:49:29] INFO [setup_logging] 日志系统初始化完成，日志文件: /Use*******************************************************************************************************
[2026-06-15 00:49:29] INFO [setup_logging] 未检测到 tkinter，将使用命令行交互模式
[2026-06-15 00:49:29] INFO [setup_logging] 日志系统初始化完成，日志文件: /Use*******************************************************************************************************
[2026-06-15 00:49:29] INFO [setup_logging] 未检测到 tkinter，将使用命令行交互模式
[2026-06-15 00:49:29] INFO [setup_logging] 日志系统初始化完成，日志文件: /Use*******************************************************************************************************
[2026-06-15 00:49:29] INFO [setup_logging] 未检测到 tkinter，将使用命令行交互模式
[2026-06-15 00:49:29] INFO [setup_logging] 日志系统初始化完成，日志文件: /Use*******************************************************************************************************
[2026-06-15 00:49:29] INFO [setup_logging] 未检测到 tkinter，将使用命令行交互模式
[2026-06-15 00:49:29] INFO [setup_logging] 日志系统初始化完成，日志文件: /Use*******************************************************************************************************
[2026-06-15 00:49:29] INFO [setup_logging] 未检测到 tkinter，将使用命令行交互模式
[2026-06-15 00:49:29] INFO [setup_logging] 日志系统初始化完成，日志文件: /Use*******************************************************************************************************
[2026-06-15 00:49:29] INFO [setup_logging] 未检测到 tkinter，将使用命令行交互模式
[2026-06-15 00:49:29] DEBUG [detect_file_format] 文件 /var***************************************************************************** 未识别的 Magic Bytes: e697****
[2026-06-15 00:49:29] INFO [setup_logging] 日志系统初始化完成，日志文件: /Use*******************************************************************************************************
[2026-06-15 00:49:29] INFO [setup_logging] 未检测到 tkinter，将使用命令行交互模式
[2026-06-15 00:49:29] DEBUG [detect_file_format] 文件 /var****************************************************************************** Magic Bytes 检测为 xlsx 格式 (ZIP/OOXML)
[2026-06-15 00:49:29] INFO [setup_logging] 日志系统初始化完成，日志文件: /Use*******************************************************************************************************
[2026-06-15 00:49:29] INFO [setup_logging] 未检测到 tkinter，将使用命令行交互模式
[2026-06-15 00:49:29] DEBUG [detect_file_format] 文件 /var****************************************************************************** Magic Bytes 检测为 xlsm 格式 (ZIP/OOXML with macros)
[2026-06-15 00:49:29] INFO [setup_logging] 日志系统初始化完成，日志文件: /Use*******************************************************************************************************
[2026-06-15 00:49:29] INFO [setup_logging] 未检测到 tkinter，将使用命令行交互模式
[2026-06-15 00:49:29] DEBUG [read_csv_as_workbook] CSV 文件自动检测编码: utf-***** (test.csv)
[2026-06-15 00:49:29] DEBUG [read_csv_as_workbook] CSV 文件自动检测分隔符: ',' (test.csv)
[2026-06-15 00:49:29] INFO [setup_logging] 日志系统初始化完成，日志文件: /Use*******************************************************************************************************
[2026-06-15 00:49:29] INFO [setup_logging] 未检测到 tkinter，将使用命令行交互模式
[2026-06-15 00:49:29] DEBUG [read_csv_as_workbook] CSV 文件自动检测编码: utf-***** (test.csv)
[2026-06-15 00:49:29] DEBUG [read_csv_as_workbook] CSV 文件自动检测分隔符: ',' (test.csv)
[2026-06-15 00:49:29] INFO [setup_logging] 日志系统初始化完成，日志文件: /Use*******************************************************************************************************
[2026-06-15 00:49:29] INFO [setup_logging] 未检测到 tkinter，将使用命令行交互模式
[2026-06-15 00:49:29] DEBUG [read_csv_as_workbook] CSV 文件自动检测编码: gbk (test_gbk.csv)
[2026-06-15 00:49:29] DEBUG [read_csv_as_workbook] CSV 文件自动检测分隔符: ',' (test_gbk.csv)
[2026-06-15 00:49:29] INFO [setup_logging] 日志系统初始化完成，日志文件: /Use*******************************************************************************************************
[2026-06-15 00:49:29] INFO [setup_logging] 未检测到 tkinter，将使用命令行交互模式
[2026-06-15 00:49:29] DEBUG [read_csv_as_workbook] CSV 文件自动检测编码: utf-***** (test_semicolon.csv)
[2026-06-15 00:49:29] DEBUG [read_csv_as_workbook] CSV 文件自动检测分隔符: ';' (test_semicolon.csv)
[2026-06-15 00:49:29] INFO [setup_logging] 日志系统初始化完成，日志文件: /Use*******************************************************************************************************
[2026-06-15 00:49:29] INFO [setup_logging] 未检测到 tkinter，将使用命令行交互模式
[2026-06-15 00:49:29] DEBUG [read_csv_as_workbook] CSV 文件自动检测编码: utf-***** (test.csv)
[2026-06-15 00:49:29] DEBUG [read_csv_as_workbook] CSV 文件自动检测分隔符: ',' (test.csv)
[2026-06-15 00:49:29] INFO [setup_logging] 日志系统初始化完成，日志文件: /Use*******************************************************************************************************
[2026-06-15 00:49:29] INFO [setup_logging] 未检测到 tkinter，将使用命令行交互模式
[2026-06-15 00:49:29] DEBUG [read_csv_as_workbook] CSV 文件自动检测编码: utf-***** (test.csv)
[2026-06-15 00:49:29] DEBUG [read_csv_as_workbook] CSV 文件自动检测分隔符: ',' (test.csv)
[2026-06-15 00:49:29] INFO [setup_logging] 日志系统初始化完成，日志文件: /Use*******************************************************************************************************
[2026-06-15 00:49:29] INFO [setup_logging] 未检测到 tkinter，将使用命令行交互模式
[2026-06-15 00:49:29] DEBUG [detect_file_format] 文件 /var***************************************************************************** 检测为 csv 格式 (纯文本)
[2026-06-15 00:49:29] DEBUG [read_csv_as_workbook] CSV 文件自动检测编码: utf-***** (test.csv)
[2026-06-15 00:49:29] DEBUG [read_csv_as_workbook] CSV 文件自动检测分隔符: ',' (test.csv)
[2026-06-15 00:49:30] INFO [setup_logging] 日志系统初始化完成，日志文件: /Use*******************************************************************************************************
[2026-06-15 00:49:30] INFO [setup_logging] 未检测到 tkinter，将使用命令行交互模式
[2026-06-15 00:49:30] DEBUG [detect_file_format] 文件 /var****************************************************************************** Magic Bytes 检测为 xlsx 格式 (ZIP/OOXML)
