[2026-06-14 22:29:08] INFO [setup_logging] 日志系统初始化完成，日志文件: /Use*******************************************************************************************************
[2026-06-14 22:29:08] INFO [setup_logging] 未检测到 tkinter，将使用命令行交互模式
[2026-06-14 22:29:08] INFO [setup_logging] 日志系统初始化完成，日志文件: /Use*******************************************************************************************************
[2026-06-14 22:29:08] INFO [setup_logging] 未检测到 tkinter，将使用命令行交互模式
[2026-06-14 22:29:08] INFO [setup_logging] 日志系统初始化完成，日志文件: /Use*******************************************************************************************************
[2026-06-14 22:29:08] INFO [setup_logging] 未检测到 tkinter，将使用命令行交互模式
[2026-06-14 22:29:08] INFO [setup_logging] 日志系统初始化完成，日志文件: /Use*******************************************************************************************************
[2026-06-14 22:29:08] INFO [setup_logging] 未检测到 tkinter，将使用命令行交互模式
[2026-06-14 22:29:08] INFO [setup_logging] 日志系统初始化完成，日志文件: /Use*******************************************************************************************************
[2026-06-14 22:29:08] INFO [setup_logging] 未检测到 tkinter，将使用命令行交互模式
[2026-06-14 22:29:08] INFO [setup_logging] 日志系统初始化完成，日志文件: /Use*******************************************************************************************************
[2026-06-14 22:29:08] INFO [setup_logging] 未检测到 tkinter，将使用命令行交互模式
[2026-06-14 22:29:08] INFO [setup_logging] 日志系统初始化完成，日志文件: /Use*******************************************************************************************************
[2026-06-14 22:29:08] INFO [setup_logging] 未检测到 tkinter，将使用命令行交互模式
[2026-06-14 22:29:09] INFO [setup_logging] 日志系统初始化完成，日志文件: /Use*******************************************************************************************************
[2026-06-14 22:29:09] INFO [setup_logging] 未检测到 tkinter，将使用命令行交互模式
[2026-06-14 22:29:09] INFO [setup_logging] 日志系统初始化完成，日志文件: /Use*******************************************************************************************************
[2026-06-14 22:29:09] INFO [setup_logging] 未检测到 tkinter，将使用命令行交互模式
[2026-06-14 22:29:09] INFO [setup_logging] 日志系统初始化完成，日志文件: /Use*******************************************************************************************************
[2026-06-14 22:29:09] INFO [setup_logging] 未检测到 tkinter，将使用命令行交互模式
[2026-06-14 22:29:09] INFO [setup_logging] 日志系统初始化完成，日志文件: /Use*******************************************************************************************************
[2026-06-14 22:29:09] INFO [setup_logging] 未检测到 tkinter，将使用命令行交互模式
[2026-06-14 22:29:09] INFO [setup_logging] 日志系统初始化完成，日志文件: /Use*******************************************************************************************************
[2026-06-14 22:29:09] INFO [setup_logging] 未检测到 tkinter，将使用命令行交互模式
[2026-06-14 22:29:09] INFO [setup_logging] 日志系统初始化完成，日志文件: /Use*******************************************************************************************************
[2026-06-14 22:29:09] INFO [setup_logging] 未检测到 tkinter，将使用命令行交互模式
[2026-06-14 22:29:09] INFO [setup_logging] 日志系统初始化完成，日志文件: /Use*******************************************************************************************************
[2026-06-14 22:29:09] INFO [setup_logging] 未检测到 tkinter，将使用命令行交互模式
[2026-06-14 22:29:09] INFO [setup_logging] 日志系统初始化完成，日志文件: /Use*******************************************************************************************************
[2026-06-14 22:29:09] INFO [setup_logging] 未检测到 tkinter，将使用命令行交互模式
[2026-06-14 22:29:09] INFO [setup_logging] 日志系统初始化完成，日志文件: /Use*******************************************************************************************************
[2026-06-14 22:29:09] INFO [setup_logging] 未检测到 tkinter，将使用命令行交互模式
[2026-06-14 22:29:09] INFO [setup_logging] 日志系统初始化完成，日志文件: /Use*******************************************************************************************************
[2026-06-14 22:29:09] INFO [setup_logging] 未检测到 tkinter，将使用命令行交互模式
[2026-06-14 22:29:09] INFO [setup_logging] 日志系统初始化完成，日志文件: /Use*******************************************************************************************************
[2026-06-14 22:29:09] INFO [setup_logging] 未检测到 tkinter，将使用命令行交互模式
[2026-06-14 22:29:09] INFO [run_batch_pipeline_flow] 批量处理：用户未选择文件夹，程序退出
[2026-06-14 22:29:09] INFO [setup_logging] 日志系统初始化完成，日志文件: /Use*******************************************************************************************************
[2026-06-14 22:29:09] INFO [setup_logging] 未检测到 tkinter，将使用命令行交互模式
[2026-06-14 22:29:09] INFO [run_batch_pipeline_flow] 批量处理：用户选择 1 个文件夹
[2026-06-14 22:29:09] INFO [run_batch_pipeline_flow] 批量处理：用户选择运行模式: 全量覆盖
[2026-06-14 22:29:09] INFO [run_batch_pipeline_flow] 批量处理：用户选择执行模式: 试运行（不写盘）
[2026-06-14 22:29:09] INFO [run_batch_pipeline_flow] ===== 批量处理 [1/1]: /var********************************************************************************* =====
[2026-06-14 22:29:09] INFO [start_batch] 批次已创建: BATC*******************
[2026-06-14 22:29:09] INFO [start_batch] 归档目录: /var*********************************************************************************************************************
[2026-06-14 22:29:09] INFO [run_batch_pipeline_flow] 批次管理已启用，批次号: BATC*******************
[2026-06-14 22:29:09] INFO [run_pipeline] ===== 试运行模式已启用（不执行删除与写盘操作）=====
[2026-06-14 22:29:09] INFO [find_lookup_file] 精确匹配到主体查找表: /var*************************************************************************************
[2026-06-14 22:29:09] INFO [run_pipeline] 正在预加载主体查找表...
[2026-06-14 22:29:09] DEBUG [detect_excel_format] 文件 /var************************************************************************************* Magic Bytes 检测为 xlsx 格式 (ZIP/OOXML)
[2026-06-14 22:29:09] INFO [load_lookup_table] 查找表加载完成：共 1 条条目，1 个唯一账号，0 个扩展字段
[2026-06-14 22:29:09] INFO [run_pipeline] 主体查找表预加载完成
[2026-06-14 22:29:09] INFO [prepare_working_folder] 已复制文件夹到同级目录: /var*************************************************************************************
[2026-06-14 22:29:09] DEBUG [scan_excel_files] 发现 Excel 文件: /var*************************************************************************************************
[2026-06-14 22:29:09] INFO [scan_excel_files] 共扫描到 1 个 Excel 文件
[2026-06-14 22:29:09] DEBUG [detect_excel_format] 文件 /var************************************************************************************************* Magic Bytes 检测为 xlsx 格式 (ZIP/OOXML)
[2026-06-14 22:29:09] INFO [_identify_bank_by_content] 文件「batc*******」通过内容特征识别为: 北京银行
[2026-06-14 22:29:09] INFO [parse] 开始处理北京银行文件: /var*************************************************************************************************
[2026-06-14 22:29:09] DEBUG [detect_excel_format] 文件 /var************************************************************************************************* Magic Bytes 检测为 xlsx 格式 (ZIP/OOXML)
[2026-06-14 22:29:09] INFO [validate_headers] 北京银行文件工作表「交易明细」表头校验通过，7 个字段均匹配
[2026-06-14 22:29:09] DEBUG [get_subject_info] 银行账号「0109年03月」匹配到主体: 北********司（优先级: 0）
[2026-06-14 22:29:09] INFO [_parse_sheet] 北京银行文件工作表「交易明细」提取 2 条记录
[2026-06-14 22:29:09] INFO [parse] 北京银行文件处理完成，共提取 2 条记录
[2026-06-14 22:29:09] INFO [run_pipeline] 成功处理文件: /var*************************************************************************************************（2 条记录）
[2026-06-14 22:29:09] INFO [run_pipeline] [试运行] 跳过删除文件操作，待删除文件 1 个
[2026-06-14 22:29:09] INFO [run_pipeline] [试运行] 跳过总表写盘，模式=全量覆盖，共 2 条记录
[2026-06-14 22:29:09] INFO [apply_amount_anomaly_detection] 开始金额异常检测，单笔阈值: [金额已隐藏] 元
[2026-06-14 22:29:09] INFO [apply_amount_anomaly_detection] 金额异常检测完成：共 2 条记录，0 条异常 (0.00%)
[2026-06-14 22:29:09] INFO [save_config] 对方户名规则配置已保存: /var**************************************************************************************************
[2026-06-14 22:29:09] INFO [apply_counterparty_rules] 对方户名规则匹配完成: 总记录 2, 命中 0, 黑名单 0, 白名单 0
[2026-06-14 22:29:09] INFO [run_pipeline] [试运行] 跳过生成脱敏版总表
[2026-06-14 22:29:09] INFO [run_pipeline] [试运行] 跳过数据库持久化操作
[2026-06-14 22:29:09] INFO [identify_internal_transfers] 内部划转识别完成: 2 条记录, 识别出 0 对 (0 划出 + 0 划入), 涉及 0 个主体, 0 家银行
[2026-06-14 22:29:09] INFO [summarize_transactions] 主体维度汇总完成: 2 条记录, 1 个主体, 1 家银行, 1 个月份, 0 个未匹配账号
[2026-06-14 22:29:09] INFO [export_subject_summary] 主体维度汇总分析已导出: /var********************************************************************************************************
[2026-06-14 22:29:10] INFO [run_pipeline] 主体维度汇总分析已自动生成: /var********************************************************************************************************
[2026-06-14 22:29:10] INFO [check_balance_continuity] 共 1 个账号待校验
[2026-06-14 22:29:10] DEBUG [check_balance_continuity] 校验账号: 0109年03月, 记录数: 2
[2026-06-14 22:29:10] INFO [check_balance_continuity] 余额连续性校验完成 - 总账号: 1, 已校验: 1, 跳过: 0, 异常笔数: 0, 异常账号: 0
[2026-06-14 22:29:10] INFO [export_balance_check_result] 余额连续性校验结果已导出: /var*********************************************************************************************************
[2026-06-14 22:29:10] INFO [run_pipeline] 余额连续性校验报告已自动生成: /var*********************************************************************************************************
[2026-06-14 22:29:10] INFO [detect_duplicates] 重复交易检测完成 - 总记录: 2, 疑似重复组: 0, 疑似重复记录: 0, 重复率: 0.00%
[2026-06-14 22:29:10] INFO [generate_duplicate_check_from_records] 未检测到重复交易，仍导出报告
[2026-06-14 22:29:10] INFO [export_duplicate_check_result] 重复交易检测结果已导出: /var********************************************************************************************************
[2026-06-14 22:29:10] INFO [run_pipeline] 重复交易检测报告已自动生成: /var********************************************************************************************************
[2026-06-14 22:29:10] INFO [filter_interest_fee_transactions] 筛选出 0 条利息手续费交易
[2026-06-14 22:29:10] INFO [summarize_by_period] 按month汇总生成 0 条期间汇总记录，异常 0 条
[2026-06-14 22:29:10] INFO [check_interest_fee] 利息手续费核对完成 - 总记录: 0 (利息: 0, 手续费: 0), 期间汇总: 0, 异常: 0
[2026-06-14 22:29:11] WARNING [generate_interest_fee_check_from_records] 未筛选到任何利息手续费交易，跳过报告生成
[2026-06-14 22:29:11] INFO [mark_non_workday_transactions] 非工作日交易标记完成: 总记录 2, 工作日 2, 周末 0, 法定节假日 0, 调休工作日 0
[2026-06-14 22:29:11] INFO [generate_holiday_check_from_records] 未发现非工作日交易，仍导出报告
[2026-06-14 22:29:11] INFO [export_holiday_check_result] 非工作日交易标记结果已导出: /var**********************************************************************************************************
[2026-06-14 22:29:11] INFO [run_pipeline] 非工作日交易标记报告已自动生成: /var**********************************************************************************************************
[2026-06-14 22:29:11] INFO [load_config] 会计期间配置已加载: period_type=monthly, cutoff_day=25, fiscal_year_start_month=1, format=YYYY-MM
[2026-06-14 22:29:11] INFO [assign_accounting_period] 会计期间归属完成: 2 条记录, 1 个期间
[2026-06-14 22:29:11] INFO [export_accounting_period_summary] 会计期间总表已导出: /var******************************************************************************************************（1 个期间）
[2026-06-14 22:29:11] INFO [run_pipeline] 会计期间总表已自动生成: /var******************************************************************************************************
[2026-06-14 22:29:11] INFO [save_report] 性能剖析报告已保存: /var****************************************************************************************************
[2026-06-14 22:29:11] INFO [save_report] 性能剖析数据已保存: /var******************************************************************************************************
[2026-06-14 22:29:11] INFO [run_pipeline] 性能剖析报告已生成: /var****************************************************************************************************
[2026-06-14 22:29:11] INFO [run_pipeline] [试运行] 跳过生成财务协同编辑模板
[2026-06-14 22:29:11] INFO [run_batch_pipeline_flow] 文件夹 [1/1] 处理成功: /var*********************************************************************************
[2026-06-14 22:29:11] INFO [run_batch_pipeline_flow] 用户取消提交试运行变更（文件夹 1/1）
[2026-06-14 22:29:11] DEBUG [translate] Translation key not found: report.section_archived
[2026-06-14 22:29:12] DEBUG [translate] Translation key not found: info.report_generated
[2026-06-14 22:29:12] INFO [generate_inspection_report] info.report_generated
[2026-06-14 22:29:12] ERROR [run_batch_pipeline_flow] 批次归档失败: Object of type MagicMock is not JSON serializable
Traceback (most recent call last):
  File "/Users/zhangchengcheng/work/ai-project/Trea/solo0605/label-02552/tests/../backend/bankcheck.py", line 9629, in run_batch_pipeline_flow
    batch_manager.finish_batch(batch_id, result_data, status=status)
    ~~~~~~~~~~~~~~~~~~~~~~~~~~^^^^^^^^^^^^^^^^^^^^^^^^^^^^^^^^^^^^^^
  File "/Users/zhangchengcheng/work/ai-project/Trea/solo0605/label-02552/tests/../backend/batch_manager.py", line 451, in finish_batch
    self._save_metadata(batch_info, result_data)
    ~~~~~~~~~~~~~~~~~~~^^^^^^^^^^^^^^^^^^^^^^^^^
  File "/Users/zhangchengcheng/work/ai-project/Trea/solo0605/label-02552/tests/../backend/batch_manager.py", line 467, in _save_metadata
    json.dump(metadata, f, ensure_ascii=False, indent=2)
    ~~~~~~~~~^^^^^^^^^^^^^^^^^^^^^^^^^^^^^^^^^^^^^^^^^^^
  File "/opt/homebrew/Cellar/python@3.14/3.14.4_1/Frameworks/Python.framework/Versions/3.14/lib/python3.14/json/__init__.py", line 181, in dump
    for chunk in iterable:
                 ^^^^^^^^
  File "/opt/homebrew/Cellar/python@3.14/3.14.4_1/Frameworks/Python.framework/Versions/3.14/lib/python3.14/json/encoder.py", line 444, in _iterencode
    yield from _iterencode_dict(o, _current_indent_level)
  File "/opt/homebrew/Cellar/python@3.14/3.14.4_1/Frameworks/Python.framework/Versions/3.14/lib/python3.14/json/encoder.py", line 413, in _iterencode_dict
    yield from chunks
  File "/opt/homebrew/Cellar/python@3.14/3.14.4_1/Frameworks/Python.framework/Versions/3.14/lib/python3.14/json/encoder.py", line 413, in _iterencode_dict
    yield from chunks
  File "/opt/homebrew/Cellar/python@3.14/3.14.4_1/Frameworks/Python.framework/Versions/3.14/lib/python3.14/json/encoder.py", line 451, in _iterencode
    newobj = _default(o)
  File "/opt/homebrew/Cellar/python@3.14/3.14.4_1/Frameworks/Python.framework/Versions/3.14/lib/python3.14/json/encoder.py", line 182, in default
    raise TypeError(f'Object of type {o.__class__.__name__} '
                    f'is not JSON serializable')
TypeError: Object of type MagicMock is not JSON serializable
when serializing dict item 'audit_id'
when serializing dict item 'result_data'
[2026-06-14 22:29:12] DEBUG [translate] Translation key not found: report.section_archived
[2026-06-14 22:29:12] DEBUG [translate] Translation key not found: report.section_errors
[2026-06-14 22:29:12] DEBUG [translate] Translation key not found: info.report_generated
[2026-06-14 22:29:12] INFO [generate_inspection_report] info.report_generated
[2026-06-14 22:29:12] INFO [finish_batch] 批次完成: BATC*******************, 状态: failed
[2026-06-14 22:29:12] INFO [run_batch_pipeline_flow] 批量处理全部完成: 1 个文件夹, 成功 1, 无数据 0, 失败 0
[2026-06-14 22:29:12] INFO [setup_logging] 日志系统初始化完成，日志文件: /Use*******************************************************************************************************
[2026-06-14 22:29:12] INFO [setup_logging] 未检测到 tkinter，将使用命令行交互模式
[2026-06-14 22:29:12] INFO [run_batch_pipeline_flow] 批量处理：用户选择 2 个文件夹
[2026-06-14 22:29:12] INFO [run_batch_pipeline_flow] 批量处理：用户选择运行模式: 全量覆盖
[2026-06-14 22:29:12] INFO [run_batch_pipeline_flow] 批量处理：用户选择执行模式: 试运行（不写盘）
[2026-06-14 22:29:12] INFO [run_batch_pipeline_flow] ===== 批量处理 [1/2]: /var********************************************************************************* =====
[2026-06-14 22:29:12] ERROR [run_batch_pipeline_flow] 批次创建失败: no such table: batches
Traceback (most recent call last):
  File "/Users/zhangchengcheng/work/ai-project/Trea/solo0605/label-02552/tests/../backend/bankcheck.py", line 9570, in run_batch_pipeline_flow
    batch_info = batch_manager.start_batch(input_folder=folder, operator=operator)
  File "/Users/zhangchengcheng/work/ai-project/Trea/solo0605/label-02552/tests/../backend/batch_manager.py", line 214, in start_batch
    cursor.execute('''
    ~~~~~~~~~~~~~~^^^^
        INSERT INTO batches (
        ^^^^^^^^^^^^^^^^^^^^^
    ...<8 lines>...
        batch_info.batch_dir,
        ^^^^^^^^^^^^^^^^^^^^^
    ))
    ^^
sqlite3.OperationalError: no such table: batches
[2026-06-14 22:29:12] INFO [run_pipeline] ===== 试运行模式已启用（不执行删除与写盘操作）=====
[2026-06-14 22:29:12] INFO [find_lookup_file] 精确匹配到主体查找表: /var*************************************************************************************
[2026-06-14 22:29:12] INFO [run_pipeline] 正在预加载主体查找表...
[2026-06-14 22:29:12] DEBUG [detect_excel_format] 文件 /var************************************************************************************* Magic Bytes 检测为 xlsx 格式 (ZIP/OOXML)
[2026-06-14 22:29:12] INFO [load_lookup_table] 查找表加载完成：共 1 条条目，1 个唯一账号，0 个扩展字段
[2026-06-14 22:29:12] INFO [run_pipeline] 主体查找表预加载完成
[2026-06-14 22:29:12] INFO [prepare_working_folder] 已复制文件夹到同级目录: /var*************************************************************************************
[2026-06-14 22:29:12] DEBUG [scan_excel_files] 发现 Excel 文件: /var*************************************************************************************************
[2026-06-14 22:29:12] INFO [scan_excel_files] 共扫描到 1 个 Excel 文件
[2026-06-14 22:29:12] DEBUG [detect_excel_format] 文件 /var************************************************************************************************* Magic Bytes 检测为 xlsx 格式 (ZIP/OOXML)
[2026-06-14 22:29:12] INFO [_identify_bank_by_content] 文件「proj_a.xlsx」通过内容特征识别为: 北京银行
[2026-06-14 22:29:12] INFO [parse] 开始处理北京银行文件: /var*************************************************************************************************
[2026-06-14 22:29:12] DEBUG [detect_excel_format] 文件 /var************************************************************************************************* Magic Bytes 检测为 xlsx 格式 (ZIP/OOXML)
[2026-06-14 22:29:12] INFO [validate_headers] 北京银行文件工作表「交易明细」表头校验通过，7 个字段均匹配
[2026-06-14 22:29:12] DEBUG [get_subject_info] 银行账号「0109年03月」匹配到主体: 北********司（优先级: 0）
[2026-06-14 22:29:12] INFO [_parse_sheet] 北京银行文件工作表「交易明细」提取 2 条记录
[2026-06-14 22:29:12] INFO [parse] 北京银行文件处理完成，共提取 2 条记录
[2026-06-14 22:29:12] INFO [run_pipeline] 成功处理文件: /var*************************************************************************************************（2 条记录）
[2026-06-14 22:29:12] INFO [run_pipeline] [试运行] 跳过删除文件操作，待删除文件 1 个
[2026-06-14 22:29:12] INFO [run_pipeline] [试运行] 跳过总表写盘，模式=全量覆盖，共 2 条记录
[2026-06-14 22:29:12] INFO [apply_amount_anomaly_detection] 开始金额异常检测，单笔阈值: [金额已隐藏] 元
[2026-06-14 22:29:12] INFO [apply_amount_anomaly_detection] 金额异常检测完成：共 2 条记录，0 条异常 (0.00%)
[2026-06-14 22:29:12] INFO [apply_counterparty_rules] 对方户名规则匹配完成: 总记录 2, 命中 0, 黑名单 0, 白名单 0
[2026-06-14 22:29:12] INFO [run_pipeline] [试运行] 跳过生成脱敏版总表
[2026-06-14 22:29:12] INFO [run_pipeline] [试运行] 跳过数据库持久化操作
[2026-06-14 22:29:12] INFO [identify_internal_transfers] 内部划转识别完成: 2 条记录, 识别出 0 对 (0 划出 + 0 划入), 涉及 0 个主体, 0 家银行
[2026-06-14 22:29:12] INFO [summarize_transactions] 主体维度汇总完成: 2 条记录, 1 个主体, 1 家银行, 1 个月份, 0 个未匹配账号
[2026-06-14 22:29:15] INFO [export_subject_summary] 主体维度汇总分析已导出: /var********************************************************************************************************
[2026-06-14 22:29:15] INFO [run_pipeline] 主体维度汇总分析已自动生成: /var********************************************************************************************************
[2026-06-14 22:29:15] INFO [check_balance_continuity] 共 1 个账号待校验
[2026-06-14 22:29:15] DEBUG [check_balance_continuity] 校验账号: 0109年03月, 记录数: 2
[2026-06-14 22:29:15] INFO [check_balance_continuity] 余额连续性校验完成 - 总账号: 1, 已校验: 1, 跳过: 0, 异常笔数: 0, 异常账号: 0
[2026-06-14 22:29:15] INFO [export_balance_check_result] 余额连续性校验结果已导出: /var*********************************************************************************************************
[2026-06-14 22:29:15] INFO [run_pipeline] 余额连续性校验报告已自动生成: /var*********************************************************************************************************
[2026-06-14 22:29:15] INFO [detect_duplicates] 重复交易检测完成 - 总记录: 2, 疑似重复组: 0, 疑似重复记录: 0, 重复率: 0.00%
[2026-06-14 22:29:15] INFO [generate_duplicate_check_from_records] 未检测到重复交易，仍导出报告
[2026-06-14 22:29:15] INFO [export_duplicate_check_result] 重复交易检测结果已导出: /var********************************************************************************************************
[2026-06-14 22:29:15] INFO [run_pipeline] 重复交易检测报告已自动生成: /var********************************************************************************************************
[2026-06-14 22:29:15] INFO [filter_interest_fee_transactions] 筛选出 0 条利息手续费交易
[2026-06-14 22:29:15] INFO [summarize_by_period] 按month汇总生成 0 条期间汇总记录，异常 0 条
[2026-06-14 22:29:15] INFO [check_interest_fee] 利息手续费核对完成 - 总记录: 0 (利息: 0, 手续费: 0), 期间汇总: 0, 异常: 0
[2026-06-14 22:29:15] WARNING [generate_interest_fee_check_from_records] 未筛选到任何利息手续费交易，跳过报告生成
[2026-06-14 22:29:15] INFO [mark_non_workday_transactions] 非工作日交易标记完成: 总记录 2, 工作日 2, 周末 0, 法定节假日 0, 调休工作日 0
[2026-06-14 22:29:15] INFO [generate_holiday_check_from_records] 未发现非工作日交易，仍导出报告
[2026-06-14 22:29:15] INFO [export_holiday_check_result] 非工作日交易标记结果已导出: /var**********************************************************************************************************
[2026-06-14 22:29:15] INFO [run_pipeline] 非工作日交易标记报告已自动生成: /var**********************************************************************************************************
[2026-06-14 22:29:16] INFO [assign_accounting_period] 会计期间归属完成: 2 条记录, 1 个期间
[2026-06-14 22:29:16] INFO [export_accounting_period_summary] 会计期间总表已导出: /var******************************************************************************************************（1 个期间）
[2026-06-14 22:29:16] INFO [run_pipeline] 会计期间总表已自动生成: /var******************************************************************************************************
[2026-06-14 22:29:16] INFO [save_report] 性能剖析报告已保存: /var****************************************************************************************************
[2026-06-14 22:29:16] INFO [save_report] 性能剖析数据已保存: /var******************************************************************************************************
[2026-06-14 22:29:16] INFO [run_pipeline] 性能剖析报告已生成: /var****************************************************************************************************
[2026-06-14 22:29:16] INFO [run_pipeline] [试运行] 跳过生成财务协同编辑模板
[2026-06-14 22:29:16] INFO [run_batch_pipeline_flow] 文件夹 [1/2] 处理成功: /var*********************************************************************************
[2026-06-14 22:29:16] INFO [run_batch_pipeline_flow] 用户取消提交试运行变更（文件夹 1/2）
[2026-06-14 22:29:16] INFO [run_batch_pipeline_flow] ===== 批量处理 [2/2]: /var********************************************************************************* =====
[2026-06-14 22:29:16] ERROR [run_batch_pipeline_flow] 批次创建失败: no such table: batches
Traceback (most recent call last):
  File "/Users/zhangchengcheng/work/ai-project/Trea/solo0605/label-02552/tests/../backend/bankcheck.py", line 9570, in run_batch_pipeline_flow
    batch_info = batch_manager.start_batch(input_folder=folder, operator=operator)
  File "/Users/zhangchengcheng/work/ai-project/Trea/solo0605/label-02552/tests/../backend/batch_manager.py", line 214, in start_batch
    cursor.execute('''
    ~~~~~~~~~~~~~~^^^^
        INSERT INTO batches (
        ^^^^^^^^^^^^^^^^^^^^^
    ...<8 lines>...
        batch_info.batch_dir,
        ^^^^^^^^^^^^^^^^^^^^^
    ))
    ^^
sqlite3.OperationalError: no such table: batches
[2026-06-14 22:29:16] INFO [run_pipeline] ===== 试运行模式已启用（不执行删除与写盘操作）=====
[2026-06-14 22:29:16] INFO [find_lookup_file] 精确匹配到主体查找表: /var*************************************************************************************
[2026-06-14 22:29:16] INFO [run_pipeline] 正在预加载主体查找表...
[2026-06-14 22:29:16] DEBUG [detect_excel_format] 文件 /var************************************************************************************* Magic Bytes 检测为 xlsx 格式 (ZIP/OOXML)
[2026-06-14 22:29:16] INFO [load_lookup_table] 查找表加载完成：共 1 条条目，1 个唯一账号，0 个扩展字段
[2026-06-14 22:29:16] INFO [run_pipeline] 主体查找表预加载完成
[2026-06-14 22:29:16] INFO [prepare_working_folder] 已复制文件夹到同级目录: /var*************************************************************************************
[2026-06-14 22:29:16] DEBUG [scan_excel_files] 发现 Excel 文件: /var*************************************************************************************************
[2026-06-14 22:29:16] INFO [scan_excel_files] 共扫描到 1 个 Excel 文件
[2026-06-14 22:29:16] DEBUG [detect_excel_format] 文件 /var************************************************************************************************* Magic Bytes 检测为 xlsx 格式 (ZIP/OOXML)
[2026-06-14 22:29:16] INFO [_identify_bank_by_content] 文件「proj_b.xlsx」通过内容特征识别为: 北京银行
[2026-06-14 22:29:16] INFO [parse] 开始处理北京银行文件: /var*************************************************************************************************
[2026-06-14 22:29:16] DEBUG [detect_excel_format] 文件 /var************************************************************************************************* Magic Bytes 检测为 xlsx 格式 (ZIP/OOXML)
[2026-06-14 22:29:16] INFO [validate_headers] 北京银行文件工作表「交易明细」表头校验通过，7 个字段均匹配
[2026-06-14 22:29:16] DEBUG [get_subject_info] 银行账号「0109年03月」匹配到主体: 北********司（优先级: 0）
[2026-06-14 22:29:16] INFO [_parse_sheet] 北京银行文件工作表「交易明细」提取 2 条记录
[2026-06-14 22:29:16] INFO [parse] 北京银行文件处理完成，共提取 2 条记录
[2026-06-14 22:29:16] INFO [run_pipeline] 成功处理文件: /var*************************************************************************************************（2 条记录）
[2026-06-14 22:29:16] INFO [run_pipeline] [试运行] 跳过删除文件操作，待删除文件 1 个
[2026-06-14 22:29:16] INFO [run_pipeline] [试运行] 跳过总表写盘，模式=全量覆盖，共 2 条记录
[2026-06-14 22:29:16] INFO [apply_amount_anomaly_detection] 开始金额异常检测，单笔阈值: [金额已隐藏] 元
[2026-06-14 22:29:16] INFO [apply_amount_anomaly_detection] 金额异常检测完成：共 2 条记录，0 条异常 (0.00%)
[2026-06-14 22:29:17] INFO [apply_counterparty_rules] 对方户名规则匹配完成: 总记录 2, 命中 0, 黑名单 0, 白名单 0
[2026-06-14 22:29:17] INFO [run_pipeline] [试运行] 跳过生成脱敏版总表
[2026-06-14 22:29:17] INFO [run_pipeline] [试运行] 跳过数据库持久化操作
[2026-06-14 22:29:17] INFO [identify_internal_transfers] 内部划转识别完成: 2 条记录, 识别出 0 对 (0 划出 + 0 划入), 涉及 0 个主体, 0 家银行
[2026-06-14 22:29:17] INFO [summarize_transactions] 主体维度汇总完成: 2 条记录, 1 个主体, 1 家银行, 1 个月份, 0 个未匹配账号
[2026-06-14 22:29:18] INFO [export_subject_summary] 主体维度汇总分析已导出: /var********************************************************************************************************
[2026-06-14 22:29:18] INFO [run_pipeline] 主体维度汇总分析已自动生成: /var********************************************************************************************************
[2026-06-14 22:29:18] INFO [check_balance_continuity] 共 1 个账号待校验
[2026-06-14 22:29:18] DEBUG [check_balance_continuity] 校验账号: 0109年03月, 记录数: 2
[2026-06-14 22:29:18] INFO [check_balance_continuity] 余额连续性校验完成 - 总账号: 1, 已校验: 1, 跳过: 0, 异常笔数: 0, 异常账号: 0
[2026-06-14 22:29:18] INFO [export_balance_check_result] 余额连续性校验结果已导出: /var*********************************************************************************************************
[2026-06-14 22:29:18] INFO [run_pipeline] 余额连续性校验报告已自动生成: /var*********************************************************************************************************
[2026-06-14 22:29:18] INFO [detect_duplicates] 重复交易检测完成 - 总记录: 2, 疑似重复组: 0, 疑似重复记录: 0, 重复率: 0.00%
[2026-06-14 22:29:18] INFO [generate_duplicate_check_from_records] 未检测到重复交易，仍导出报告
[2026-06-14 22:29:18] INFO [export_duplicate_check_result] 重复交易检测结果已导出: /var********************************************************************************************************
[2026-06-14 22:29:18] INFO [run_pipeline] 重复交易检测报告已自动生成: /var********************************************************************************************************
[2026-06-14 22:29:18] INFO [filter_interest_fee_transactions] 筛选出 0 条利息手续费交易
[2026-06-14 22:29:18] INFO [summarize_by_period] 按month汇总生成 0 条期间汇总记录，异常 0 条
[2026-06-14 22:29:18] INFO [check_interest_fee] 利息手续费核对完成 - 总记录: 0 (利息: 0, 手续费: 0), 期间汇总: 0, 异常: 0
[2026-06-14 22:29:18] WARNING [generate_interest_fee_check_from_records] 未筛选到任何利息手续费交易，跳过报告生成
[2026-06-14 22:29:18] INFO [mark_non_workday_transactions] 非工作日交易标记完成: 总记录 2, 工作日 2, 周末 0, 法定节假日 0, 调休工作日 0
[2026-06-14 22:29:18] INFO [generate_holiday_check_from_records] 未发现非工作日交易，仍导出报告
[2026-06-14 22:29:18] INFO [export_holiday_check_result] 非工作日交易标记结果已导出: /var**********************************************************************************************************
[2026-06-14 22:29:18] INFO [run_pipeline] 非工作日交易标记报告已自动生成: /var**********************************************************************************************************
[2026-06-14 22:29:18] INFO [assign_accounting_period] 会计期间归属完成: 2 条记录, 1 个期间
[2026-06-14 22:29:20] INFO [export_accounting_period_summary] 会计期间总表已导出: /var******************************************************************************************************（1 个期间）
[2026-06-14 22:29:20] INFO [run_pipeline] 会计期间总表已自动生成: /var******************************************************************************************************
[2026-06-14 22:29:20] INFO [save_report] 性能剖析报告已保存: /var****************************************************************************************************
[2026-06-14 22:29:20] INFO [save_report] 性能剖析数据已保存: /var******************************************************************************************************
[2026-06-14 22:29:20] INFO [run_pipeline] 性能剖析报告已生成: /var****************************************************************************************************
[2026-06-14 22:29:20] INFO [run_pipeline] [试运行] 跳过生成财务协同编辑模板
[2026-06-14 22:29:20] INFO [run_batch_pipeline_flow] 文件夹 [2/2] 处理成功: /var*********************************************************************************
[2026-06-14 22:29:20] INFO [run_batch_pipeline_flow] 用户取消提交试运行变更（文件夹 2/2）
[2026-06-14 22:29:20] INFO [run_batch_pipeline_flow] 批量处理全部完成: 2 个文件夹, 成功 2, 无数据 0, 失败 0
[2026-06-14 22:29:20] INFO [setup_logging] 日志系统初始化完成，日志文件: /Use*******************************************************************************************************
[2026-06-14 22:29:20] INFO [setup_logging] 未检测到 tkinter，将使用命令行交互模式
[2026-06-14 22:29:20] INFO [run_batch_pipeline_flow] 批量处理：用户选择 2 个文件夹
[2026-06-14 22:29:20] INFO [run_batch_pipeline_flow] 批量处理：用户选择运行模式: 全量覆盖
[2026-06-14 22:29:20] INFO [run_batch_pipeline_flow] 批量处理：用户选择执行模式: 试运行（不写盘）
[2026-06-14 22:29:20] INFO [run_batch_pipeline_flow] ===== 批量处理 [1/2]: /var******************************************************************************* =====
[2026-06-14 22:29:20] ERROR [run_batch_pipeline_flow] 批次创建失败: no such table: batches
Traceback (most recent call last):
  File "/Users/zhangchengcheng/work/ai-project/Trea/solo0605/label-02552/tests/../backend/bankcheck.py", line 9570, in run_batch_pipeline_flow
    batch_info = batch_manager.start_batch(input_folder=folder, operator=operator)
  File "/Users/zhangchengcheng/work/ai-project/Trea/solo0605/label-02552/tests/../backend/batch_manager.py", line 214, in start_batch
    cursor.execute('''
    ~~~~~~~~~~~~~~^^^^
        INSERT INTO batches (
        ^^^^^^^^^^^^^^^^^^^^^
    ...<8 lines>...
        batch_info.batch_dir,
        ^^^^^^^^^^^^^^^^^^^^^
    ))
    ^^
sqlite3.OperationalError: no such table: batches
[2026-06-14 22:29:20] INFO [run_pipeline] ===== 试运行模式已启用（不执行删除与写盘操作）=====
[2026-06-14 22:29:20] INFO [find_lookup_file] 精确匹配到主体查找表: /var*************************************************************************************
[2026-06-14 22:29:20] INFO [run_pipeline] 正在预加载主体查找表...
[2026-06-14 22:29:20] DEBUG [detect_excel_format] 文件 /var************************************************************************************* Magic Bytes 检测为 xlsx 格式 (ZIP/OOXML)
[2026-06-14 22:29:20] INFO [load_lookup_table] 查找表加载完成：共 1 条条目，1 个唯一账号，0 个扩展字段
[2026-06-14 22:29:20] INFO [run_pipeline] 主体查找表预加载完成
[2026-06-14 22:29:20] INFO [prepare_working_folder] 已复制文件夹到同级目录: /var***********************************************************************************
[2026-06-14 22:29:20] DEBUG [scan_excel_files] 发现 Excel 文件: /var*********************************************************************************************
[2026-06-14 22:29:20] INFO [scan_excel_files] 共扫描到 1 个 Excel 文件
[2026-06-14 22:29:20] DEBUG [detect_excel_format] 文件 /var********************************************************************************************* Magic Bytes 检测为 xlsx 格式 (ZIP/OOXML)
[2026-06-14 22:29:20] INFO [_identify_bank_by_content] 文件「good.xlsx」通过内容特征识别为: 北京银行
[2026-06-14 22:29:20] INFO [parse] 开始处理北京银行文件: /var*********************************************************************************************
[2026-06-14 22:29:20] DEBUG [detect_excel_format] 文件 /var********************************************************************************************* Magic Bytes 检测为 xlsx 格式 (ZIP/OOXML)
[2026-06-14 22:29:20] INFO [validate_headers] 北京银行文件工作表「交易明细」表头校验通过，7 个字段均匹配
[2026-06-14 22:29:20] DEBUG [get_subject_info] 银行账号「0109年03月」匹配到主体: 北********司（优先级: 0）
[2026-06-14 22:29:20] INFO [_parse_sheet] 北京银行文件工作表「交易明细」提取 2 条记录
[2026-06-14 22:29:20] INFO [parse] 北京银行文件处理完成，共提取 2 条记录
[2026-06-14 22:29:20] INFO [run_pipeline] 成功处理文件: /var*********************************************************************************************（2 条记录）
[2026-06-14 22:29:20] INFO [run_pipeline] [试运行] 跳过删除文件操作，待删除文件 1 个
[2026-06-14 22:29:20] INFO [run_pipeline] [试运行] 跳过总表写盘，模式=全量覆盖，共 2 条记录
[2026-06-14 22:29:20] INFO [apply_amount_anomaly_detection] 开始金额异常检测，单笔阈值: [金额已隐藏] 元
[2026-06-14 22:29:20] INFO [apply_amount_anomaly_detection] 金额异常检测完成：共 2 条记录，0 条异常 (0.00%)
[2026-06-14 22:29:20] INFO [apply_counterparty_rules] 对方户名规则匹配完成: 总记录 2, 命中 0, 黑名单 0, 白名单 0
[2026-06-14 22:29:21] INFO [run_pipeline] [试运行] 跳过生成脱敏版总表
[2026-06-14 22:29:21] INFO [run_pipeline] [试运行] 跳过数据库持久化操作
[2026-06-14 22:29:21] INFO [identify_internal_transfers] 内部划转识别完成: 2 条记录, 识别出 0 对 (0 划出 + 0 划入), 涉及 0 个主体, 0 家银行
[2026-06-14 22:29:21] INFO [summarize_transactions] 主体维度汇总完成: 2 条记录, 1 个主体, 1 家银行, 1 个月份, 0 个未匹配账号
[2026-06-14 22:29:21] INFO [export_subject_summary] 主体维度汇总分析已导出: /var********************************************************************************************************
[2026-06-14 22:29:21] INFO [run_pipeline] 主体维度汇总分析已自动生成: /var********************************************************************************************************
[2026-06-14 22:29:21] INFO [check_balance_continuity] 共 1 个账号待校验
[2026-06-14 22:29:21] DEBUG [check_balance_continuity] 校验账号: 0109年03月, 记录数: 2
[2026-06-14 22:29:21] INFO [check_balance_continuity] 余额连续性校验完成 - 总账号: 1, 已校验: 1, 跳过: 0, 异常笔数: 0, 异常账号: 0
[2026-06-14 22:29:22] INFO [export_balance_check_result] 余额连续性校验结果已导出: /var*********************************************************************************************************
[2026-06-14 22:29:22] INFO [run_pipeline] 余额连续性校验报告已自动生成: /var*********************************************************************************************************
[2026-06-14 22:29:22] INFO [detect_duplicates] 重复交易检测完成 - 总记录: 2, 疑似重复组: 0, 疑似重复记录: 0, 重复率: 0.00%
[2026-06-14 22:29:22] INFO [generate_duplicate_check_from_records] 未检测到重复交易，仍导出报告
[2026-06-14 22:29:22] INFO [export_duplicate_check_result] 重复交易检测结果已导出: /var********************************************************************************************************
[2026-06-14 22:29:22] INFO [run_pipeline] 重复交易检测报告已自动生成: /var********************************************************************************************************
[2026-06-14 22:29:22] INFO [filter_interest_fee_transactions] 筛选出 0 条利息手续费交易
[2026-06-14 22:29:22] INFO [summarize_by_period] 按month汇总生成 0 条期间汇总记录，异常 0 条
[2026-06-14 22:29:22] INFO [check_interest_fee] 利息手续费核对完成 - 总记录: 0 (利息: 0, 手续费: 0), 期间汇总: 0, 异常: 0
[2026-06-14 22:29:22] WARNING [generate_interest_fee_check_from_records] 未筛选到任何利息手续费交易，跳过报告生成
[2026-06-14 22:29:22] INFO [mark_non_workday_transactions] 非工作日交易标记完成: 总记录 2, 工作日 2, 周末 0, 法定节假日 0, 调休工作日 0
[2026-06-14 22:29:22] INFO [generate_holiday_check_from_records] 未发现非工作日交易，仍导出报告
[2026-06-14 22:29:22] INFO [export_holiday_check_result] 非工作日交易标记结果已导出: /var**********************************************************************************************************
[2026-06-14 22:29:22] INFO [run_pipeline] 非工作日交易标记报告已自动生成: /var**********************************************************************************************************
[2026-06-14 22:29:22] INFO [assign_accounting_period] 会计期间归属完成: 2 条记录, 1 个期间
[2026-06-14 22:29:22] INFO [export_accounting_period_summary] 会计期间总表已导出: /var******************************************************************************************************（1 个期间）
[2026-06-14 22:29:22] INFO [run_pipeline] 会计期间总表已自动生成: /var******************************************************************************************************
[2026-06-14 22:29:22] INFO [save_report] 性能剖析报告已保存: /var****************************************************************************************************
[2026-06-14 22:29:22] INFO [save_report] 性能剖析数据已保存: /var******************************************************************************************************
[2026-06-14 22:29:22] INFO [run_pipeline] 性能剖析报告已生成: /var****************************************************************************************************
[2026-06-14 22:29:22] INFO [run_pipeline] [试运行] 跳过生成财务协同编辑模板
[2026-06-14 22:29:22] INFO [run_batch_pipeline_flow] 文件夹 [1/2] 处理成功: /var*******************************************************************************
[2026-06-14 22:29:22] INFO [run_batch_pipeline_flow] 用户取消提交试运行变更（文件夹 1/2）
[2026-06-14 22:29:22] INFO [run_batch_pipeline_flow] ===== 批量处理 [2/2]: /var************************************************************************************************* =====
[2026-06-14 22:29:22] ERROR [run_batch_pipeline_flow] 批次创建失败: no such table: batches
Traceback (most recent call last):
  File "/Users/zhangchengcheng/work/ai-project/Trea/solo0605/label-02552/tests/../backend/bankcheck.py", line 9570, in run_batch_pipeline_flow
    batch_info = batch_manager.start_batch(input_folder=folder, operator=operator)
  File "/Users/zhangchengcheng/work/ai-project/Trea/solo0605/label-02552/tests/../backend/batch_manager.py", line 214, in start_batch
    cursor.execute('''
    ~~~~~~~~~~~~~~^^^^
        INSERT INTO batches (
        ^^^^^^^^^^^^^^^^^^^^^
    ...<8 lines>...
        batch_info.batch_dir,
        ^^^^^^^^^^^^^^^^^^^^^
    ))
    ^^
sqlite3.OperationalError: no such table: batches
[2026-06-14 22:29:22] INFO [run_pipeline] ===== 试运行模式已启用（不执行删除与写盘操作）=====
[2026-06-14 22:29:22] INFO [find_lookup_file] 精确匹配到主体查找表: /var*************************************************************************************
[2026-06-14 22:29:23] INFO [run_pipeline] 正在预加载主体查找表...
[2026-06-14 22:29:23] DEBUG [detect_excel_format] 文件 /var************************************************************************************* Magic Bytes 检测为 xlsx 格式 (ZIP/OOXML)
[2026-06-14 22:29:23] INFO [load_lookup_table] 查找表加载完成：共 1 条条目，1 个唯一账号，0 个扩展字段
[2026-06-14 22:29:23] INFO [run_pipeline] 主体查找表预加载完成
[2026-06-14 22:29:23] ERROR [run_batch_pipeline_flow] 批量处理文件夹 [2/2] 失败: /var************************************************************************************************* — 源文件夹不存在或不是目录: /var/folders/8t/8rw7_pg16cx2c2mkh_cvpz8m0000gn/T/bankcheck_batch_test_v0hz3ue6/nonexistent_folder_xyz
Traceback (most recent call last):
  File "/Users/zhangchengcheng/work/ai-project/Trea/solo0605/label-02552/tests/../backend/bankcheck.py", line 9581, in run_batch_pipeline_flow
    result = run_pipeline(folder, script_dir, incremental=incremental,
                          batch_id=batch_id, dry_run=dry_run)
  File "/Users/zhangchengcheng/work/ai-project/Trea/solo0605/label-02552/tests/../backend/bankcheck.py", line 3648, in run_pipeline
    working_folder, working_folder_is_copy = prepare_working_folder(
                                             ~~~~~~~~~~~~~~~~~~~~~~^
        folder, strategy=folder_strategy, output_dir=folder_output_dir,
        ^^^^^^^^^^^^^^^^^^^^^^^^^^^^^^^^^^^^^^^^^^^^^^^^^^^^^^^^^^^^^^^
        suffix=folder_suffix, logger=logger
        ^^^^^^^^^^^^^^^^^^^^^^^^^^^^^^^^^^^
    )
    ^
  File "/Users/zhangchengcheng/work/ai-project/Trea/solo0605/label-02552/tests/../backend/bankcheck.py", line 12743, in prepare_working_folder
    raise ValueError(f"源文件夹不存在或不是目录: {source_folder}")
ValueError: 源文件夹不存在或不是目录: /var/folders/8t/8rw7_pg16cx2c2mkh_cvpz8m0000gn/T/bankcheck_batch_test_v0hz3ue6/nonexistent_folder_xyz
[2026-06-14 22:29:23] INFO [run_batch_pipeline_flow] 批量处理全部完成: 2 个文件夹, 成功 1, 无数据 0, 失败 1
[2026-06-14 22:29:23] INFO [setup_logging] 日志系统初始化完成，日志文件: /Use*******************************************************************************************************
[2026-06-14 22:29:23] INFO [setup_logging] 未检测到 tkinter，将使用命令行交互模式
[2026-06-14 22:29:23] INFO [run_batch_pipeline_flow] 批量处理：用户选择 1 个文件夹
[2026-06-14 22:29:23] INFO [run_batch_pipeline_flow] 批量处理：用户选择运行模式: 增量合并
[2026-06-14 22:29:23] INFO [run_batch_pipeline_flow] 批量处理：用户选择执行模式: 试运行（不写盘）
[2026-06-14 22:29:23] INFO [run_batch_pipeline_flow] ===== 批量处理 [1/1]: /var******************************************************************************* =====
[2026-06-14 22:29:23] ERROR [run_batch_pipeline_flow] 批次创建失败: no such table: batches
Traceback (most recent call last):
  File "/Users/zhangchengcheng/work/ai-project/Trea/solo0605/label-02552/tests/../backend/bankcheck.py", line 9570, in run_batch_pipeline_flow
    batch_info = batch_manager.start_batch(input_folder=folder, operator=operator)
  File "/Users/zhangchengcheng/work/ai-project/Trea/solo0605/label-02552/tests/../backend/batch_manager.py", line 214, in start_batch
    cursor.execute('''
    ~~~~~~~~~~~~~~^^^^
        INSERT INTO batches (
        ^^^^^^^^^^^^^^^^^^^^^
    ...<8 lines>...
        batch_info.batch_dir,
        ^^^^^^^^^^^^^^^^^^^^^
    ))
    ^^
sqlite3.OperationalError: no such table: batches
[2026-06-14 22:29:23] INFO [run_pipeline] ===== 试运行模式已启用（不执行删除与写盘操作）=====
[2026-06-14 22:29:23] INFO [find_lookup_file] 精确匹配到主体查找表: /var*************************************************************************************
[2026-06-14 22:29:23] INFO [run_pipeline] 正在预加载主体查找表...
[2026-06-14 22:29:23] DEBUG [detect_excel_format] 文件 /var************************************************************************************* Magic Bytes 检测为 xlsx 格式 (ZIP/OOXML)
[2026-06-14 22:29:23] INFO [load_lookup_table] 查找表加载完成：共 1 条条目，1 个唯一账号，0 个扩展字段
[2026-06-14 22:29:23] INFO [run_pipeline] 主体查找表预加载完成
[2026-06-14 22:29:23] INFO [load_existing_keys] 未找到历史总表，将以全量模式运行
[2026-06-14 22:29:24] INFO [run_pipeline] 无历史数据，将以全量模式运行
[2026-06-14 22:29:24] INFO [prepare_working_folder] 已复制文件夹到同级目录: /var***********************************************************************************
[2026-06-14 22:29:24] DEBUG [scan_excel_files] 发现 Excel 文件: /var*********************************************************************************************
[2026-06-14 22:29:24] INFO [scan_excel_files] 共扫描到 1 个 Excel 文件
[2026-06-14 22:29:24] DEBUG [detect_excel_format] 文件 /var********************************************************************************************* Magic Bytes 检测为 xlsx 格式 (ZIP/OOXML)
[2026-06-14 22:29:24] INFO [_identify_bank_by_content] 文件「dry1*****」通过内容特征识别为: 北京银行
[2026-06-14 22:29:24] INFO [parse] 开始处理北京银行文件: /var*********************************************************************************************
[2026-06-14 22:29:24] DEBUG [detect_excel_format] 文件 /var********************************************************************************************* Magic Bytes 检测为 xlsx 格式 (ZIP/OOXML)
[2026-06-14 22:29:24] INFO [validate_headers] 北京银行文件工作表「交易明细」表头校验通过，7 个字段均匹配
[2026-06-14 22:29:24] DEBUG [get_subject_info] 银行账号「0109年03月」匹配到主体: 北********司（优先级: 0）
[2026-06-14 22:29:24] INFO [_parse_sheet] 北京银行文件工作表「交易明细」提取 2 条记录
[2026-06-14 22:29:24] INFO [parse] 北京银行文件处理完成，共提取 2 条记录
[2026-06-14 22:29:24] INFO [run_pipeline] 成功处理文件: /var*********************************************************************************************（2 条记录）
[2026-06-14 22:29:24] INFO [run_pipeline] [试运行] 跳过删除文件操作，待删除文件 1 个
[2026-06-14 22:29:24] INFO [run_pipeline] [试运行] 跳过总表写盘，模式=全量覆盖，共 2 条记录
[2026-06-14 22:29:24] INFO [apply_amount_anomaly_detection] 开始金额异常检测，单笔阈值: [金额已隐藏] 元
[2026-06-14 22:29:24] INFO [apply_amount_anomaly_detection] 金额异常检测完成：共 2 条记录，0 条异常 (0.00%)
[2026-06-14 22:29:24] INFO [apply_counterparty_rules] 对方户名规则匹配完成: 总记录 2, 命中 0, 黑名单 0, 白名单 0
[2026-06-14 22:29:24] INFO [run_pipeline] [试运行] 跳过生成脱敏版总表
[2026-06-14 22:29:24] INFO [run_pipeline] [试运行] 跳过数据库持久化操作
[2026-06-14 22:29:24] INFO [identify_internal_transfers] 内部划转识别完成: 2 条记录, 识别出 0 对 (0 划出 + 0 划入), 涉及 0 个主体, 0 家银行
[2026-06-14 22:29:24] INFO [summarize_transactions] 主体维度汇总完成: 2 条记录, 1 个主体, 1 家银行, 1 个月份, 0 个未匹配账号
[2026-06-14 22:29:24] INFO [export_subject_summary] 主体维度汇总分析已导出: /var********************************************************************************************************
[2026-06-14 22:29:24] INFO [run_pipeline] 主体维度汇总分析已自动生成: /var********************************************************************************************************
[2026-06-14 22:29:24] INFO [check_balance_continuity] 共 1 个账号待校验
[2026-06-14 22:29:24] DEBUG [check_balance_continuity] 校验账号: 0109年03月, 记录数: 2
[2026-06-14 22:29:24] INFO [check_balance_continuity] 余额连续性校验完成 - 总账号: 1, 已校验: 1, 跳过: 0, 异常笔数: 0, 异常账号: 0
[2026-06-14 22:29:24] INFO [export_balance_check_result] 余额连续性校验结果已导出: /var*********************************************************************************************************
[2026-06-14 22:29:24] INFO [run_pipeline] 余额连续性校验报告已自动生成: /var*********************************************************************************************************
[2026-06-14 22:29:24] INFO [detect_duplicates] 重复交易检测完成 - 总记录: 2, 疑似重复组: 0, 疑似重复记录: 0, 重复率: 0.00%
[2026-06-14 22:29:24] INFO [generate_duplicate_check_from_records] 未检测到重复交易，仍导出报告
[2026-06-14 22:29:24] INFO [export_duplicate_check_result] 重复交易检测结果已导出: /var********************************************************************************************************
[2026-06-14 22:29:24] INFO [run_pipeline] 重复交易检测报告已自动生成: /var********************************************************************************************************
[2026-06-14 22:29:24] INFO [filter_interest_fee_transactions] 筛选出 0 条利息手续费交易
[2026-06-14 22:29:24] INFO [summarize_by_period] 按month汇总生成 0 条期间汇总记录，异常 0 条
[2026-06-14 22:29:24] INFO [check_interest_fee] 利息手续费核对完成 - 总记录: 0 (利息: 0, 手续费: 0), 期间汇总: 0, 异常: 0
[2026-06-14 22:29:24] WARNING [generate_interest_fee_check_from_records] 未筛选到任何利息手续费交易，跳过报告生成
[2026-06-14 22:29:24] INFO [mark_non_workday_transactions] 非工作日交易标记完成: 总记录 2, 工作日 2, 周末 0, 法定节假日 0, 调休工作日 0
[2026-06-14 22:29:24] INFO [generate_holiday_check_from_records] 未发现非工作日交易，仍导出报告
[2026-06-14 22:29:24] INFO [export_holiday_check_result] 非工作日交易标记结果已导出: /var**********************************************************************************************************
[2026-06-14 22:29:24] INFO [run_pipeline] 非工作日交易标记报告已自动生成: /var**********************************************************************************************************
[2026-06-14 22:29:24] INFO [assign_accounting_period] 会计期间归属完成: 2 条记录, 1 个期间
[2026-06-14 22:29:24] INFO [export_accounting_period_summary] 会计期间总表已导出: /var******************************************************************************************************（1 个期间）
[2026-06-14 22:29:24] INFO [run_pipeline] 会计期间总表已自动生成: /var******************************************************************************************************
[2026-06-14 22:29:24] INFO [save_report] 性能剖析报告已保存: /var****************************************************************************************************
[2026-06-14 22:29:24] INFO [save_report] 性能剖析数据已保存: /var******************************************************************************************************
[2026-06-14 22:29:24] INFO [run_pipeline] 性能剖析报告已生成: /var****************************************************************************************************
[2026-06-14 22:29:24] INFO [run_pipeline] [试运行] 跳过生成财务协同编辑模板
[2026-06-14 22:29:24] INFO [run_batch_pipeline_flow] 文件夹 [1/1] 处理成功: /var*******************************************************************************
[2026-06-14 22:29:24] INFO [run_batch_pipeline_flow] 用户取消提交试运行变更（文件夹 1/1）
[2026-06-14 22:29:24] INFO [run_batch_pipeline_flow] 批量处理全部完成: 1 个文件夹, 成功 1, 无数据 0, 失败 0
[2026-06-14 22:29:24] INFO [setup_logging] 日志系统初始化完成，日志文件: /Use*******************************************************************************************************
[2026-06-14 22:29:24] INFO [setup_logging] 未检测到 tkinter，将使用命令行交互模式
[2026-06-14 22:29:25] INFO [run_batch_pipeline_flow] 批量处理：用户选择 1 个文件夹
[2026-06-14 22:29:25] INFO [run_batch_pipeline_flow] 批量处理：用户选择运行模式: 全量覆盖
[2026-06-14 22:29:25] INFO [run_batch_pipeline_flow] 批量处理：用户选择执行模式: 试运行（不写盘）
[2026-06-14 22:29:25] INFO [run_batch_pipeline_flow] ===== 批量处理 [1/1]: /var******************************************************************************* =====
[2026-06-14 22:29:25] ERROR [run_batch_pipeline_flow] 批次创建失败: no such table: batches
Traceback (most recent call last):
  File "/Users/zhangchengcheng/work/ai-project/Trea/solo0605/label-02552/tests/../backend/bankcheck.py", line 9570, in run_batch_pipeline_flow
    batch_info = batch_manager.start_batch(input_folder=folder, operator=operator)
  File "/Users/zhangchengcheng/work/ai-project/Trea/solo0605/label-02552/tests/../backend/batch_manager.py", line 214, in start_batch
    cursor.execute('''
    ~~~~~~~~~~~~~~^^^^
        INSERT INTO batches (
        ^^^^^^^^^^^^^^^^^^^^^
    ...<8 lines>...
        batch_info.batch_dir,
        ^^^^^^^^^^^^^^^^^^^^^
    ))
    ^^
sqlite3.OperationalError: no such table: batches
[2026-06-14 22:29:25] INFO [run_pipeline] ===== 试运行模式已启用（不执行删除与写盘操作）=====
[2026-06-14 22:29:25] INFO [find_lookup_file] 精确匹配到主体查找表: /var*************************************************************************************
[2026-06-14 22:29:25] INFO [run_pipeline] 正在预加载主体查找表...
[2026-06-14 22:29:25] DEBUG [detect_excel_format] 文件 /var************************************************************************************* Magic Bytes 检测为 xlsx 格式 (ZIP/OOXML)
[2026-06-14 22:29:25] INFO [load_lookup_table] 查找表加载完成：共 1 条条目，1 个唯一账号，0 个扩展字段
[2026-06-14 22:29:25] INFO [run_pipeline] 主体查找表预加载完成
[2026-06-14 22:29:25] INFO [prepare_working_folder] 已复制文件夹到同级目录: /var***********************************************************************************
[2026-06-14 22:29:25] DEBUG [scan_excel_files] 发现 Excel 文件: /var*********************************************************************************************
[2026-06-14 22:29:25] INFO [scan_excel_files] 共扫描到 1 个 Excel 文件
[2026-06-14 22:29:25] DEBUG [detect_excel_format] 文件 /var********************************************************************************************* Magic Bytes 检测为 xlsx 格式 (ZIP/OOXML)
[2026-06-14 22:29:25] INFO [_identify_bank_by_content] 文件「inc1*****」通过内容特征识别为: 北京银行
[2026-06-14 22:29:25] INFO [parse] 开始处理北京银行文件: /var*********************************************************************************************
[2026-06-14 22:29:25] DEBUG [detect_excel_format] 文件 /var********************************************************************************************* Magic Bytes 检测为 xlsx 格式 (ZIP/OOXML)
[2026-06-14 22:29:25] INFO [validate_headers] 北京银行文件工作表「交易明细」表头校验通过，7 个字段均匹配
[2026-06-14 22:29:25] DEBUG [get_subject_info] 银行账号「0109年03月」匹配到主体: 北********司（优先级: 0）
[2026-06-14 22:29:25] INFO [_parse_sheet] 北京银行文件工作表「交易明细」提取 2 条记录
[2026-06-14 22:29:25] INFO [parse] 北京银行文件处理完成，共提取 2 条记录
[2026-06-14 22:29:25] INFO [run_pipeline] 成功处理文件: /var*********************************************************************************************（2 条记录）
[2026-06-14 22:29:25] INFO [run_pipeline] [试运行] 跳过删除文件操作，待删除文件 1 个
[2026-06-14 22:29:25] INFO [run_pipeline] [试运行] 跳过总表写盘，模式=全量覆盖，共 2 条记录
[2026-06-14 22:29:25] INFO [apply_amount_anomaly_detection] 开始金额异常检测，单笔阈值: [金额已隐藏] 元
[2026-06-14 22:29:25] INFO [apply_amount_anomaly_detection] 金额异常检测完成：共 2 条记录，0 条异常 (0.00%)
[2026-06-14 22:29:25] INFO [apply_counterparty_rules] 对方户名规则匹配完成: 总记录 2, 命中 0, 黑名单 0, 白名单 0
[2026-06-14 22:29:25] INFO [run_pipeline] [试运行] 跳过生成脱敏版总表
[2026-06-14 22:29:25] INFO [run_pipeline] [试运行] 跳过数据库持久化操作
[2026-06-14 22:29:25] INFO [identify_internal_transfers] 内部划转识别完成: 2 条记录, 识别出 0 对 (0 划出 + 0 划入), 涉及 0 个主体, 0 家银行
[2026-06-14 22:29:25] INFO [summarize_transactions] 主体维度汇总完成: 2 条记录, 1 个主体, 1 家银行, 1 个月份, 0 个未匹配账号
[2026-06-14 22:29:25] INFO [export_subject_summary] 主体维度汇总分析已导出: /var********************************************************************************************************
[2026-06-14 22:29:25] INFO [run_pipeline] 主体维度汇总分析已自动生成: /var********************************************************************************************************
[2026-06-14 22:29:25] INFO [check_balance_continuity] 共 1 个账号待校验
[2026-06-14 22:29:25] DEBUG [check_balance_continuity] 校验账号: 0109年03月, 记录数: 2
[2026-06-14 22:29:25] INFO [check_balance_continuity] 余额连续性校验完成 - 总账号: 1, 已校验: 1, 跳过: 0, 异常笔数: 0, 异常账号: 0
[2026-06-14 22:29:26] INFO [export_balance_check_result] 余额连续性校验结果已导出: /var*********************************************************************************************************
[2026-06-14 22:29:26] INFO [run_pipeline] 余额连续性校验报告已自动生成: /var*********************************************************************************************************
[2026-06-14 22:29:26] INFO [detect_duplicates] 重复交易检测完成 - 总记录: 2, 疑似重复组: 0, 疑似重复记录: 0, 重复率: 0.00%
[2026-06-14 22:29:26] INFO [generate_duplicate_check_from_records] 未检测到重复交易，仍导出报告
[2026-06-14 22:29:26] INFO [export_duplicate_check_result] 重复交易检测结果已导出: /var********************************************************************************************************
[2026-06-14 22:29:26] INFO [run_pipeline] 重复交易检测报告已自动生成: /var********************************************************************************************************
[2026-06-14 22:29:26] INFO [filter_interest_fee_transactions] 筛选出 0 条利息手续费交易
[2026-06-14 22:29:26] INFO [summarize_by_period] 按month汇总生成 0 条期间汇总记录，异常 0 条
[2026-06-14 22:29:26] INFO [check_interest_fee] 利息手续费核对完成 - 总记录: 0 (利息: 0, 手续费: 0), 期间汇总: 0, 异常: 0
[2026-06-14 22:29:26] WARNING [generate_interest_fee_check_from_records] 未筛选到任何利息手续费交易，跳过报告生成
[2026-06-14 22:29:27] INFO [mark_non_workday_transactions] 非工作日交易标记完成: 总记录 2, 工作日 2, 周末 0, 法定节假日 0, 调休工作日 0
[2026-06-14 22:29:27] INFO [generate_holiday_check_from_records] 未发现非工作日交易，仍导出报告
[2026-06-14 22:29:27] INFO [export_holiday_check_result] 非工作日交易标记结果已导出: /var**********************************************************************************************************
[2026-06-14 22:29:27] INFO [run_pipeline] 非工作日交易标记报告已自动生成: /var**********************************************************************************************************
[2026-06-14 22:29:27] INFO [assign_accounting_period] 会计期间归属完成: 2 条记录, 1 个期间
[2026-06-14 22:29:28] INFO [export_accounting_period_summary] 会计期间总表已导出: /var******************************************************************************************************（1 个期间）
[2026-06-14 22:29:28] INFO [run_pipeline] 会计期间总表已自动生成: /var******************************************************************************************************
[2026-06-14 22:29:28] INFO [save_report] 性能剖析报告已保存: /var****************************************************************************************************
[2026-06-14 22:29:28] INFO [save_report] 性能剖析数据已保存: /var******************************************************************************************************
[2026-06-14 22:29:28] INFO [run_pipeline] 性能剖析报告已生成: /var****************************************************************************************************
[2026-06-14 22:29:28] INFO [run_pipeline] [试运行] 跳过生成财务协同编辑模板
[2026-06-14 22:29:28] INFO [run_batch_pipeline_flow] 文件夹 [1/1] 处理成功: /var*******************************************************************************
[2026-06-14 22:29:28] INFO [run_batch_pipeline_flow] 用户取消提交试运行变更（文件夹 1/1）
[2026-06-14 22:29:28] INFO [run_batch_pipeline_flow] 批量处理全部完成: 1 个文件夹, 成功 1, 无数据 0, 失败 0
[2026-06-14 22:29:28] INFO [setup_logging] 日志系统初始化完成，日志文件: /Use*******************************************************************************************************
[2026-06-14 22:29:28] INFO [setup_logging] 未检测到 tkinter，将使用命令行交互模式
[2026-06-14 22:29:28] INFO [setup_logging] 日志系统初始化完成，日志文件: /Use*******************************************************************************************************
[2026-06-14 22:29:28] INFO [setup_logging] 未检测到 tkinter，将使用命令行交互模式
