[2026-06-15 10:02:36] INFO [setup_logging] 日志系统初始化完成，日志文件: /Use*******************************************************************************************************
[2026-06-15 10:02:36] INFO [setup_logging] 未检测到 tkinter，将使用命令行交互模式
[2026-06-15 10:02:36] INFO [setup_logging] 日志系统初始化完成，日志文件: /Use*******************************************************************************************************
[2026-06-15 10:02:36] INFO [setup_logging] 未检测到 tkinter，将使用命令行交互模式
[2026-06-15 10:02:36] INFO [setup_logging] 日志系统初始化完成，日志文件: /Use*******************************************************************************************************
[2026-06-15 10:02:36] INFO [setup_logging] 未检测到 tkinter，将使用命令行交互模式
[2026-06-15 10:02:36] INFO [setup_logging] 日志系统初始化完成，日志文件: /Use*******************************************************************************************************
[2026-06-15 10:02:36] INFO [setup_logging] 未检测到 tkinter，将使用命令行交互模式
[2026-06-15 10:02:36] INFO [setup_logging] 日志系统初始化完成，日志文件: /Use*******************************************************************************************************
[2026-06-15 10:02:36] INFO [setup_logging] 未检测到 tkinter，将使用命令行交互模式
[2026-06-15 10:02:36] INFO [setup_logging] 日志系统初始化完成，日志文件: /Use*******************************************************************************************************
[2026-06-15 10:02:36] INFO [setup_logging] 未检测到 tkinter，将使用命令行交互模式
[2026-06-15 10:02:36] INFO [setup_logging] 日志系统初始化完成，日志文件: /Use*******************************************************************************************************
[2026-06-15 10:02:36] INFO [setup_logging] 未检测到 tkinter，将使用命令行交互模式
[2026-06-15 10:02:36] INFO [setup_logging] 日志系统初始化完成，日志文件: /Use*******************************************************************************************************
[2026-06-15 10:02:36] INFO [setup_logging] 未检测到 tkinter，将使用命令行交互模式
[2026-06-15 10:02:36] INFO [setup_logging] 日志系统初始化完成，日志文件: /Use*******************************************************************************************************
[2026-06-15 10:02:36] INFO [setup_logging] 未检测到 tkinter，将使用命令行交互模式
[2026-06-15 10:02:36] INFO [setup_logging] 日志系统初始化完成，日志文件: /Use*******************************************************************************************************
[2026-06-15 10:02:36] INFO [setup_logging] 未检测到 tkinter，将使用命令行交互模式
[2026-06-15 10:02:36] INFO [setup_logging] 日志系统初始化完成，日志文件: /Use*******************************************************************************************************
[2026-06-15 10:02:36] INFO [setup_logging] 未检测到 tkinter，将使用命令行交互模式
[2026-06-15 10:02:36] INFO [load_config] 会计期间配置已加载: period_type=monthly, cutoff_day=25, fiscal_year_start_month=1, format=YYYY-MM
[2026-06-15 10:02:36] INFO [setup_logging] 日志系统初始化完成，日志文件: /Use*******************************************************************************************************
[2026-06-15 10:02:36] INFO [setup_logging] 未检测到 tkinter，将使用命令行交互模式
[2026-06-15 10:02:36] INFO [setup_logging] 日志系统初始化完成，日志文件: /Use*******************************************************************************************************
[2026-06-15 10:02:36] INFO [setup_logging] 未检测到 tkinter，将使用命令行交互模式
[2026-06-15 10:02:36] INFO [setup_logging] 日志系统初始化完成，日志文件: /Use*******************************************************************************************************
[2026-06-15 10:02:36] INFO [setup_logging] 未检测到 tkinter，将使用命令行交互模式
[2026-06-15 10:02:36] INFO [setup_logging] 日志系统初始化完成，日志文件: /Use*******************************************************************************************************
[2026-06-15 10:02:36] INFO [setup_logging] 未检测到 tkinter，将使用命令行交互模式
[2026-06-15 10:02:36] INFO [setup_logging] 日志系统初始化完成，日志文件: /Use*******************************************************************************************************
[2026-06-15 10:02:36] INFO [setup_logging] 未检测到 tkinter，将使用命令行交互模式
[2026-06-15 10:02:36] INFO [setup_logging] 日志系统初始化完成，日志文件: /Use*******************************************************************************************************
[2026-06-15 10:02:36] INFO [setup_logging] 未检测到 tkinter，将使用命令行交互模式
[2026-06-15 10:02:36] INFO [setup_logging] 日志系统初始化完成，日志文件: /Use*******************************************************************************************************
[2026-06-15 10:02:36] INFO [setup_logging] 未检测到 tkinter，将使用命令行交互模式
[2026-06-15 10:02:36] INFO [setup_logging] 日志系统初始化完成，日志文件: /Use*******************************************************************************************************
[2026-06-15 10:02:36] INFO [setup_logging] 未检测到 tkinter，将使用命令行交互模式
[2026-06-15 10:02:36] INFO [setup_logging] 日志系统初始化完成，日志文件: /Use*******************************************************************************************************
[2026-06-15 10:02:36] INFO [setup_logging] 未检测到 tkinter，将使用命令行交互模式
[2026-06-15 10:02:36] INFO [apply_derived_columns] 派生列计算完成: ['净额']，共 4 条记录
[2026-06-15 10:02:36] INFO [setup_logging] 日志系统初始化完成，日志文件: /Use*******************************************************************************************************
[2026-06-15 10:02:36] INFO [setup_logging] 未检测到 tkinter，将使用命令行交互模式
[2026-06-15 10:02:36] INFO [apply_derived_columns] 派生列计算完成: ['交易方向']，共 4 条记录
[2026-06-15 10:02:36] INFO [setup_logging] 日志系统初始化完成，日志文件: /Use*******************************************************************************************************
[2026-06-15 10:02:36] INFO [setup_logging] 未检测到 tkinter，将使用命令行交互模式
[2026-06-15 10:02:36] INFO [apply_derived_columns] 派生列计算完成: ['净额', '交易方向']，共 4 条记录
[2026-06-15 10:02:36] INFO [setup_logging] 日志系统初始化完成，日志文件: /Use*******************************************************************************************************
[2026-06-15 10:02:36] INFO [setup_logging] 未检测到 tkinter，将使用命令行交互模式
[2026-06-15 10:02:36] INFO [setup_logging] 日志系统初始化完成，日志文件: /Use*******************************************************************************************************
[2026-06-15 10:02:36] INFO [setup_logging] 未检测到 tkinter，将使用命令行交互模式
[2026-06-15 10:02:36] WARNING [apply_derived_columns] 派生列「自定义列」的计算器「nonexistent_calc」未注册，跳过
[2026-06-15 10:02:36] WARNING [apply_derived_columns] 派生列「自定义列」的计算器「nonexistent_calc」未注册，跳过
[2026-06-15 10:02:36] WARNING [apply_derived_columns] 派生列「自定义列」的计算器「nonexistent_calc」未注册，跳过
[2026-06-15 10:02:36] WARNING [apply_derived_columns] 派生列「自定义列」的计算器「nonexistent_calc」未注册，跳过
[2026-06-15 10:02:36] INFO [apply_derived_columns] 派生列计算完成: ['自定义列']，共 4 条记录
[2026-06-15 10:02:36] INFO [setup_logging] 日志系统初始化完成，日志文件: /Use*******************************************************************************************************
[2026-06-15 10:02:36] INFO [setup_logging] 未检测到 tkinter，将使用命令行交互模式
[2026-06-15 10:02:36] INFO [apply_derived_columns] 派生列计算完成: ['会计期间']，共 4 条记录
[2026-06-15 10:02:36] INFO [setup_logging] 日志系统初始化完成，日志文件: /Use*******************************************************************************************************
[2026-06-15 10:02:36] INFO [setup_logging] 未检测到 tkinter，将使用命令行交互模式
[2026-06-15 10:02:36] INFO [setup_logging] 日志系统初始化完成，日志文件: /Use*******************************************************************************************************
[2026-06-15 10:02:36] INFO [setup_logging] 未检测到 tkinter，将使用命令行交互模式
[2026-06-15 10:02:36] INFO [setup_logging] 日志系统初始化完成，日志文件: /Use*******************************************************************************************************
[2026-06-15 10:02:36] INFO [setup_logging] 未检测到 tkinter，将使用命令行交互模式
[2026-06-15 10:02:36] INFO [setup_logging] 日志系统初始化完成，日志文件: /Use*******************************************************************************************************
[2026-06-15 10:02:36] INFO [setup_logging] 未检测到 tkinter，将使用命令行交互模式
[2026-06-15 10:02:36] INFO [setup_logging] 日志系统初始化完成，日志文件: /Use*******************************************************************************************************
[2026-06-15 10:02:36] INFO [setup_logging] 未检测到 tkinter，将使用命令行交互模式
[2026-06-15 10:02:36] INFO [apply_derived_columns] 派生列计算完成: ['净额']，共 4 条记录
[2026-06-15 10:02:36] INFO [merge_and_export_summary] 总表输出完成: /var**************************************************************************************（历史 0 条 + 新增 4 条 = 共 4 条）
[2026-06-15 10:02:36] INFO [setup_logging] 日志系统初始化完成，日志文件: /Use*******************************************************************************************************
[2026-06-15 10:02:36] INFO [setup_logging] 未检测到 tkinter，将使用命令行交互模式
[2026-06-15 10:02:36] INFO [apply_derived_columns] 派生列计算完成: ['交易方向']，共 4 条记录
[2026-06-15 10:02:36] INFO [merge_and_export_summary] 总表输出完成: /var**************************************************************************************（历史 0 条 + 新增 4 条 = 共 4 条）
[2026-06-15 10:02:36] INFO [setup_logging] 日志系统初始化完成，日志文件: /Use*******************************************************************************************************
[2026-06-15 10:02:36] INFO [setup_logging] 未检测到 tkinter，将使用命令行交互模式
[2026-06-15 10:02:36] INFO [merge_and_export_summary] 总表输出完成: /var**************************************************************************************（历史 0 条 + 新增 4 条 = 共 4 条）
[2026-06-15 10:02:36] INFO [setup_logging] 日志系统初始化完成，日志文件: /Use*******************************************************************************************************
[2026-06-15 10:02:36] INFO [setup_logging] 未检测到 tkinter，将使用命令行交互模式
[2026-06-15 10:02:36] INFO [setup_logging] 日志系统初始化完成，日志文件: /Use*******************************************************************************************************
[2026-06-15 10:02:36] INFO [setup_logging] 未检测到 tkinter，将使用命令行交互模式
[2026-06-15 10:02:36] INFO [setup_logging] 日志系统初始化完成，日志文件: /Use*******************************************************************************************************
[2026-06-15 10:02:36] INFO [setup_logging] 未检测到 tkinter，将使用命令行交互模式
[2026-06-15 10:02:36] INFO [setup_logging] 日志系统初始化完成，日志文件: /Use*******************************************************************************************************
[2026-06-15 10:02:36] INFO [setup_logging] 未检测到 tkinter，将使用命令行交互模式
[2026-06-15 10:02:36] INFO [setup_logging] 日志系统初始化完成，日志文件: /Use*******************************************************************************************************
[2026-06-15 10:02:36] INFO [setup_logging] 未检测到 tkinter，将使用命令行交互模式
