[2026-06-14 14:16:58] INFO [setup_logging] 日志系统初始化完成，日志文件: /Use*******************************************************************************************************
[2026-06-14 14:16:58] INFO [setup_logging] 未检测到 tkinter，将使用命令行交互模式
[2026-06-14 14:16:58] INFO [find_lookup_file] 精确匹配到主体查找表: /var*******************************************************************************
[2026-06-14 14:16:58] INFO [setup_logging] 日志系统初始化完成，日志文件: /Use*******************************************************************************************************
[2026-06-14 14:16:58] INFO [setup_logging] 未检测到 tkinter，将使用命令行交互模式
[2026-06-14 14:16:58] INFO [find_lookup_file] 精确匹配到主体查找表: /var******************************************************************************
[2026-06-14 14:16:58] INFO [setup_logging] 日志系统初始化完成，日志文件: /Use*******************************************************************************************************
[2026-06-14 14:16:58] INFO [setup_logging] 未检测到 tkinter，将使用命令行交互模式
[2026-06-14 14:16:58] INFO [find_lookup_file] 找到主体查找表（唯一 Excel 文件）: /var*****************************************************************************
[2026-06-14 14:16:58] INFO [setup_logging] 日志系统初始化完成，日志文件: /Use*******************************************************************************************************
[2026-06-14 14:16:58] INFO [setup_logging] 未检测到 tkinter，将使用命令行交互模式
[2026-06-14 14:16:58] WARNING [find_lookup_file] 程序目录下未找到任何 Excel 文件作为主体查找表
[2026-06-14 14:16:58] INFO [setup_logging] 日志系统初始化完成，日志文件: /Use*******************************************************************************************************
[2026-06-14 14:16:58] INFO [setup_logging] 未检测到 tkinter，将使用命令行交互模式
[2026-06-14 14:16:58] WARNING [find_lookup_file] 程序目录下存在 2 个 Excel 文件，无法确定唯一查找表: ['表2.xlsx', '表1.xlsx']。建议将查找表文件命名为 "主体查找表.xlsx"
[2026-06-14 14:16:58] INFO [setup_logging] 日志系统初始化完成，日志文件: /Use*******************************************************************************************************
[2026-06-14 14:16:58] INFO [setup_logging] 未检测到 tkinter，将使用命令行交互模式
[2026-06-14 14:16:58] INFO [find_lookup_file] 精确匹配到主体查找表: /var*******************************************************************************
[2026-06-14 14:16:58] INFO [setup_logging] 日志系统初始化完成，日志文件: /Use*******************************************************************************************************
[2026-06-14 14:16:58] INFO [setup_logging] 未检测到 tkinter，将使用命令行交互模式
[2026-06-14 14:16:58] INFO [find_lookup_file] 找到主体查找表（唯一 Excel 文件）: /var*****************************************************************************
[2026-06-14 14:16:58] INFO [setup_logging] 日志系统初始化完成，日志文件: /Use*******************************************************************************************************
[2026-06-14 14:16:58] INFO [setup_logging] 未检测到 tkinter，将使用命令行交互模式
[2026-06-14 14:16:58] DEBUG [detect_excel_format] 文件 /var******************************************************************************* Magic Bytes 检测为 xlsx 格式 (ZIP/OOXML)
[2026-06-14 14:16:58] INFO [load_lookup_table] 查找表加载完成：共 2 条条目，2 个唯一账号，0 个扩展字段
[2026-06-14 14:16:58] DEBUG [get_subject_info] 银行账号「0109年03月」匹配到主体: 北********司（优先级: 0）
[2026-06-14 14:16:58] INFO [setup_logging] 日志系统初始化完成，日志文件: /Use*******************************************************************************************************
[2026-06-14 14:16:58] INFO [setup_logging] 未检测到 tkinter，将使用命令行交互模式
[2026-06-14 14:16:58] DEBUG [detect_excel_format] 文件 /var******************************************************************************* Magic Bytes 检测为 xlsx 格式 (ZIP/OOXML)
[2026-06-14 14:16:58] INFO [load_lookup_table] 查找表加载完成：共 2 条条目，2 个唯一账号，0 个扩展字段
[2026-06-14 14:16:58] DEBUG [get_subject_info] 银行账号「3881年23月」匹配到主体: 上********司（优先级: 0）
[2026-06-14 14:16:58] INFO [setup_logging] 日志系统初始化完成，日志文件: /Use*******************************************************************************************************
[2026-06-14 14:16:58] INFO [setup_logging] 未检测到 tkinter，将使用命令行交互模式
[2026-06-14 14:16:58] DEBUG [detect_excel_format] 文件 /var******************************************************************************* Magic Bytes 检测为 xlsx 格式 (ZIP/OOXML)
[2026-06-14 14:16:58] INFO [load_lookup_table] 查找表加载完成：共 2 条条目，2 个唯一账号，0 个扩展字段
[2026-06-14 14:16:58] WARNING [get_subject_info] 银行账号「9999年99月」在查找表中未找到对应主体
[2026-06-14 14:16:58] INFO [setup_logging] 日志系统初始化完成，日志文件: /Use*******************************************************************************************************
[2026-06-14 14:16:58] INFO [setup_logging] 未检测到 tkinter，将使用命令行交互模式
[2026-06-14 14:16:58] WARNING [get_subject_info] 银行账号为空，无法查找主体
[2026-06-14 14:16:58] INFO [setup_logging] 日志系统初始化完成，日志文件: /Use*******************************************************************************************************
[2026-06-14 14:16:58] INFO [setup_logging] 未检测到 tkinter，将使用命令行交互模式
[2026-06-14 14:16:58] DEBUG [detect_excel_format] 文件 /var******************************************************************************* Magic Bytes 检测为 xlsx 格式 (ZIP/OOXML)
[2026-06-14 14:16:58] INFO [load_lookup_table] 查找表加载完成：共 2 条条目，2 个唯一账号，0 个扩展字段
[2026-06-14 14:16:58] WARNING [get_subject_info] 银行账号「」在查找表中未找到对应主体
[2026-06-14 14:16:58] INFO [setup_logging] 日志系统初始化完成，日志文件: /Use*******************************************************************************************************
[2026-06-14 14:16:58] INFO [setup_logging] 未检测到 tkinter，将使用命令行交互模式
[2026-06-14 14:16:58] WARNING [load_lookup_table] 主体查找表不存在或未指定，返回空查找表结构
[2026-06-14 14:16:58] WARNING [get_subject_info] 主体查找表不存在或未指定，银行账号「0109年03月」的主体将为空
[2026-06-14 14:16:58] INFO [setup_logging] 日志系统初始化完成，日志文件: /Use*******************************************************************************************************
[2026-06-14 14:16:58] INFO [setup_logging] 未检测到 tkinter，将使用命令行交互模式
[2026-06-14 14:16:58] WARNING [load_lookup_table] 主体查找表不存在或未指定，返回空查找表结构
[2026-06-14 14:16:58] WARNING [get_subject_info] 主体查找表「/nonexistent/path.xlsx」为空或不存在，银行账号「0109年03月」的主体将为空
[2026-06-14 14:16:58] INFO [setup_logging] 日志系统初始化完成，日志文件: /Use*******************************************************************************************************
[2026-06-14 14:16:58] INFO [setup_logging] 未检测到 tkinter，将使用命令行交互模式
[2026-06-14 14:16:58] DEBUG [detect_excel_format] 文件 /var******************************************************************************* Magic Bytes 检测为 xlsx 格式 (ZIP/OOXML)
[2026-06-14 14:16:58] INFO [load_lookup_table] 查找表加载完成：共 1 条条目，1 个唯一账号，0 个扩展字段
[2026-06-14 14:16:58] DEBUG [get_subject_info] 银行账号「[1万-10万]」匹配到主体: 测**司（优先级: 0）
[2026-06-14 14:16:58] INFO [setup_logging] 日志系统初始化完成，日志文件: /Use*******************************************************************************************************
[2026-06-14 14:16:58] INFO [setup_logging] 未检测到 tkinter，将使用命令行交互模式
[2026-06-14 14:16:58] DEBUG [detect_excel_format] 文件 /var******************************************************************************* Magic Bytes 检测为 xlsx 格式 (ZIP/OOXML)
[2026-06-14 14:16:58] INFO [load_lookup_table] 查找表加载完成：共 1 条条目，1 个唯一账号，0 个扩展字段
[2026-06-14 14:16:58] DEBUG [get_subject_info] 银行账号「[>=1千万]」匹配到主体: 北********司（优先级: 0）
[2026-06-14 14:16:58] INFO [setup_logging] 日志系统初始化完成，日志文件: /Use*******************************************************************************************************
[2026-06-14 14:16:58] INFO [setup_logging] 未检测到 tkinter，将使用命令行交互模式
[2026-06-14 14:16:58] DEBUG [detect_excel_format] 文件 /var******************************************************************************* Magic Bytes 检测为 xlsx 格式 (ZIP/OOXML)
[2026-06-14 14:16:58] INFO [load_lookup_table] 查找表加载完成：共 1 条条目，1 个唯一账号，0 个扩展字段
[2026-06-14 14:16:58] DEBUG [get_subject_info] 银行账号「[>=1千万]」匹配到主体: 北********司（优先级: 0）
[2026-06-14 14:16:58] INFO [setup_logging] 日志系统初始化完成，日志文件: /Use*******************************************************************************************************
[2026-06-14 14:16:58] INFO [setup_logging] 未检测到 tkinter，将使用命令行交互模式
[2026-06-14 14:16:58] DEBUG [detect_excel_format] 文件 /var******************************************************************************* Magic Bytes 检测为 xlsx 格式 (ZIP/OOXML)
[2026-06-14 14:16:58] INFO [load_lookup_table] 查找表加载完成：共 1 条条目，1 个唯一账号，0 个扩展字段
[2026-06-14 14:16:58] DEBUG [get_subject_info] 银行账号「0109年03月」匹配到主体: 北********司（优先级: 0）
[2026-06-14 14:16:58] INFO [setup_logging] 日志系统初始化完成，日志文件: /Use*******************************************************************************************************
[2026-06-14 14:16:58] INFO [setup_logging] 未检测到 tkinter，将使用命令行交互模式
[2026-06-14 14:16:58] DEBUG [detect_excel_format] 文件 /var******************************************************************************* Magic Bytes 检测为 xlsx 格式 (ZIP/OOXML)
[2026-06-14 14:16:58] INFO [load_lookup_table] 查找表加载完成：共 1 条条目，1 个唯一账号，0 个扩展字段
[2026-06-14 14:16:58] DEBUG [get_subject_info] 银行账号「0109年03月」匹配到主体: 北********司（优先级: 0）
[2026-06-14 14:16:58] INFO [setup_logging] 日志系统初始化完成，日志文件: /Use*******************************************************************************************************
[2026-06-14 14:16:58] INFO [setup_logging] 未检测到 tkinter，将使用命令行交互模式
[2026-06-14 14:16:58] DEBUG [detect_excel_format] 文件 /var******************************************************************************* Magic Bytes 检测为 xlsx 格式 (ZIP/OOXML)
[2026-06-14 14:16:58] INFO [load_lookup_table] 查找表加载完成：共 1 条条目，1 个唯一账号，0 个扩展字段
[2026-06-14 14:16:58] DEBUG [get_subject_info] 银行账号「[>=1千万]」匹配到主体: 上********司（优先级: 0）
[2026-06-14 14:16:58] INFO [setup_logging] 日志系统初始化完成，日志文件: /Use*******************************************************************************************************
[2026-06-14 14:16:58] INFO [setup_logging] 未检测到 tkinter，将使用命令行交互模式
[2026-06-14 14:16:58] DEBUG [detect_excel_format] 文件 /var******************************************************************************* Magic Bytes 检测为 xlsx 格式 (ZIP/OOXML)
[2026-06-14 14:16:58] INFO [load_lookup_table] 查找表加载完成：共 1 条条目，1 个唯一账号，0 个扩展字段
[2026-06-14 14:16:58] DEBUG [get_subject_info] 银行账号「[>=1千万]」匹配到主体: 上********司（优先级: 0）
[2026-06-14 14:16:58] INFO [setup_logging] 日志系统初始化完成，日志文件: /Use*******************************************************************************************************
[2026-06-14 14:16:58] INFO [setup_logging] 未检测到 tkinter，将使用命令行交互模式
[2026-06-14 14:16:58] DEBUG [detect_excel_format] 文件 /var******************************************************************************* Magic Bytes 检测为 xlsx 格式 (ZIP/OOXML)
[2026-06-14 14:16:58] INFO [load_lookup_table] 查找表加载完成：共 1 条条目，1 个唯一账号，0 个扩展字段
[2026-06-14 14:16:58] DEBUG [get_subject_info] 银行账号「0123年45月」匹配到主体: 测***A（优先级: 0）
[2026-06-14 14:16:58] INFO [setup_logging] 日志系统初始化完成，日志文件: /Use*******************************************************************************************************
[2026-06-14 14:16:58] INFO [setup_logging] 未检测到 tkinter，将使用命令行交互模式
[2026-06-14 14:16:58] DEBUG [detect_excel_format] 文件 /var******************************************************************************* Magic Bytes 检测为 xlsx 格式 (ZIP/OOXML)
[2026-06-14 14:16:58] INFO [load_lookup_table] 查找表加载完成：共 1 条条目，1 个唯一账号，0 个扩展字段
[2026-06-14 14:16:58] DEBUG [get_subject_info] 银行账号「[>=1千万]」匹配到主体: 测***B（优先级: 0）
[2026-06-14 14:16:58] INFO [setup_logging] 日志系统初始化完成，日志文件: /Use*******************************************************************************************************
[2026-06-14 14:16:58] INFO [setup_logging] 未检测到 tkinter，将使用命令行交互模式
[2026-06-14 14:16:58] DEBUG [detect_excel_format] 文件 /var******************************************************************************* Magic Bytes 检测为 xlsx 格式 (ZIP/OOXML)
[2026-06-14 14:16:58] INFO [load_lookup_table] 查找表加载完成：共 1 条条目，1 个唯一账号，0 个扩展字段
[2026-06-14 14:16:58] DEBUG [get_subject_info] 银行账号「3881年23月」匹配到主体: 测***C（优先级: 0）
[2026-06-14 14:16:58] INFO [setup_logging] 日志系统初始化完成，日志文件: /Use*******************************************************************************************************
[2026-06-14 14:16:58] INFO [setup_logging] 未检测到 tkinter，将使用命令行交互模式
[2026-06-14 14:16:58] DEBUG [detect_excel_format] 文件 /var******************************************************************************* Magic Bytes 检测为 xlsx 格式 (ZIP/OOXML)
[2026-06-14 14:16:58] INFO [load_lookup_table] 查找表加载完成：共 2 条条目，1 个唯一账号，0 个扩展字段
[2026-06-14 14:16:58] DEBUG [get_subject_info] 银行账号「0123年45月」匹配到主体: 公*A（优先级: 0）
[2026-06-14 14:16:58] INFO [setup_logging] 日志系统初始化完成，日志文件: /Use*******************************************************************************************************
[2026-06-14 14:16:58] INFO [setup_logging] 未检测到 tkinter，将使用命令行交互模式
[2026-06-14 14:16:58] INFO [setup_logging] 日志系统初始化完成，日志文件: /Use*******************************************************************************************************
[2026-06-14 14:16:58] INFO [setup_logging] 未检测到 tkinter，将使用命令行交互模式
[2026-06-14 14:16:58] INFO [setup_logging] 日志系统初始化完成，日志文件: /Use*******************************************************************************************************
[2026-06-14 14:16:58] INFO [setup_logging] 未检测到 tkinter，将使用命令行交互模式
[2026-06-14 14:16:58] INFO [setup_logging] 日志系统初始化完成，日志文件: /Use*******************************************************************************************************
[2026-06-14 14:16:58] INFO [setup_logging] 未检测到 tkinter，将使用命令行交互模式
[2026-06-14 14:16:58] INFO [setup_logging] 日志系统初始化完成，日志文件: /Use*******************************************************************************************************
[2026-06-14 14:16:58] INFO [setup_logging] 未检测到 tkinter，将使用命令行交互模式
[2026-06-14 14:16:58] INFO [setup_logging] 日志系统初始化完成，日志文件: /Use*******************************************************************************************************
[2026-06-14 14:16:58] INFO [setup_logging] 未检测到 tkinter，将使用命令行交互模式
[2026-06-14 14:16:58] INFO [setup_logging] 日志系统初始化完成，日志文件: /Use*******************************************************************************************************
[2026-06-14 14:16:58] INFO [setup_logging] 未检测到 tkinter，将使用命令行交互模式
[2026-06-14 14:16:58] INFO [setup_logging] 日志系统初始化完成，日志文件: /Use*******************************************************************************************************
[2026-06-14 14:16:58] INFO [setup_logging] 未检测到 tkinter，将使用命令行交互模式
[2026-06-14 14:16:58] INFO [setup_logging] 日志系统初始化完成，日志文件: /Use*******************************************************************************************************
[2026-06-14 14:16:58] INFO [setup_logging] 未检测到 tkinter，将使用命令行交互模式
[2026-06-14 14:16:58] INFO [setup_logging] 日志系统初始化完成，日志文件: /Use*******************************************************************************************************
[2026-06-14 14:16:58] INFO [setup_logging] 未检测到 tkinter，将使用命令行交互模式
[2026-06-14 14:16:58] INFO [setup_logging] 日志系统初始化完成，日志文件: /Use*******************************************************************************************************
[2026-06-14 14:16:58] INFO [setup_logging] 未检测到 tkinter，将使用命令行交互模式
[2026-06-14 14:16:58] INFO [setup_logging] 日志系统初始化完成，日志文件: /Use*******************************************************************************************************
[2026-06-14 14:16:58] INFO [setup_logging] 未检测到 tkinter，将使用命令行交互模式
[2026-06-14 14:16:58] INFO [setup_logging] 日志系统初始化完成，日志文件: /Use*******************************************************************************************************
[2026-06-14 14:16:58] INFO [setup_logging] 未检测到 tkinter，将使用命令行交互模式
[2026-06-14 14:16:58] INFO [setup_logging] 日志系统初始化完成，日志文件: /Use*******************************************************************************************************
[2026-06-14 14:16:58] INFO [setup_logging] 未检测到 tkinter，将使用命令行交互模式
[2026-06-14 14:16:58] INFO [setup_logging] 日志系统初始化完成，日志文件: /Use*******************************************************************************************************
[2026-06-14 14:16:58] INFO [setup_logging] 未检测到 tkinter，将使用命令行交互模式
[2026-06-14 14:16:58] INFO [setup_logging] 日志系统初始化完成，日志文件: /Use*******************************************************************************************************
[2026-06-14 14:16:58] INFO [setup_logging] 未检测到 tkinter，将使用命令行交互模式
[2026-06-14 14:16:58] INFO [setup_logging] 日志系统初始化完成，日志文件: /Use*******************************************************************************************************
[2026-06-14 14:16:58] INFO [setup_logging] 未检测到 tkinter，将使用命令行交互模式
[2026-06-14 14:16:58] INFO [setup_logging] 日志系统初始化完成，日志文件: /Use*******************************************************************************************************
[2026-06-14 14:16:58] INFO [setup_logging] 未检测到 tkinter，将使用命令行交互模式
[2026-06-14 14:16:58] DEBUG [detect_excel_format] 文件 /var******************************************************************************** Magic Bytes 检测为 xlsx 格式 (ZIP/OOXML)
[2026-06-14 14:16:58] INFO [load_lookup_table] 查找表加载完成：共 1 条条目，1 个唯一账号，0 个扩展字段
[2026-06-14 14:16:58] DEBUG [get_subject_info] 银行账号「[1万-10万]」匹配到主体: 公*A（优先级: 0）
[2026-06-14 14:16:58] INFO [setup_logging] 日志系统初始化完成，日志文件: /Use*******************************************************************************************************
[2026-06-14 14:16:58] INFO [setup_logging] 未检测到 tkinter，将使用命令行交互模式
[2026-06-14 14:16:58] DEBUG [detect_excel_format] 文件 /var******************************************************************************** Magic Bytes 检测为 xlsx 格式 (ZIP/OOXML)
[2026-06-14 14:16:58] INFO [load_lookup_table] 查找表加载完成：共 3 条条目，1 个唯一账号，0 个扩展字段
[2026-06-14 14:16:58] DEBUG [get_subject_info] 银行账号「[1万-10万]」匹配到主体: 高****体（优先级: 10）
[2026-06-14 14:16:58] INFO [setup_logging] 日志系统初始化完成，日志文件: /Use*******************************************************************************************************
[2026-06-14 14:16:58] INFO [setup_logging] 未检测到 tkinter，将使用命令行交互模式
[2026-06-14 14:16:58] DEBUG [detect_excel_format] 文件 /var******************************************************************************** Magic Bytes 检测为 xlsx 格式 (ZIP/OOXML)
[2026-06-14 14:16:58] INFO [load_lookup_table] 查找表加载完成：共 2 条条目，1 个唯一账号，0 个扩展字段
[2026-06-14 14:16:58] DEBUG [get_subject_info] 银行账号「[1万-10万]」匹配到主体: 主*A（优先级: 5）
[2026-06-14 14:16:58] INFO [setup_logging] 日志系统初始化完成，日志文件: /Use*******************************************************************************************************
[2026-06-14 14:16:58] INFO [setup_logging] 未检测到 tkinter，将使用命令行交互模式
[2026-06-14 14:16:58] DEBUG [detect_excel_format] 文件 /var******************************************************************************** Magic Bytes 检测为 xlsx 格式 (ZIP/OOXML)
[2026-06-14 14:16:58] INFO [load_lookup_table] 查找表加载完成：共 3 条条目，1 个唯一账号，0 个扩展字段
[2026-06-14 14:16:58] DEBUG [get_subject_info] 银行账号「[1万-10万]」匹配到主体: 主*C（优先级: 1）
[2026-06-14 14:16:58] INFO [setup_logging] 日志系统初始化完成，日志文件: /Use*******************************************************************************************************
[2026-06-14 14:16:58] INFO [setup_logging] 未检测到 tkinter，将使用命令行交互模式
[2026-06-14 14:16:58] DEBUG [detect_excel_format] 文件 /var******************************************************************************** Magic Bytes 检测为 xlsx 格式 (ZIP/OOXML)
[2026-06-14 14:16:58] INFO [load_lookup_table] 查找表加载完成：共 2 条条目，1 个唯一账号，0 个扩展字段
[2026-06-14 14:16:59] INFO [setup_logging] 日志系统初始化完成，日志文件: /Use*******************************************************************************************************
[2026-06-14 14:16:59] INFO [setup_logging] 未检测到 tkinter，将使用命令行交互模式
[2026-06-14 14:16:59] DEBUG [detect_excel_format] 文件 /var******************************************************************************** Magic Bytes 检测为 xlsx 格式 (ZIP/OOXML)
[2026-06-14 14:16:59] INFO [load_lookup_table] 查找表加载完成：共 1 条条目，1 个唯一账号，0 个扩展字段
[2026-06-14 14:16:59] DEBUG [get_subject_info] 银行账号「1234年56月」匹配到主体: 测**司（优先级: 0）
[2026-06-14 14:16:59] INFO [setup_logging] 日志系统初始化完成，日志文件: /Use*******************************************************************************************************
[2026-06-14 14:16:59] INFO [setup_logging] 未检测到 tkinter，将使用命令行交互模式
[2026-06-14 14:16:59] DEBUG [detect_excel_format] 文件 /var******************************************************************************** Magic Bytes 检测为 xlsx 格式 (ZIP/OOXML)
[2026-06-14 14:16:59] INFO [load_lookup_table] 查找表加载完成：共 1 条条目，1 个唯一账号，0 个扩展字段
[2026-06-14 14:16:59] INFO [setup_logging] 日志系统初始化完成，日志文件: /Use*******************************************************************************************************
[2026-06-14 14:16:59] INFO [setup_logging] 未检测到 tkinter，将使用命令行交互模式
[2026-06-14 14:16:59] DEBUG [detect_excel_format] 文件 /var******************************************************************************** Magic Bytes 检测为 xlsx 格式 (ZIP/OOXML)
[2026-06-14 14:16:59] INFO [load_lookup_table] 查找表加载完成：共 1 条条目，1 个唯一账号，0 个扩展字段
[2026-06-14 14:16:59] WARNING [get_subject_info] 银行账号「1234年56月」在查找表中未找到对应主体
[2026-06-14 14:16:59] INFO [setup_logging] 日志系统初始化完成，日志文件: /Use*******************************************************************************************************
[2026-06-14 14:16:59] INFO [setup_logging] 未检测到 tkinter，将使用命令行交互模式
[2026-06-14 14:16:59] DEBUG [detect_excel_format] 文件 /var******************************************************************************** Magic Bytes 检测为 xlsx 格式 (ZIP/OOXML)
[2026-06-14 14:16:59] INFO [load_lookup_table] 查找表加载完成：共 1 条条目，1 个唯一账号，0 个扩展字段
[2026-06-14 14:16:59] WARNING [get_subject_info] 银行账号「9876年54月」在查找表中未找到对应主体
[2026-06-14 14:16:59] INFO [setup_logging] 日志系统初始化完成，日志文件: /Use*******************************************************************************************************
[2026-06-14 14:16:59] INFO [setup_logging] 未检测到 tkinter，将使用命令行交互模式
[2026-06-14 14:16:59] DEBUG [detect_excel_format] 文件 /var******************************************************************************** Magic Bytes 检测为 xlsx 格式 (ZIP/OOXML)
[2026-06-14 14:16:59] INFO [load_lookup_table] 查找表加载完成：共 2 条条目，2 个唯一账号，0 个扩展字段
[2026-06-14 14:17:00] INFO [setup_logging] 日志系统初始化完成，日志文件: /Use*******************************************************************************************************
[2026-06-14 14:17:00] INFO [setup_logging] 未检测到 tkinter，将使用命令行交互模式
[2026-06-14 14:17:00] DEBUG [detect_excel_format] 文件 /var******************************************************************************** Magic Bytes 检测为 xlsx 格式 (ZIP/OOXML)
[2026-06-14 14:17:00] INFO [load_lookup_table] 查找表加载完成：共 1 条条目，1 个唯一账号，0 个扩展字段
[2026-06-14 14:17:00] WARNING [get_subject_info] 银行账号「」在查找表中未找到对应主体
[2026-06-14 14:17:00] INFO [setup_logging] 日志系统初始化完成，日志文件: /Use*******************************************************************************************************
[2026-06-14 14:17:00] INFO [setup_logging] 未检测到 tkinter，将使用命令行交互模式
[2026-06-14 14:17:00] DEBUG [detect_excel_format] 文件 /var******************************************************************************** Magic Bytes 检测为 xlsx 格式 (ZIP/OOXML)
[2026-06-14 14:17:00] INFO [load_lookup_table] 查找表加载完成：共 1 条条目，1 个唯一账号，2 个扩展字段
[2026-06-14 14:17:00] DEBUG [get_subject_info] 银行账号「0109年03月」匹配到主体: 北********司（优先级: 0）
[2026-06-14 14:17:00] INFO [setup_logging] 日志系统初始化完成，日志文件: /Use*******************************************************************************************************
[2026-06-14 14:17:00] INFO [setup_logging] 未检测到 tkinter，将使用命令行交互模式
[2026-06-14 14:17:00] DEBUG [detect_excel_format] 文件 /var******************************************************************************** Magic Bytes 检测为 xlsx 格式 (ZIP/OOXML)
[2026-06-14 14:17:00] INFO [load_lookup_table] 查找表加载完成：共 1 条条目，1 个唯一账号，0 个扩展字段
[2026-06-14 14:17:00] DEBUG [get_subject_info] 银行账号「[1万-10万]」匹配到主体: 测**司（优先级: 0）
[2026-06-14 14:17:00] INFO [setup_logging] 日志系统初始化完成，日志文件: /Use*******************************************************************************************************
[2026-06-14 14:17:00] INFO [setup_logging] 未检测到 tkinter，将使用命令行交互模式
[2026-06-14 14:17:00] DEBUG [detect_excel_format] 文件 /var******************************************************************************** Magic Bytes 检测为 xlsx 格式 (ZIP/OOXML)
[2026-06-14 14:17:00] INFO [load_lookup_table] 查找表加载完成：共 1 条条目，1 个唯一账号，2 个扩展字段
[2026-06-14 14:17:00] DEBUG [get_subject_info] 银行账号「[1万-10万]」匹配到主体: 测**司（优先级: 0）
[2026-06-14 14:17:00] INFO [setup_logging] 日志系统初始化完成，日志文件: /Use*******************************************************************************************************
[2026-06-14 14:17:00] INFO [setup_logging] 未检测到 tkinter，将使用命令行交互模式
[2026-06-14 14:17:00] DEBUG [detect_excel_format] 文件 /var******************************************************************************** Magic Bytes 检测为 xlsx 格式 (ZIP/OOXML)
[2026-06-14 14:17:00] INFO [load_lookup_table] 查找表加载完成：共 1 条条目，1 个唯一账号，4 个扩展字段
[2026-06-14 14:17:00] DEBUG [get_subject_info] 银行账号「[1万-10万]」匹配到主体: 测**司（优先级: 0）
[2026-06-14 14:17:00] INFO [setup_logging] 日志系统初始化完成，日志文件: /Use*******************************************************************************************************
[2026-06-14 14:17:00] INFO [setup_logging] 未检测到 tkinter，将使用命令行交互模式
[2026-06-14 14:17:00] DEBUG [detect_excel_format] 文件 /var******************************************************************************** Magic Bytes 检测为 xlsx 格式 (ZIP/OOXML)
[2026-06-14 14:17:00] INFO [load_lookup_table] 查找表加载完成：共 1 条条目，1 个唯一账号，0 个扩展字段
[2026-06-14 14:17:00] DEBUG [get_subject_info] 银行账号「[1万-10万]」匹配到主体: 测**司（优先级: 0）
[2026-06-14 14:17:00] INFO [setup_logging] 日志系统初始化完成，日志文件: /Use*******************************************************************************************************
[2026-06-14 14:17:00] INFO [setup_logging] 未检测到 tkinter，将使用命令行交互模式
[2026-06-14 14:17:00] DEBUG [detect_excel_format] 文件 /var******************************************************************************** Magic Bytes 检测为 xlsx 格式 (ZIP/OOXML)
[2026-06-14 14:17:00] INFO [load_lookup_table] 查找表加载完成：共 1 条条目，1 个唯一账号，0 个扩展字段
[2026-06-14 14:17:00] WARNING [get_subject_info] 银行账号「[1万-10万]」在查找表中未找到对应主体
[2026-06-14 14:17:00] INFO [setup_logging] 日志系统初始化完成，日志文件: /Use*******************************************************************************************************
[2026-06-14 14:17:00] INFO [setup_logging] 未检测到 tkinter，将使用命令行交互模式
[2026-06-14 14:17:00] WARNING [get_subject_info] 银行账号为空，无法查找主体
[2026-06-14 14:17:00] INFO [setup_logging] 日志系统初始化完成，日志文件: /Use*******************************************************************************************************
[2026-06-14 14:17:00] INFO [setup_logging] 未检测到 tkinter，将使用命令行交互模式
[2026-06-14 14:17:00] WARNING [load_lookup_table] 主体查找表不存在或未指定，返回空查找表结构
[2026-06-14 14:17:00] WARNING [get_subject_info] 主体查找表不存在或未指定，银行账号「[1万-10万]」的主体将为空
[2026-06-14 14:17:00] INFO [setup_logging] 日志系统初始化完成，日志文件: /Use*******************************************************************************************************
[2026-06-14 14:17:00] INFO [setup_logging] 未检测到 tkinter，将使用命令行交互模式
[2026-06-14 14:17:00] WARNING [load_lookup_table] 主体查找表不存在或未指定，返回空查找表结构
[2026-06-14 14:17:00] WARNING [get_subject_info] 主体查找表「/nonexistent/path.xlsx」为空或不存在，银行账号「[1万-10万]」的主体将为空
[2026-06-14 14:17:00] INFO [setup_logging] 日志系统初始化完成，日志文件: /Use*******************************************************************************************************
[2026-06-14 14:17:00] INFO [setup_logging] 未检测到 tkinter，将使用命令行交互模式
[2026-06-14 14:17:00] DEBUG [detect_excel_format] 文件 /var******************************************************************************** Magic Bytes 检测为 xlsx 格式 (ZIP/OOXML)
[2026-06-14 14:17:00] INFO [load_lookup_table] 查找表加载完成：共 1 条条目，1 个唯一账号，2 个扩展字段
[2026-06-14 14:17:00] INFO [setup_logging] 日志系统初始化完成，日志文件: /Use*******************************************************************************************************
[2026-06-14 14:17:00] INFO [setup_logging] 未检测到 tkinter，将使用命令行交互模式
[2026-06-14 14:17:00] DEBUG [detect_excel_format] 文件 /var******************************************************************************** Magic Bytes 检测为 xlsx 格式 (ZIP/OOXML)
[2026-06-14 14:17:00] INFO [load_lookup_table] 查找表加载完成：共 1 条条目，1 个唯一账号，0 个扩展字段
[2026-06-14 14:17:00] INFO [setup_logging] 日志系统初始化完成，日志文件: /Use*******************************************************************************************************
[2026-06-14 14:17:00] INFO [setup_logging] 未检测到 tkinter，将使用命令行交互模式
[2026-06-14 14:17:00] DEBUG [detect_excel_format] 文件 /var******************************************************************************** Magic Bytes 检测为 xlsx 格式 (ZIP/OOXML)
[2026-06-14 14:17:00] INFO [load_lookup_table] 查找表加载完成：共 1 条条目，1 个唯一账号，2 个扩展字段
[2026-06-14 14:17:00] INFO [setup_logging] 日志系统初始化完成，日志文件: /Use*******************************************************************************************************
[2026-06-14 14:17:00] INFO [setup_logging] 未检测到 tkinter，将使用命令行交互模式
[2026-06-14 14:17:00] INFO [setup_logging] 日志系统初始化完成，日志文件: /Use*******************************************************************************************************
[2026-06-14 14:17:00] INFO [setup_logging] 未检测到 tkinter，将使用命令行交互模式
[2026-06-14 14:17:00] INFO [setup_logging] 日志系统初始化完成，日志文件: /Use*******************************************************************************************************
[2026-06-14 14:17:00] INFO [setup_logging] 未检测到 tkinter，将使用命令行交互模式
[2026-06-14 14:17:00] INFO [setup_logging] 日志系统初始化完成，日志文件: /Use*******************************************************************************************************
[2026-06-14 14:17:00] INFO [setup_logging] 未检测到 tkinter，将使用命令行交互模式
[2026-06-14 14:17:00] DEBUG [detect_excel_format] 文件 /var******************************************************************************** Magic Bytes 检测为 xlsx 格式 (ZIP/OOXML)
[2026-06-14 14:17:00] INFO [load_lookup_table] 查找表加载完成：共 1 条条目，1 个唯一账号，1 个扩展字段
[2026-06-14 14:17:00] INFO [setup_logging] 日志系统初始化完成，日志文件: /Use*******************************************************************************************************
[2026-06-14 14:17:00] INFO [setup_logging] 未检测到 tkinter，将使用命令行交互模式
[2026-06-14 14:17:00] INFO [setup_logging] 日志系统初始化完成，日志文件: /Use*******************************************************************************************************
[2026-06-14 14:17:00] INFO [setup_logging] 未检测到 tkinter，将使用命令行交互模式
[2026-06-14 14:17:00] DEBUG [detect_excel_format] 文件 /var******************************************************************************** Magic Bytes 检测为 xlsx 格式 (ZIP/OOXML)
[2026-06-14 14:17:00] INFO [load_lookup_table] 查找表加载完成：共 1 条条目，1 个唯一账号，1 个扩展字段
[2026-06-14 14:17:00] INFO [setup_logging] 日志系统初始化完成，日志文件: /Use*******************************************************************************************************
[2026-06-14 14:17:00] INFO [setup_logging] 未检测到 tkinter，将使用命令行交互模式
[2026-06-14 14:17:00] DEBUG [detect_excel_format] 文件 /var******************************************************************************** Magic Bytes 检测为 xlsx 格式 (ZIP/OOXML)
[2026-06-14 14:17:00] INFO [load_lookup_table] 查找表加载完成：共 2 条条目，2 个唯一账号，0 个扩展字段
[2026-06-14 14:17:00] INFO [setup_logging] 日志系统初始化完成，日志文件: /Use*******************************************************************************************************
[2026-06-14 14:17:00] INFO [setup_logging] 未检测到 tkinter，将使用命令行交互模式
[2026-06-14 14:17:00] WARNING [load_lookup_table] 主体查找表不存在或未指定，返回空查找表结构
[2026-06-14 14:17:00] INFO [setup_logging] 日志系统初始化完成，日志文件: /Use*******************************************************************************************************
[2026-06-14 14:17:00] INFO [setup_logging] 未检测到 tkinter，将使用命令行交互模式
[2026-06-14 14:17:00] WARNING [load_lookup_table] 主体查找表不存在或未指定，返回空查找表结构
[2026-06-14 14:17:00] INFO [setup_logging] 日志系统初始化完成，日志文件: /Use*******************************************************************************************************
[2026-06-14 14:17:00] INFO [setup_logging] 未检测到 tkinter，将使用命令行交互模式
[2026-06-14 14:17:00] WARNING [load_lookup_table] 主体查找表不存在或未指定，返回空查找表结构
[2026-06-14 14:17:00] INFO [setup_logging] 日志系统初始化完成，日志文件: /Use*******************************************************************************************************
[2026-06-14 14:17:00] INFO [setup_logging] 未检测到 tkinter，将使用命令行交互模式
[2026-06-14 14:17:00] DEBUG [detect_excel_format] 文件 /var******************************************************************************** Magic Bytes 检测为 xlsx 格式 (ZIP/OOXML)
[2026-06-14 14:17:00] INFO [load_lookup_table] 查找表加载完成：共 3 条条目，1 个唯一账号，0 个扩展字段
[2026-06-14 14:17:00] INFO [setup_logging] 日志系统初始化完成，日志文件: /Use*******************************************************************************************************
[2026-06-14 14:17:00] INFO [setup_logging] 未检测到 tkinter，将使用命令行交互模式
[2026-06-14 14:17:00] DEBUG [detect_excel_format] 文件 /var******************************************************************************** Magic Bytes 检测为 xlsx 格式 (ZIP/OOXML)
[2026-06-14 14:17:00] INFO [load_lookup_table] 查找表加载完成：共 1 条条目，1 个唯一账号，2 个扩展字段
[2026-06-14 14:17:00] INFO [setup_logging] 日志系统初始化完成，日志文件: /Use*******************************************************************************************************
[2026-06-14 14:17:00] INFO [setup_logging] 未检测到 tkinter，将使用命令行交互模式
[2026-06-14 14:17:00] DEBUG [detect_excel_format] 文件 /var******************************************************************************** Magic Bytes 检测为 xlsx 格式 (ZIP/OOXML)
[2026-06-14 14:17:00] INFO [load_lookup_table] 查找表加载完成：共 1 条条目，1 个唯一账号，2 个扩展字段
[2026-06-14 14:17:00] INFO [setup_logging] 日志系统初始化完成，日志文件: /Use*******************************************************************************************************
[2026-06-14 14:17:00] INFO [setup_logging] 未检测到 tkinter，将使用命令行交互模式
[2026-06-14 14:17:00] DEBUG [detect_excel_format] 文件 /var******************************************************************************** Magic Bytes 检测为 xlsx 格式 (ZIP/OOXML)
[2026-06-14 14:17:00] INFO [load_lookup_table] 查找表加载完成：共 1 条条目，1 个唯一账号，0 个扩展字段
[2026-06-14 14:17:00] INFO [setup_logging] 日志系统初始化完成，日志文件: /Use*******************************************************************************************************
[2026-06-14 14:17:00] INFO [setup_logging] 未检测到 tkinter，将使用命令行交互模式
[2026-06-14 14:17:00] DEBUG [detect_excel_format] 文件 /var******************************************************************************** Magic Bytes 检测为 xlsx 格式 (ZIP/OOXML)
[2026-06-14 14:17:00] INFO [load_lookup_table] 查找表加载完成：共 2 条条目，2 个唯一账号，0 个扩展字段
[2026-06-14 14:17:00] INFO [setup_logging] 日志系统初始化完成，日志文件: /Use*******************************************************************************************************
[2026-06-14 14:17:00] INFO [setup_logging] 未检测到 tkinter，将使用命令行交互模式
[2026-06-14 14:17:00] DEBUG [detect_excel_format] 文件 /var******************************************************************************** Magic Bytes 检测为 xlsx 格式 (ZIP/OOXML)
[2026-06-14 14:17:00] INFO [load_lookup_table] 查找表加载完成：共 2 条条目，2 个唯一账号，0 个扩展字段
[2026-06-14 14:17:00] INFO [setup_logging] 日志系统初始化完成，日志文件: /Use*******************************************************************************************************
[2026-06-14 14:17:00] INFO [setup_logging] 未检测到 tkinter，将使用命令行交互模式
[2026-06-14 14:17:00] DEBUG [detect_excel_format] 文件 /var******************************************************************************** Magic Bytes 检测为 xlsx 格式 (ZIP/OOXML)
[2026-06-14 14:17:00] INFO [load_lookup_table] 查找表加载完成：共 2 条条目，2 个唯一账号，0 个扩展字段
[2026-06-14 14:17:00] INFO [setup_logging] 日志系统初始化完成，日志文件: /Use*******************************************************************************************************
[2026-06-14 14:17:00] INFO [setup_logging] 未检测到 tkinter，将使用命令行交互模式
[2026-06-14 14:17:00] DEBUG [detect_excel_format] 文件 /var******************************************************************************** Magic Bytes 检测为 xlsx 格式 (ZIP/OOXML)
[2026-06-14 14:17:00] INFO [load_lookup_table] 查找表加载完成：共 2 条条目，2 个唯一账号，0 个扩展字段
[2026-06-14 14:17:00] INFO [setup_logging] 日志系统初始化完成，日志文件: /Use*******************************************************************************************************
[2026-06-14 14:17:00] INFO [setup_logging] 未检测到 tkinter，将使用命令行交互模式
[2026-06-14 14:17:00] DEBUG [detect_excel_format] 文件 /var******************************************************************************** Magic Bytes 检测为 xlsx 格式 (ZIP/OOXML)
[2026-06-14 14:17:00] INFO [load_lookup_table] 查找表加载完成：共 2 条条目，2 个唯一账号，0 个扩展字段
[2026-06-14 14:17:00] INFO [setup_logging] 日志系统初始化完成，日志文件: /Use*******************************************************************************************************
[2026-06-14 14:17:00] INFO [setup_logging] 未检测到 tkinter，将使用命令行交互模式
[2026-06-14 14:17:00] WARNING [load_lookup_table] 主体查找表不存在或未指定，返回空查找表结构
[2026-06-14 14:17:00] INFO [setup_logging] 日志系统初始化完成，日志文件: /Use*******************************************************************************************************
[2026-06-14 14:17:00] INFO [setup_logging] 未检测到 tkinter，将使用命令行交互模式
[2026-06-14 14:17:00] DEBUG [detect_excel_format] 文件 /var******************************************************************************** Magic Bytes 检测为 xlsx 格式 (ZIP/OOXML)
[2026-06-14 14:17:00] INFO [load_lookup_table] 查找表加载完成：共 2 条条目，2 个唯一账号，0 个扩展字段
[2026-06-14 14:17:00] DEBUG [get_subject_info] 银行账号「0109年03月」匹配到主体: 北********司（优先级: 0）
[2026-06-14 14:17:00] INFO [setup_logging] 日志系统初始化完成，日志文件: /Use*******************************************************************************************************
[2026-06-14 14:17:00] INFO [setup_logging] 未检测到 tkinter，将使用命令行交互模式
[2026-06-14 14:17:00] DEBUG [detect_excel_format] 文件 /var******************************************************************************** Magic Bytes 检测为 xlsx 格式 (ZIP/OOXML)
[2026-06-14 14:17:00] INFO [load_lookup_table] 查找表加载完成：共 2 条条目，2 个唯一账号，0 个扩展字段
[2026-06-14 14:17:00] WARNING [get_subject_info] 银行账号「9999年99月」在查找表中未找到对应主体
[2026-06-14 14:17:00] INFO [setup_logging] 日志系统初始化完成，日志文件: /Use*******************************************************************************************************
[2026-06-14 14:17:00] INFO [setup_logging] 未检测到 tkinter，将使用命令行交互模式
[2026-06-14 14:17:00] DEBUG [detect_excel_format] 文件 /var******************************************************************************** Magic Bytes 检测为 xlsx 格式 (ZIP/OOXML)
[2026-06-14 14:17:00] INFO [load_lookup_table] 查找表加载完成：共 2 条条目，2 个唯一账号，0 个扩展字段
[2026-06-14 14:17:00] WARNING [get_subject_info] 银行账号为空，无法查找主体
[2026-06-14 14:17:00] INFO [setup_logging] 日志系统初始化完成，日志文件: /Use*******************************************************************************************************
[2026-06-14 14:17:00] INFO [setup_logging] 未检测到 tkinter，将使用命令行交互模式
[2026-06-14 14:17:00] WARNING [load_lookup_table] 主体查找表不存在或未指定，返回空查找表结构
[2026-06-14 14:17:00] WARNING [get_subject_info] 主体查找表不存在或未指定，银行账号「[1万-10万]」的主体将为空
[2026-06-14 14:17:00] INFO [setup_logging] 日志系统初始化完成，日志文件: /Use*******************************************************************************************************
[2026-06-14 14:17:00] INFO [setup_logging] 未检测到 tkinter，将使用命令行交互模式
[2026-06-14 14:17:00] DEBUG [detect_excel_format] 文件 /var******************************************************************************** Magic Bytes 检测为 xlsx 格式 (ZIP/OOXML)
[2026-06-14 14:17:00] INFO [load_lookup_table] 查找表加载完成：共 2 条条目，2 个唯一账号，0 个扩展字段
[2026-06-14 14:17:00] DEBUG [get_subject_info] 银行账号「0109年03月」匹配到主体: 北********司（优先级: 0）
[2026-06-14 14:17:00] INFO [setup_logging] 日志系统初始化完成，日志文件: /Use*******************************************************************************************************
[2026-06-14 14:17:00] INFO [setup_logging] 未检测到 tkinter，将使用命令行交互模式
[2026-06-14 14:17:00] DEBUG [detect_excel_format] 文件 /var******************************************************************************** Magic Bytes 检测为 xlsx 格式 (ZIP/OOXML)
[2026-06-14 14:17:00] INFO [load_lookup_table] 查找表加载完成：共 2 条条目，1 个唯一账号，0 个扩展字段
[2026-06-14 14:17:00] DEBUG [get_subject_info] 银行账号「[1万-10万]」匹配到主体: 高****体（优先级: 10）
[2026-06-14 14:17:00] INFO [setup_logging] 日志系统初始化完成，日志文件: /Use*******************************************************************************************************
[2026-06-14 14:17:00] INFO [setup_logging] 未检测到 tkinter，将使用命令行交互模式
[2026-06-14 14:17:00] DEBUG [detect_excel_format] 文件 /var******************************************************************************** Magic Bytes 检测为 xlsx 格式 (ZIP/OOXML)
[2026-06-14 14:17:00] INFO [load_lookup_table] 查找表加载完成：共 1 条条目，1 个唯一账号，2 个扩展字段
[2026-06-14 14:17:00] DEBUG [get_subject_info] 银行账号「[1万-10万]」匹配到主体: 测**司（优先级: 0）
[2026-06-14 14:17:00] INFO [setup_logging] 日志系统初始化完成，日志文件: /Use*******************************************************************************************************
[2026-06-14 14:17:00] INFO [setup_logging] 未检测到 tkinter，将使用命令行交互模式
[2026-06-14 14:17:00] DEBUG [detect_excel_format] 文件 /var******************************************************************************** Magic Bytes 检测为 xlsx 格式 (ZIP/OOXML)
[2026-06-14 14:17:00] INFO [load_lookup_table] 查找表加载完成：共 1 条条目，1 个唯一账号，0 个扩展字段
[2026-06-14 14:17:01] INFO [setup_logging] 日志系统初始化完成，日志文件: /Use*******************************************************************************************************
[2026-06-14 14:17:01] INFO [setup_logging] 未检测到 tkinter，将使用命令行交互模式
[2026-06-14 14:17:01] DEBUG [detect_excel_format] 文件 /var******************************************************************************** Magic Bytes 检测为 xlsx 格式 (ZIP/OOXML)
[2026-06-14 14:17:01] INFO [load_lookup_table] 查找表加载完成：共 2 条条目，2 个唯一账号，0 个扩展字段
[2026-06-14 14:17:01] WARNING [get_subject_info] 银行账号「[1万-10万]」在查找表中未找到对应主体
[2026-06-14 14:17:01] INFO [setup_logging] 日志系统初始化完成，日志文件: /Use*******************************************************************************************************
[2026-06-14 14:17:01] INFO [setup_logging] 未检测到 tkinter，将使用命令行交互模式
[2026-06-14 14:17:01] WARNING [load_lookup_table] 主体查找表不存在或未指定，返回空查找表结构
[2026-06-14 14:17:01] WARNING [get_subject_info] 主体查找表不存在或未指定，银行账号「[1万-10万]」的主体将为空
[2026-06-14 14:17:01] INFO [setup_logging] 日志系统初始化完成，日志文件: /Use*******************************************************************************************************
[2026-06-14 14:17:01] INFO [setup_logging] 未检测到 tkinter，将使用命令行交互模式
[2026-06-14 14:17:01] DEBUG [detect_excel_format] 文件 /var******************************************************************************** Magic Bytes 检测为 xlsx 格式 (ZIP/OOXML)
[2026-06-14 14:17:01] INFO [load_lookup_table] 查找表加载完成：共 1 条条目，1 个唯一账号，2 个扩展字段
[2026-06-14 14:17:01] INFO [setup_logging] 日志系统初始化完成，日志文件: /Use*******************************************************************************************************
[2026-06-14 14:17:01] INFO [setup_logging] 未检测到 tkinter，将使用命令行交互模式
[2026-06-14 14:17:01] DEBUG [detect_excel_format] 文件 /var******************************************************************************** Magic Bytes 检测为 xlsx 格式 (ZIP/OOXML)
[2026-06-14 14:17:01] INFO [load_lookup_table] 查找表加载完成：共 2 条条目，2 个唯一账号，0 个扩展字段
[2026-06-14 14:17:01] INFO [setup_logging] 日志系统初始化完成，日志文件: /Use*******************************************************************************************************
[2026-06-14 14:17:01] INFO [setup_logging] 未检测到 tkinter，将使用命令行交互模式
[2026-06-14 14:17:01] WARNING [load_lookup_table] 主体查找表不存在或未指定，返回空查找表结构
[2026-06-14 14:17:01] INFO [setup_logging] 日志系统初始化完成，日志文件: /Use*******************************************************************************************************
[2026-06-14 14:17:01] INFO [setup_logging] 未检测到 tkinter，将使用命令行交互模式
[2026-06-14 14:17:01] DEBUG [detect_excel_format] 文件 /var******************************************************************************** Magic Bytes 检测为 xlsx 格式 (ZIP/OOXML)
[2026-06-14 14:17:01] INFO [load_lookup_table] 查找表加载完成：共 2 条条目，2 个唯一账号，0 个扩展字段
[2026-06-14 14:17:01] DEBUG [get_subject_info] 银行账号「0109年03月」匹配到主体: 北********司（优先级: 0）
[2026-06-14 14:17:01] INFO [setup_logging] 日志系统初始化完成，日志文件: /Use*******************************************************************************************************
[2026-06-14 14:17:01] INFO [setup_logging] 未检测到 tkinter，将使用命令行交互模式
[2026-06-14 14:17:01] DEBUG [detect_excel_format] 文件 /var******************************************************************************** Magic Bytes 检测为 xlsx 格式 (ZIP/OOXML)
[2026-06-14 14:17:01] INFO [load_lookup_table] 查找表加载完成：共 2 条条目，2 个唯一账号，0 个扩展字段
[2026-06-14 14:17:01] DEBUG [get_subject_info] 银行账号「0109年03月」匹配到主体: 北********司（优先级: 0）
[2026-06-14 14:17:01] INFO [setup_logging] 日志系统初始化完成，日志文件: /Use*******************************************************************************************************
[2026-06-14 14:17:01] INFO [setup_logging] 未检测到 tkinter，将使用命令行交互模式
[2026-06-14 14:17:01] DEBUG [detect_excel_format] 文件 /var******************************************************************************** Magic Bytes 检测为 xlsx 格式 (ZIP/OOXML)
[2026-06-14 14:17:01] INFO [load_lookup_table] 查找表加载完成：共 1 条条目，1 个唯一账号，1 个扩展字段
[2026-06-14 14:17:01] INFO [setup_logging] 日志系统初始化完成，日志文件: /Use*******************************************************************************************************
[2026-06-14 14:17:01] INFO [setup_logging] 未检测到 tkinter，将使用命令行交互模式
[2026-06-14 14:17:01] DEBUG [detect_excel_format] 文件 /var******************************************************************************** Magic Bytes 检测为 xlsx 格式 (ZIP/OOXML)
[2026-06-14 14:17:01] INFO [load_lookup_table] 查找表加载完成：共 1 条条目，1 个唯一账号，1 个扩展字段
[2026-06-14 14:17:01] INFO [setup_logging] 日志系统初始化完成，日志文件: /Use*******************************************************************************************************
[2026-06-14 14:17:01] INFO [setup_logging] 未检测到 tkinter，将使用命令行交互模式
[2026-06-14 14:17:01] DEBUG [detect_excel_format] 文件 /var******************************************************************************** Magic Bytes 检测为 xlsx 格式 (ZIP/OOXML)
[2026-06-14 14:17:01] INFO [load_lookup_table] 查找表加载完成：共 2 条条目，2 个唯一账号，0 个扩展字段
[2026-06-14 14:17:01] DEBUG [get_subject_info] 银行账号「0109年03月」匹配到主体: 北********司（优先级: 0）
[2026-06-14 14:17:01] DEBUG [get_subject_info] 银行账号「0109年03月」匹配到主体: 北********司（优先级: 0）
[2026-06-14 14:17:01] DEBUG [get_subject_info] 银行账号「0109年03月」匹配到主体: 北********司（优先级: 0）
[2026-06-14 14:17:01] DEBUG [get_subject_info] 银行账号「0109年03月」匹配到主体: 北********司（优先级: 0）
[2026-06-14 14:17:01] DEBUG [get_subject_info] 银行账号「0109年03月」匹配到主体: 北********司（优先级: 0）
[2026-06-14 14:17:01] DEBUG [get_subject_info] 银行账号「0109年03月」匹配到主体: 北********司（优先级: 0）
[2026-06-14 14:17:01] DEBUG [get_subject_info] 银行账号「0109年03月」匹配到主体: 北********司（优先级: 0）
[2026-06-14 14:17:01] DEBUG [get_subject_info] 银行账号「0109年03月」匹配到主体: 北********司（优先级: 0）
[2026-06-14 14:17:01] DEBUG [get_subject_info] 银行账号「0109年03月」匹配到主体: 北********司（优先级: 0）
[2026-06-14 14:17:01] DEBUG [get_subject_info] 银行账号「0109年03月」匹配到主体: 北********司（优先级: 0）
[2026-06-14 14:17:01] DEBUG [get_subject_info] 银行账号「0109年03月」匹配到主体: 北********司（优先级: 0）
[2026-06-14 14:17:01] DEBUG [get_subject_info] 银行账号「0109年03月」匹配到主体: 北********司（优先级: 0）
[2026-06-14 14:17:01] DEBUG [get_subject_info] 银行账号「0109年03月」匹配到主体: 北********司（优先级: 0）
[2026-06-14 14:17:01] DEBUG [get_subject_info] 银行账号「0109年03月」匹配到主体: 北********司（优先级: 0）
[2026-06-14 14:17:01] DEBUG [get_subject_info] 银行账号「0109年03月」匹配到主体: 北********司（优先级: 0）
[2026-06-14 14:17:01] DEBUG [get_subject_info] 银行账号「0109年03月」匹配到主体: 北********司（优先级: 0）
[2026-06-14 14:17:01] DEBUG [get_subject_info] 银行账号「0109年03月」匹配到主体: 北********司（优先级: 0）
[2026-06-14 14:17:01] DEBUG [get_subject_info] 银行账号「0109年03月」匹配到主体: 北********司（优先级: 0）
[2026-06-14 14:17:01] DEBUG [get_subject_info] 银行账号「0109年03月」匹配到主体: 北********司（优先级: 0）
[2026-06-14 14:17:01] DEBUG [get_subject_info] 银行账号「0109年03月」匹配到主体: 北********司（优先级: 0）
[2026-06-14 14:17:01] DEBUG [get_subject_info] 银行账号「0109年03月」匹配到主体: 北********司（优先级: 0）
[2026-06-14 14:17:01] DEBUG [get_subject_info] 银行账号「0109年03月」匹配到主体: 北********司（优先级: 0）
[2026-06-14 14:17:01] DEBUG [get_subject_info] 银行账号「0109年03月」匹配到主体: 北********司（优先级: 0）
[2026-06-14 14:17:01] DEBUG [get_subject_info] 银行账号「0109年03月」匹配到主体: 北********司（优先级: 0）
[2026-06-14 14:17:01] DEBUG [get_subject_info] 银行账号「0109年03月」匹配到主体: 北********司（优先级: 0）
[2026-06-14 14:17:01] DEBUG [get_subject_info] 银行账号「0109年03月」匹配到主体: 北********司（优先级: 0）
[2026-06-14 14:17:01] DEBUG [get_subject_info] 银行账号「0109年03月」匹配到主体: 北********司（优先级: 0）
[2026-06-14 14:17:01] DEBUG [get_subject_info] 银行账号「0109年03月」匹配到主体: 北********司（优先级: 0）
[2026-06-14 14:17:01] DEBUG [get_subject_info] 银行账号「0109年03月」匹配到主体: 北********司（优先级: 0）
[2026-06-14 14:17:01] DEBUG [get_subject_info] 银行账号「0109年03月」匹配到主体: 北********司（优先级: 0）
[2026-06-14 14:17:01] DEBUG [get_subject_info] 银行账号「0109年03月」匹配到主体: 北********司（优先级: 0）
[2026-06-14 14:17:01] DEBUG [get_subject_info] 银行账号「0109年03月」匹配到主体: 北********司（优先级: 0）
[2026-06-14 14:17:01] DEBUG [get_subject_info] 银行账号「0109年03月」匹配到主体: 北********司（优先级: 0）
[2026-06-14 14:17:01] DEBUG [get_subject_info] 银行账号「0109年03月」匹配到主体: 北********司（优先级: 0）
[2026-06-14 14:17:01] DEBUG [get_subject_info] 银行账号「0109年03月」匹配到主体: 北********司（优先级: 0）
[2026-06-14 14:17:01] DEBUG [get_subject_info] 银行账号「0109年03月」匹配到主体: 北********司（优先级: 0）
[2026-06-14 14:17:01] DEBUG [get_subject_info] 银行账号「0109年03月」匹配到主体: 北********司（优先级: 0）
[2026-06-14 14:17:01] DEBUG [get_subject_info] 银行账号「0109年03月」匹配到主体: 北********司（优先级: 0）
[2026-06-14 14:17:01] DEBUG [get_subject_info] 银行账号「0109年03月」匹配到主体: 北********司（优先级: 0）
[2026-06-14 14:17:01] DEBUG [get_subject_info] 银行账号「0109年03月」匹配到主体: 北********司（优先级: 0）
[2026-06-14 14:17:01] DEBUG [get_subject_info] 银行账号「0109年03月」匹配到主体: 北********司（优先级: 0）
[2026-06-14 14:17:01] DEBUG [get_subject_info] 银行账号「0109年03月」匹配到主体: 北********司（优先级: 0）
[2026-06-14 14:17:01] DEBUG [get_subject_info] 银行账号「0109年03月」匹配到主体: 北********司（优先级: 0）
[2026-06-14 14:17:01] DEBUG [get_subject_info] 银行账号「0109年03月」匹配到主体: 北********司（优先级: 0）
[2026-06-14 14:17:01] DEBUG [get_subject_info] 银行账号「0109年03月」匹配到主体: 北********司（优先级: 0）
[2026-06-14 14:17:01] DEBUG [get_subject_info] 银行账号「0109年03月」匹配到主体: 北********司（优先级: 0）
[2026-06-14 14:17:01] DEBUG [get_subject_info] 银行账号「0109年03月」匹配到主体: 北********司（优先级: 0）
[2026-06-14 14:17:01] DEBUG [get_subject_info] 银行账号「0109年03月」匹配到主体: 北********司（优先级: 0）
[2026-06-14 14:17:01] DEBUG [get_subject_info] 银行账号「0109年03月」匹配到主体: 北********司（优先级: 0）
[2026-06-14 14:17:01] DEBUG [get_subject_info] 银行账号「0109年03月」匹配到主体: 北********司（优先级: 0）
[2026-06-14 14:17:01] DEBUG [get_subject_info] 银行账号「0109年03月」匹配到主体: 北********司（优先级: 0）
[2026-06-14 14:17:01] DEBUG [get_subject_info] 银行账号「0109年03月」匹配到主体: 北********司（优先级: 0）
[2026-06-14 14:17:01] DEBUG [get_subject_info] 银行账号「0109年03月」匹配到主体: 北********司（优先级: 0）
[2026-06-14 14:17:01] DEBUG [get_subject_info] 银行账号「0109年03月」匹配到主体: 北********司（优先级: 0）
[2026-06-14 14:17:01] DEBUG [get_subject_info] 银行账号「0109年03月」匹配到主体: 北********司（优先级: 0）
[2026-06-14 14:17:01] DEBUG [get_subject_info] 银行账号「0109年03月」匹配到主体: 北********司（优先级: 0）
[2026-06-14 14:17:01] DEBUG [get_subject_info] 银行账号「0109年03月」匹配到主体: 北********司（优先级: 0）
[2026-06-14 14:17:01] DEBUG [get_subject_info] 银行账号「0109年03月」匹配到主体: 北********司（优先级: 0）
[2026-06-14 14:17:01] DEBUG [get_subject_info] 银行账号「0109年03月」匹配到主体: 北********司（优先级: 0）
[2026-06-14 14:17:01] DEBUG [get_subject_info] 银行账号「0109年03月」匹配到主体: 北********司（优先级: 0）
[2026-06-14 14:17:01] DEBUG [get_subject_info] 银行账号「0109年03月」匹配到主体: 北********司（优先级: 0）
[2026-06-14 14:17:01] DEBUG [get_subject_info] 银行账号「0109年03月」匹配到主体: 北********司（优先级: 0）
[2026-06-14 14:17:01] DEBUG [get_subject_info] 银行账号「0109年03月」匹配到主体: 北********司（优先级: 0）
[2026-06-14 14:17:01] DEBUG [get_subject_info] 银行账号「0109年03月」匹配到主体: 北********司（优先级: 0）
[2026-06-14 14:17:01] DEBUG [get_subject_info] 银行账号「0109年03月」匹配到主体: 北********司（优先级: 0）
[2026-06-14 14:17:01] DEBUG [get_subject_info] 银行账号「0109年03月」匹配到主体: 北********司（优先级: 0）
[2026-06-14 14:17:01] DEBUG [get_subject_info] 银行账号「0109年03月」匹配到主体: 北********司（优先级: 0）
[2026-06-14 14:17:01] DEBUG [get_subject_info] 银行账号「0109年03月」匹配到主体: 北********司（优先级: 0）
[2026-06-14 14:17:01] DEBUG [get_subject_info] 银行账号「0109年03月」匹配到主体: 北********司（优先级: 0）
[2026-06-14 14:17:01] DEBUG [get_subject_info] 银行账号「0109年03月」匹配到主体: 北********司（优先级: 0）
[2026-06-14 14:17:01] DEBUG [get_subject_info] 银行账号「0109年03月」匹配到主体: 北********司（优先级: 0）
[2026-06-14 14:17:01] DEBUG [get_subject_info] 银行账号「0109年03月」匹配到主体: 北********司（优先级: 0）
[2026-06-14 14:17:01] DEBUG [get_subject_info] 银行账号「0109年03月」匹配到主体: 北********司（优先级: 0）
[2026-06-14 14:17:01] DEBUG [get_subject_info] 银行账号「0109年03月」匹配到主体: 北********司（优先级: 0）
[2026-06-14 14:17:01] DEBUG [get_subject_info] 银行账号「0109年03月」匹配到主体: 北********司（优先级: 0）
[2026-06-14 14:17:01] DEBUG [get_subject_info] 银行账号「0109年03月」匹配到主体: 北********司（优先级: 0）
[2026-06-14 14:17:01] DEBUG [get_subject_info] 银行账号「0109年03月」匹配到主体: 北********司（优先级: 0）
[2026-06-14 14:17:01] DEBUG [get_subject_info] 银行账号「0109年03月」匹配到主体: 北********司（优先级: 0）
[2026-06-14 14:17:01] DEBUG [get_subject_info] 银行账号「0109年03月」匹配到主体: 北********司（优先级: 0）
[2026-06-14 14:17:01] DEBUG [get_subject_info] 银行账号「0109年03月」匹配到主体: 北********司（优先级: 0）
[2026-06-14 14:17:01] DEBUG [get_subject_info] 银行账号「0109年03月」匹配到主体: 北********司（优先级: 0）
[2026-06-14 14:17:01] DEBUG [get_subject_info] 银行账号「0109年03月」匹配到主体: 北********司（优先级: 0）
[2026-06-14 14:17:01] DEBUG [get_subject_info] 银行账号「0109年03月」匹配到主体: 北********司（优先级: 0）
[2026-06-14 14:17:01] DEBUG [get_subject_info] 银行账号「0109年03月」匹配到主体: 北********司（优先级: 0）
[2026-06-14 14:17:01] DEBUG [get_subject_info] 银行账号「0109年03月」匹配到主体: 北********司（优先级: 0）
[2026-06-14 14:17:01] DEBUG [get_subject_info] 银行账号「0109年03月」匹配到主体: 北********司（优先级: 0）
[2026-06-14 14:17:01] DEBUG [get_subject_info] 银行账号「0109年03月」匹配到主体: 北********司（优先级: 0）
[2026-06-14 14:17:01] DEBUG [get_subject_info] 银行账号「0109年03月」匹配到主体: 北********司（优先级: 0）
[2026-06-14 14:17:01] DEBUG [get_subject_info] 银行账号「0109年03月」匹配到主体: 北********司（优先级: 0）
[2026-06-14 14:17:01] DEBUG [get_subject_info] 银行账号「0109年03月」匹配到主体: 北********司（优先级: 0）
[2026-06-14 14:17:01] DEBUG [get_subject_info] 银行账号「0109年03月」匹配到主体: 北********司（优先级: 0）
[2026-06-14 14:17:01] DEBUG [get_subject_info] 银行账号「0109年03月」匹配到主体: 北********司（优先级: 0）
[2026-06-14 14:17:01] DEBUG [get_subject_info] 银行账号「0109年03月」匹配到主体: 北********司（优先级: 0）
[2026-06-14 14:17:01] DEBUG [get_subject_info] 银行账号「0109年03月」匹配到主体: 北********司（优先级: 0）
[2026-06-14 14:17:01] DEBUG [get_subject_info] 银行账号「0109年03月」匹配到主体: 北********司（优先级: 0）
[2026-06-14 14:17:01] DEBUG [get_subject_info] 银行账号「0109年03月」匹配到主体: 北********司（优先级: 0）
[2026-06-14 14:17:01] DEBUG [get_subject_info] 银行账号「0109年03月」匹配到主体: 北********司（优先级: 0）
[2026-06-14 14:17:01] DEBUG [get_subject_info] 银行账号「0109年03月」匹配到主体: 北********司（优先级: 0）
[2026-06-14 14:17:01] DEBUG [get_subject_info] 银行账号「0109年03月」匹配到主体: 北********司（优先级: 0）
[2026-06-14 14:17:01] DEBUG [get_subject_info] 银行账号「0109年03月」匹配到主体: 北********司（优先级: 0）
[2026-06-14 14:17:01] INFO [setup_logging] 日志系统初始化完成，日志文件: /Use*******************************************************************************************************
[2026-06-14 14:17:01] INFO [setup_logging] 未检测到 tkinter，将使用命令行交互模式
[2026-06-14 14:17:01] DEBUG [detect_excel_format] 文件 /var******************************************************************************** Magic Bytes 检测为 xlsx 格式 (ZIP/OOXML)
[2026-06-14 14:17:01] INFO [load_lookup_table] 查找表加载完成：共 2 条条目，2 个唯一账号，0 个扩展字段
[2026-06-14 14:17:01] DEBUG [get_subject_info] 银行账号「0109年03月」匹配到主体: 北********司（优先级: 0）
[2026-06-14 14:17:01] DEBUG [get_subject_info] 银行账号「3881年23月」匹配到主体: 上********司（优先级: 0）
[2026-06-14 14:17:01] INFO [setup_logging] 日志系统初始化完成，日志文件: /Use*******************************************************************************************************
[2026-06-14 14:17:01] INFO [setup_logging] 未检测到 tkinter，将使用命令行交互模式
[2026-06-14 14:17:01] DEBUG [detect_excel_format] 文件 /var******************************************************************************** Magic Bytes 检测为 xlsx 格式 (ZIP/OOXML)
[2026-06-14 14:17:01] INFO [load_lookup_table] 查找表加载完成：共 1 条条目，1 个唯一账号，1 个扩展字段
[2026-06-14 14:17:01] DEBUG [get_subject_info] 银行账号「[1万-10万]」匹配到主体: 测**司（优先级: 0）
[2026-06-14 14:17:01] INFO [setup_logging] 日志系统初始化完成，日志文件: /Use*******************************************************************************************************
[2026-06-14 14:17:01] INFO [setup_logging] 未检测到 tkinter，将使用命令行交互模式
[2026-06-14 14:17:01] INFO [find_lookup_file] 在指定目录找到主体查找表: /var****************************************************************************
[2026-06-14 14:17:01] INFO [setup_logging] 日志系统初始化完成，日志文件: /Use*******************************************************************************************************
[2026-06-14 14:17:01] INFO [setup_logging] 未检测到 tkinter，将使用命令行交互模式
[2026-06-14 14:17:01] INFO [find_lookup_file] 在指定目录找到主体查找表: /var***************************************************************************
[2026-06-14 14:17:01] INFO [setup_logging] 日志系统初始化完成，日志文件: /Use*******************************************************************************************************
[2026-06-14 14:17:01] INFO [setup_logging] 未检测到 tkinter，将使用命令行交互模式
[2026-06-14 14:17:01] WARNING [find_lookup_file] 在指定目录未找到主体查找表: /var*****************************************************************
[2026-06-14 14:17:01] INFO [setup_logging] 日志系统初始化完成，日志文件: /Use*******************************************************************************************************
[2026-06-14 14:17:01] INFO [setup_logging] 未检测到 tkinter，将使用命令行交互模式
[2026-06-14 14:17:01] INFO [read_lookup_entries] 从查找表读取到 3 条记录，扩展字段: 无
[2026-06-14 14:17:01] INFO [setup_logging] 日志系统初始化完成，日志文件: /Use*******************************************************************************************************
[2026-06-14 14:17:01] INFO [setup_logging] 未检测到 tkinter，将使用命令行交互模式
[2026-06-14 14:17:01] WARNING [read_lookup_entries] 查找表文件不存在: /nonexistent/path.xlsx
[2026-06-14 14:17:01] INFO [setup_logging] 日志系统初始化完成，日志文件: /Use*******************************************************************************************************
[2026-06-14 14:17:01] INFO [setup_logging] 未检测到 tkinter，将使用命令行交互模式
[2026-06-14 14:17:01] INFO [read_lookup_entries] 从查找表读取到 0 条记录，扩展字段: 无
[2026-06-14 14:17:01] INFO [setup_logging] 日志系统初始化完成，日志文件: /Use*******************************************************************************************************
[2026-06-14 14:17:01] INFO [setup_logging] 未检测到 tkinter，将使用命令行交互模式
[2026-06-14 14:17:01] INFO [read_lookup_entries] 从查找表读取到 0 条记录，扩展字段: 无
[2026-06-14 14:17:01] INFO [setup_logging] 日志系统初始化完成，日志文件: /Use*******************************************************************************************************
[2026-06-14 14:17:01] INFO [setup_logging] 未检测到 tkinter，将使用命令行交互模式
[2026-06-14 14:17:01] INFO [read_lookup_entries] 从查找表读取到 2 条记录，扩展字段: 无
[2026-06-14 14:17:01] INFO [setup_logging] 日志系统初始化完成，日志文件: /Use*******************************************************************************************************
[2026-06-14 14:17:01] INFO [setup_logging] 未检测到 tkinter，将使用命令行交互模式
[2026-06-14 14:17:01] INFO [save_lookup_entries] 查找表已保存到 /var********************************************************************************，共 2 条记录
[2026-06-14 14:17:01] INFO [read_lookup_entries] 从查找表读取到 2 条记录，扩展字段: 无
[2026-06-14 14:17:01] INFO [setup_logging] 日志系统初始化完成，日志文件: /Use*******************************************************************************************************
[2026-06-14 14:17:01] INFO [setup_logging] 未检测到 tkinter，将使用命令行交互模式
[2026-06-14 14:17:01] INFO [read_lookup_entries] 从查找表读取到 3 条记录，扩展字段: 无
[2026-06-14 14:17:01] INFO [save_lookup_entries] 查找表已保存到 /var****************************************************************************，共 1 条记录
[2026-06-14 14:17:01] INFO [read_lookup_entries] 从查找表读取到 1 条记录，扩展字段: 无
[2026-06-14 14:17:01] INFO [setup_logging] 日志系统初始化完成，日志文件: /Use*******************************************************************************************************
[2026-06-14 14:17:01] INFO [setup_logging] 未检测到 tkinter，将使用命令行交互模式
[2026-06-14 14:17:01] INFO [read_lookup_entries] 从查找表读取到 3 条记录，扩展字段: 无
[2026-06-14 14:17:01] INFO [setup_logging] 日志系统初始化完成，日志文件: /Use*******************************************************************************************************
[2026-06-14 14:17:01] INFO [setup_logging] 未检测到 tkinter，将使用命令行交互模式
[2026-06-14 14:17:01] INFO [read_lookup_entries] 从查找表读取到 3 条记录，扩展字段: 无
[2026-06-14 14:17:01] INFO [setup_logging] 日志系统初始化完成，日志文件: /Use*******************************************************************************************************
[2026-06-14 14:17:01] INFO [setup_logging] 未检测到 tkinter，将使用命令行交互模式
[2026-06-14 14:17:01] INFO [read_lookup_entries] 从查找表读取到 3 条记录，扩展字段: 无
[2026-06-14 14:17:01] INFO [setup_logging] 日志系统初始化完成，日志文件: /Use*******************************************************************************************************
[2026-06-14 14:17:01] INFO [setup_logging] 未检测到 tkinter，将使用命令行交互模式
[2026-06-14 14:17:01] INFO [read_lookup_entries] 从查找表读取到 3 条记录，扩展字段: 无
[2026-06-14 14:17:01] INFO [setup_logging] 日志系统初始化完成，日志文件: /Use*******************************************************************************************************
[2026-06-14 14:17:01] INFO [setup_logging] 未检测到 tkinter，将使用命令行交互模式
[2026-06-14 14:17:01] INFO [read_lookup_entries] 从查找表读取到 3 条记录，扩展字段: 无
[2026-06-14 14:17:01] INFO [read_lookup_entries] 从查找表读取到 3 条记录，扩展字段: 无
[2026-06-14 14:17:01] INFO [save_lookup_entries] 查找表已保存到 /var****************************************************************************，共 4 条记录
[2026-06-14 14:17:01] INFO [add_entry] 已添加条目: 9999年99月 -> 新公司
[2026-06-14 14:17:01] INFO [read_lookup_entries] 从查找表读取到 4 条记录，扩展字段: 无
[2026-06-14 14:17:01] INFO [setup_logging] 日志系统初始化完成，日志文件: /Use*******************************************************************************************************
[2026-06-14 14:17:01] INFO [setup_logging] 未检测到 tkinter，将使用命令行交互模式
[2026-06-14 14:17:01] INFO [read_lookup_entries] 从查找表读取到 3 条记录，扩展字段: 无
[2026-06-14 14:17:01] INFO [read_lookup_entries] 从查找表读取到 3 条记录，扩展字段: 无
[2026-06-14 14:17:01] INFO [setup_logging] 日志系统初始化完成，日志文件: /Use*******************************************************************************************************
[2026-06-14 14:17:01] INFO [setup_logging] 未检测到 tkinter，将使用命令行交互模式
[2026-06-14 14:17:01] INFO [setup_logging] 日志系统初始化完成，日志文件: /Use*******************************************************************************************************
[2026-06-14 14:17:01] INFO [setup_logging] 未检测到 tkinter，将使用命令行交互模式
[2026-06-14 14:17:01] INFO [setup_logging] 日志系统初始化完成，日志文件: /Use*******************************************************************************************************
[2026-06-14 14:17:01] INFO [setup_logging] 未检测到 tkinter，将使用命令行交互模式
[2026-06-14 14:17:01] INFO [read_lookup_entries] 从查找表读取到 3 条记录，扩展字段: 无
[2026-06-14 14:17:01] INFO [read_lookup_entries] 从查找表读取到 3 条记录，扩展字段: 无
[2026-06-14 14:17:01] INFO [save_lookup_entries] 查找表已保存到 /var****************************************************************************，共 4 条记录
[2026-06-14 14:17:01] INFO [add_entry] 已添加条目: [1万-10万] -> 测试公司
[2026-06-14 14:17:01] INFO [read_lookup_entries] 从查找表读取到 4 条记录，扩展字段: 无
[2026-06-14 14:17:01] INFO [setup_logging] 日志系统初始化完成，日志文件: /Use*******************************************************************************************************
[2026-06-14 14:17:01] INFO [setup_logging] 未检测到 tkinter，将使用命令行交互模式
[2026-06-14 14:17:01] INFO [read_lookup_entries] 从查找表读取到 3 条记录，扩展字段: 无
[2026-06-14 14:17:01] INFO [save_lookup_entries] 查找表已保存到 /var****************************************************************************，共 3 条记录
[2026-06-14 14:17:01] INFO [update_entry] 已更新条目: 0109年03月 -> 更新后的公司名 (原账号: 0109年03月)
[2026-06-14 14:17:01] INFO [read_lookup_entries] 从查找表读取到 3 条记录，扩展字段: 无
[2026-06-14 14:17:01] INFO [setup_logging] 日志系统初始化完成，日志文件: /Use*******************************************************************************************************
[2026-06-14 14:17:01] INFO [setup_logging] 未检测到 tkinter，将使用命令行交互模式
[2026-06-14 14:17:01] INFO [read_lookup_entries] 从查找表读取到 3 条记录，扩展字段: 无
[2026-06-14 14:17:01] INFO [save_lookup_entries] 查找表已保存到 /var****************************************************************************，共 3 条记录
[2026-06-14 14:17:01] INFO [update_entry] 已更新条目: 1111年11月 -> 北京XX科技有限公司 (原账号: 0109年03月)
[2026-06-14 14:17:01] INFO [read_lookup_entries] 从查找表读取到 3 条记录，扩展字段: 无
[2026-06-14 14:17:01] INFO [read_lookup_entries] 从查找表读取到 3 条记录，扩展字段: 无
[2026-06-14 14:17:01] INFO [setup_logging] 日志系统初始化完成，日志文件: /Use*******************************************************************************************************
[2026-06-14 14:17:01] INFO [setup_logging] 未检测到 tkinter，将使用命令行交互模式
[2026-06-14 14:17:01] INFO [read_lookup_entries] 从查找表读取到 3 条记录，扩展字段: 无
[2026-06-14 14:17:01] INFO [setup_logging] 日志系统初始化完成，日志文件: /Use*******************************************************************************************************
[2026-06-14 14:17:01] INFO [setup_logging] 未检测到 tkinter，将使用命令行交互模式
[2026-06-14 14:17:01] INFO [read_lookup_entries] 从查找表读取到 3 条记录，扩展字段: 无
[2026-06-14 14:17:01] INFO [setup_logging] 日志系统初始化完成，日志文件: /Use*******************************************************************************************************
[2026-06-14 14:17:01] INFO [setup_logging] 未检测到 tkinter，将使用命令行交互模式
[2026-06-14 14:17:01] INFO [read_lookup_entries] 从查找表读取到 3 条记录，扩展字段: 无
[2026-06-14 14:17:01] INFO [save_lookup_entries] 查找表已保存到 /var****************************************************************************，共 2 条记录
[2026-06-14 14:17:01] INFO [delete_entry] 已删除 1 条条目，账号: 0109年03月
[2026-06-14 14:17:01] INFO [read_lookup_entries] 从查找表读取到 2 条记录，扩展字段: 无
[2026-06-14 14:17:01] INFO [setup_logging] 日志系统初始化完成，日志文件: /Use*******************************************************************************************************
[2026-06-14 14:17:01] INFO [setup_logging] 未检测到 tkinter，将使用命令行交互模式
[2026-06-14 14:17:01] INFO [read_lookup_entries] 从查找表读取到 3 条记录，扩展字段: 无
[2026-06-14 14:17:01] INFO [setup_logging] 日志系统初始化完成，日志文件: /Use*******************************************************************************************************
[2026-06-14 14:17:01] INFO [setup_logging] 未检测到 tkinter，将使用命令行交互模式
[2026-06-14 14:17:01] INFO [read_lookup_entries] 从查找表读取到 3 条记录，扩展字段: 无
[2026-06-14 14:17:01] INFO [save_lookup_entries] 查找表已保存到 /var****************************************************************************，共 2 条记录
[2026-06-14 14:17:01] INFO [delete_entry] 已删除 1 条条目，账号: [>=1千万]
[2026-06-14 14:17:01] INFO [read_lookup_entries] 从查找表读取到 2 条记录，扩展字段: 无
[2026-06-14 14:17:01] INFO [setup_logging] 日志系统初始化完成，日志文件: /Use*******************************************************************************************************
[2026-06-14 14:17:01] INFO [setup_logging] 未检测到 tkinter，将使用命令行交互模式
[2026-06-14 14:17:01] INFO [read_lookup_entries] 从查找表读取到 3 条记录，扩展字段: 无
[2026-06-14 14:17:01] INFO [setup_logging] 日志系统初始化完成，日志文件: /Use*******************************************************************************************************
[2026-06-14 14:17:01] INFO [setup_logging] 未检测到 tkinter，将使用命令行交互模式
[2026-06-14 14:17:01] INFO [read_lookup_entries] 从查找表读取到 3 条记录，扩展字段: 无
[2026-06-14 14:17:01] INFO [setup_logging] 日志系统初始化完成，日志文件: /Use*******************************************************************************************************
[2026-06-14 14:17:01] INFO [setup_logging] 未检测到 tkinter，将使用命令行交互模式
[2026-06-14 14:17:01] INFO [read_lookup_entries] 从查找表读取到 3 条记录，扩展字段: 无
[2026-06-14 14:17:01] INFO [setup_logging] 日志系统初始化完成，日志文件: /Use*******************************************************************************************************
[2026-06-14 14:17:01] INFO [setup_logging] 未检测到 tkinter，将使用命令行交互模式
[2026-06-14 14:17:01] INFO [read_lookup_entries] 从查找表读取到 3 条记录，扩展字段: 无
[2026-06-14 14:17:01] INFO [setup_logging] 日志系统初始化完成，日志文件: /Use*******************************************************************************************************
[2026-06-14 14:17:01] INFO [setup_logging] 未检测到 tkinter，将使用命令行交互模式
[2026-06-14 14:17:01] INFO [read_lookup_entries] 从查找表读取到 3 条记录，扩展字段: 无
[2026-06-14 14:17:01] INFO [read_lookup_entries] 从查找表读取到 3 条记录，扩展字段: 无
[2026-06-14 14:17:01] INFO [setup_logging] 日志系统初始化完成，日志文件: /Use*******************************************************************************************************
[2026-06-14 14:17:01] INFO [setup_logging] 未检测到 tkinter，将使用命令行交互模式
[2026-06-14 14:17:01] INFO [read_lookup_entries] 从查找表读取到 3 条记录，扩展字段: 无
[2026-06-14 14:17:01] INFO [setup_logging] 日志系统初始化完成，日志文件: /Use*******************************************************************************************************
[2026-06-14 14:17:01] INFO [setup_logging] 未检测到 tkinter，将使用命令行交互模式
[2026-06-14 14:17:01] INFO [read_lookup_entries] 从查找表读取到 3 条记录，扩展字段: 无
[2026-06-14 14:17:01] INFO [setup_logging] 日志系统初始化完成，日志文件: /Use*******************************************************************************************************
[2026-06-14 14:17:01] INFO [setup_logging] 未检测到 tkinter，将使用命令行交互模式
[2026-06-14 14:17:02] INFO [read_lookup_entries] 从查找表读取到 3 条记录，扩展字段: 无
[2026-06-14 14:17:02] INFO [export_to_excel] 查找表已导出到 /var*****************************************************************************，共 3 条记录
[2026-06-14 14:17:02] INFO [read_lookup_entries] 从查找表读取到 3 条记录，扩展字段: 无
[2026-06-14 14:17:02] INFO [read_lookup_entries] 从查找表读取到 3 条记录，扩展字段: 无
[2026-06-14 14:17:02] INFO [setup_logging] 日志系统初始化完成，日志文件: /Use*******************************************************************************************************
[2026-06-14 14:17:02] INFO [setup_logging] 未检测到 tkinter，将使用命令行交互模式
[2026-06-14 14:17:02] INFO [read_lookup_entries] 从查找表读取到 2 条记录，扩展字段: 无
[2026-06-14 14:17:02] INFO [read_lookup_entries] 从查找表读取到 3 条记录，扩展字段: 无
[2026-06-14 14:17:02] INFO [save_lookup_entries] 查找表已保存到 /var****************************************************************************，共 4 条记录
[2026-06-14 14:17:02] INFO [read_lookup_entries] 从查找表读取到 4 条记录，扩展字段: 无
[2026-06-14 14:17:02] INFO [read_lookup_entries] 从查找表读取到 4 条记录，扩展字段: 无
[2026-06-14 14:17:02] INFO [setup_logging] 日志系统初始化完成，日志文件: /Use*******************************************************************************************************
[2026-06-14 14:17:02] INFO [setup_logging] 未检测到 tkinter，将使用命令行交互模式
[2026-06-14 14:17:02] INFO [read_lookup_entries] 从查找表读取到 1 条记录，扩展字段: 无
[2026-06-14 14:17:02] INFO [save_lookup_entries] 查找表已保存到 /var****************************************************************************，共 1 条记录
[2026-06-14 14:17:02] INFO [read_lookup_entries] 从查找表读取到 1 条记录，扩展字段: 无
[2026-06-14 14:17:02] INFO [setup_logging] 日志系统初始化完成，日志文件: /Use*******************************************************************************************************
[2026-06-14 14:17:02] INFO [setup_logging] 未检测到 tkinter，将使用命令行交互模式
[2026-06-14 14:17:02] INFO [setup_logging] 日志系统初始化完成，日志文件: /Use*******************************************************************************************************
[2026-06-14 14:17:02] INFO [setup_logging] 未检测到 tkinter，将使用命令行交互模式
[2026-06-14 14:17:02] INFO [setup_logging] 日志系统初始化完成，日志文件: /Use*******************************************************************************************************
[2026-06-14 14:17:02] INFO [setup_logging] 未检测到 tkinter，将使用命令行交互模式
[2026-06-14 14:17:02] INFO [setup_logging] 日志系统初始化完成，日志文件: /Use*******************************************************************************************************
[2026-06-14 14:17:02] INFO [setup_logging] 未检测到 tkinter，将使用命令行交互模式
[2026-06-14 14:17:02] INFO [setup_logging] 日志系统初始化完成，日志文件: /Use*******************************************************************************************************
[2026-06-14 14:17:02] INFO [setup_logging] 未检测到 tkinter，将使用命令行交互模式
[2026-06-14 14:17:02] INFO [setup_logging] 日志系统初始化完成，日志文件: /Use*******************************************************************************************************
[2026-06-14 14:17:02] INFO [setup_logging] 未检测到 tkinter，将使用命令行交互模式
[2026-06-14 14:17:02] INFO [setup_logging] 日志系统初始化完成，日志文件: /Use*******************************************************************************************************
[2026-06-14 14:17:02] INFO [setup_logging] 未检测到 tkinter，将使用命令行交互模式
[2026-06-14 14:17:02] INFO [setup_logging] 日志系统初始化完成，日志文件: /Use*******************************************************************************************************
[2026-06-14 14:17:02] INFO [setup_logging] 未检测到 tkinter，将使用命令行交互模式
[2026-06-14 14:17:02] INFO [setup_logging] 日志系统初始化完成，日志文件: /Use*******************************************************************************************************
[2026-06-14 14:17:02] INFO [setup_logging] 未检测到 tkinter，将使用命令行交互模式
[2026-06-14 14:17:02] INFO [setup_logging] 日志系统初始化完成，日志文件: /Use*******************************************************************************************************
[2026-06-14 14:17:02] INFO [setup_logging] 未检测到 tkinter，将使用命令行交互模式
[2026-06-14 14:17:02] INFO [setup_logging] 日志系统初始化完成，日志文件: /Use*******************************************************************************************************
[2026-06-14 14:17:02] INFO [setup_logging] 未检测到 tkinter，将使用命令行交互模式
[2026-06-14 14:17:02] INFO [setup_logging] 日志系统初始化完成，日志文件: /Use*******************************************************************************************************
[2026-06-14 14:17:02] INFO [setup_logging] 未检测到 tkinter，将使用命令行交互模式
[2026-06-14 14:17:02] INFO [setup_logging] 日志系统初始化完成，日志文件: /Use*******************************************************************************************************
[2026-06-14 14:17:02] INFO [setup_logging] 未检测到 tkinter，将使用命令行交互模式
[2026-06-14 14:17:02] INFO [setup_logging] 日志系统初始化完成，日志文件: /Use*******************************************************************************************************
[2026-06-14 14:17:02] INFO [setup_logging] 未检测到 tkinter，将使用命令行交互模式
[2026-06-14 14:17:02] INFO [setup_logging] 日志系统初始化完成，日志文件: /Use*******************************************************************************************************
[2026-06-14 14:17:02] INFO [setup_logging] 未检测到 tkinter，将使用命令行交互模式
[2026-06-14 14:17:02] INFO [read_lookup_entries] 从查找表读取到 3 条记录，扩展字段: 无
[2026-06-14 14:17:02] INFO [setup_logging] 日志系统初始化完成，日志文件: /Use*******************************************************************************************************
[2026-06-14 14:17:02] INFO [setup_logging] 未检测到 tkinter，将使用命令行交互模式
[2026-06-14 14:17:02] INFO [read_lookup_entries] 从查找表读取到 3 条记录，扩展字段: 无
[2026-06-14 14:17:02] INFO [setup_logging] 日志系统初始化完成，日志文件: /Use*******************************************************************************************************
[2026-06-14 14:17:02] INFO [setup_logging] 未检测到 tkinter，将使用命令行交互模式
[2026-06-14 14:17:02] INFO [read_lookup_entries] 从查找表读取到 3 条记录，扩展字段: 无
[2026-06-14 14:17:02] INFO [setup_logging] 日志系统初始化完成，日志文件: /Use*******************************************************************************************************
[2026-06-14 14:17:02] INFO [setup_logging] 未检测到 tkinter，将使用命令行交互模式
[2026-06-14 14:17:02] INFO [read_lookup_entries] 从查找表读取到 3 条记录，扩展字段: 无
[2026-06-14 14:17:02] INFO [setup_logging] 日志系统初始化完成，日志文件: /Use*******************************************************************************************************
[2026-06-14 14:17:02] INFO [setup_logging] 未检测到 tkinter，将使用命令行交互模式
[2026-06-14 14:17:02] INFO [read_lookup_entries] 从查找表读取到 3 条记录，扩展字段: 无
[2026-06-14 14:17:02] INFO [setup_logging] 日志系统初始化完成，日志文件: /Use*******************************************************************************************************
[2026-06-14 14:17:02] INFO [setup_logging] 未检测到 tkinter，将使用命令行交互模式
[2026-06-14 14:17:02] INFO [read_lookup_entries] 从查找表读取到 3 条记录，扩展字段: 无
[2026-06-14 14:17:02] INFO [setup_logging] 日志系统初始化完成，日志文件: /Use*******************************************************************************************************
[2026-06-14 14:17:02] INFO [setup_logging] 未检测到 tkinter，将使用命令行交互模式
[2026-06-14 14:17:02] INFO [read_lookup_entries] 从查找表读取到 3 条记录，扩展字段: 无
[2026-06-14 14:17:02] INFO [setup_logging] 日志系统初始化完成，日志文件: /Use*******************************************************************************************************
[2026-06-14 14:17:02] INFO [setup_logging] 未检测到 tkinter，将使用命令行交互模式
[2026-06-14 14:17:02] INFO [read_lookup_entries] 从查找表读取到 3 条记录，扩展字段: 无
[2026-06-14 14:17:02] INFO [read_lookup_entries] 从查找表读取到 3 条记录，扩展字段: 无
[2026-06-14 14:17:02] INFO [setup_logging] 日志系统初始化完成，日志文件: /Use*******************************************************************************************************
[2026-06-14 14:17:02] INFO [setup_logging] 未检测到 tkinter，将使用命令行交互模式
[2026-06-14 14:17:02] INFO [read_lookup_entries] 从查找表读取到 2 条记录，扩展字段: 无
[2026-06-14 14:17:02] INFO [setup_logging] 日志系统初始化完成，日志文件: /Use*******************************************************************************************************
[2026-06-14 14:17:02] INFO [setup_logging] 未检测到 tkinter，将使用命令行交互模式
[2026-06-14 14:17:02] INFO [read_lookup_entries] 从查找表读取到 3 条记录，扩展字段: 无
[2026-06-14 14:17:02] INFO [setup_logging] 日志系统初始化完成，日志文件: /Use*******************************************************************************************************
[2026-06-14 14:17:02] INFO [setup_logging] 未检测到 tkinter，将使用命令行交互模式
[2026-06-14 14:17:02] INFO [read_lookup_entries] 从查找表读取到 3 条记录，扩展字段: 无
[2026-06-14 14:17:02] INFO [setup_logging] 日志系统初始化完成，日志文件: /Use*******************************************************************************************************
[2026-06-14 14:17:02] INFO [setup_logging] 未检测到 tkinter，将使用命令行交互模式
[2026-06-14 14:17:02] INFO [read_lookup_entries] 从查找表读取到 3 条记录，扩展字段: 无
[2026-06-14 14:17:02] INFO [setup_logging] 日志系统初始化完成，日志文件: /Use*******************************************************************************************************
[2026-06-14 14:17:02] INFO [setup_logging] 未检测到 tkinter，将使用命令行交互模式
[2026-06-14 14:17:02] INFO [read_lookup_entries] 从查找表读取到 3 条记录，扩展字段: 无
[2026-06-14 14:17:02] INFO [read_lookup_entries] 从查找表读取到 3 条记录，扩展字段: 无
[2026-06-14 14:17:02] INFO [setup_logging] 日志系统初始化完成，日志文件: /Use*******************************************************************************************************
[2026-06-14 14:17:02] INFO [setup_logging] 未检测到 tkinter，将使用命令行交互模式
[2026-06-14 14:17:02] INFO [read_lookup_entries] 从查找表读取到 3 条记录，扩展字段: 无
[2026-06-14 14:17:02] INFO [setup_logging] 日志系统初始化完成，日志文件: /Use*******************************************************************************************************
[2026-06-14 14:17:02] INFO [setup_logging] 未检测到 tkinter，将使用命令行交互模式
[2026-06-14 14:17:02] INFO [read_lookup_entries] 从查找表读取到 1 条记录，扩展字段: ['部门', '项目编号']
[2026-06-14 14:17:02] INFO [setup_logging] 日志系统初始化完成，日志文件: /Use*******************************************************************************************************
[2026-06-14 14:17:02] INFO [setup_logging] 未检测到 tkinter，将使用命令行交互模式
[2026-06-14 14:17:02] INFO [read_lookup_entries] 从查找表读取到 2 条记录，扩展字段: 无
[2026-06-14 14:17:02] INFO [setup_logging] 日志系统初始化完成，日志文件: /Use*******************************************************************************************************
[2026-06-14 14:17:02] INFO [setup_logging] 未检测到 tkinter，将使用命令行交互模式
[2026-06-14 14:17:02] INFO [find_lookup_file] 在输出目录找到主体查找表: /Use*******************************************************************************
[2026-06-14 14:17:02] INFO [read_lookup_entries] 从查找表读取到 2 条记录，扩展字段: 无
[2026-06-14 14:17:02] INFO [setup_logging] 日志系统初始化完成，日志文件: /Use*******************************************************************************************************
[2026-06-14 14:17:02] INFO [setup_logging] 未检测到 tkinter，将使用命令行交互模式
[2026-06-14 14:17:02] WARNING [read_lookup_entries] 查找表文件不存在: /nonexistent/path.xlsx
[2026-06-14 14:17:02] INFO [setup_logging] 日志系统初始化完成，日志文件: /Use*******************************************************************************************************
[2026-06-14 14:17:02] INFO [setup_logging] 未检测到 tkinter，将使用命令行交互模式
[2026-06-14 14:17:02] INFO [read_lookup_entries] 从查找表读取到 1 条记录，扩展字段: ['部门', '项目编号']
[2026-06-14 14:17:02] INFO [setup_logging] 日志系统初始化完成，日志文件: /Use*******************************************************************************************************
[2026-06-14 14:17:02] INFO [setup_logging] 未检测到 tkinter，将使用命令行交互模式
[2026-06-14 14:17:02] INFO [read_lookup_entries] 从查找表读取到 1 条记录，扩展字段: 无
[2026-06-14 14:17:02] INFO [setup_logging] 日志系统初始化完成，日志文件: /Use*******************************************************************************************************
[2026-06-14 14:17:02] INFO [setup_logging] 未检测到 tkinter，将使用命令行交互模式
[2026-06-14 14:17:02] INFO [read_lookup_entries] 从查找表读取到 3 条记录，扩展字段: 无
[2026-06-14 14:17:02] INFO [setup_logging] 日志系统初始化完成，日志文件: /Use*******************************************************************************************************
[2026-06-14 14:17:02] INFO [setup_logging] 未检测到 tkinter，将使用命令行交互模式
[2026-06-14 14:17:02] INFO [read_lookup_entries] 从查找表读取到 2 条记录，扩展字段: ['部门']
[2026-06-14 14:17:02] INFO [setup_logging] 日志系统初始化完成，日志文件: /Use*******************************************************************************************************
[2026-06-14 14:17:02] INFO [setup_logging] 未检测到 tkinter，将使用命令行交互模式
[2026-06-14 14:17:02] INFO [save_lookup_entries] 查找表已保存到 /var*********************************************************************************，共 2 条记录
[2026-06-14 14:17:02] INFO [read_lookup_entries] 从查找表读取到 2 条记录，扩展字段: ['部门', '项目']
[2026-06-14 14:17:02] INFO [setup_logging] 日志系统初始化完成，日志文件: /Use*******************************************************************************************************
[2026-06-14 14:17:02] INFO [setup_logging] 未检测到 tkinter，将使用命令行交互模式
[2026-06-14 14:17:02] INFO [save_lookup_entries] 查找表已保存到 /var********************************************************************************，共 1 条记录
[2026-06-14 14:17:02] INFO [read_lookup_entries] 从查找表读取到 1 条记录，扩展字段: ['负责人', '部门', '项目编号']
[2026-06-14 14:17:02] INFO [setup_logging] 日志系统初始化完成，日志文件: /Use*******************************************************************************************************
[2026-06-14 14:17:02] INFO [setup_logging] 未检测到 tkinter，将使用命令行交互模式
[2026-06-14 14:17:02] INFO [read_lookup_entries] 从查找表读取到 2 条记录，扩展字段: ['部门', '项目编号']
[2026-06-14 14:17:02] INFO [setup_logging] 日志系统初始化完成，日志文件: /Use*******************************************************************************************************
[2026-06-14 14:17:02] INFO [setup_logging] 未检测到 tkinter，将使用命令行交互模式
[2026-06-14 14:17:02] INFO [read_lookup_entries] 从查找表读取到 2 条记录，扩展字段: ['项目编号']
[2026-06-14 14:17:02] INFO [setup_logging] 日志系统初始化完成，日志文件: /Use*******************************************************************************************************
[2026-06-14 14:17:02] INFO [setup_logging] 未检测到 tkinter，将使用命令行交互模式
[2026-06-14 14:17:02] INFO [read_lookup_entries] 从查找表读取到 1 条记录，扩展字段: ['部门']
[2026-06-14 14:17:02] INFO [setup_logging] 日志系统初始化完成，日志文件: /Use*******************************************************************************************************
[2026-06-14 14:17:02] INFO [setup_logging] 未检测到 tkinter，将使用命令行交互模式
[2026-06-14 14:17:02] INFO [read_lookup_entries] 从查找表读取到 1 条记录，扩展字段: ['部门', '项目']
[2026-06-14 14:17:02] INFO [export_to_excel] 查找表已导出到 /var*****************************************************************************，共 1 条记录
[2026-06-14 14:17:02] INFO [read_lookup_entries] 从查找表读取到 1 条记录，扩展字段: ['部门', '项目']
[2026-06-14 14:17:02] INFO [setup_logging] 日志系统初始化完成，日志文件: /Use*******************************************************************************************************
[2026-06-14 14:17:02] INFO [setup_logging] 未检测到 tkinter，将使用命令行交互模式
[2026-06-14 14:17:02] INFO [read_lookup_entries] 从查找表读取到 1 条记录，扩展字段: ['部门', '项目编号']
[2026-06-14 14:17:02] INFO [save_lookup_entries] 查找表已保存到 /var***************************************************************************，共 1 条记录
[2026-06-14 14:17:02] INFO [read_lookup_entries] 从查找表读取到 1 条记录，扩展字段: ['部门', '项目编号']
[2026-06-14 14:17:02] INFO [setup_logging] 日志系统初始化完成，日志文件: /Use*******************************************************************************************************
[2026-06-14 14:17:02] INFO [setup_logging] 未检测到 tkinter，将使用命令行交互模式
[2026-06-14 14:17:02] INFO [read_lookup_entries] 从查找表读取到 1 条记录，扩展字段: ['部门', '项目']
[2026-06-14 14:17:02] INFO [read_lookup_entries] 从查找表读取到 1 条记录，扩展字段: ['部门']
[2026-06-14 14:17:02] INFO [save_lookup_entries] 查找表已保存到 /var***************************************************************************，共 1 条记录
[2026-06-14 14:17:03] INFO [read_lookup_entries] 从查找表读取到 1 条记录，扩展字段: ['部门', '项目']
