[2026-06-14 22:30:04] INFO [setup_logging] 日志系统初始化完成，日志文件: /Use*******************************************************************************************************
[2026-06-14 22:30:04] INFO [setup_logging] 未检测到 tkinter，将使用命令行交互模式
[2026-06-14 22:30:05] DEBUG [scan_excel_files] 发现 Excel 文件: /var******************************************************************************
[2026-06-14 22:30:05] INFO [scan_excel_files] 共扫描到 1 个 Excel 文件
[2026-06-14 22:30:05] INFO [setup_logging] 日志系统初始化完成，日志文件: /Use*******************************************************************************************************
[2026-06-14 22:30:05] INFO [setup_logging] 未检测到 tkinter，将使用命令行交互模式
[2026-06-14 22:30:05] DEBUG [scan_excel_files] 发现 Excel 文件: /var*****************************************************************************
[2026-06-14 22:30:05] INFO [scan_excel_files] 共扫描到 1 个 Excel 文件
[2026-06-14 22:30:05] INFO [setup_logging] 日志系统初始化完成，日志文件: /Use*******************************************************************************************************
[2026-06-14 22:30:05] INFO [setup_logging] 未检测到 tkinter，将使用命令行交互模式
[2026-06-14 22:30:05] DEBUG [scan_excel_files] 发现 Excel 文件: /var**************************************************************************
[2026-06-14 22:30:05] DEBUG [scan_excel_files] 发现 Excel 文件: /var***************************************************************************
[2026-06-14 22:30:05] INFO [scan_excel_files] 共扫描到 2 个 Excel 文件
[2026-06-14 22:30:05] INFO [setup_logging] 日志系统初始化完成，日志文件: /Use*******************************************************************************************************
[2026-06-14 22:30:05] INFO [setup_logging] 未检测到 tkinter，将使用命令行交互模式
[2026-06-14 22:30:05] DEBUG [scan_excel_files] 发现 Excel 文件: /var******************************************************************************
[2026-06-14 22:30:05] INFO [scan_excel_files] 共扫描到 1 个 Excel 文件
[2026-06-14 22:30:05] INFO [setup_logging] 日志系统初始化完成，日志文件: /Use*******************************************************************************************************
[2026-06-14 22:30:05] INFO [setup_logging] 未检测到 tkinter，将使用命令行交互模式
[2026-06-14 22:30:05] INFO [scan_excel_files] 共扫描到 0 个 Excel 文件
[2026-06-14 22:30:05] INFO [setup_logging] 日志系统初始化完成，日志文件: /Use*******************************************************************************************************
[2026-06-14 22:30:05] INFO [setup_logging] 未检测到 tkinter，将使用命令行交互模式
[2026-06-14 22:30:05] DEBUG [scan_excel_files] 发现 Excel 文件: /var******************************************************************************
[2026-06-14 22:30:05] DEBUG [scan_excel_files] 发现 Excel 文件: /var***************************************************************************************
[2026-06-14 22:30:05] INFO [scan_excel_files] 共扫描到 2 个 Excel 文件
[2026-06-14 22:30:06] INFO [setup_logging] 日志系统初始化完成，日志文件: /Use*******************************************************************************************************
[2026-06-14 22:30:06] INFO [setup_logging] 未检测到 tkinter，将使用命令行交互模式
[2026-06-14 22:30:06] INFO [scan_excel_files] 共扫描到 0 个 Excel 文件
[2026-06-14 22:30:06] INFO [setup_logging] 日志系统初始化完成，日志文件: /Use*******************************************************************************************************
[2026-06-14 22:30:07] INFO [setup_logging] 未检测到 tkinter，将使用命令行交互模式
[2026-06-14 22:30:07] DEBUG [scan_excel_files] 发现 Excel 文件: /var******************************************************************************
[2026-06-14 22:30:07] DEBUG [scan_excel_files] 发现 Excel 文件: /var******************************************************************************
[2026-06-14 22:30:07] INFO [scan_excel_files] 共扫描到 2 个 Excel 文件
[2026-06-14 22:30:07] INFO [setup_logging] 日志系统初始化完成，日志文件: /Use*******************************************************************************************************
[2026-06-14 22:30:07] INFO [setup_logging] 未检测到 tkinter，将使用命令行交互模式
[2026-06-14 22:30:07] INFO [setup_logging] 日志系统初始化完成，日志文件: /Use*******************************************************************************************************
[2026-06-14 22:30:07] INFO [setup_logging] 未检测到 tkinter，将使用命令行交互模式
[2026-06-14 22:30:07] INFO [setup_logging] 日志系统初始化完成，日志文件: /Use*******************************************************************************************************
[2026-06-14 22:30:07] INFO [setup_logging] 未检测到 tkinter，将使用命令行交互模式
[2026-06-14 22:30:07] INFO [setup_logging] 日志系统初始化完成，日志文件: /Use*******************************************************************************************************
[2026-06-14 22:30:07] INFO [setup_logging] 未检测到 tkinter，将使用命令行交互模式
[2026-06-14 22:30:07] INFO [setup_logging] 日志系统初始化完成，日志文件: /Use*******************************************************************************************************
[2026-06-14 22:30:07] INFO [setup_logging] 未检测到 tkinter，将使用命令行交互模式
[2026-06-14 22:30:07] INFO [setup_logging] 日志系统初始化完成，日志文件: /Use*******************************************************************************************************
[2026-06-14 22:30:07] INFO [setup_logging] 未检测到 tkinter，将使用命令行交互模式
[2026-06-14 22:30:08] INFO [setup_logging] 日志系统初始化完成，日志文件: /Use*******************************************************************************************************
[2026-06-14 22:30:08] INFO [setup_logging] 未检测到 tkinter，将使用命令行交互模式
[2026-06-14 22:30:08] INFO [setup_logging] 日志系统初始化完成，日志文件: /Use*******************************************************************************************************
[2026-06-14 22:30:08] INFO [setup_logging] 未检测到 tkinter，将使用命令行交互模式
[2026-06-14 22:30:08] INFO [setup_logging] 日志系统初始化完成，日志文件: /Use*******************************************************************************************************
[2026-06-14 22:30:08] INFO [setup_logging] 未检测到 tkinter，将使用命令行交互模式
[2026-06-14 22:30:08] INFO [setup_logging] 日志系统初始化完成，日志文件: /Use*******************************************************************************************************
[2026-06-14 22:30:08] INFO [setup_logging] 未检测到 tkinter，将使用命令行交互模式
[2026-06-14 22:30:08] INFO [setup_logging] 日志系统初始化完成，日志文件: /Use*******************************************************************************************************
[2026-06-14 22:30:08] INFO [setup_logging] 未检测到 tkinter，将使用命令行交互模式
[2026-06-14 22:30:08] INFO [setup_logging] 日志系统初始化完成，日志文件: /Use*******************************************************************************************************
[2026-06-14 22:30:08] INFO [setup_logging] 未检测到 tkinter，将使用命令行交互模式
[2026-06-14 22:30:08] INFO [setup_logging] 日志系统初始化完成，日志文件: /Use*******************************************************************************************************
[2026-06-14 22:30:08] INFO [setup_logging] 未检测到 tkinter，将使用命令行交互模式
[2026-06-14 22:30:08] INFO [setup_logging] 日志系统初始化完成，日志文件: /Use*******************************************************************************************************
[2026-06-14 22:30:08] INFO [setup_logging] 未检测到 tkinter，将使用命令行交互模式
[2026-06-14 22:30:08] INFO [setup_logging] 日志系统初始化完成，日志文件: /Use*******************************************************************************************************
[2026-06-14 22:30:09] INFO [setup_logging] 未检测到 tkinter，将使用命令行交互模式
[2026-06-14 22:30:09] INFO [setup_logging] 日志系统初始化完成，日志文件: /Use*******************************************************************************************************
[2026-06-14 22:30:09] INFO [setup_logging] 未检测到 tkinter，将使用命令行交互模式
[2026-06-14 22:30:09] INFO [setup_logging] 日志系统初始化完成，日志文件: /Use*******************************************************************************************************
[2026-06-14 22:30:09] INFO [setup_logging] 未检测到 tkinter，将使用命令行交互模式
[2026-06-14 22:30:09] INFO [setup_logging] 日志系统初始化完成，日志文件: /Use*******************************************************************************************************
[2026-06-14 22:30:09] INFO [setup_logging] 未检测到 tkinter，将使用命令行交互模式
[2026-06-14 22:30:09] INFO [setup_logging] 日志系统初始化完成，日志文件: /Use*******************************************************************************************************
[2026-06-14 22:30:09] INFO [setup_logging] 未检测到 tkinter，将使用命令行交互模式
[2026-06-14 22:30:09] INFO [setup_logging] 日志系统初始化完成，日志文件: /Use*******************************************************************************************************
[2026-06-14 22:30:09] INFO [setup_logging] 未检测到 tkinter，将使用命令行交互模式
[2026-06-14 22:30:09] INFO [setup_logging] 日志系统初始化完成，日志文件: /Use*******************************************************************************************************
[2026-06-14 22:30:09] INFO [setup_logging] 未检测到 tkinter，将使用命令行交互模式
[2026-06-14 22:30:09] INFO [setup_logging] 日志系统初始化完成，日志文件: /Use*******************************************************************************************************
[2026-06-14 22:30:09] INFO [setup_logging] 未检测到 tkinter，将使用命令行交互模式
[2026-06-14 22:30:09] INFO [setup_logging] 日志系统初始化完成，日志文件: /Use*******************************************************************************************************
[2026-06-14 22:30:09] INFO [setup_logging] 未检测到 tkinter，将使用命令行交互模式
[2026-06-14 22:30:09] INFO [setup_logging] 日志系统初始化完成，日志文件: /Use*******************************************************************************************************
[2026-06-14 22:30:09] INFO [setup_logging] 未检测到 tkinter，将使用命令行交互模式
[2026-06-14 22:30:09] INFO [setup_logging] 日志系统初始化完成，日志文件: /Use*******************************************************************************************************
[2026-06-14 22:30:09] INFO [setup_logging] 未检测到 tkinter，将使用命令行交互模式
[2026-06-14 22:30:09] INFO [setup_logging] 日志系统初始化完成，日志文件: /Use*******************************************************************************************************
[2026-06-14 22:30:09] INFO [setup_logging] 未检测到 tkinter，将使用命令行交互模式
[2026-06-14 22:30:09] INFO [setup_logging] 日志系统初始化完成，日志文件: /Use*******************************************************************************************************
[2026-06-14 22:30:09] INFO [setup_logging] 未检测到 tkinter，将使用命令行交互模式
[2026-06-14 22:30:09] INFO [setup_logging] 日志系统初始化完成，日志文件: /Use*******************************************************************************************************
[2026-06-14 22:30:09] INFO [setup_logging] 未检测到 tkinter，将使用命令行交互模式
[2026-06-14 22:30:10] INFO [setup_logging] 日志系统初始化完成，日志文件: /Use*******************************************************************************************************
[2026-06-14 22:30:10] INFO [setup_logging] 未检测到 tkinter，将使用命令行交互模式
[2026-06-14 22:30:10] INFO [setup_logging] 日志系统初始化完成，日志文件: /Use*******************************************************************************************************
[2026-06-14 22:30:10] INFO [setup_logging] 未检测到 tkinter，将使用命令行交互模式
