[2026-06-14 14:16:45] INFO [setup_logging] 日志系统初始化完成，日志文件: /Use*******************************************************************************************************
[2026-06-14 14:16:45] INFO [setup_logging] 未检测到 tkinter，将使用命令行交互模式
[2026-06-14 14:16:45] INFO [setup_logging] 日志系统初始化完成，日志文件: /Use*******************************************************************************************************
[2026-06-14 14:16:45] INFO [setup_logging] 未检测到 tkinter，将使用命令行交互模式
[2026-06-14 14:16:45] INFO [setup_logging] 日志系统初始化完成，日志文件: /Use*******************************************************************************************************
[2026-06-14 14:16:45] INFO [setup_logging] 未检测到 tkinter，将使用命令行交互模式
[2026-06-14 14:16:45] INFO [setup_logging] 日志系统初始化完成，日志文件: /Use*******************************************************************************************************
[2026-06-14 14:16:45] INFO [setup_logging] 未检测到 tkinter，将使用命令行交互模式
[2026-06-14 14:16:45] INFO [setup_logging] 日志系统初始化完成，日志文件: /Use*******************************************************************************************************
[2026-06-14 14:16:45] INFO [setup_logging] 未检测到 tkinter，将使用命令行交互模式
[2026-06-14 14:16:45] INFO [setup_logging] 日志系统初始化完成，日志文件: /Use*******************************************************************************************************
[2026-06-14 14:16:45] INFO [setup_logging] 未检测到 tkinter，将使用命令行交互模式
[2026-06-14 14:16:45] INFO [setup_logging] 日志系统初始化完成，日志文件: /Use*******************************************************************************************************
[2026-06-14 14:16:45] INFO [setup_logging] 未检测到 tkinter，将使用命令行交互模式
[2026-06-14 14:16:45] INFO [setup_logging] 日志系统初始化完成，日志文件: /Use*******************************************************************************************************
[2026-06-14 14:16:45] INFO [setup_logging] 未检测到 tkinter，将使用命令行交互模式
[2026-06-14 14:16:45] INFO [setup_logging] 日志系统初始化完成，日志文件: /Use*******************************************************************************************************
[2026-06-14 14:16:45] INFO [setup_logging] 未检测到 tkinter，将使用命令行交互模式
[2026-06-14 14:16:45] INFO [setup_logging] 日志系统初始化完成，日志文件: /Use*******************************************************************************************************
[2026-06-14 14:16:45] INFO [setup_logging] 未检测到 tkinter，将使用命令行交互模式
[2026-06-14 14:16:45] WARNING [summarize_transactions] 无交易记录可汇总
[2026-06-14 14:16:45] INFO [setup_logging] 日志系统初始化完成，日志文件: /Use*******************************************************************************************************
[2026-06-14 14:16:45] INFO [setup_logging] 未检测到 tkinter，将使用命令行交互模式
[2026-06-14 14:16:45] WARNING [summarize_transactions] 无交易记录可汇总
[2026-06-14 14:16:45] INFO [setup_logging] 日志系统初始化完成，日志文件: /Use*******************************************************************************************************
[2026-06-14 14:16:45] INFO [setup_logging] 未检测到 tkinter，将使用命令行交互模式
[2026-06-14 14:16:45] INFO [summarize_transactions] 主体维度汇总完成: 9 条记录, 3 个主体, 3 家银行, 3 个月份, 0 个未匹配账号
[2026-06-14 14:16:45] INFO [setup_logging] 日志系统初始化完成，日志文件: /Use*******************************************************************************************************
[2026-06-14 14:16:45] INFO [setup_logging] 未检测到 tkinter，将使用命令行交互模式
[2026-06-14 14:16:45] INFO [summarize_transactions] 主体维度汇总完成: 9 条记录, 3 个主体, 3 家银行, 3 个月份, 0 个未匹配账号
[2026-06-14 14:16:45] INFO [setup_logging] 日志系统初始化完成，日志文件: /Use*******************************************************************************************************
[2026-06-14 14:16:45] INFO [setup_logging] 未检测到 tkinter，将使用命令行交互模式
[2026-06-14 14:16:45] INFO [summarize_transactions] 主体维度汇总完成: 9 条记录, 3 个主体, 3 家银行, 3 个月份, 0 个未匹配账号
[2026-06-14 14:16:45] INFO [setup_logging] 日志系统初始化完成，日志文件: /Use*******************************************************************************************************
[2026-06-14 14:16:45] INFO [setup_logging] 未检测到 tkinter，将使用命令行交互模式
[2026-06-14 14:16:45] INFO [summarize_transactions] 主体维度汇总完成: 9 条记录, 3 个主体, 3 家银行, 3 个月份, 0 个未匹配账号
[2026-06-14 14:16:45] INFO [setup_logging] 日志系统初始化完成，日志文件: /Use*******************************************************************************************************
[2026-06-14 14:16:45] INFO [setup_logging] 未检测到 tkinter，将使用命令行交互模式
[2026-06-14 14:16:45] INFO [summarize_transactions] 主体维度汇总完成: 9 条记录, 3 个主体, 3 家银行, 3 个月份, 0 个未匹配账号
[2026-06-14 14:16:45] INFO [setup_logging] 日志系统初始化完成，日志文件: /Use*******************************************************************************************************
[2026-06-14 14:16:45] INFO [setup_logging] 未检测到 tkinter，将使用命令行交互模式
[2026-06-14 14:16:45] INFO [summarize_transactions] 主体维度汇总完成: 1 条记录, 1 个主体, 1 家银行, 1 个月份, 1 个未匹配账号
[2026-06-14 14:16:45] INFO [setup_logging] 日志系统初始化完成，日志文件: /Use*******************************************************************************************************
[2026-06-14 14:16:45] INFO [setup_logging] 未检测到 tkinter，将使用命令行交互模式
[2026-06-14 14:16:45] INFO [summarize_transactions] 主体维度汇总完成: 0 条记录, 0 个主体, 0 家银行, 0 个月份, 0 个未匹配账号
[2026-06-14 14:16:45] INFO [setup_logging] 日志系统初始化完成，日志文件: /Use*******************************************************************************************************
[2026-06-14 14:16:45] INFO [setup_logging] 未检测到 tkinter，将使用命令行交互模式
[2026-06-14 14:16:45] INFO [summarize_transactions] 主体维度汇总完成: 9 条记录, 3 个主体, 3 家银行, 3 个月份, 0 个未匹配账号
[2026-06-14 14:16:45] INFO [export_subject_summary] 主体维度汇总分析已导出: /var************************************************************************************
[2026-06-14 14:16:45] INFO [setup_logging] 日志系统初始化完成，日志文件: /Use*******************************************************************************************************
[2026-06-14 14:16:45] INFO [setup_logging] 未检测到 tkinter，将使用命令行交互模式
[2026-06-14 14:16:45] INFO [summarize_transactions] 主体维度汇总完成: 9 条记录, 3 个主体, 3 家银行, 3 个月份, 0 个未匹配账号
[2026-06-14 14:16:46] INFO [export_subject_summary] 主体维度汇总分析已导出: /var************************************************************************************
[2026-06-14 14:16:46] INFO [setup_logging] 日志系统初始化完成，日志文件: /Use*******************************************************************************************************
[2026-06-14 14:16:46] INFO [setup_logging] 未检测到 tkinter，将使用命令行交互模式
[2026-06-14 14:16:46] INFO [summarize_transactions] 主体维度汇总完成: 9 条记录, 3 个主体, 3 家银行, 3 个月份, 0 个未匹配账号
[2026-06-14 14:16:46] INFO [export_subject_summary] 主体维度汇总分析已导出: /var************************************************************************************
[2026-06-14 14:16:46] INFO [setup_logging] 日志系统初始化完成，日志文件: /Use*******************************************************************************************************
[2026-06-14 14:16:46] INFO [setup_logging] 未检测到 tkinter，将使用命令行交互模式
[2026-06-14 14:16:46] INFO [summarize_transactions] 主体维度汇总完成: 9 条记录, 3 个主体, 3 家银行, 3 个月份, 0 个未匹配账号
[2026-06-14 14:16:46] INFO [export_subject_summary] 主体维度汇总分析已导出: /var************************************************************************************
[2026-06-14 14:16:46] INFO [setup_logging] 日志系统初始化完成，日志文件: /Use*******************************************************************************************************
[2026-06-14 14:16:46] INFO [setup_logging] 未检测到 tkinter，将使用命令行交互模式
[2026-06-14 14:16:46] INFO [summarize_transactions] 主体维度汇总完成: 9 条记录, 3 个主体, 3 家银行, 3 个月份, 0 个未匹配账号
[2026-06-14 14:16:46] INFO [export_subject_summary] 主体维度汇总分析已导出: /var************************************************************************************
[2026-06-14 14:16:46] INFO [setup_logging] 日志系统初始化完成，日志文件: /Use*******************************************************************************************************
[2026-06-14 14:16:46] INFO [setup_logging] 未检测到 tkinter，将使用命令行交互模式
[2026-06-14 14:16:46] INFO [export_subject_summary] 主体维度汇总分析已导出: /var***********************************************************************************
[2026-06-14 14:16:46] INFO [setup_logging] 日志系统初始化完成，日志文件: /Use*******************************************************************************************************
[2026-06-14 14:16:46] INFO [setup_logging] 未检测到 tkinter，将使用命令行交互模式
[2026-06-14 14:16:46] INFO [summarize_transactions] 主体维度汇总完成: 9 条记录, 3 个主体, 3 家银行, 3 个月份, 0 个未匹配账号
[2026-06-14 14:16:46] INFO [export_subject_summary] 主体维度汇总分析已导出: /var********************************************************************************************************
[2026-06-14 14:16:46] INFO [setup_logging] 日志系统初始化完成，日志文件: /Use*******************************************************************************************************
[2026-06-14 14:16:46] INFO [setup_logging] 未检测到 tkinter，将使用命令行交互模式
[2026-06-14 14:16:46] WARNING [generate_subject_summary_from_records] 无交易记录，跳过汇总分析生成
[2026-06-14 14:16:46] INFO [setup_logging] 日志系统初始化完成，日志文件: /Use*******************************************************************************************************
[2026-06-14 14:16:46] INFO [setup_logging] 未检测到 tkinter，将使用命令行交互模式
[2026-06-14 14:16:46] INFO [load_total_table] 加载总表成功，共 9 条记录
[2026-06-14 14:16:46] INFO [summarize_transactions] 主体维度汇总完成: 9 条记录, 3 个主体, 3 家银行, 3 个月份, 0 个未匹配账号
[2026-06-14 14:16:46] INFO [export_subject_summary] 主体维度汇总分析已导出: /var********************************************************************************************************
[2026-06-14 14:16:46] INFO [setup_logging] 日志系统初始化完成，日志文件: /Use*******************************************************************************************************
[2026-06-14 14:16:46] INFO [setup_logging] 未检测到 tkinter，将使用命令行交互模式
[2026-06-14 14:16:46] ERROR [load_total_table] 总表文件不存在: /var***********************************************************************************
[2026-06-14 14:16:46] WARNING [generate_subject_summary_from_total] 总表无数据: /var***********************************************************************************
[2026-06-14 14:16:46] INFO [setup_logging] 日志系统初始化完成，日志文件: /Use*******************************************************************************************************
[2026-06-14 14:16:46] INFO [setup_logging] 未检测到 tkinter，将使用命令行交互模式
[2026-06-14 14:16:46] INFO [summarize_transactions] 主体维度汇总完成: 2 条记录, 1 个主体, 1 家银行, 1 个月份, 0 个未匹配账号
[2026-06-14 14:16:46] INFO [setup_logging] 日志系统初始化完成，日志文件: /Use*******************************************************************************************************
[2026-06-14 14:16:46] INFO [setup_logging] 未检测到 tkinter，将使用命令行交互模式
[2026-06-14 14:16:46] INFO [summarize_transactions] 主体维度汇总完成: 2 条记录, 1 个主体, 1 家银行, 1 个月份, 0 个未匹配账号
[2026-06-14 14:16:46] INFO [setup_logging] 日志系统初始化完成，日志文件: /Use*******************************************************************************************************
[2026-06-14 14:16:46] INFO [setup_logging] 未检测到 tkinter，将使用命令行交互模式
[2026-06-14 14:16:46] INFO [summarize_transactions] 主体维度汇总完成: 1 条记录, 1 个主体, 1 家银行, 1 个月份, 0 个未匹配账号
[2026-06-14 14:16:46] INFO [setup_logging] 日志系统初始化完成，日志文件: /Use*******************************************************************************************************
[2026-06-14 14:16:46] INFO [setup_logging] 未检测到 tkinter，将使用命令行交互模式
[2026-06-14 14:16:46] INFO [summarize_transactions] 主体维度汇总完成: 2 条记录, 1 个主体, 1 家银行, 1 个月份, 1 个未匹配账号
[2026-06-14 14:16:46] INFO [setup_logging] 日志系统初始化完成，日志文件: /Use*******************************************************************************************************
[2026-06-14 14:16:46] INFO [setup_logging] 未检测到 tkinter，将使用命令行交互模式
[2026-06-14 14:16:46] INFO [summarize_transactions] 主体维度汇总完成: 4 条记录, 1 个主体, 2 家银行, 1 个月份, 2 个未匹配账号
[2026-06-14 14:16:46] INFO [setup_logging] 日志系统初始化完成，日志文件: /Use*******************************************************************************************************
[2026-06-14 14:16:46] INFO [setup_logging] 未检测到 tkinter，将使用命令行交互模式
[2026-06-14 14:16:46] INFO [summarize_transactions] 主体维度汇总完成: 2 条记录, 1 个主体, 2 家银行, 1 个月份, 1 个未匹配账号
[2026-06-14 14:16:46] INFO [setup_logging] 日志系统初始化完成，日志文件: /Use*******************************************************************************************************
[2026-06-14 14:16:46] INFO [setup_logging] 未检测到 tkinter，将使用命令行交互模式
[2026-06-14 14:16:46] INFO [summarize_transactions] 主体维度汇总完成: 1 条记录, 1 个主体, 1 家银行, 1 个月份, 0 个未匹配账号
[2026-06-14 14:16:46] INFO [setup_logging] 日志系统初始化完成，日志文件: /Use*******************************************************************************************************
[2026-06-14 14:16:46] INFO [setup_logging] 未检测到 tkinter，将使用命令行交互模式
[2026-06-14 14:16:46] INFO [summarize_transactions] 主体维度汇总完成: 2 条记录, 2 个主体, 1 家银行, 1 个月份, 1 个未匹配账号
[2026-06-14 14:16:46] INFO [setup_logging] 日志系统初始化完成，日志文件: /Use*******************************************************************************************************
[2026-06-14 14:16:46] INFO [setup_logging] 未检测到 tkinter，将使用命令行交互模式
[2026-06-14 14:16:46] INFO [summarize_transactions] 主体维度汇总完成: 1 条记录, 1 个主体, 1 家银行, 1 个月份, 1 个未匹配账号
[2026-06-14 14:16:46] INFO [export_subject_summary] 主体维度汇总分析已导出: /var*************************************************************************************
[2026-06-14 14:16:46] INFO [setup_logging] 日志系统初始化完成，日志文件: /Use*******************************************************************************************************
[2026-06-14 14:16:46] INFO [setup_logging] 未检测到 tkinter，将使用命令行交互模式
[2026-06-14 14:16:46] INFO [summarize_transactions] 主体维度汇总完成: 1 条记录, 1 个主体, 1 家银行, 1 个月份, 0 个未匹配账号
[2026-06-14 14:16:46] INFO [export_subject_summary] 主体维度汇总分析已导出: /var**************************************************************************************
[2026-06-14 14:16:46] INFO [setup_logging] 日志系统初始化完成，日志文件: /Use*******************************************************************************************************
[2026-06-14 14:16:46] INFO [setup_logging] 未检测到 tkinter，将使用命令行交互模式
[2026-06-14 14:16:46] INFO [summarize_transactions] 主体维度汇总完成: 2 条记录, 1 个主体, 1 家银行, 1 个月份, 2 个未匹配账号
[2026-06-14 14:16:46] INFO [export_subject_summary] 主体维度汇总分析已导出: /var************************************************************************************
[2026-06-14 14:16:46] INFO [setup_logging] 日志系统初始化完成，日志文件: /Use*******************************************************************************************************
[2026-06-14 14:16:46] INFO [setup_logging] 未检测到 tkinter，将使用命令行交互模式
[2026-06-14 14:16:46] INFO [summarize_transactions] 主体维度汇总完成: 1 条记录, 1 个主体, 1 家银行, 1 个月份, 1 个未匹配账号
[2026-06-14 14:16:46] INFO [export_subject_summary] 主体维度汇总分析已导出: /var********************************************************************************************************
