[2026-06-15 10:03:42] INFO [setup_logging] 日志系统初始化完成，日志文件: /Use*******************************************************************************************************
[2026-06-15 10:03:42] INFO [setup_logging] 未检测到 tkinter，将使用命令行交互模式
[2026-06-15 10:03:42] INFO [find_lookup_file] 精确匹配到主体查找表: /pri**********************************************************************************************************************************
[2026-06-15 10:03:42] INFO [run_pipeline] 正在预加载主体查找表...
[2026-06-15 10:03:42] DEBUG [detect_file_format] 文件 /pri********************************************************************************************************************************** Magic Bytes 检测为 xlsx 格式 (ZIP/OOXML)
[2026-06-15 10:03:42] INFO [load_lookup_table] 查找表加载完成：共 2 条条目，2 个唯一账号，0 个扩展字段
[2026-06-15 10:03:42] INFO [run_pipeline] 主体查找表预加载完成
[2026-06-15 10:03:42] INFO [load_existing_keys] 已加载历史总表，共 2 条记录，2 个唯一匹配键
[2026-06-15 10:03:42] INFO [run_pipeline] ===== 增量合并模式已启用 =====
[2026-06-15 10:03:42] INFO [prepare_working_folder] 已复制文件夹到同级目录: /pri*********************************************************************************************************************************
[2026-06-15 10:03:42] DEBUG [scan_bank_files] 发现银行导出文件: /pri**********************************************************************************************************************************************
[2026-06-15 10:03:42] INFO [scan_bank_files] 共扫描到 1 个银行导出文件
[2026-06-15 10:03:42] DEBUG [detect_file_format] 文件 /pri********************************************************************************************************************************************** Magic Bytes 检测为 xlsx 格式 (ZIP/OOXML)
[2026-06-15 10:03:42] INFO [identify_bank] 文件「东亚银行_测试.xlsx」通过前缀匹配识别为: 东亚银行
[2026-06-15 10:03:42] INFO [parse] 开始处理东亚银行文件: /pri**********************************************************************************************************************************************
[2026-06-15 10:03:42] DEBUG [detect_file_format] 文件 /pri********************************************************************************************************************************************** Magic Bytes 检测为 xlsx 格式 (ZIP/OOXML)
[2026-06-15 10:03:42] WARNING [validate_headers] 东亚银行文件工作表「Sheet」表头校验：字段「trade_date」第 1 列第 4 行单元格为空，预期为「交易日期」
[2026-06-15 10:03:42] WARNING [validate_headers] 东亚银行文件工作表「Sheet」表头校验：字段「payment」第 4 列第 4 行单元格为空，预期为「支出金额」
[2026-06-15 10:03:42] WARNING [validate_headers] 东亚银行文件工作表「Sheet」表头校验：字段「receipt」第 5 列第 4 行单元格为空，预期为「收入金额」
[2026-06-15 10:03:42] WARNING [validate_headers] 东亚银行文件工作表「Sheet」表头校验：字段「summary」第 12 列第 4 行单元格为空，预期为「摘要」或「交易描述/对方」
[2026-06-15 10:03:42] WARNING [validate_headers] 东亚银行文件工作表「Sheet」表头校验：字段「cou*****art」第 12 列第 4 行单元格为空，预期为「对方户名」或「交易描述/对方」
[2026-06-15 10:03:42] WARNING [validate_headers] 东亚银行文件工作表「Sheet」表头校验：字段「balance」第 9 列第 4 行单元格为空，预期为「余额」
[2026-06-15 10:03:42] WARNING [validate_headers] 东亚银行文件工作表「Sheet」表头校验：字段「transaction_id」第 11 列第 4 行单元格为空，预期为「交易流水号」
[2026-06-15 10:03:42] WARNING [validate_headers] 东亚银行文件工作表「Sheet」表头校验未通过：7/7 个字段不匹配（trade_date, payment, receipt, summary, counterpart, balance, transaction_id）
[2026-06-15 10:03:42] DEBUG [get_subject_info] 银行账号「3881年23月」匹配到主体: 上********司（优先级: 0）
[2026-06-15 10:03:42] INFO [_parse_sheet] 东亚银行文件工作表「Sheet」提取 1 条记录
[2026-06-15 10:03:42] INFO [parse] 东亚银行文件处理完成，共提取 1 条记录
[2026-06-15 10:03:42] INFO [run_pipeline] 成功处理文件: /pri**********************************************************************************************************************************************（1 条记录）
[2026-06-15 10:03:42] DEBUG [delete_processed_files] 已删除文件: /pri**********************************************************************************************************************************************
[2026-06-15 10:03:42] INFO [filter_incremental_records] 增量过滤完成: 新记录 1 条，重复 0 条，实际新增 1 条
[2026-06-15 10:03:42] INFO [merge_and_export_summary] 总表输出完成: /pri***********************************************************************************************************************************（历史 2 条 + 新增 1 条 = 共 3 条）
[2026-06-15 10:03:42] INFO [apply_amount_anomaly_detection] 开始金额异常检测，单笔阈值: [金额已隐藏] 元
