[2026-06-15 09:10:44] INFO [setup_logging] 日志系统初始化完成，日志文件: /Use*******************************************************************************************************
[2026-06-15 09:10:44] INFO [setup_logging] 未检测到 tkinter，将使用命令行交互模式
[2026-06-15 09:10:44] INFO [setup_logging] 日志系统初始化完成，日志文件: /Use*******************************************************************************************************
[2026-06-15 09:10:44] INFO [setup_logging] 未检测到 tkinter，将使用命令行交互模式
[2026-06-15 09:10:44] INFO [setup_logging] 日志系统初始化完成，日志文件: /Use*******************************************************************************************************
[2026-06-15 09:10:44] INFO [setup_logging] 未检测到 tkinter，将使用命令行交互模式
[2026-06-15 09:10:44] INFO [setup_logging] 日志系统初始化完成，日志文件: /Use*******************************************************************************************************
[2026-06-15 09:10:44] INFO [setup_logging] 未检测到 tkinter，将使用命令行交互模式
[2026-06-15 09:10:44] INFO [setup_logging] 日志系统初始化完成，日志文件: /Use*******************************************************************************************************
[2026-06-15 09:10:44] INFO [setup_logging] 未检测到 tkinter，将使用命令行交互模式
[2026-06-15 09:10:44] INFO [setup_logging] 日志系统初始化完成，日志文件: /Use*******************************************************************************************************
[2026-06-15 09:10:44] INFO [setup_logging] 未检测到 tkinter，将使用命令行交互模式
[2026-06-15 09:10:44] INFO [setup_logging] 日志系统初始化完成，日志文件: /Use*******************************************************************************************************
[2026-06-15 09:10:44] INFO [setup_logging] 未检测到 tkinter，将使用命令行交互模式
[2026-06-15 09:10:44] INFO [setup_logging] 日志系统初始化完成，日志文件: /Use*******************************************************************************************************
[2026-06-15 09:10:44] INFO [setup_logging] 未检测到 tkinter，将使用命令行交互模式
[2026-06-15 09:10:44] INFO [setup_logging] 日志系统初始化完成，日志文件: /Use*******************************************************************************************************
[2026-06-15 09:10:44] INFO [setup_logging] 未检测到 tkinter，将使用命令行交互模式
[2026-06-15 09:10:44] INFO [setup_logging] 日志系统初始化完成，日志文件: /Use*******************************************************************************************************
[2026-06-15 09:10:44] INFO [setup_logging] 未检测到 tkinter，将使用命令行交互模式
[2026-06-15 09:10:44] INFO [setup_logging] 日志系统初始化完成，日志文件: /Use*******************************************************************************************************
[2026-06-15 09:10:44] INFO [setup_logging] 未检测到 tkinter，将使用命令行交互模式
[2026-06-15 09:10:44] WARNING [load_summary_config] 加载总表配置文件失败: while parsing a flow mapping
  in "/var/folders/8t/8rw7_pg16cx2c2mkh_cvpz8m0000gn/T/summary_config_test_7xuta1lx/summary_config.yaml", line 1, column 2
expected ',' or '}', but got '<stream end>'
  in "/var/folders/8t/8rw7_pg16cx2c2mkh_cvpz8m0000gn/T/summary_config_test_7xuta1lx/summary_config.yaml", line 1, column 23，使用默认配置
[2026-06-15 09:10:44] INFO [setup_logging] 日志系统初始化完成，日志文件: /Use*******************************************************************************************************
[2026-06-15 09:10:44] INFO [setup_logging] 未检测到 tkinter，将使用命令行交互模式
[2026-06-15 09:10:44] WARNING [load_summary_config] 总表配置文件格式无效，使用默认配置
[2026-06-15 09:10:44] INFO [setup_logging] 日志系统初始化完成，日志文件: /Use*******************************************************************************************************
[2026-06-15 09:10:44] INFO [setup_logging] 未检测到 tkinter，将使用命令行交互模式
[2026-06-15 09:10:44] INFO [setup_logging] 日志系统初始化完成，日志文件: /Use*******************************************************************************************************
[2026-06-15 09:10:44] INFO [setup_logging] 未检测到 tkinter，将使用命令行交互模式
[2026-06-15 09:10:44] INFO [setup_logging] 日志系统初始化完成，日志文件: /Use*******************************************************************************************************
[2026-06-15 09:10:44] INFO [setup_logging] 未检测到 tkinter，将使用命令行交互模式
[2026-06-15 09:10:44] INFO [setup_logging] 日志系统初始化完成，日志文件: /Use*******************************************************************************************************
[2026-06-15 09:10:44] INFO [setup_logging] 未检测到 tkinter，将使用命令行交互模式
[2026-06-15 09:10:44] INFO [setup_logging] 日志系统初始化完成，日志文件: /Use*******************************************************************************************************
[2026-06-15 09:10:44] INFO [setup_logging] 未检测到 tkinter，将使用命令行交互模式
[2026-06-15 09:10:44] INFO [setup_logging] 日志系统初始化完成，日志文件: /Use*******************************************************************************************************
[2026-06-15 09:10:44] INFO [setup_logging] 未检测到 tkinter，将使用命令行交互模式
[2026-06-15 09:10:44] INFO [setup_logging] 日志系统初始化完成，日志文件: /Use*******************************************************************************************************
[2026-06-15 09:10:44] INFO [setup_logging] 未检测到 tkinter，将使用命令行交互模式
[2026-06-15 09:10:44] INFO [setup_logging] 日志系统初始化完成，日志文件: /Use*******************************************************************************************************
[2026-06-15 09:10:44] INFO [setup_logging] 未检测到 tkinter，将使用命令行交互模式
[2026-06-15 09:10:44] INFO [setup_logging] 日志系统初始化完成，日志文件: /Use*******************************************************************************************************
[2026-06-15 09:10:44] INFO [setup_logging] 未检测到 tkinter，将使用命令行交互模式
[2026-06-15 09:10:44] INFO [setup_logging] 日志系统初始化完成，日志文件: /Use*******************************************************************************************************
[2026-06-15 09:10:44] INFO [setup_logging] 未检测到 tkinter，将使用命令行交互模式
[2026-06-15 09:10:44] INFO [setup_logging] 日志系统初始化完成，日志文件: /Use*******************************************************************************************************
[2026-06-15 09:10:44] INFO [setup_logging] 未检测到 tkinter，将使用命令行交互模式
[2026-06-15 09:10:44] INFO [setup_logging] 日志系统初始化完成，日志文件: /Use*******************************************************************************************************
[2026-06-15 09:10:44] INFO [setup_logging] 未检测到 tkinter，将使用命令行交互模式
[2026-06-15 09:10:44] INFO [setup_logging] 日志系统初始化完成，日志文件: /Use*******************************************************************************************************
[2026-06-15 09:10:44] INFO [setup_logging] 未检测到 tkinter，将使用命令行交互模式
[2026-06-15 09:10:44] INFO [setup_logging] 日志系统初始化完成，日志文件: /Use*******************************************************************************************************
[2026-06-15 09:10:44] INFO [setup_logging] 未检测到 tkinter，将使用命令行交互模式
[2026-06-15 09:10:44] INFO [setup_logging] 日志系统初始化完成，日志文件: /Use*******************************************************************************************************
[2026-06-15 09:10:44] INFO [setup_logging] 未检测到 tkinter，将使用命令行交互模式
[2026-06-15 09:10:44] INFO [setup_logging] 日志系统初始化完成，日志文件: /Use*******************************************************************************************************
[2026-06-15 09:10:44] INFO [setup_logging] 未检测到 tkinter，将使用命令行交互模式
[2026-06-15 09:10:44] INFO [setup_logging] 日志系统初始化完成，日志文件: /Use*******************************************************************************************************
[2026-06-15 09:10:44] INFO [setup_logging] 未检测到 tkinter，将使用命令行交互模式
[2026-06-15 09:10:44] INFO [setup_logging] 日志系统初始化完成，日志文件: /Use*******************************************************************************************************
[2026-06-15 09:10:44] INFO [setup_logging] 未检测到 tkinter，将使用命令行交互模式
[2026-06-15 09:10:44] INFO [setup_logging] 日志系统初始化完成，日志文件: /Use*******************************************************************************************************
[2026-06-15 09:10:44] INFO [setup_logging] 未检测到 tkinter，将使用命令行交互模式
[2026-06-15 09:10:44] INFO [setup_logging] 日志系统初始化完成，日志文件: /Use*******************************************************************************************************
[2026-06-15 09:10:44] INFO [setup_logging] 未检测到 tkinter，将使用命令行交互模式
[2026-06-15 09:10:44] INFO [setup_logging] 日志系统初始化完成，日志文件: /Use*******************************************************************************************************
[2026-06-15 09:10:44] INFO [setup_logging] 未检测到 tkinter，将使用命令行交互模式
[2026-06-15 09:10:44] INFO [merge_and_export_summary] 总表输出完成: /var*************************************************************************************（历史 0 条 + 新增 2 条 = 共 2 条）
[2026-06-15 09:10:44] INFO [setup_logging] 日志系统初始化完成，日志文件: /Use*******************************************************************************************************
[2026-06-15 09:10:44] INFO [setup_logging] 未检测到 tkinter，将使用命令行交互模式
[2026-06-15 09:10:44] INFO [merge_and_export_summary] 总表输出完成: /var*************************************************************************************（历史 0 条 + 新增 2 条 = 共 2 条）
[2026-06-15 09:10:44] INFO [setup_logging] 日志系统初始化完成，日志文件: /Use*******************************************************************************************************
[2026-06-15 09:10:44] INFO [setup_logging] 未检测到 tkinter，将使用命令行交互模式
[2026-06-15 09:10:45] INFO [export_masked_summary] 脱敏版总表输出完成: /var*****************************************************************************************（共 2 条记录）
[2026-06-15 09:10:45] INFO [setup_logging] 日志系统初始化完成，日志文件: /Use*******************************************************************************************************
[2026-06-15 09:10:45] INFO [setup_logging] 未检测到 tkinter，将使用命令行交互模式
[2026-06-15 09:10:45] INFO [setup_logging] 日志系统初始化完成，日志文件: /Use*******************************************************************************************************
[2026-06-15 09:10:45] INFO [setup_logging] 未检测到 tkinter，将使用命令行交互模式
[2026-06-15 09:10:45] INFO [setup_logging] 日志系统初始化完成，日志文件: /Use*******************************************************************************************************
[2026-06-15 09:10:45] INFO [setup_logging] 未检测到 tkinter，将使用命令行交互模式
[2026-06-15 09:10:45] INFO [find_lookup_file] 精确匹配到主体查找表: /var*******************************************************************************
[2026-06-15 09:10:45] INFO [setup_logging] 日志系统初始化完成，日志文件: /Use*******************************************************************************************************
[2026-06-15 09:10:45] INFO [setup_logging] 未检测到 tkinter，将使用命令行交互模式
[2026-06-15 09:10:45] INFO [find_lookup_file] 精确匹配到主体查找表: /var******************************************************************************
[2026-06-15 09:10:45] INFO [setup_logging] 日志系统初始化完成，日志文件: /Use*******************************************************************************************************
[2026-06-15 09:10:45] INFO [setup_logging] 未检测到 tkinter，将使用命令行交互模式
[2026-06-15 09:10:45] INFO [find_lookup_file] 找到主体查找表（唯一 Excel 文件）: /var*****************************************************************************
[2026-06-15 09:10:45] INFO [setup_logging] 日志系统初始化完成，日志文件: /Use*******************************************************************************************************
[2026-06-15 09:10:45] INFO [setup_logging] 未检测到 tkinter，将使用命令行交互模式
[2026-06-15 09:10:45] WARNING [find_lookup_file] 程序目录下未找到任何 Excel 文件作为主体查找表
[2026-06-15 09:10:45] INFO [setup_logging] 日志系统初始化完成，日志文件: /Use*******************************************************************************************************
[2026-06-15 09:10:45] INFO [setup_logging] 未检测到 tkinter，将使用命令行交互模式
[2026-06-15 09:10:45] WARNING [find_lookup_file] 程序目录下存在 2 个 Excel 文件，无法确定唯一查找表: ['表2.xlsx', '表1.xlsx']。建议将查找表文件命名为 "主体查找表.xlsx"
[2026-06-15 09:10:45] INFO [setup_logging] 日志系统初始化完成，日志文件: /Use*******************************************************************************************************
[2026-06-15 09:10:45] INFO [setup_logging] 未检测到 tkinter，将使用命令行交互模式
[2026-06-15 09:10:45] INFO [find_lookup_file] 精确匹配到主体查找表: /var*******************************************************************************
[2026-06-15 09:10:45] INFO [setup_logging] 日志系统初始化完成，日志文件: /Use*******************************************************************************************************
[2026-06-15 09:10:45] INFO [setup_logging] 未检测到 tkinter，将使用命令行交互模式
[2026-06-15 09:10:45] INFO [find_lookup_file] 找到主体查找表（唯一 Excel 文件）: /var*****************************************************************************
[2026-06-15 09:10:45] INFO [setup_logging] 日志系统初始化完成，日志文件: /Use*******************************************************************************************************
[2026-06-15 09:10:45] INFO [setup_logging] 未检测到 tkinter，将使用命令行交互模式
[2026-06-15 09:10:45] DEBUG [detect_file_format] 文件 /var******************************************************************************* Magic Bytes 检测为 xlsx 格式 (ZIP/OOXML)
[2026-06-15 09:10:45] INFO [load_lookup_table] 查找表加载完成：共 2 条条目，2 个唯一账号，0 个扩展字段
[2026-06-15 09:10:45] DEBUG [get_subject_info] 银行账号「0109年03月」匹配到主体: 北********司（优先级: 0）
[2026-06-15 09:10:45] INFO [setup_logging] 日志系统初始化完成，日志文件: /Use*******************************************************************************************************
[2026-06-15 09:10:45] INFO [setup_logging] 未检测到 tkinter，将使用命令行交互模式
[2026-06-15 09:10:45] DEBUG [detect_file_format] 文件 /var******************************************************************************* Magic Bytes 检测为 xlsx 格式 (ZIP/OOXML)
[2026-06-15 09:10:45] INFO [load_lookup_table] 查找表加载完成：共 2 条条目，2 个唯一账号，0 个扩展字段
[2026-06-15 09:10:45] DEBUG [get_subject_info] 银行账号「3881年23月」匹配到主体: 上********司（优先级: 0）
[2026-06-15 09:10:45] INFO [setup_logging] 日志系统初始化完成，日志文件: /Use*******************************************************************************************************
[2026-06-15 09:10:45] INFO [setup_logging] 未检测到 tkinter，将使用命令行交互模式
[2026-06-15 09:10:45] DEBUG [detect_file_format] 文件 /var******************************************************************************* Magic Bytes 检测为 xlsx 格式 (ZIP/OOXML)
[2026-06-15 09:10:45] INFO [load_lookup_table] 查找表加载完成：共 2 条条目，2 个唯一账号，0 个扩展字段
[2026-06-15 09:10:45] WARNING [get_subject_info] 银行账号「9999年99月」在查找表中未找到对应主体
[2026-06-15 09:10:45] INFO [setup_logging] 日志系统初始化完成，日志文件: /Use*******************************************************************************************************
[2026-06-15 09:10:45] INFO [setup_logging] 未检测到 tkinter，将使用命令行交互模式
[2026-06-15 09:10:45] WARNING [get_subject_info] 银行账号为空，无法查找主体
[2026-06-15 09:10:45] INFO [setup_logging] 日志系统初始化完成，日志文件: /Use*******************************************************************************************************
[2026-06-15 09:10:45] INFO [setup_logging] 未检测到 tkinter，将使用命令行交互模式
[2026-06-15 09:10:45] DEBUG [detect_file_format] 文件 /var******************************************************************************* Magic Bytes 检测为 xlsx 格式 (ZIP/OOXML)
[2026-06-15 09:10:45] INFO [load_lookup_table] 查找表加载完成：共 2 条条目，2 个唯一账号，0 个扩展字段
[2026-06-15 09:10:45] WARNING [get_subject_info] 银行账号「」在查找表中未找到对应主体
[2026-06-15 09:10:45] INFO [setup_logging] 日志系统初始化完成，日志文件: /Use*******************************************************************************************************
[2026-06-15 09:10:45] INFO [setup_logging] 未检测到 tkinter，将使用命令行交互模式
[2026-06-15 09:10:45] WARNING [load_lookup_table] 主体查找表不存在或未指定，返回空查找表结构
[2026-06-15 09:10:45] WARNING [get_subject_info] 主体查找表不存在或未指定，银行账号「0109年03月」的主体将为空
[2026-06-15 09:10:45] INFO [setup_logging] 日志系统初始化完成，日志文件: /Use*******************************************************************************************************
[2026-06-15 09:10:45] INFO [setup_logging] 未检测到 tkinter，将使用命令行交互模式
[2026-06-15 09:10:45] WARNING [load_lookup_table] 主体查找表不存在或未指定，返回空查找表结构
[2026-06-15 09:10:45] WARNING [get_subject_info] 主体查找表「/nonexistent/path.xlsx」为空或不存在，银行账号「0109年03月」的主体将为空
[2026-06-15 09:10:45] INFO [setup_logging] 日志系统初始化完成，日志文件: /Use*******************************************************************************************************
[2026-06-15 09:10:45] INFO [setup_logging] 未检测到 tkinter，将使用命令行交互模式
[2026-06-15 09:10:45] DEBUG [detect_file_format] 文件 /var******************************************************************************* Magic Bytes 检测为 xlsx 格式 (ZIP/OOXML)
[2026-06-15 09:10:45] INFO [load_lookup_table] 查找表加载完成：共 1 条条目，1 个唯一账号，0 个扩展字段
[2026-06-15 09:10:45] DEBUG [get_subject_info] 银行账号「[1万-10万]」匹配到主体: 测**司（优先级: 0）
[2026-06-15 09:10:45] INFO [setup_logging] 日志系统初始化完成，日志文件: /Use*******************************************************************************************************
[2026-06-15 09:10:45] INFO [setup_logging] 未检测到 tkinter，将使用命令行交互模式
[2026-06-15 09:10:45] DEBUG [detect_file_format] 文件 /var******************************************************************************* Magic Bytes 检测为 xlsx 格式 (ZIP/OOXML)
[2026-06-15 09:10:45] INFO [load_lookup_table] 查找表加载完成：共 1 条条目，1 个唯一账号，0 个扩展字段
[2026-06-15 09:10:45] DEBUG [get_subject_info] 银行账号「[>=1千万]」匹配到主体: 北********司（优先级: 0）
[2026-06-15 09:10:45] INFO [setup_logging] 日志系统初始化完成，日志文件: /Use*******************************************************************************************************
[2026-06-15 09:10:45] INFO [setup_logging] 未检测到 tkinter，将使用命令行交互模式
[2026-06-15 09:10:45] DEBUG [detect_file_format] 文件 /var******************************************************************************* Magic Bytes 检测为 xlsx 格式 (ZIP/OOXML)
[2026-06-15 09:10:45] INFO [load_lookup_table] 查找表加载完成：共 1 条条目，1 个唯一账号，0 个扩展字段
[2026-06-15 09:10:45] DEBUG [get_subject_info] 银行账号「[>=1千万]」匹配到主体: 北********司（优先级: 0）
[2026-06-15 09:10:45] INFO [setup_logging] 日志系统初始化完成，日志文件: /Use*******************************************************************************************************
[2026-06-15 09:10:45] INFO [setup_logging] 未检测到 tkinter，将使用命令行交互模式
[2026-06-15 09:10:45] DEBUG [detect_file_format] 文件 /var******************************************************************************* Magic Bytes 检测为 xlsx 格式 (ZIP/OOXML)
[2026-06-15 09:10:45] INFO [load_lookup_table] 查找表加载完成：共 1 条条目，1 个唯一账号，0 个扩展字段
[2026-06-15 09:10:45] DEBUG [get_subject_info] 银行账号「0109年03月」匹配到主体: 北********司（优先级: 0）
[2026-06-15 09:10:45] INFO [setup_logging] 日志系统初始化完成，日志文件: /Use*******************************************************************************************************
[2026-06-15 09:10:45] INFO [setup_logging] 未检测到 tkinter，将使用命令行交互模式
[2026-06-15 09:10:45] DEBUG [detect_file_format] 文件 /var******************************************************************************* Magic Bytes 检测为 xlsx 格式 (ZIP/OOXML)
[2026-06-15 09:10:45] INFO [load_lookup_table] 查找表加载完成：共 1 条条目，1 个唯一账号，0 个扩展字段
[2026-06-15 09:10:45] DEBUG [get_subject_info] 银行账号「0109年03月」匹配到主体: 北********司（优先级: 0）
[2026-06-15 09:10:45] INFO [setup_logging] 日志系统初始化完成，日志文件: /Use*******************************************************************************************************
[2026-06-15 09:10:45] INFO [setup_logging] 未检测到 tkinter，将使用命令行交互模式
[2026-06-15 09:10:45] DEBUG [detect_file_format] 文件 /var******************************************************************************* Magic Bytes 检测为 xlsx 格式 (ZIP/OOXML)
[2026-06-15 09:10:45] INFO [load_lookup_table] 查找表加载完成：共 1 条条目，1 个唯一账号，0 个扩展字段
[2026-06-15 09:10:45] DEBUG [get_subject_info] 银行账号「[>=1千万]」匹配到主体: 上********司（优先级: 0）
[2026-06-15 09:10:45] INFO [setup_logging] 日志系统初始化完成，日志文件: /Use*******************************************************************************************************
[2026-06-15 09:10:45] INFO [setup_logging] 未检测到 tkinter，将使用命令行交互模式
[2026-06-15 09:10:45] DEBUG [detect_file_format] 文件 /var******************************************************************************* Magic Bytes 检测为 xlsx 格式 (ZIP/OOXML)
[2026-06-15 09:10:45] INFO [load_lookup_table] 查找表加载完成：共 1 条条目，1 个唯一账号，0 个扩展字段
[2026-06-15 09:10:45] DEBUG [get_subject_info] 银行账号「[>=1千万]」匹配到主体: 上********司（优先级: 0）
[2026-06-15 09:10:45] INFO [setup_logging] 日志系统初始化完成，日志文件: /Use*******************************************************************************************************
[2026-06-15 09:10:45] INFO [setup_logging] 未检测到 tkinter，将使用命令行交互模式
[2026-06-15 09:10:45] DEBUG [detect_file_format] 文件 /var******************************************************************************* Magic Bytes 检测为 xlsx 格式 (ZIP/OOXML)
[2026-06-15 09:10:45] INFO [load_lookup_table] 查找表加载完成：共 1 条条目，1 个唯一账号，0 个扩展字段
[2026-06-15 09:10:45] DEBUG [get_subject_info] 银行账号「0123年45月」匹配到主体: 测***A（优先级: 0）
[2026-06-15 09:10:45] INFO [setup_logging] 日志系统初始化完成，日志文件: /Use*******************************************************************************************************
[2026-06-15 09:10:45] INFO [setup_logging] 未检测到 tkinter，将使用命令行交互模式
[2026-06-15 09:10:45] DEBUG [detect_file_format] 文件 /var******************************************************************************* Magic Bytes 检测为 xlsx 格式 (ZIP/OOXML)
[2026-06-15 09:10:45] INFO [load_lookup_table] 查找表加载完成：共 1 条条目，1 个唯一账号，0 个扩展字段
[2026-06-15 09:10:45] DEBUG [get_subject_info] 银行账号「[>=1千万]」匹配到主体: 测***B（优先级: 0）
[2026-06-15 09:10:45] INFO [setup_logging] 日志系统初始化完成，日志文件: /Use*******************************************************************************************************
[2026-06-15 09:10:45] INFO [setup_logging] 未检测到 tkinter，将使用命令行交互模式
[2026-06-15 09:10:45] DEBUG [detect_file_format] 文件 /var******************************************************************************* Magic Bytes 检测为 xlsx 格式 (ZIP/OOXML)
[2026-06-15 09:10:45] INFO [load_lookup_table] 查找表加载完成：共 1 条条目，1 个唯一账号，0 个扩展字段
[2026-06-15 09:10:45] DEBUG [get_subject_info] 银行账号「3881年23月」匹配到主体: 测***C（优先级: 0）
[2026-06-15 09:10:45] INFO [setup_logging] 日志系统初始化完成，日志文件: /Use*******************************************************************************************************
[2026-06-15 09:10:45] INFO [setup_logging] 未检测到 tkinter，将使用命令行交互模式
[2026-06-15 09:10:45] DEBUG [detect_file_format] 文件 /var******************************************************************************* Magic Bytes 检测为 xlsx 格式 (ZIP/OOXML)
[2026-06-15 09:10:45] INFO [load_lookup_table] 查找表加载完成：共 2 条条目，1 个唯一账号，0 个扩展字段
[2026-06-15 09:10:45] DEBUG [get_subject_info] 银行账号「0123年45月」匹配到主体: 公*A（优先级: 0）
[2026-06-15 09:10:45] INFO [setup_logging] 日志系统初始化完成，日志文件: /Use*******************************************************************************************************
[2026-06-15 09:10:45] INFO [setup_logging] 未检测到 tkinter，将使用命令行交互模式
[2026-06-15 09:10:45] INFO [setup_logging] 日志系统初始化完成，日志文件: /Use*******************************************************************************************************
[2026-06-15 09:10:45] INFO [setup_logging] 未检测到 tkinter，将使用命令行交互模式
[2026-06-15 09:10:45] INFO [setup_logging] 日志系统初始化完成，日志文件: /Use*******************************************************************************************************
[2026-06-15 09:10:45] INFO [setup_logging] 未检测到 tkinter，将使用命令行交互模式
[2026-06-15 09:10:45] INFO [setup_logging] 日志系统初始化完成，日志文件: /Use*******************************************************************************************************
[2026-06-15 09:10:45] INFO [setup_logging] 未检测到 tkinter，将使用命令行交互模式
[2026-06-15 09:10:45] INFO [setup_logging] 日志系统初始化完成，日志文件: /Use*******************************************************************************************************
[2026-06-15 09:10:45] INFO [setup_logging] 未检测到 tkinter，将使用命令行交互模式
[2026-06-15 09:10:45] INFO [setup_logging] 日志系统初始化完成，日志文件: /Use*******************************************************************************************************
[2026-06-15 09:10:45] INFO [setup_logging] 未检测到 tkinter，将使用命令行交互模式
[2026-06-15 09:10:45] INFO [setup_logging] 日志系统初始化完成，日志文件: /Use*******************************************************************************************************
[2026-06-15 09:10:45] INFO [setup_logging] 未检测到 tkinter，将使用命令行交互模式
[2026-06-15 09:10:45] INFO [setup_logging] 日志系统初始化完成，日志文件: /Use*******************************************************************************************************
[2026-06-15 09:10:45] INFO [setup_logging] 未检测到 tkinter，将使用命令行交互模式
[2026-06-15 09:10:45] INFO [setup_logging] 日志系统初始化完成，日志文件: /Use*******************************************************************************************************
[2026-06-15 09:10:45] INFO [setup_logging] 未检测到 tkinter，将使用命令行交互模式
[2026-06-15 09:10:45] INFO [setup_logging] 日志系统初始化完成，日志文件: /Use*******************************************************************************************************
[2026-06-15 09:10:45] INFO [setup_logging] 未检测到 tkinter，将使用命令行交互模式
[2026-06-15 09:10:45] INFO [setup_logging] 日志系统初始化完成，日志文件: /Use*******************************************************************************************************
[2026-06-15 09:10:45] INFO [setup_logging] 未检测到 tkinter，将使用命令行交互模式
[2026-06-15 09:10:45] INFO [setup_logging] 日志系统初始化完成，日志文件: /Use*******************************************************************************************************
[2026-06-15 09:10:45] INFO [setup_logging] 未检测到 tkinter，将使用命令行交互模式
[2026-06-15 09:10:45] INFO [setup_logging] 日志系统初始化完成，日志文件: /Use*******************************************************************************************************
[2026-06-15 09:10:45] INFO [setup_logging] 未检测到 tkinter，将使用命令行交互模式
[2026-06-15 09:10:45] INFO [setup_logging] 日志系统初始化完成，日志文件: /Use*******************************************************************************************************
[2026-06-15 09:10:45] INFO [setup_logging] 未检测到 tkinter，将使用命令行交互模式
[2026-06-15 09:10:45] INFO [setup_logging] 日志系统初始化完成，日志文件: /Use*******************************************************************************************************
[2026-06-15 09:10:45] INFO [setup_logging] 未检测到 tkinter，将使用命令行交互模式
[2026-06-15 09:10:45] INFO [setup_logging] 日志系统初始化完成，日志文件: /Use*******************************************************************************************************
[2026-06-15 09:10:45] INFO [setup_logging] 未检测到 tkinter，将使用命令行交互模式
[2026-06-15 09:10:45] INFO [setup_logging] 日志系统初始化完成，日志文件: /Use*******************************************************************************************************
[2026-06-15 09:10:45] INFO [setup_logging] 未检测到 tkinter，将使用命令行交互模式
[2026-06-15 09:10:45] INFO [setup_logging] 日志系统初始化完成，日志文件: /Use*******************************************************************************************************
[2026-06-15 09:10:45] INFO [setup_logging] 未检测到 tkinter，将使用命令行交互模式
[2026-06-15 09:10:45] DEBUG [detect_file_format] 文件 /var******************************************************************************** Magic Bytes 检测为 xlsx 格式 (ZIP/OOXML)
[2026-06-15 09:10:45] INFO [load_lookup_table] 查找表加载完成：共 1 条条目，1 个唯一账号，0 个扩展字段
[2026-06-15 09:10:45] DEBUG [get_subject_info] 银行账号「[1万-10万]」匹配到主体: 公*A（优先级: 0）
[2026-06-15 09:10:45] INFO [setup_logging] 日志系统初始化完成，日志文件: /Use*******************************************************************************************************
[2026-06-15 09:10:45] INFO [setup_logging] 未检测到 tkinter，将使用命令行交互模式
[2026-06-15 09:10:45] DEBUG [detect_file_format] 文件 /var******************************************************************************** Magic Bytes 检测为 xlsx 格式 (ZIP/OOXML)
[2026-06-15 09:10:45] INFO [load_lookup_table] 查找表加载完成：共 3 条条目，1 个唯一账号，0 个扩展字段
[2026-06-15 09:10:45] DEBUG [get_subject_info] 银行账号「[1万-10万]」匹配到主体: 高****体（优先级: 10）
[2026-06-15 09:10:45] INFO [setup_logging] 日志系统初始化完成，日志文件: /Use*******************************************************************************************************
[2026-06-15 09:10:45] INFO [setup_logging] 未检测到 tkinter，将使用命令行交互模式
[2026-06-15 09:10:45] DEBUG [detect_file_format] 文件 /var******************************************************************************** Magic Bytes 检测为 xlsx 格式 (ZIP/OOXML)
[2026-06-15 09:10:45] INFO [load_lookup_table] 查找表加载完成：共 2 条条目，1 个唯一账号，0 个扩展字段
[2026-06-15 09:10:45] DEBUG [get_subject_info] 银行账号「[1万-10万]」匹配到主体: 主*A（优先级: 5）
[2026-06-15 09:10:45] INFO [setup_logging] 日志系统初始化完成，日志文件: /Use*******************************************************************************************************
[2026-06-15 09:10:45] INFO [setup_logging] 未检测到 tkinter，将使用命令行交互模式
[2026-06-15 09:10:45] DEBUG [detect_file_format] 文件 /var******************************************************************************** Magic Bytes 检测为 xlsx 格式 (ZIP/OOXML)
[2026-06-15 09:10:45] INFO [load_lookup_table] 查找表加载完成：共 3 条条目，1 个唯一账号，0 个扩展字段
[2026-06-15 09:10:45] DEBUG [get_subject_info] 银行账号「[1万-10万]」匹配到主体: 主*C（优先级: 1）
[2026-06-15 09:10:45] INFO [setup_logging] 日志系统初始化完成，日志文件: /Use*******************************************************************************************************
[2026-06-15 09:10:45] INFO [setup_logging] 未检测到 tkinter，将使用命令行交互模式
[2026-06-15 09:10:45] DEBUG [detect_file_format] 文件 /var******************************************************************************** Magic Bytes 检测为 xlsx 格式 (ZIP/OOXML)
[2026-06-15 09:10:45] INFO [load_lookup_table] 查找表加载完成：共 2 条条目，1 个唯一账号，0 个扩展字段
[2026-06-15 09:10:46] INFO [setup_logging] 日志系统初始化完成，日志文件: /Use*******************************************************************************************************
[2026-06-15 09:10:46] INFO [setup_logging] 未检测到 tkinter，将使用命令行交互模式
[2026-06-15 09:10:46] DEBUG [detect_file_format] 文件 /var******************************************************************************** Magic Bytes 检测为 xlsx 格式 (ZIP/OOXML)
[2026-06-15 09:10:47] INFO [load_lookup_table] 查找表加载完成：共 1 条条目，1 个唯一账号，0 个扩展字段
[2026-06-15 09:10:47] DEBUG [get_subject_info] 银行账号「1234年56月」匹配到主体: 测**司（优先级: 0）
[2026-06-15 09:10:47] INFO [setup_logging] 日志系统初始化完成，日志文件: /Use*******************************************************************************************************
[2026-06-15 09:10:47] INFO [setup_logging] 未检测到 tkinter，将使用命令行交互模式
[2026-06-15 09:10:47] DEBUG [detect_file_format] 文件 /var******************************************************************************** Magic Bytes 检测为 xlsx 格式 (ZIP/OOXML)
[2026-06-15 09:10:47] INFO [load_lookup_table] 查找表加载完成：共 1 条条目，1 个唯一账号，0 个扩展字段
[2026-06-15 09:10:47] INFO [setup_logging] 日志系统初始化完成，日志文件: /Use*******************************************************************************************************
[2026-06-15 09:10:47] INFO [setup_logging] 未检测到 tkinter，将使用命令行交互模式
[2026-06-15 09:10:48] DEBUG [detect_file_format] 文件 /var******************************************************************************** Magic Bytes 检测为 xlsx 格式 (ZIP/OOXML)
[2026-06-15 09:10:48] INFO [load_lookup_table] 查找表加载完成：共 1 条条目，1 个唯一账号，0 个扩展字段
[2026-06-15 09:10:48] WARNING [get_subject_info] 银行账号「1234年56月」在查找表中未找到对应主体
[2026-06-15 09:10:48] INFO [setup_logging] 日志系统初始化完成，日志文件: /Use*******************************************************************************************************
[2026-06-15 09:10:48] INFO [setup_logging] 未检测到 tkinter，将使用命令行交互模式
[2026-06-15 09:10:48] DEBUG [detect_file_format] 文件 /var******************************************************************************** Magic Bytes 检测为 xlsx 格式 (ZIP/OOXML)
[2026-06-15 09:10:48] INFO [load_lookup_table] 查找表加载完成：共 1 条条目，1 个唯一账号，0 个扩展字段
[2026-06-15 09:10:48] WARNING [get_subject_info] 银行账号「9876年54月」在查找表中未找到对应主体
[2026-06-15 09:10:48] INFO [setup_logging] 日志系统初始化完成，日志文件: /Use*******************************************************************************************************
[2026-06-15 09:10:48] INFO [setup_logging] 未检测到 tkinter，将使用命令行交互模式
[2026-06-15 09:10:48] DEBUG [detect_file_format] 文件 /var******************************************************************************** Magic Bytes 检测为 xlsx 格式 (ZIP/OOXML)
[2026-06-15 09:10:48] INFO [load_lookup_table] 查找表加载完成：共 2 条条目，2 个唯一账号，0 个扩展字段
[2026-06-15 09:10:49] INFO [setup_logging] 日志系统初始化完成，日志文件: /Use*******************************************************************************************************
[2026-06-15 09:10:49] INFO [setup_logging] 未检测到 tkinter，将使用命令行交互模式
[2026-06-15 09:10:49] DEBUG [detect_file_format] 文件 /var******************************************************************************** Magic Bytes 检测为 xlsx 格式 (ZIP/OOXML)
[2026-06-15 09:10:49] INFO [load_lookup_table] 查找表加载完成：共 1 条条目，1 个唯一账号，0 个扩展字段
[2026-06-15 09:10:49] WARNING [get_subject_info] 银行账号「」在查找表中未找到对应主体
[2026-06-15 09:10:49] INFO [setup_logging] 日志系统初始化完成，日志文件: /Use*******************************************************************************************************
[2026-06-15 09:10:49] INFO [setup_logging] 未检测到 tkinter，将使用命令行交互模式
[2026-06-15 09:10:49] DEBUG [detect_file_format] 文件 /var******************************************************************************** Magic Bytes 检测为 xlsx 格式 (ZIP/OOXML)
[2026-06-15 09:10:49] INFO [load_lookup_table] 查找表加载完成：共 1 条条目，1 个唯一账号，2 个扩展字段
[2026-06-15 09:10:49] DEBUG [get_subject_info] 银行账号「0109年03月」匹配到主体: 北********司（优先级: 0）
[2026-06-15 09:10:49] INFO [setup_logging] 日志系统初始化完成，日志文件: /Use*******************************************************************************************************
[2026-06-15 09:10:49] INFO [setup_logging] 未检测到 tkinter，将使用命令行交互模式
[2026-06-15 09:10:49] DEBUG [detect_file_format] 文件 /var******************************************************************************** Magic Bytes 检测为 xlsx 格式 (ZIP/OOXML)
[2026-06-15 09:10:49] INFO [load_lookup_table] 查找表加载完成：共 1 条条目，1 个唯一账号，0 个扩展字段
[2026-06-15 09:10:49] DEBUG [get_subject_info] 银行账号「[1万-10万]」匹配到主体: 测**司（优先级: 0）
[2026-06-15 09:10:49] INFO [setup_logging] 日志系统初始化完成，日志文件: /Use*******************************************************************************************************
[2026-06-15 09:10:49] INFO [setup_logging] 未检测到 tkinter，将使用命令行交互模式
[2026-06-15 09:10:49] DEBUG [detect_file_format] 文件 /var******************************************************************************** Magic Bytes 检测为 xlsx 格式 (ZIP/OOXML)
[2026-06-15 09:10:49] INFO [load_lookup_table] 查找表加载完成：共 1 条条目，1 个唯一账号，2 个扩展字段
[2026-06-15 09:10:49] DEBUG [get_subject_info] 银行账号「[1万-10万]」匹配到主体: 测**司（优先级: 0）
[2026-06-15 09:10:49] INFO [setup_logging] 日志系统初始化完成，日志文件: /Use*******************************************************************************************************
[2026-06-15 09:10:49] INFO [setup_logging] 未检测到 tkinter，将使用命令行交互模式
[2026-06-15 09:10:49] DEBUG [detect_file_format] 文件 /var******************************************************************************** Magic Bytes 检测为 xlsx 格式 (ZIP/OOXML)
[2026-06-15 09:10:49] INFO [load_lookup_table] 查找表加载完成：共 1 条条目，1 个唯一账号，4 个扩展字段
[2026-06-15 09:10:49] DEBUG [get_subject_info] 银行账号「[1万-10万]」匹配到主体: 测**司（优先级: 0）
[2026-06-15 09:10:49] INFO [setup_logging] 日志系统初始化完成，日志文件: /Use*******************************************************************************************************
[2026-06-15 09:10:49] INFO [setup_logging] 未检测到 tkinter，将使用命令行交互模式
[2026-06-15 09:10:49] DEBUG [detect_file_format] 文件 /var******************************************************************************** Magic Bytes 检测为 xlsx 格式 (ZIP/OOXML)
[2026-06-15 09:10:49] INFO [load_lookup_table] 查找表加载完成：共 1 条条目，1 个唯一账号，0 个扩展字段
[2026-06-15 09:10:49] DEBUG [get_subject_info] 银行账号「[1万-10万]」匹配到主体: 测**司（优先级: 0）
[2026-06-15 09:10:49] INFO [setup_logging] 日志系统初始化完成，日志文件: /Use*******************************************************************************************************
[2026-06-15 09:10:49] INFO [setup_logging] 未检测到 tkinter，将使用命令行交互模式
[2026-06-15 09:10:49] DEBUG [detect_file_format] 文件 /var******************************************************************************** Magic Bytes 检测为 xlsx 格式 (ZIP/OOXML)
[2026-06-15 09:10:49] INFO [load_lookup_table] 查找表加载完成：共 1 条条目，1 个唯一账号，0 个扩展字段
[2026-06-15 09:10:49] WARNING [get_subject_info] 银行账号「[1万-10万]」在查找表中未找到对应主体
[2026-06-15 09:10:49] INFO [setup_logging] 日志系统初始化完成，日志文件: /Use*******************************************************************************************************
[2026-06-15 09:10:49] INFO [setup_logging] 未检测到 tkinter，将使用命令行交互模式
[2026-06-15 09:10:49] WARNING [get_subject_info] 银行账号为空，无法查找主体
[2026-06-15 09:10:49] INFO [setup_logging] 日志系统初始化完成，日志文件: /Use*******************************************************************************************************
[2026-06-15 09:10:49] INFO [setup_logging] 未检测到 tkinter，将使用命令行交互模式
[2026-06-15 09:10:49] WARNING [load_lookup_table] 主体查找表不存在或未指定，返回空查找表结构
[2026-06-15 09:10:49] WARNING [get_subject_info] 主体查找表不存在或未指定，银行账号「[1万-10万]」的主体将为空
[2026-06-15 09:10:49] INFO [setup_logging] 日志系统初始化完成，日志文件: /Use*******************************************************************************************************
[2026-06-15 09:10:49] INFO [setup_logging] 未检测到 tkinter，将使用命令行交互模式
[2026-06-15 09:10:49] WARNING [load_lookup_table] 主体查找表不存在或未指定，返回空查找表结构
[2026-06-15 09:10:49] WARNING [get_subject_info] 主体查找表「/nonexistent/path.xlsx」为空或不存在，银行账号「[1万-10万]」的主体将为空
[2026-06-15 09:10:49] INFO [setup_logging] 日志系统初始化完成，日志文件: /Use*******************************************************************************************************
[2026-06-15 09:10:49] INFO [setup_logging] 未检测到 tkinter，将使用命令行交互模式
[2026-06-15 09:10:49] DEBUG [detect_file_format] 文件 /var******************************************************************************** Magic Bytes 检测为 xlsx 格式 (ZIP/OOXML)
[2026-06-15 09:10:49] INFO [load_lookup_table] 查找表加载完成：共 1 条条目，1 个唯一账号，2 个扩展字段
[2026-06-15 09:10:49] INFO [setup_logging] 日志系统初始化完成，日志文件: /Use*******************************************************************************************************
[2026-06-15 09:10:49] INFO [setup_logging] 未检测到 tkinter，将使用命令行交互模式
[2026-06-15 09:10:49] DEBUG [detect_file_format] 文件 /var******************************************************************************** Magic Bytes 检测为 xlsx 格式 (ZIP/OOXML)
[2026-06-15 09:10:49] INFO [load_lookup_table] 查找表加载完成：共 1 条条目，1 个唯一账号，0 个扩展字段
[2026-06-15 09:10:49] INFO [setup_logging] 日志系统初始化完成，日志文件: /Use*******************************************************************************************************
[2026-06-15 09:10:49] INFO [setup_logging] 未检测到 tkinter，将使用命令行交互模式
[2026-06-15 09:10:49] DEBUG [detect_file_format] 文件 /var******************************************************************************** Magic Bytes 检测为 xlsx 格式 (ZIP/OOXML)
[2026-06-15 09:10:49] INFO [load_lookup_table] 查找表加载完成：共 1 条条目，1 个唯一账号，2 个扩展字段
[2026-06-15 09:10:49] INFO [setup_logging] 日志系统初始化完成，日志文件: /Use*******************************************************************************************************
[2026-06-15 09:10:49] INFO [setup_logging] 未检测到 tkinter，将使用命令行交互模式
[2026-06-15 09:10:49] INFO [setup_logging] 日志系统初始化完成，日志文件: /Use*******************************************************************************************************
[2026-06-15 09:10:50] INFO [setup_logging] 未检测到 tkinter，将使用命令行交互模式
[2026-06-15 09:10:50] INFO [setup_logging] 日志系统初始化完成，日志文件: /Use*******************************************************************************************************
[2026-06-15 09:10:50] INFO [setup_logging] 未检测到 tkinter，将使用命令行交互模式
[2026-06-15 09:10:50] INFO [setup_logging] 日志系统初始化完成，日志文件: /Use*******************************************************************************************************
[2026-06-15 09:10:50] INFO [setup_logging] 未检测到 tkinter，将使用命令行交互模式
[2026-06-15 09:10:50] DEBUG [detect_file_format] 文件 /var******************************************************************************** Magic Bytes 检测为 xlsx 格式 (ZIP/OOXML)
[2026-06-15 09:10:50] INFO [load_lookup_table] 查找表加载完成：共 1 条条目，1 个唯一账号，1 个扩展字段
[2026-06-15 09:10:50] INFO [setup_logging] 日志系统初始化完成，日志文件: /Use*******************************************************************************************************
[2026-06-15 09:10:50] INFO [setup_logging] 未检测到 tkinter，将使用命令行交互模式
[2026-06-15 09:10:50] INFO [setup_logging] 日志系统初始化完成，日志文件: /Use*******************************************************************************************************
[2026-06-15 09:10:50] INFO [setup_logging] 未检测到 tkinter，将使用命令行交互模式
[2026-06-15 09:10:50] DEBUG [detect_file_format] 文件 /var******************************************************************************** Magic Bytes 检测为 xlsx 格式 (ZIP/OOXML)
[2026-06-15 09:10:50] INFO [load_lookup_table] 查找表加载完成：共 1 条条目，1 个唯一账号，1 个扩展字段
[2026-06-15 09:10:50] INFO [setup_logging] 日志系统初始化完成，日志文件: /Use*******************************************************************************************************
[2026-06-15 09:10:50] INFO [setup_logging] 未检测到 tkinter，将使用命令行交互模式
[2026-06-15 09:10:50] DEBUG [detect_file_format] 文件 /var******************************************************************************** Magic Bytes 检测为 xlsx 格式 (ZIP/OOXML)
[2026-06-15 09:10:50] INFO [load_lookup_table] 查找表加载完成：共 2 条条目，2 个唯一账号，0 个扩展字段
[2026-06-15 09:10:50] INFO [setup_logging] 日志系统初始化完成，日志文件: /Use*******************************************************************************************************
[2026-06-15 09:10:50] INFO [setup_logging] 未检测到 tkinter，将使用命令行交互模式
[2026-06-15 09:10:50] WARNING [load_lookup_table] 主体查找表不存在或未指定，返回空查找表结构
[2026-06-15 09:10:50] INFO [setup_logging] 日志系统初始化完成，日志文件: /Use*******************************************************************************************************
[2026-06-15 09:10:50] INFO [setup_logging] 未检测到 tkinter，将使用命令行交互模式
[2026-06-15 09:10:50] WARNING [load_lookup_table] 主体查找表不存在或未指定，返回空查找表结构
[2026-06-15 09:10:50] INFO [setup_logging] 日志系统初始化完成，日志文件: /Use*******************************************************************************************************
[2026-06-15 09:10:50] INFO [setup_logging] 未检测到 tkinter，将使用命令行交互模式
[2026-06-15 09:10:50] WARNING [load_lookup_table] 主体查找表不存在或未指定，返回空查找表结构
[2026-06-15 09:10:50] INFO [setup_logging] 日志系统初始化完成，日志文件: /Use*******************************************************************************************************
[2026-06-15 09:10:50] INFO [setup_logging] 未检测到 tkinter，将使用命令行交互模式
[2026-06-15 09:10:50] DEBUG [detect_file_format] 文件 /var******************************************************************************** Magic Bytes 检测为 xlsx 格式 (ZIP/OOXML)
[2026-06-15 09:10:50] INFO [load_lookup_table] 查找表加载完成：共 3 条条目，1 个唯一账号，0 个扩展字段
[2026-06-15 09:10:50] INFO [setup_logging] 日志系统初始化完成，日志文件: /Use*******************************************************************************************************
[2026-06-15 09:10:50] INFO [setup_logging] 未检测到 tkinter，将使用命令行交互模式
[2026-06-15 09:10:50] DEBUG [detect_file_format] 文件 /var******************************************************************************** Magic Bytes 检测为 xlsx 格式 (ZIP/OOXML)
[2026-06-15 09:10:50] INFO [load_lookup_table] 查找表加载完成：共 1 条条目，1 个唯一账号，2 个扩展字段
[2026-06-15 09:10:50] INFO [setup_logging] 日志系统初始化完成，日志文件: /Use*******************************************************************************************************
[2026-06-15 09:10:50] INFO [setup_logging] 未检测到 tkinter，将使用命令行交互模式
[2026-06-15 09:10:50] DEBUG [detect_file_format] 文件 /var******************************************************************************** Magic Bytes 检测为 xlsx 格式 (ZIP/OOXML)
[2026-06-15 09:10:50] INFO [load_lookup_table] 查找表加载完成：共 1 条条目，1 个唯一账号，2 个扩展字段
[2026-06-15 09:10:50] INFO [setup_logging] 日志系统初始化完成，日志文件: /Use*******************************************************************************************************
[2026-06-15 09:10:50] INFO [setup_logging] 未检测到 tkinter，将使用命令行交互模式
[2026-06-15 09:10:50] DEBUG [detect_file_format] 文件 /var******************************************************************************** Magic Bytes 检测为 xlsx 格式 (ZIP/OOXML)
[2026-06-15 09:10:50] INFO [load_lookup_table] 查找表加载完成：共 1 条条目，1 个唯一账号，0 个扩展字段
[2026-06-15 09:10:50] INFO [setup_logging] 日志系统初始化完成，日志文件: /Use*******************************************************************************************************
[2026-06-15 09:10:50] INFO [setup_logging] 未检测到 tkinter，将使用命令行交互模式
[2026-06-15 09:10:50] DEBUG [detect_file_format] 文件 /var******************************************************************************** Magic Bytes 检测为 xlsx 格式 (ZIP/OOXML)
[2026-06-15 09:10:50] INFO [load_lookup_table] 查找表加载完成：共 2 条条目，2 个唯一账号，0 个扩展字段
[2026-06-15 09:10:50] INFO [setup_logging] 日志系统初始化完成，日志文件: /Use*******************************************************************************************************
[2026-06-15 09:10:50] INFO [setup_logging] 未检测到 tkinter，将使用命令行交互模式
[2026-06-15 09:10:50] DEBUG [detect_file_format] 文件 /var******************************************************************************** Magic Bytes 检测为 xlsx 格式 (ZIP/OOXML)
[2026-06-15 09:10:50] INFO [load_lookup_table] 查找表加载完成：共 2 条条目，2 个唯一账号，0 个扩展字段
[2026-06-15 09:10:50] INFO [setup_logging] 日志系统初始化完成，日志文件: /Use*******************************************************************************************************
[2026-06-15 09:10:50] INFO [setup_logging] 未检测到 tkinter，将使用命令行交互模式
[2026-06-15 09:10:50] DEBUG [detect_file_format] 文件 /var******************************************************************************** Magic Bytes 检测为 xlsx 格式 (ZIP/OOXML)
[2026-06-15 09:10:50] INFO [load_lookup_table] 查找表加载完成：共 2 条条目，2 个唯一账号，0 个扩展字段
[2026-06-15 09:10:50] INFO [setup_logging] 日志系统初始化完成，日志文件: /Use*******************************************************************************************************
[2026-06-15 09:10:50] INFO [setup_logging] 未检测到 tkinter，将使用命令行交互模式
[2026-06-15 09:10:50] DEBUG [detect_file_format] 文件 /var******************************************************************************** Magic Bytes 检测为 xlsx 格式 (ZIP/OOXML)
[2026-06-15 09:10:50] INFO [load_lookup_table] 查找表加载完成：共 2 条条目，2 个唯一账号，0 个扩展字段
[2026-06-15 09:10:50] INFO [setup_logging] 日志系统初始化完成，日志文件: /Use*******************************************************************************************************
[2026-06-15 09:10:50] INFO [setup_logging] 未检测到 tkinter，将使用命令行交互模式
[2026-06-15 09:10:50] DEBUG [detect_file_format] 文件 /var******************************************************************************** Magic Bytes 检测为 xlsx 格式 (ZIP/OOXML)
[2026-06-15 09:10:50] INFO [load_lookup_table] 查找表加载完成：共 2 条条目，2 个唯一账号，0 个扩展字段
[2026-06-15 09:10:50] INFO [setup_logging] 日志系统初始化完成，日志文件: /Use*******************************************************************************************************
[2026-06-15 09:10:50] INFO [setup_logging] 未检测到 tkinter，将使用命令行交互模式
[2026-06-15 09:10:50] WARNING [load_lookup_table] 主体查找表不存在或未指定，返回空查找表结构
[2026-06-15 09:10:50] INFO [setup_logging] 日志系统初始化完成，日志文件: /Use*******************************************************************************************************
[2026-06-15 09:10:50] INFO [setup_logging] 未检测到 tkinter，将使用命令行交互模式
[2026-06-15 09:10:50] DEBUG [detect_file_format] 文件 /var******************************************************************************** Magic Bytes 检测为 xlsx 格式 (ZIP/OOXML)
[2026-06-15 09:10:50] INFO [load_lookup_table] 查找表加载完成：共 2 条条目，2 个唯一账号，0 个扩展字段
[2026-06-15 09:10:50] DEBUG [get_subject_info] 银行账号「0109年03月」匹配到主体: 北********司（优先级: 0）
[2026-06-15 09:10:50] INFO [setup_logging] 日志系统初始化完成，日志文件: /Use*******************************************************************************************************
[2026-06-15 09:10:50] INFO [setup_logging] 未检测到 tkinter，将使用命令行交互模式
[2026-06-15 09:10:50] DEBUG [detect_file_format] 文件 /var******************************************************************************** Magic Bytes 检测为 xlsx 格式 (ZIP/OOXML)
[2026-06-15 09:10:50] INFO [load_lookup_table] 查找表加载完成：共 2 条条目，2 个唯一账号，0 个扩展字段
[2026-06-15 09:10:50] WARNING [get_subject_info] 银行账号「9999年99月」在查找表中未找到对应主体
[2026-06-15 09:10:50] INFO [setup_logging] 日志系统初始化完成，日志文件: /Use*******************************************************************************************************
[2026-06-15 09:10:50] INFO [setup_logging] 未检测到 tkinter，将使用命令行交互模式
[2026-06-15 09:10:50] DEBUG [detect_file_format] 文件 /var******************************************************************************** Magic Bytes 检测为 xlsx 格式 (ZIP/OOXML)
[2026-06-15 09:10:50] INFO [load_lookup_table] 查找表加载完成：共 2 条条目，2 个唯一账号，0 个扩展字段
[2026-06-15 09:10:50] WARNING [get_subject_info] 银行账号为空，无法查找主体
[2026-06-15 09:10:50] INFO [setup_logging] 日志系统初始化完成，日志文件: /Use*******************************************************************************************************
[2026-06-15 09:10:50] INFO [setup_logging] 未检测到 tkinter，将使用命令行交互模式
[2026-06-15 09:10:50] WARNING [load_lookup_table] 主体查找表不存在或未指定，返回空查找表结构
[2026-06-15 09:10:50] WARNING [get_subject_info] 主体查找表不存在或未指定，银行账号「[1万-10万]」的主体将为空
[2026-06-15 09:10:50] INFO [setup_logging] 日志系统初始化完成，日志文件: /Use*******************************************************************************************************
[2026-06-15 09:10:50] INFO [setup_logging] 未检测到 tkinter，将使用命令行交互模式
[2026-06-15 09:10:50] DEBUG [detect_file_format] 文件 /var******************************************************************************** Magic Bytes 检测为 xlsx 格式 (ZIP/OOXML)
[2026-06-15 09:10:50] INFO [load_lookup_table] 查找表加载完成：共 2 条条目，2 个唯一账号，0 个扩展字段
[2026-06-15 09:10:50] DEBUG [get_subject_info] 银行账号「0109年03月」匹配到主体: 北********司（优先级: 0）
[2026-06-15 09:10:50] INFO [setup_logging] 日志系统初始化完成，日志文件: /Use*******************************************************************************************************
[2026-06-15 09:10:50] INFO [setup_logging] 未检测到 tkinter，将使用命令行交互模式
[2026-06-15 09:10:50] DEBUG [detect_file_format] 文件 /var******************************************************************************** Magic Bytes 检测为 xlsx 格式 (ZIP/OOXML)
[2026-06-15 09:10:51] INFO [load_lookup_table] 查找表加载完成：共 2 条条目，1 个唯一账号，0 个扩展字段
[2026-06-15 09:10:51] DEBUG [get_subject_info] 银行账号「[1万-10万]」匹配到主体: 高****体（优先级: 10）
[2026-06-15 09:10:51] INFO [setup_logging] 日志系统初始化完成，日志文件: /Use*******************************************************************************************************
[2026-06-15 09:10:51] INFO [setup_logging] 未检测到 tkinter，将使用命令行交互模式
[2026-06-15 09:10:51] DEBUG [detect_file_format] 文件 /var******************************************************************************** Magic Bytes 检测为 xlsx 格式 (ZIP/OOXML)
[2026-06-15 09:10:51] INFO [load_lookup_table] 查找表加载完成：共 1 条条目，1 个唯一账号，2 个扩展字段
[2026-06-15 09:10:51] DEBUG [get_subject_info] 银行账号「[1万-10万]」匹配到主体: 测**司（优先级: 0）
[2026-06-15 09:10:51] INFO [setup_logging] 日志系统初始化完成，日志文件: /Use*******************************************************************************************************
[2026-06-15 09:10:51] INFO [setup_logging] 未检测到 tkinter，将使用命令行交互模式
[2026-06-15 09:10:51] DEBUG [detect_file_format] 文件 /var******************************************************************************** Magic Bytes 检测为 xlsx 格式 (ZIP/OOXML)
[2026-06-15 09:10:51] INFO [load_lookup_table] 查找表加载完成：共 1 条条目，1 个唯一账号，0 个扩展字段
[2026-06-15 09:10:52] INFO [setup_logging] 日志系统初始化完成，日志文件: /Use*******************************************************************************************************
[2026-06-15 09:10:52] INFO [setup_logging] 未检测到 tkinter，将使用命令行交互模式
[2026-06-15 09:10:52] DEBUG [detect_file_format] 文件 /var******************************************************************************** Magic Bytes 检测为 xlsx 格式 (ZIP/OOXML)
[2026-06-15 09:10:52] INFO [load_lookup_table] 查找表加载完成：共 2 条条目，2 个唯一账号，0 个扩展字段
[2026-06-15 09:10:52] WARNING [get_subject_info] 银行账号「[1万-10万]」在查找表中未找到对应主体
[2026-06-15 09:10:52] INFO [setup_logging] 日志系统初始化完成，日志文件: /Use*******************************************************************************************************
[2026-06-15 09:10:52] INFO [setup_logging] 未检测到 tkinter，将使用命令行交互模式
[2026-06-15 09:10:52] WARNING [load_lookup_table] 主体查找表不存在或未指定，返回空查找表结构
[2026-06-15 09:10:52] WARNING [get_subject_info] 主体查找表不存在或未指定，银行账号「[1万-10万]」的主体将为空
[2026-06-15 09:10:52] INFO [setup_logging] 日志系统初始化完成，日志文件: /Use*******************************************************************************************************
[2026-06-15 09:10:52] INFO [setup_logging] 未检测到 tkinter，将使用命令行交互模式
[2026-06-15 09:10:52] DEBUG [detect_file_format] 文件 /var******************************************************************************** Magic Bytes 检测为 xlsx 格式 (ZIP/OOXML)
[2026-06-15 09:10:52] INFO [load_lookup_table] 查找表加载完成：共 1 条条目，1 个唯一账号，2 个扩展字段
[2026-06-15 09:10:52] INFO [setup_logging] 日志系统初始化完成，日志文件: /Use*******************************************************************************************************
[2026-06-15 09:10:52] INFO [setup_logging] 未检测到 tkinter，将使用命令行交互模式
[2026-06-15 09:10:52] DEBUG [detect_file_format] 文件 /var******************************************************************************** Magic Bytes 检测为 xlsx 格式 (ZIP/OOXML)
[2026-06-15 09:10:52] INFO [load_lookup_table] 查找表加载完成：共 2 条条目，2 个唯一账号，0 个扩展字段
[2026-06-15 09:10:52] INFO [setup_logging] 日志系统初始化完成，日志文件: /Use*******************************************************************************************************
[2026-06-15 09:10:52] INFO [setup_logging] 未检测到 tkinter，将使用命令行交互模式
[2026-06-15 09:10:52] WARNING [load_lookup_table] 主体查找表不存在或未指定，返回空查找表结构
[2026-06-15 09:10:52] INFO [setup_logging] 日志系统初始化完成，日志文件: /Use*******************************************************************************************************
[2026-06-15 09:10:52] INFO [setup_logging] 未检测到 tkinter，将使用命令行交互模式
[2026-06-15 09:10:52] DEBUG [detect_file_format] 文件 /var******************************************************************************** Magic Bytes 检测为 xlsx 格式 (ZIP/OOXML)
[2026-06-15 09:10:52] INFO [load_lookup_table] 查找表加载完成：共 2 条条目，2 个唯一账号，0 个扩展字段
[2026-06-15 09:10:52] DEBUG [get_subject_info] 银行账号「0109年03月」匹配到主体: 北********司（优先级: 0）
[2026-06-15 09:10:52] INFO [setup_logging] 日志系统初始化完成，日志文件: /Use*******************************************************************************************************
[2026-06-15 09:10:52] INFO [setup_logging] 未检测到 tkinter，将使用命令行交互模式
[2026-06-15 09:10:52] DEBUG [detect_file_format] 文件 /var******************************************************************************** Magic Bytes 检测为 xlsx 格式 (ZIP/OOXML)
[2026-06-15 09:10:52] INFO [load_lookup_table] 查找表加载完成：共 2 条条目，2 个唯一账号，0 个扩展字段
[2026-06-15 09:10:52] DEBUG [get_subject_info] 银行账号「0109年03月」匹配到主体: 北********司（优先级: 0）
[2026-06-15 09:10:52] INFO [setup_logging] 日志系统初始化完成，日志文件: /Use*******************************************************************************************************
[2026-06-15 09:10:52] INFO [setup_logging] 未检测到 tkinter，将使用命令行交互模式
[2026-06-15 09:10:52] DEBUG [detect_file_format] 文件 /var******************************************************************************** Magic Bytes 检测为 xlsx 格式 (ZIP/OOXML)
[2026-06-15 09:10:52] INFO [load_lookup_table] 查找表加载完成：共 1 条条目，1 个唯一账号，1 个扩展字段
[2026-06-15 09:10:52] INFO [setup_logging] 日志系统初始化完成，日志文件: /Use*******************************************************************************************************
[2026-06-15 09:10:52] INFO [setup_logging] 未检测到 tkinter，将使用命令行交互模式
[2026-06-15 09:10:52] DEBUG [detect_file_format] 文件 /var******************************************************************************** Magic Bytes 检测为 xlsx 格式 (ZIP/OOXML)
[2026-06-15 09:10:52] INFO [load_lookup_table] 查找表加载完成：共 1 条条目，1 个唯一账号，1 个扩展字段
[2026-06-15 09:10:52] INFO [setup_logging] 日志系统初始化完成，日志文件: /Use*******************************************************************************************************
[2026-06-15 09:10:52] INFO [setup_logging] 未检测到 tkinter，将使用命令行交互模式
[2026-06-15 09:10:52] DEBUG [detect_file_format] 文件 /var******************************************************************************** Magic Bytes 检测为 xlsx 格式 (ZIP/OOXML)
[2026-06-15 09:10:52] INFO [load_lookup_table] 查找表加载完成：共 2 条条目，2 个唯一账号，0 个扩展字段
[2026-06-15 09:10:52] DEBUG [get_subject_info] 银行账号「0109年03月」匹配到主体: 北********司（优先级: 0）
[2026-06-15 09:10:52] DEBUG [get_subject_info] 银行账号「0109年03月」匹配到主体: 北********司（优先级: 0）
[2026-06-15 09:10:52] DEBUG [get_subject_info] 银行账号「0109年03月」匹配到主体: 北********司（优先级: 0）
[2026-06-15 09:10:52] DEBUG [get_subject_info] 银行账号「0109年03月」匹配到主体: 北********司（优先级: 0）
[2026-06-15 09:10:52] DEBUG [get_subject_info] 银行账号「0109年03月」匹配到主体: 北********司（优先级: 0）
[2026-06-15 09:10:52] DEBUG [get_subject_info] 银行账号「0109年03月」匹配到主体: 北********司（优先级: 0）
[2026-06-15 09:10:52] DEBUG [get_subject_info] 银行账号「0109年03月」匹配到主体: 北********司（优先级: 0）
[2026-06-15 09:10:52] DEBUG [get_subject_info] 银行账号「0109年03月」匹配到主体: 北********司（优先级: 0）
[2026-06-15 09:10:52] DEBUG [get_subject_info] 银行账号「0109年03月」匹配到主体: 北********司（优先级: 0）
[2026-06-15 09:10:52] DEBUG [get_subject_info] 银行账号「0109年03月」匹配到主体: 北********司（优先级: 0）
[2026-06-15 09:10:52] DEBUG [get_subject_info] 银行账号「0109年03月」匹配到主体: 北********司（优先级: 0）
[2026-06-15 09:10:52] DEBUG [get_subject_info] 银行账号「0109年03月」匹配到主体: 北********司（优先级: 0）
[2026-06-15 09:10:52] DEBUG [get_subject_info] 银行账号「0109年03月」匹配到主体: 北********司（优先级: 0）
[2026-06-15 09:10:52] DEBUG [get_subject_info] 银行账号「0109年03月」匹配到主体: 北********司（优先级: 0）
[2026-06-15 09:10:52] DEBUG [get_subject_info] 银行账号「0109年03月」匹配到主体: 北********司（优先级: 0）
[2026-06-15 09:10:52] DEBUG [get_subject_info] 银行账号「0109年03月」匹配到主体: 北********司（优先级: 0）
[2026-06-15 09:10:52] DEBUG [get_subject_info] 银行账号「0109年03月」匹配到主体: 北********司（优先级: 0）
[2026-06-15 09:10:52] DEBUG [get_subject_info] 银行账号「0109年03月」匹配到主体: 北********司（优先级: 0）
[2026-06-15 09:10:53] DEBUG [get_subject_info] 银行账号「0109年03月」匹配到主体: 北********司（优先级: 0）
[2026-06-15 09:10:53] DEBUG [get_subject_info] 银行账号「0109年03月」匹配到主体: 北********司（优先级: 0）
[2026-06-15 09:10:53] DEBUG [get_subject_info] 银行账号「0109年03月」匹配到主体: 北********司（优先级: 0）
[2026-06-15 09:10:53] DEBUG [get_subject_info] 银行账号「0109年03月」匹配到主体: 北********司（优先级: 0）
[2026-06-15 09:10:53] DEBUG [get_subject_info] 银行账号「0109年03月」匹配到主体: 北********司（优先级: 0）
[2026-06-15 09:10:53] DEBUG [get_subject_info] 银行账号「0109年03月」匹配到主体: 北********司（优先级: 0）
[2026-06-15 09:10:53] DEBUG [get_subject_info] 银行账号「0109年03月」匹配到主体: 北********司（优先级: 0）
[2026-06-15 09:10:53] DEBUG [get_subject_info] 银行账号「0109年03月」匹配到主体: 北********司（优先级: 0）
[2026-06-15 09:10:53] DEBUG [get_subject_info] 银行账号「0109年03月」匹配到主体: 北********司（优先级: 0）
[2026-06-15 09:10:53] DEBUG [get_subject_info] 银行账号「0109年03月」匹配到主体: 北********司（优先级: 0）
[2026-06-15 09:10:53] DEBUG [get_subject_info] 银行账号「0109年03月」匹配到主体: 北********司（优先级: 0）
[2026-06-15 09:10:53] DEBUG [get_subject_info] 银行账号「0109年03月」匹配到主体: 北********司（优先级: 0）
[2026-06-15 09:10:53] DEBUG [get_subject_info] 银行账号「0109年03月」匹配到主体: 北********司（优先级: 0）
[2026-06-15 09:10:53] DEBUG [get_subject_info] 银行账号「0109年03月」匹配到主体: 北********司（优先级: 0）
[2026-06-15 09:10:53] DEBUG [get_subject_info] 银行账号「0109年03月」匹配到主体: 北********司（优先级: 0）
[2026-06-15 09:10:53] DEBUG [get_subject_info] 银行账号「0109年03月」匹配到主体: 北********司（优先级: 0）
[2026-06-15 09:10:53] DEBUG [get_subject_info] 银行账号「0109年03月」匹配到主体: 北********司（优先级: 0）
[2026-06-15 09:10:53] DEBUG [get_subject_info] 银行账号「0109年03月」匹配到主体: 北********司（优先级: 0）
[2026-06-15 09:10:53] DEBUG [get_subject_info] 银行账号「0109年03月」匹配到主体: 北********司（优先级: 0）
[2026-06-15 09:10:53] DEBUG [get_subject_info] 银行账号「0109年03月」匹配到主体: 北********司（优先级: 0）
[2026-06-15 09:10:53] DEBUG [get_subject_info] 银行账号「0109年03月」匹配到主体: 北********司（优先级: 0）
[2026-06-15 09:10:53] DEBUG [get_subject_info] 银行账号「0109年03月」匹配到主体: 北********司（优先级: 0）
[2026-06-15 09:10:53] DEBUG [get_subject_info] 银行账号「0109年03月」匹配到主体: 北********司（优先级: 0）
[2026-06-15 09:10:53] DEBUG [get_subject_info] 银行账号「0109年03月」匹配到主体: 北********司（优先级: 0）
[2026-06-15 09:10:53] DEBUG [get_subject_info] 银行账号「0109年03月」匹配到主体: 北********司（优先级: 0）
[2026-06-15 09:10:53] DEBUG [get_subject_info] 银行账号「0109年03月」匹配到主体: 北********司（优先级: 0）
[2026-06-15 09:10:53] DEBUG [get_subject_info] 银行账号「0109年03月」匹配到主体: 北********司（优先级: 0）
[2026-06-15 09:10:53] DEBUG [get_subject_info] 银行账号「0109年03月」匹配到主体: 北********司（优先级: 0）
[2026-06-15 09:10:53] DEBUG [get_subject_info] 银行账号「0109年03月」匹配到主体: 北********司（优先级: 0）
[2026-06-15 09:10:53] DEBUG [get_subject_info] 银行账号「0109年03月」匹配到主体: 北********司（优先级: 0）
[2026-06-15 09:10:53] DEBUG [get_subject_info] 银行账号「0109年03月」匹配到主体: 北********司（优先级: 0）
[2026-06-15 09:10:53] DEBUG [get_subject_info] 银行账号「0109年03月」匹配到主体: 北********司（优先级: 0）
[2026-06-15 09:10:53] DEBUG [get_subject_info] 银行账号「0109年03月」匹配到主体: 北********司（优先级: 0）
[2026-06-15 09:10:53] DEBUG [get_subject_info] 银行账号「0109年03月」匹配到主体: 北********司（优先级: 0）
[2026-06-15 09:10:53] DEBUG [get_subject_info] 银行账号「0109年03月」匹配到主体: 北********司（优先级: 0）
[2026-06-15 09:10:53] DEBUG [get_subject_info] 银行账号「0109年03月」匹配到主体: 北********司（优先级: 0）
[2026-06-15 09:10:53] DEBUG [get_subject_info] 银行账号「0109年03月」匹配到主体: 北********司（优先级: 0）
[2026-06-15 09:10:53] DEBUG [get_subject_info] 银行账号「0109年03月」匹配到主体: 北********司（优先级: 0）
[2026-06-15 09:10:53] DEBUG [get_subject_info] 银行账号「0109年03月」匹配到主体: 北********司（优先级: 0）
[2026-06-15 09:10:53] DEBUG [get_subject_info] 银行账号「0109年03月」匹配到主体: 北********司（优先级: 0）
[2026-06-15 09:10:53] DEBUG [get_subject_info] 银行账号「0109年03月」匹配到主体: 北********司（优先级: 0）
[2026-06-15 09:10:53] DEBUG [get_subject_info] 银行账号「0109年03月」匹配到主体: 北********司（优先级: 0）
[2026-06-15 09:10:53] DEBUG [get_subject_info] 银行账号「0109年03月」匹配到主体: 北********司（优先级: 0）
[2026-06-15 09:10:53] DEBUG [get_subject_info] 银行账号「0109年03月」匹配到主体: 北********司（优先级: 0）
[2026-06-15 09:10:53] DEBUG [get_subject_info] 银行账号「0109年03月」匹配到主体: 北********司（优先级: 0）
[2026-06-15 09:10:53] DEBUG [get_subject_info] 银行账号「0109年03月」匹配到主体: 北********司（优先级: 0）
[2026-06-15 09:10:53] DEBUG [get_subject_info] 银行账号「0109年03月」匹配到主体: 北********司（优先级: 0）
[2026-06-15 09:10:53] DEBUG [get_subject_info] 银行账号「0109年03月」匹配到主体: 北********司（优先级: 0）
[2026-06-15 09:10:53] DEBUG [get_subject_info] 银行账号「0109年03月」匹配到主体: 北********司（优先级: 0）
[2026-06-15 09:10:53] DEBUG [get_subject_info] 银行账号「0109年03月」匹配到主体: 北********司（优先级: 0）
[2026-06-15 09:10:53] DEBUG [get_subject_info] 银行账号「0109年03月」匹配到主体: 北********司（优先级: 0）
[2026-06-15 09:10:53] DEBUG [get_subject_info] 银行账号「0109年03月」匹配到主体: 北********司（优先级: 0）
[2026-06-15 09:10:53] DEBUG [get_subject_info] 银行账号「0109年03月」匹配到主体: 北********司（优先级: 0）
[2026-06-15 09:10:53] DEBUG [get_subject_info] 银行账号「0109年03月」匹配到主体: 北********司（优先级: 0）
[2026-06-15 09:10:53] DEBUG [get_subject_info] 银行账号「0109年03月」匹配到主体: 北********司（优先级: 0）
[2026-06-15 09:10:53] DEBUG [get_subject_info] 银行账号「0109年03月」匹配到主体: 北********司（优先级: 0）
[2026-06-15 09:10:53] DEBUG [get_subject_info] 银行账号「0109年03月」匹配到主体: 北********司（优先级: 0）
[2026-06-15 09:10:53] DEBUG [get_subject_info] 银行账号「0109年03月」匹配到主体: 北********司（优先级: 0）
[2026-06-15 09:10:53] DEBUG [get_subject_info] 银行账号「0109年03月」匹配到主体: 北********司（优先级: 0）
[2026-06-15 09:10:53] DEBUG [get_subject_info] 银行账号「0109年03月」匹配到主体: 北********司（优先级: 0）
[2026-06-15 09:10:53] DEBUG [get_subject_info] 银行账号「0109年03月」匹配到主体: 北********司（优先级: 0）
[2026-06-15 09:10:53] DEBUG [get_subject_info] 银行账号「0109年03月」匹配到主体: 北********司（优先级: 0）
[2026-06-15 09:10:53] DEBUG [get_subject_info] 银行账号「0109年03月」匹配到主体: 北********司（优先级: 0）
[2026-06-15 09:10:53] DEBUG [get_subject_info] 银行账号「0109年03月」匹配到主体: 北********司（优先级: 0）
[2026-06-15 09:10:53] DEBUG [get_subject_info] 银行账号「0109年03月」匹配到主体: 北********司（优先级: 0）
[2026-06-15 09:10:53] DEBUG [get_subject_info] 银行账号「0109年03月」匹配到主体: 北********司（优先级: 0）
[2026-06-15 09:10:53] DEBUG [get_subject_info] 银行账号「0109年03月」匹配到主体: 北********司（优先级: 0）
[2026-06-15 09:10:53] DEBUG [get_subject_info] 银行账号「0109年03月」匹配到主体: 北********司（优先级: 0）
[2026-06-15 09:10:53] DEBUG [get_subject_info] 银行账号「0109年03月」匹配到主体: 北********司（优先级: 0）
[2026-06-15 09:10:53] DEBUG [get_subject_info] 银行账号「0109年03月」匹配到主体: 北********司（优先级: 0）
[2026-06-15 09:10:53] DEBUG [get_subject_info] 银行账号「0109年03月」匹配到主体: 北********司（优先级: 0）
[2026-06-15 09:10:53] DEBUG [get_subject_info] 银行账号「0109年03月」匹配到主体: 北********司（优先级: 0）
[2026-06-15 09:10:53] DEBUG [get_subject_info] 银行账号「0109年03月」匹配到主体: 北********司（优先级: 0）
[2026-06-15 09:10:53] DEBUG [get_subject_info] 银行账号「0109年03月」匹配到主体: 北********司（优先级: 0）
[2026-06-15 09:10:53] DEBUG [get_subject_info] 银行账号「0109年03月」匹配到主体: 北********司（优先级: 0）
[2026-06-15 09:10:53] DEBUG [get_subject_info] 银行账号「0109年03月」匹配到主体: 北********司（优先级: 0）
[2026-06-15 09:10:53] DEBUG [get_subject_info] 银行账号「0109年03月」匹配到主体: 北********司（优先级: 0）
[2026-06-15 09:10:53] DEBUG [get_subject_info] 银行账号「0109年03月」匹配到主体: 北********司（优先级: 0）
[2026-06-15 09:10:53] DEBUG [get_subject_info] 银行账号「0109年03月」匹配到主体: 北********司（优先级: 0）
[2026-06-15 09:10:53] DEBUG [get_subject_info] 银行账号「0109年03月」匹配到主体: 北********司（优先级: 0）
[2026-06-15 09:10:53] DEBUG [get_subject_info] 银行账号「0109年03月」匹配到主体: 北********司（优先级: 0）
[2026-06-15 09:10:53] DEBUG [get_subject_info] 银行账号「0109年03月」匹配到主体: 北********司（优先级: 0）
[2026-06-15 09:10:53] INFO [setup_logging] 日志系统初始化完成，日志文件: /Use*******************************************************************************************************
[2026-06-15 09:10:53] INFO [setup_logging] 未检测到 tkinter，将使用命令行交互模式
[2026-06-15 09:10:53] DEBUG [detect_file_format] 文件 /var******************************************************************************** Magic Bytes 检测为 xlsx 格式 (ZIP/OOXML)
[2026-06-15 09:10:53] INFO [load_lookup_table] 查找表加载完成：共 2 条条目，2 个唯一账号，0 个扩展字段
[2026-06-15 09:10:53] DEBUG [get_subject_info] 银行账号「0109年03月」匹配到主体: 北********司（优先级: 0）
[2026-06-15 09:10:53] DEBUG [get_subject_info] 银行账号「3881年23月」匹配到主体: 上********司（优先级: 0）
[2026-06-15 09:10:53] INFO [setup_logging] 日志系统初始化完成，日志文件: /Use*******************************************************************************************************
[2026-06-15 09:10:53] INFO [setup_logging] 未检测到 tkinter，将使用命令行交互模式
[2026-06-15 09:10:53] DEBUG [detect_file_format] 文件 /var******************************************************************************** Magic Bytes 检测为 xlsx 格式 (ZIP/OOXML)
[2026-06-15 09:10:53] INFO [load_lookup_table] 查找表加载完成：共 1 条条目，1 个唯一账号，1 个扩展字段
[2026-06-15 09:10:53] DEBUG [get_subject_info] 银行账号「[1万-10万]」匹配到主体: 测**司（优先级: 0）
