[2026-06-15 19:55:23] INFO [setup_logging] 日志系统初始化完成，日志文件: /Use*******************************************************************************************************
[2026-06-15 19:55:23] INFO [setup_logging] 未检测到 tkinter，将使用命令行交互模式
[2026-06-15 19:55:23] INFO [setup_logging] 日志系统初始化完成，日志文件: /Use*******************************************************************************************************
[2026-06-15 19:55:23] INFO [setup_logging] 未检测到 tkinter，将使用命令行交互模式
[2026-06-15 19:55:23] INFO [setup_logging] 日志系统初始化完成，日志文件: /Use*******************************************************************************************************
[2026-06-15 19:55:23] INFO [setup_logging] 未检测到 tkinter，将使用命令行交互模式
[2026-06-15 19:55:23] INFO [setup_logging] 日志系统初始化完成，日志文件: /Use*******************************************************************************************************
[2026-06-15 19:55:23] INFO [setup_logging] 未检测到 tkinter，将使用命令行交互模式
[2026-06-15 19:55:23] INFO [setup_logging] 日志系统初始化完成，日志文件: /Use*******************************************************************************************************
[2026-06-15 19:55:23] INFO [setup_logging] 未检测到 tkinter，将使用命令行交互模式
[2026-06-15 19:55:23] INFO [setup_logging] 日志系统初始化完成，日志文件: /Use*******************************************************************************************************
[2026-06-15 19:55:23] INFO [setup_logging] 未检测到 tkinter，将使用命令行交互模式
[2026-06-15 19:55:23] INFO [setup_logging] 日志系统初始化完成，日志文件: /Use*******************************************************************************************************
[2026-06-15 19:55:23] INFO [setup_logging] 未检测到 tkinter，将使用命令行交互模式
[2026-06-15 19:55:23] INFO [setup_logging] 日志系统初始化完成，日志文件: /Use*******************************************************************************************************
[2026-06-15 19:55:23] INFO [setup_logging] 未检测到 tkinter，将使用命令行交互模式
[2026-06-15 19:55:23] INFO [setup_logging] 日志系统初始化完成，日志文件: /Use*******************************************************************************************************
[2026-06-15 19:55:23] INFO [setup_logging] 未检测到 tkinter，将使用命令行交互模式
[2026-06-15 19:55:23] INFO [setup_logging] 日志系统初始化完成，日志文件: /Use*******************************************************************************************************
[2026-06-15 19:55:23] INFO [setup_logging] 未检测到 tkinter，将使用命令行交互模式
[2026-06-15 19:55:23] INFO [setup_logging] 日志系统初始化完成，日志文件: /Use*******************************************************************************************************
[2026-06-15 19:55:23] INFO [setup_logging] 未检测到 tkinter，将使用命令行交互模式
[2026-06-15 19:55:23] INFO [setup_logging] 日志系统初始化完成，日志文件: /Use*******************************************************************************************************
[2026-06-15 19:55:23] INFO [setup_logging] 未检测到 tkinter，将使用命令行交互模式
[2026-06-15 19:55:23] INFO [setup_logging] 日志系统初始化完成，日志文件: /Use*******************************************************************************************************
[2026-06-15 19:55:23] INFO [setup_logging] 未检测到 tkinter，将使用命令行交互模式
[2026-06-15 19:55:23] INFO [setup_logging] 日志系统初始化完成，日志文件: /Use*******************************************************************************************************
[2026-06-15 19:55:23] INFO [setup_logging] 未检测到 tkinter，将使用命令行交互模式
[2026-06-15 19:55:23] INFO [setup_logging] 日志系统初始化完成，日志文件: /Use*******************************************************************************************************
[2026-06-15 19:55:23] INFO [setup_logging] 未检测到 tkinter，将使用命令行交互模式
[2026-06-15 19:55:23] INFO [setup_logging] 日志系统初始化完成，日志文件: /Use*******************************************************************************************************
[2026-06-15 19:55:23] INFO [setup_logging] 未检测到 tkinter，将使用命令行交互模式
[2026-06-15 19:55:23] INFO [setup_logging] 日志系统初始化完成，日志文件: /Use*******************************************************************************************************
[2026-06-15 19:55:23] INFO [setup_logging] 未检测到 tkinter，将使用命令行交互模式
[2026-06-15 19:55:23] INFO [setup_logging] 日志系统初始化完成，日志文件: /Use*******************************************************************************************************
[2026-06-15 19:55:23] INFO [setup_logging] 未检测到 tkinter，将使用命令行交互模式
[2026-06-15 19:55:23] INFO [setup_logging] 日志系统初始化完成，日志文件: /Use*******************************************************************************************************
[2026-06-15 19:55:23] INFO [setup_logging] 未检测到 tkinter，将使用命令行交互模式
[2026-06-15 19:55:23] INFO [setup_logging] 日志系统初始化完成，日志文件: /Use*******************************************************************************************************
[2026-06-15 19:55:24] INFO [setup_logging] 未检测到 tkinter，将使用命令行交互模式
[2026-06-15 19:55:24] INFO [setup_logging] 日志系统初始化完成，日志文件: /Use*******************************************************************************************************
[2026-06-15 19:55:24] INFO [setup_logging] 未检测到 tkinter，将使用命令行交互模式
[2026-06-15 19:55:24] INFO [setup_logging] 日志系统初始化完成，日志文件: /Use*******************************************************************************************************
[2026-06-15 19:55:24] INFO [setup_logging] 未检测到 tkinter，将使用命令行交互模式
[2026-06-15 19:55:24] INFO [setup_logging] 日志系统初始化完成，日志文件: /Use*******************************************************************************************************
[2026-06-15 19:55:24] INFO [setup_logging] 未检测到 tkinter，将使用命令行交互模式
[2026-06-15 19:55:24] INFO [setup_logging] 日志系统初始化完成，日志文件: /Use*******************************************************************************************************
[2026-06-15 19:55:24] INFO [setup_logging] 未检测到 tkinter，将使用命令行交互模式
[2026-06-15 19:55:24] INFO [setup_logging] 日志系统初始化完成，日志文件: /Use*******************************************************************************************************
[2026-06-15 19:55:24] INFO [setup_logging] 未检测到 tkinter，将使用命令行交互模式
[2026-06-15 19:55:24] INFO [save_sample] 已保存历史样本: 北京银行********************* (2 条记录)
[2026-06-15 19:55:24] INFO [setup_logging] 日志系统初始化完成，日志文件: /Use*******************************************************************************************************
[2026-06-15 19:55:24] INFO [setup_logging] 未检测到 tkinter，将使用命令行交互模式
[2026-06-15 19:55:24] INFO [save_sample] 已保存历史样本: 测试银行********************* (1 条记录)
[2026-06-15 19:55:24] INFO [setup_logging] 日志系统初始化完成，日志文件: /Use*******************************************************************************************************
[2026-06-15 19:55:24] INFO [setup_logging] 未检测到 tkinter，将使用命令行交互模式
[2026-06-15 19:55:24] INFO [setup_logging] 日志系统初始化完成，日志文件: /Use*******************************************************************************************************
[2026-06-15 19:55:24] INFO [setup_logging] 未检测到 tkinter，将使用命令行交互模式
[2026-06-15 19:55:24] INFO [save_sample] 已保存历史样本: 北京银行********************* (1 条记录)
[2026-06-15 19:55:24] INFO [save_sample] 已保存历史样本: 东亚银行********************* (1 条记录)
[2026-06-15 19:55:24] INFO [setup_logging] 日志系统初始化完成，日志文件: /Use*******************************************************************************************************
[2026-06-15 19:55:24] INFO [setup_logging] 未检测到 tkinter，将使用命令行交互模式
[2026-06-15 19:55:24] INFO [save_sample] 已保存历史样本: 北京银行********************* (1 条记录)
[2026-06-15 19:55:24] INFO [save_sample] 已保存历史样本: 北京银行********************* (1 条记录)
[2026-06-15 19:55:24] INFO [save_sample] 已保存历史样本: 北京银行********************* (1 条记录)
[2026-06-15 19:55:24] INFO [setup_logging] 日志系统初始化完成，日志文件: /Use*******************************************************************************************************
[2026-06-15 19:55:24] INFO [setup_logging] 未检测到 tkinter，将使用命令行交互模式
[2026-06-15 19:55:24] INFO [setup_logging] 日志系统初始化完成，日志文件: /Use*******************************************************************************************************
[2026-06-15 19:55:24] INFO [setup_logging] 未检测到 tkinter，将使用命令行交互模式
[2026-06-15 19:55:24] INFO [save_sample] 已保存历史样本: 北京银行********************* (1 条记录)
[2026-06-15 19:55:24] INFO [save_sample] 已保存历史样本: 东亚银行********************* (1 条记录)
[2026-06-15 19:55:24] INFO [save_sample] 已保存历史样本: 工商银行********************* (1 条记录)
[2026-06-15 19:55:24] INFO [setup_logging] 日志系统初始化完成，日志文件: /Use*******************************************************************************************************
[2026-06-15 19:55:24] INFO [setup_logging] 未检测到 tkinter，将使用命令行交互模式
[2026-06-15 19:55:24] INFO [setup_logging] 日志系统初始化完成，日志文件: /Use*******************************************************************************************************
[2026-06-15 19:55:24] INFO [setup_logging] 未检测到 tkinter，将使用命令行交互模式
[2026-06-15 19:55:24] INFO [setup_logging] 日志系统初始化完成，日志文件: /Use*******************************************************************************************************
[2026-06-15 19:55:24] INFO [setup_logging] 未检测到 tkinter，将使用命令行交互模式
[2026-06-15 19:55:24] INFO [setup_logging] 日志系统初始化完成，日志文件: /Use*******************************************************************************************************
[2026-06-15 19:55:24] INFO [setup_logging] 未检测到 tkinter，将使用命令行交互模式
[2026-06-15 19:55:24] INFO [setup_logging] 日志系统初始化完成，日志文件: /Use*******************************************************************************************************
[2026-06-15 19:55:24] INFO [setup_logging] 未检测到 tkinter，将使用命令行交互模式
[2026-06-15 19:55:24] INFO [setup_logging] 日志系统初始化完成，日志文件: /Use*******************************************************************************************************
[2026-06-15 19:55:24] INFO [setup_logging] 未检测到 tkinter，将使用命令行交互模式
[2026-06-15 19:55:24] INFO [setup_logging] 日志系统初始化完成，日志文件: /Use*******************************************************************************************************
[2026-06-15 19:55:24] INFO [setup_logging] 未检测到 tkinter，将使用命令行交互模式
[2026-06-15 19:55:24] INFO [setup_logging] 日志系统初始化完成，日志文件: /Use*******************************************************************************************************
[2026-06-15 19:55:24] INFO [setup_logging] 未检测到 tkinter，将使用命令行交互模式
[2026-06-15 19:55:24] INFO [save_sample] 已保存历史样本: 测试银行********************* (3 条记录)
[2026-06-15 19:55:24] INFO [evaluate_lookup_change] 开始评估查找表变更影响
[2026-06-15 19:55:24] INFO [read_lookup_entries] 从查找表读取到 2 条记录，扩展字段: 无
[2026-06-15 19:55:24] INFO [evaluate_lookup_change] 查找表变更评估完成: 总计 3 条，受影响 2 条
[2026-06-15 19:55:24] INFO [setup_logging] 日志系统初始化完成，日志文件: /Use*******************************************************************************************************
[2026-06-15 19:55:24] INFO [setup_logging] 未检测到 tkinter，将使用命令行交互模式
[2026-06-15 19:55:24] INFO [evaluate_lookup_change] 开始评估查找表变更影响
[2026-06-15 19:55:24] INFO [setup_logging] 日志系统初始化完成，日志文件: /Use*******************************************************************************************************
[2026-06-15 19:55:24] INFO [setup_logging] 未检测到 tkinter，将使用命令行交互模式
[2026-06-15 19:55:24] INFO [save_sample] 已保存历史样本: 北京银行********************* (1 条记录)
[2026-06-15 19:55:24] INFO [evaluate_bank_rule_change] 开始评估银行「北京银行」规则变更影响
[2026-06-15 19:55:24] WARNING [load_lookup_table] 主体查找表不存在或未指定，返回空查找表结构
[2026-06-15 19:55:24] WARNING [get_subject_info] 主体查找表不存在或未指定，银行账号「0109年03月」的主体将为空
[2026-06-15 19:55:24] INFO [evaluate_bank_rule_change] 银行「北京银行」规则变更评估完成: 总计 1 条，受影响 1 条（真实重跑 0，模拟 1）
[2026-06-15 19:55:24] INFO [setup_logging] 日志系统初始化完成，日志文件: /Use*******************************************************************************************************
[2026-06-15 19:55:24] INFO [setup_logging] 未检测到 tkinter，将使用命令行交互模式
[2026-06-15 19:55:24] INFO [evaluate_bank_rule_change] 开始评估银行「不存在银行」规则变更影响
[2026-06-15 19:55:24] INFO [setup_logging] 日志系统初始化完成，日志文件: /Use*******************************************************************************************************
[2026-06-15 19:55:24] INFO [setup_logging] 未检测到 tkinter，将使用命令行交互模式
[2026-06-15 19:55:24] INFO [save_sample] 已保存历史样本: 测试银行********************* (1 条记录)
[2026-06-15 19:55:24] INFO [setup_logging] 日志系统初始化完成，日志文件: /Use*******************************************************************************************************
[2026-06-15 19:55:24] INFO [setup_logging] 未检测到 tkinter，将使用命令行交互模式
[2026-06-15 19:55:24] WARNING [load_lookup_table] 主体查找表不存在或未指定，返回空查找表结构
[2026-06-15 19:55:24] INFO [parse] 开始处理北京银行文件: /var*****************************************************************************
[2026-06-15 19:55:24] DEBUG [detect_file_format] 文件 /var***************************************************************************** Magic Bytes 检测为 xlsx 格式 (ZIP/OOXML)
[2026-06-15 19:55:24] WARNING [get_subject_info] 主体查找表不存在或未指定，银行账号「0109年03月」的主体将为空
[2026-06-15 19:55:24] INFO [_parse_sheet] 北京银行文件工作表「流水」提取 2 条记录
[2026-06-15 19:55:24] INFO [parse] 北京银行文件处理完成，共提取 2 条记录
[2026-06-15 19:55:24] INFO [save_sample] 已保存历史样本: 北京银行********************* (2 条记录)
[2026-06-15 19:55:24] INFO [evaluate_bank_rule_change] 开始评估银行「北京银行」规则变更影响
[2026-06-15 19:55:24] INFO [evaluate_bank_rule_change] 使用原始样本文件真实重跑: /var*****************************************************************************
[2026-06-15 19:55:24] WARNING [load_lookup_table] 主体查找表不存在或未指定，返回空查找表结构
[2026-06-15 19:55:24] INFO [parse] 开始处理北京银行文件: /var*****************************************************************************
[2026-06-15 19:55:24] DEBUG [detect_file_format] 文件 /var***************************************************************************** Magic Bytes 检测为 xlsx 格式 (ZIP/OOXML)
[2026-06-15 19:55:24] WARNING [get_subject_info] 主体查找表不存在或未指定，银行账号「0109年03月」的主体将为空
[2026-06-15 19:55:24] INFO [_parse_sheet] 北京银行文件工作表「流水」提取 2 条记录
[2026-06-15 19:55:24] INFO [parse] 北京银行文件处理完成，共提取 2 条记录
[2026-06-15 19:55:24] INFO [evaluate_bank_rule_change] 银行「北京银行」规则变更评估完成: 总计 4 条，受影响 0 条（真实重跑 1，模拟 0）
[2026-06-15 19:55:24] INFO [setup_logging] 日志系统初始化完成，日志文件: /Use*******************************************************************************************************
[2026-06-15 19:55:24] INFO [setup_logging] 未检测到 tkinter，将使用命令行交互模式
[2026-06-15 19:55:24] INFO [evaluate_bank_rule_change] 开始评估银行「北京银行」规则变更影响
[2026-06-15 19:55:24] WARNING [load_lookup_table] 主体查找表不存在或未指定，返回空查找表结构
[2026-06-15 19:55:24] WARNING [get_subject_info] 主体查找表不存在或未指定，银行账号「0109年03月」的主体将为空
[2026-06-15 19:55:24] INFO [evaluate_bank_rule_change] 银行「北京银行」规则变更评估完成: 总计 2 条，受影响 0 条（真实重跑 0，模拟 1）
[2026-06-15 19:55:24] INFO [setup_logging] 日志系统初始化完成，日志文件: /Use*******************************************************************************************************
[2026-06-15 19:55:24] INFO [setup_logging] 未检测到 tkinter，将使用命令行交互模式
[2026-06-15 19:55:24] INFO [load_config] 已加载 6 个银行规则配置
[2026-06-15 19:55:24] INFO [reload_bank_processors] 已重新加载 6 个银行处理器
[2026-06-15 19:55:24] INFO [save_rule] 银行规则「测试银行」已保存到配置文件
[2026-06-15 19:55:24] INFO [setup_logging] 日志系统初始化完成，日志文件: /Use*******************************************************************************************************
[2026-06-15 19:55:24] INFO [setup_logging] 未检测到 tkinter，将使用命令行交互模式
[2026-06-15 19:55:24] INFO [save_lookup_entries] 查找表已保存到 /var*******************************************************************************，共 1 条记录
[2026-06-15 19:55:24] INFO [read_lookup_entries] 从查找表读取到 1 条记录，扩展字段: 无
