[2026-06-15 10:00:53] INFO [setup_logging] 日志系统初始化完成，日志文件: /Use*******************************************************************************************************
[2026-06-15 10:00:53] INFO [setup_logging] 未检测到 tkinter，将使用命令行交互模式
[2026-06-15 10:00:53] INFO [parse] 开始处理北京银行文件: /var****************************************************************************************
[2026-06-15 10:00:53] DEBUG [detect_file_format] 文件 /var**************************************************************************************** Magic Bytes 检测为 xlsx 格式 (ZIP/OOXML)
[2026-06-15 10:00:53] INFO [validate_headers] 北京银行文件工作表「交易明细」表头校验通过，7 个字段均匹配
[2026-06-15 10:00:53] DEBUG [detect_file_format] 文件 /var******************************************************************************* Magic Bytes 检测为 xlsx 格式 (ZIP/OOXML)
[2026-06-15 10:00:53] INFO [load_lookup_table] 查找表加载完成：共 5 条条目，5 个唯一账号，0 个扩展字段
[2026-06-15 10:00:53] DEBUG [get_subject_info] 银行账号「0109年03月」匹配到主体: 北********司（优先级: 0）
[2026-06-15 10:00:53] INFO [_parse_sheet] 北京银行文件工作表「交易明细」提取 2 条记录
[2026-06-15 10:00:53] INFO [parse] 北京银行文件处理完成，共提取 2 条记录
[2026-06-15 10:00:53] INFO [setup_logging] 日志系统初始化完成，日志文件: /Use*******************************************************************************************************
[2026-06-15 10:00:53] INFO [setup_logging] 未检测到 tkinter，将使用命令行交互模式
[2026-06-15 10:00:53] INFO [parse] 开始处理北京银行文件: /var************************************************************************************************
[2026-06-15 10:00:53] DEBUG [detect_file_format] 文件 /var************************************************************************************************ Magic Bytes 检测为 xlsx 格式 (ZIP/OOXML)
[2026-06-15 10:00:53] INFO [validate_headers] 北京银行文件工作表「交易明细」表头校验通过，7 个字段均匹配
[2026-06-15 10:00:53] DEBUG [detect_file_format] 文件 /var******************************************************************************* Magic Bytes 检测为 xlsx 格式 (ZIP/OOXML)
[2026-06-15 10:00:53] INFO [load_lookup_table] 查找表加载完成：共 5 条条目，5 个唯一账号，0 个扩展字段
[2026-06-15 10:00:53] DEBUG [get_subject_info] 银行账号「0109年03月」匹配到主体: 北********司（优先级: 0）
[2026-06-15 10:00:53] INFO [_parse_sheet] 北京银行文件工作表「交易明细」提取 2 条记录
[2026-06-15 10:00:53] INFO [parse] 北京银行文件处理完成，共提取 2 条记录
[2026-06-15 10:00:53] INFO [setup_logging] 日志系统初始化完成，日志文件: /Use*******************************************************************************************************
[2026-06-15 10:00:53] INFO [setup_logging] 未检测到 tkinter，将使用命令行交互模式
[2026-06-15 10:00:53] INFO [parse] 开始处理北京银行文件: /var*********************************************************************************
[2026-06-15 10:00:53] DEBUG [detect_file_format] 文件 /var********************************************************************************* Magic Bytes 检测为 xlsx 格式 (ZIP/OOXML)
[2026-06-15 10:00:53] INFO [validate_headers] 北京银行文件工作表「交易明细」表头校验通过，7 个字段均匹配
[2026-06-15 10:00:53] DEBUG [detect_file_format] 文件 /var******************************************************************************* Magic Bytes 检测为 xlsx 格式 (ZIP/OOXML)
[2026-06-15 10:00:53] INFO [load_lookup_table] 查找表加载完成：共 5 条条目，5 个唯一账号，0 个扩展字段
[2026-06-15 10:00:53] DEBUG [get_subject_info] 银行账号「0109年03月」匹配到主体: 北********司（优先级: 0）
[2026-06-15 10:00:53] INFO [_parse_sheet] 北京银行文件工作表「交易明细」提取 2 条记录
[2026-06-15 10:00:53] INFO [parse] 北京银行文件处理完成，共提取 2 条记录
[2026-06-15 10:00:53] INFO [setup_logging] 日志系统初始化完成，日志文件: /Use*******************************************************************************************************
[2026-06-15 10:00:53] INFO [setup_logging] 未检测到 tkinter，将使用命令行交互模式
[2026-06-15 10:00:53] INFO [parse] 开始处理招商银行文件: /var**********************************************************************************
[2026-06-15 10:00:53] DEBUG [detect_file_format] 文件 /var********************************************************************************** Magic Bytes 检测为 xlsx 格式 (ZIP/OOXML)
[2026-06-15 10:00:53] INFO [validate_headers] 招商银行文件工作表「活期交易明细」表头校验通过，7 个字段均匹配
[2026-06-15 10:00:53] DEBUG [detect_file_format] 文件 /var******************************************************************************* Magic Bytes 检测为 xlsx 格式 (ZIP/OOXML)
[2026-06-15 10:00:53] INFO [load_lookup_table] 查找表加载完成：共 5 条条目，5 个唯一账号，0 个扩展字段
[2026-06-15 10:00:53] DEBUG [get_subject_info] 银行账号「6225年88月」匹配到主体: 杭**********司（优先级: 0）
[2026-06-15 10:00:53] INFO [_parse_sheet] 招商银行文件工作表「活期交易明细」提取 2 条记录
[2026-06-15 10:00:53] INFO [parse] 招商银行文件处理完成，共提取 2 条记录
[2026-06-15 10:00:53] INFO [setup_logging] 日志系统初始化完成，日志文件: /Use*******************************************************************************************************
[2026-06-15 10:00:53] INFO [setup_logging] 未检测到 tkinter，将使用命令行交互模式
[2026-06-15 10:00:53] INFO [setup_logging] 日志系统初始化完成，日志文件: /Use*******************************************************************************************************
[2026-06-15 10:00:53] INFO [setup_logging] 未检测到 tkinter，将使用命令行交互模式
[2026-06-15 10:00:53] INFO [setup_logging] 日志系统初始化完成，日志文件: /Use*******************************************************************************************************
[2026-06-15 10:00:53] INFO [setup_logging] 未检测到 tkinter，将使用命令行交互模式
[2026-06-15 10:00:53] INFO [setup_logging] 日志系统初始化完成，日志文件: /Use*******************************************************************************************************
[2026-06-15 10:00:53] INFO [setup_logging] 未检测到 tkinter，将使用命令行交互模式
