[2026-06-15 09:02:02] INFO [setup_logging] 日志系统初始化完成，日志文件: /Use*******************************************************************************************************
[2026-06-15 09:02:02] INFO [setup_logging] 未检测到 tkinter，将使用命令行交互模式
[2026-06-15 09:02:02] INFO [setup_logging] 日志系统初始化完成，日志文件: /Use*******************************************************************************************************
[2026-06-15 09:02:02] INFO [setup_logging] 未检测到 tkinter，将使用命令行交互模式
[2026-06-15 09:02:02] INFO [setup_logging] 日志系统初始化完成，日志文件: /Use*******************************************************************************************************
[2026-06-15 09:02:02] INFO [setup_logging] 未检测到 tkinter，将使用命令行交互模式
[2026-06-15 09:02:02] INFO [setup_logging] 日志系统初始化完成，日志文件: /Use*******************************************************************************************************
[2026-06-15 09:02:02] INFO [setup_logging] 未检测到 tkinter，将使用命令行交互模式
[2026-06-15 09:02:02] INFO [setup_logging] 日志系统初始化完成，日志文件: /Use*******************************************************************************************************
[2026-06-15 09:02:02] INFO [setup_logging] 未检测到 tkinter，将使用命令行交互模式
[2026-06-15 09:02:02] INFO [setup_logging] 日志系统初始化完成，日志文件: /Use*******************************************************************************************************
[2026-06-15 09:02:02] INFO [setup_logging] 未检测到 tkinter，将使用命令行交互模式
[2026-06-15 09:02:02] INFO [setup_logging] 日志系统初始化完成，日志文件: /Use*******************************************************************************************************
[2026-06-15 09:02:02] INFO [setup_logging] 未检测到 tkinter，将使用命令行交互模式
[2026-06-15 09:02:02] INFO [setup_logging] 日志系统初始化完成，日志文件: /Use*******************************************************************************************************
[2026-06-15 09:02:02] INFO [setup_logging] 未检测到 tkinter，将使用命令行交互模式
[2026-06-15 09:02:02] INFO [setup_logging] 日志系统初始化完成，日志文件: /Use*******************************************************************************************************
[2026-06-15 09:02:02] INFO [setup_logging] 未检测到 tkinter，将使用命令行交互模式
[2026-06-15 09:02:02] INFO [load_total_table] 加载总表成功，共 4 条记录
[2026-06-15 09:02:02] INFO [setup_logging] 日志系统初始化完成，日志文件: /Use*******************************************************************************************************
[2026-06-15 09:02:02] INFO [setup_logging] 未检测到 tkinter，将使用命令行交互模式
[2026-06-15 09:02:02] ERROR [load_total_table] 总表文件不存在: /var*******************************************************************************************
[2026-06-15 09:02:02] INFO [setup_logging] 日志系统初始化完成，日志文件: /Use*******************************************************************************************************
[2026-06-15 09:02:02] INFO [setup_logging] 未检测到 tkinter，将使用命令行交互模式
[2026-06-15 09:02:02] INFO [load_total_table] 加载总表成功，共 4 条记录
[2026-06-15 09:02:02] INFO [total_to_standard_transactions] 总表 4 条记录转换为 4 张标准化凭证
[2026-06-15 09:02:02] INFO [setup_logging] 日志系统初始化完成，日志文件: /Use*******************************************************************************************************
[2026-06-15 09:02:02] INFO [setup_logging] 未检测到 tkinter，将使用命令行交互模式
[2026-06-15 09:02:02] INFO [total_to_standard_transactions] 总表 1 条记录转换为 1 张标准化凭证
[2026-06-15 09:02:02] INFO [setup_logging] 日志系统初始化完成，日志文件: /Use*******************************************************************************************************
[2026-06-15 09:02:02] INFO [setup_logging] 未检测到 tkinter，将使用命令行交互模式
[2026-06-15 09:02:02] INFO [total_to_standard_transactions] 总表 1 条记录转换为 1 张标准化凭证
[2026-06-15 09:02:02] INFO [setup_logging] 日志系统初始化完成，日志文件: /Use*******************************************************************************************************
[2026-06-15 09:02:02] INFO [setup_logging] 未检测到 tkinter，将使用命令行交互模式
[2026-06-15 09:02:02] INFO [total_to_standard_transactions] 总表 1 条记录转换为 1 张标准化凭证
[2026-06-15 09:02:02] INFO [total_to_standard_transactions] 总表 1 条记录转换为 1 张标准化凭证
[2026-06-15 09:02:02] INFO [total_to_standard_transactions] 总表 1 条记录转换为 1 张标准化凭证
[2026-06-15 09:02:02] INFO [total_to_standard_transactions] 总表 1 条记录转换为 1 张标准化凭证
[2026-06-15 09:02:02] INFO [total_to_standard_transactions] 总表 1 条记录转换为 1 张标准化凭证
[2026-06-15 09:02:02] INFO [total_to_standard_transactions] 总表 1 条记录转换为 1 张标准化凭证
[2026-06-15 09:02:02] INFO [total_to_standard_transactions] 总表 1 条记录转换为 1 张标准化凭证
[2026-06-15 09:02:02] INFO [total_to_standard_transactions] 总表 1 条记录转换为 1 张标准化凭证
[2026-06-15 09:02:02] INFO [setup_logging] 日志系统初始化完成，日志文件: /Use*******************************************************************************************************
[2026-06-15 09:02:02] INFO [setup_logging] 未检测到 tkinter，将使用命令行交互模式
[2026-06-15 09:02:02] INFO [total_to_standard_transactions] 总表 1 条记录转换为 0 张标准化凭证
[2026-06-15 09:02:02] INFO [setup_logging] 日志系统初始化完成，日志文件: /Use*******************************************************************************************************
[2026-06-15 09:02:02] INFO [setup_logging] 未检测到 tkinter，将使用命令行交互模式
[2026-06-15 09:02:02] INFO [total_to_standard_transactions] 总表 2 条记录转换为 2 张标准化凭证
[2026-06-15 09:02:02] INFO [export_yonyou_voucher] 用友凭证导出成功: /var************************************************************************************* (共 2 张凭证，4 条分录)
[2026-06-15 09:02:02] INFO [setup_logging] 日志系统初始化完成，日志文件: /Use*******************************************************************************************************
[2026-06-15 09:02:02] INFO [setup_logging] 未检测到 tkinter，将使用命令行交互模式
[2026-06-15 09:02:02] WARNING [export_yonyou_voucher] 无凭证数据可导出
[2026-06-15 09:02:02] INFO [setup_logging] 日志系统初始化完成，日志文件: /Use*******************************************************************************************************
[2026-06-15 09:02:02] INFO [setup_logging] 未检测到 tkinter，将使用命令行交互模式
[2026-06-15 09:02:02] INFO [total_to_standard_transactions] 总表 1 条记录转换为 1 张标准化凭证
[2026-06-15 09:02:02] INFO [export_kingdee_voucher] 金蝶凭证导出成功: /var************************************************************************************* (共 1 张凭证，2 条分录)
[2026-06-15 09:02:02] INFO [setup_logging] 日志系统初始化完成，日志文件: /Use*******************************************************************************************************
[2026-06-15 09:02:02] INFO [setup_logging] 未检测到 tkinter，将使用命令行交互模式
[2026-06-15 09:02:02] INFO [total_to_standard_transactions] 总表 2 条记录转换为 2 张标准化凭证
[2026-06-15 09:02:02] INFO [export_bank_journal] 银行日记账导出成功: /var************************************************************************************ (共 2 条记录)
[2026-06-15 09:02:02] INFO [setup_logging] 日志系统初始化完成，日志文件: /Use*******************************************************************************************************
[2026-06-15 09:02:02] INFO [setup_logging] 未检测到 tkinter，将使用命令行交互模式
[2026-06-15 09:02:02] INFO [export_financial_template] 开始财务导出: 模板=用友凭证导入模板, 总表=/var***********************************************************************************, 输出=/var**********************************************************************************************************
[2026-06-15 09:02:02] INFO [load_total_table] 加载总表成功，共 4 条记录
[2026-06-15 09:02:02] INFO [total_to_standard_transactions] 总表 4 条记录转换为 4 张标准化凭证
[2026-06-15 09:02:02] INFO [export_yonyou_voucher] 用友凭证导出成功: /var********************************************************************************************************** (共 4 张凭证，8 条分录)
[2026-06-15 09:02:02] INFO [setup_logging] 日志系统初始化完成，日志文件: /Use*******************************************************************************************************
[2026-06-15 09:02:02] INFO [setup_logging] 未检测到 tkinter，将使用命令行交互模式
[2026-06-15 09:02:02] INFO [export_financial_template] 开始财务导出: 模板=金蝶凭证导入模板, 总表=/var***********************************************************************************, 输出=/var**********************************************************************************************************
[2026-06-15 09:02:02] INFO [load_total_table] 加载总表成功，共 4 条记录
[2026-06-15 09:02:02] INFO [total_to_standard_transactions] 总表 4 条记录转换为 4 张标准化凭证
[2026-06-15 09:02:02] INFO [export_kingdee_voucher] 金蝶凭证导出成功: /var********************************************************************************************************** (共 4 张凭证，8 条分录)
[2026-06-15 09:02:02] INFO [setup_logging] 日志系统初始化完成，日志文件: /Use*******************************************************************************************************
[2026-06-15 09:02:02] INFO [setup_logging] 未检测到 tkinter，将使用命令行交互模式
[2026-06-15 09:02:02] INFO [export_financial_template] 开始财务导出: 模板=银行日记账模板, 总表=/var***********************************************************************************, 输出=/var*********************************************************************************************************
[2026-06-15 09:02:02] INFO [load_total_table] 加载总表成功，共 4 条记录
[2026-06-15 09:02:02] INFO [total_to_standard_transactions] 总表 4 条记录转换为 4 张标准化凭证
[2026-06-15 09:02:02] INFO [export_bank_journal] 银行日记账导出成功: /var********************************************************************************************************* (共 4 条记录)
[2026-06-15 09:02:02] INFO [setup_logging] 日志系统初始化完成，日志文件: /Use*******************************************************************************************************
[2026-06-15 09:02:02] INFO [setup_logging] 未检测到 tkinter，将使用命令行交互模式
[2026-06-15 09:02:02] INFO [setup_logging] 日志系统初始化完成，日志文件: /Use*******************************************************************************************************
[2026-06-15 09:02:02] INFO [setup_logging] 未检测到 tkinter，将使用命令行交互模式
[2026-06-15 09:02:02] INFO [export_financial_template] 开始财务导出: 模板=用友凭证导入模板, 总表=/var************************************************************************************, 输出=/var***********************************************************************************************************
[2026-06-15 09:02:02] INFO [load_total_table] 加载总表成功，共 0 条记录
[2026-06-15 09:02:02] ERROR [export_financial_template] 总表无数据可导出
[2026-06-15 09:02:02] INFO [setup_logging] 日志系统初始化完成，日志文件: /Use*******************************************************************************************************
[2026-06-15 09:02:02] INFO [setup_logging] 未检测到 tkinter，将使用命令行交互模式
[2026-06-15 09:02:02] INFO [export_financial_template] 开始财务导出: 模板=用友凭证导入模板, 总表=/var***********************************************************************************, 输出=/var**********************************************************************************************************
[2026-06-15 09:02:02] INFO [load_total_table] 加载总表成功，共 4 条记录
[2026-06-15 09:02:02] INFO [total_to_standard_transactions] 总表 4 条记录转换为 4 张标准化凭证
[2026-06-15 09:02:03] INFO [export_yonyou_voucher] 用友凭证导出成功: /var********************************************************************************************************** (共 4 张凭证，8 条分录)
[2026-06-15 09:02:03] INFO [setup_logging] 日志系统初始化完成，日志文件: /Use*******************************************************************************************************
[2026-06-15 09:02:03] INFO [setup_logging] 未检测到 tkinter，将使用命令行交互模式
[2026-06-15 09:02:03] INFO [setup_logging] 日志系统初始化完成，日志文件: /Use*******************************************************************************************************
[2026-06-15 09:02:03] INFO [setup_logging] 未检测到 tkinter，将使用命令行交互模式
[2026-06-15 09:02:03] INFO [setup_logging] 日志系统初始化完成，日志文件: /Use*******************************************************************************************************
[2026-06-15 09:02:03] INFO [setup_logging] 未检测到 tkinter，将使用命令行交互模式
[2026-06-15 09:02:03] INFO [total_to_standard_transactions] 总表 1 条记录转换为 1 张标准化凭证
