[2026-06-15 01:49:01] INFO [setup_logging] 日志系统初始化完成，日志文件: /Use*******************************************************************************************************
[2026-06-15 01:49:01] INFO [setup_logging] 未检测到 tkinter，将使用命令行交互模式
[2026-06-15 01:49:01] DEBUG [scan_bank_files] 发现银行导出文件: /var******************************************************************************
[2026-06-15 01:49:01] INFO [scan_bank_files] 共扫描到 1 个银行导出文件
[2026-06-15 01:49:01] INFO [setup_logging] 日志系统初始化完成，日志文件: /Use*******************************************************************************************************
[2026-06-15 01:49:01] INFO [setup_logging] 未检测到 tkinter，将使用命令行交互模式
[2026-06-15 01:49:01] DEBUG [scan_bank_files] 发现银行导出文件: /var*****************************************************************************
[2026-06-15 01:49:01] INFO [scan_bank_files] 共扫描到 1 个银行导出文件
[2026-06-15 01:49:01] INFO [setup_logging] 日志系统初始化完成，日志文件: /Use*******************************************************************************************************
[2026-06-15 01:49:01] INFO [setup_logging] 未检测到 tkinter，将使用命令行交互模式
[2026-06-15 01:49:01] DEBUG [scan_bank_files] 发现银行导出文件: /var******************************************************************************
[2026-06-15 01:49:01] INFO [scan_bank_files] 共扫描到 1 个银行导出文件
[2026-06-15 01:49:01] INFO [setup_logging] 日志系统初始化完成，日志文件: /Use*******************************************************************************************************
[2026-06-15 01:49:01] INFO [setup_logging] 未检测到 tkinter，将使用命令行交互模式
[2026-06-15 01:49:01] DEBUG [scan_bank_files] 发现银行导出文件: /var*****************************************************************************
[2026-06-15 01:49:01] INFO [scan_bank_files] 共扫描到 1 个银行导出文件
[2026-06-15 01:49:01] INFO [setup_logging] 日志系统初始化完成，日志文件: /Use*******************************************************************************************************
[2026-06-15 01:49:01] INFO [setup_logging] 未检测到 tkinter，将使用命令行交互模式
[2026-06-15 01:49:01] DEBUG [scan_bank_files] 发现银行导出文件: /var**************************************************************************
[2026-06-15 01:49:01] DEBUG [scan_bank_files] 发现银行导出文件: /var***************************************************************************
[2026-06-15 01:49:01] DEBUG [scan_bank_files] 发现银行导出文件: /var**************************************************************************
[2026-06-15 01:49:01] DEBUG [scan_bank_files] 发现银行导出文件: /var***************************************************************************
[2026-06-15 01:49:01] INFO [scan_bank_files] 共扫描到 4 个银行导出文件
[2026-06-15 01:49:01] INFO [setup_logging] 日志系统初始化完成，日志文件: /Use*******************************************************************************************************
[2026-06-15 01:49:01] INFO [setup_logging] 未检测到 tkinter，将使用命令行交互模式
[2026-06-15 01:49:01] DEBUG [scan_bank_files] 发现银行导出文件: /var******************************************************************************
[2026-06-15 01:49:01] INFO [scan_bank_files] 共扫描到 1 个银行导出文件
[2026-06-15 01:49:01] INFO [setup_logging] 日志系统初始化完成，日志文件: /Use*******************************************************************************************************
[2026-06-15 01:49:01] INFO [setup_logging] 未检测到 tkinter，将使用命令行交互模式
[2026-06-15 01:49:01] DEBUG [scan_bank_files] 发现银行导出文件: /var*****************************************************************************
[2026-06-15 01:49:01] INFO [scan_bank_files] 共扫描到 1 个银行导出文件
[2026-06-15 01:49:01] INFO [setup_logging] 日志系统初始化完成，日志文件: /Use*******************************************************************************************************
[2026-06-15 01:49:01] INFO [setup_logging] 未检测到 tkinter，将使用命令行交互模式
[2026-06-15 01:49:01] INFO [scan_bank_files] 共扫描到 0 个银行导出文件
[2026-06-15 01:49:01] INFO [setup_logging] 日志系统初始化完成，日志文件: /Use*******************************************************************************************************
[2026-06-15 01:49:01] INFO [setup_logging] 未检测到 tkinter，将使用命令行交互模式
[2026-06-15 01:49:01] DEBUG [scan_bank_files] 发现银行导出文件: /var******************************************************************************
[2026-06-15 01:49:01] DEBUG [scan_bank_files] 发现银行导出文件: /var***************************************************************************************
[2026-06-15 01:49:01] INFO [scan_bank_files] 共扫描到 2 个银行导出文件
[2026-06-15 01:49:01] INFO [setup_logging] 日志系统初始化完成，日志文件: /Use*******************************************************************************************************
[2026-06-15 01:49:01] INFO [setup_logging] 未检测到 tkinter，将使用命令行交互模式
[2026-06-15 01:49:01] DEBUG [scan_bank_files] 发现银行导出文件: /var******************************************************************************
[2026-06-15 01:49:01] DEBUG [scan_bank_files] 发现银行导出文件: /var**************************************************************************************
[2026-06-15 01:49:01] INFO [scan_bank_files] 共扫描到 2 个银行导出文件
[2026-06-15 01:49:01] INFO [setup_logging] 日志系统初始化完成，日志文件: /Use*******************************************************************************************************
[2026-06-15 01:49:01] INFO [setup_logging] 未检测到 tkinter，将使用命令行交互模式
[2026-06-15 01:49:01] INFO [scan_bank_files] 共扫描到 0 个银行导出文件
[2026-06-15 01:49:01] INFO [setup_logging] 日志系统初始化完成，日志文件: /Use*******************************************************************************************************
[2026-06-15 01:49:01] INFO [setup_logging] 未检测到 tkinter，将使用命令行交互模式
[2026-06-15 01:49:01] DEBUG [scan_bank_files] 发现银行导出文件: /var******************************************************************************
[2026-06-15 01:49:01] DEBUG [scan_bank_files] 发现银行导出文件: /var******************************************************************************
[2026-06-15 01:49:01] INFO [scan_bank_files] 共扫描到 2 个银行导出文件
[2026-06-15 01:49:01] INFO [setup_logging] 日志系统初始化完成，日志文件: /Use*******************************************************************************************************
[2026-06-15 01:49:01] INFO [setup_logging] 未检测到 tkinter，将使用命令行交互模式
[2026-06-15 01:49:01] DEBUG [scan_bank_files] 发现银行导出文件: /var*****************************************************************************
[2026-06-15 01:49:01] DEBUG [scan_bank_files] 发现银行导出文件: /var******************************************************************************
[2026-06-15 01:49:01] INFO [scan_bank_files] 共扫描到 2 个银行导出文件
[2026-06-15 01:49:01] INFO [setup_logging] 日志系统初始化完成，日志文件: /Use*******************************************************************************************************
[2026-06-15 01:49:01] INFO [setup_logging] 未检测到 tkinter，将使用命令行交互模式
[2026-06-15 01:49:01] DEBUG [scan_bank_files] 发现银行导出文件: /var*******************************************************************************
[2026-06-15 01:49:01] DEBUG [scan_bank_files] 发现银行导出文件: /var******************************************************************************
[2026-06-15 01:49:01] INFO [scan_bank_files] 共扫描到 2 个银行导出文件
[2026-06-15 01:49:01] INFO [setup_logging] 日志系统初始化完成，日志文件: /Use*******************************************************************************************************
[2026-06-15 01:49:01] INFO [setup_logging] 未检测到 tkinter，将使用命令行交互模式
[2026-06-15 01:49:01] DEBUG [scan_bank_files] 发现银行导出文件: /var*****************************************************************************
[2026-06-15 01:49:01] DEBUG [scan_bank_files] 发现银行导出文件: /var******************************************************************************
[2026-06-15 01:49:01] INFO [scan_bank_files] 共扫描到 2 个银行导出文件
[2026-06-15 01:49:01] DEBUG [scan_bank_files] 发现银行导出文件: /var*****************************************************************************
[2026-06-15 01:49:01] DEBUG [scan_bank_files] 发现银行导出文件: /var******************************************************************************
[2026-06-15 01:49:01] INFO [scan_bank_files] 共扫描到 2 个银行导出文件
[2026-06-15 01:49:01] INFO [setup_logging] 日志系统初始化完成，日志文件: /Use*******************************************************************************************************
[2026-06-15 01:49:01] INFO [setup_logging] 未检测到 tkinter，将使用命令行交互模式
[2026-06-15 01:49:01] INFO [setup_logging] 日志系统初始化完成，日志文件: /Use*******************************************************************************************************
[2026-06-15 01:49:01] INFO [setup_logging] 未检测到 tkinter，将使用命令行交互模式
[2026-06-15 01:49:01] INFO [setup_logging] 日志系统初始化完成，日志文件: /Use*******************************************************************************************************
[2026-06-15 01:49:01] INFO [setup_logging] 未检测到 tkinter，将使用命令行交互模式
[2026-06-15 01:49:01] INFO [setup_logging] 日志系统初始化完成，日志文件: /Use*******************************************************************************************************
[2026-06-15 01:49:01] INFO [setup_logging] 未检测到 tkinter，将使用命令行交互模式
[2026-06-15 01:49:01] INFO [setup_logging] 日志系统初始化完成，日志文件: /Use*******************************************************************************************************
[2026-06-15 01:49:01] INFO [setup_logging] 未检测到 tkinter，将使用命令行交互模式
[2026-06-15 01:49:01] INFO [setup_logging] 日志系统初始化完成，日志文件: /Use*******************************************************************************************************
[2026-06-15 01:49:01] INFO [setup_logging] 未检测到 tkinter，将使用命令行交互模式
[2026-06-15 01:49:01] INFO [setup_logging] 日志系统初始化完成，日志文件: /Use*******************************************************************************************************
[2026-06-15 01:49:01] INFO [setup_logging] 未检测到 tkinter，将使用命令行交互模式
[2026-06-15 01:49:01] INFO [setup_logging] 日志系统初始化完成，日志文件: /Use*******************************************************************************************************
[2026-06-15 01:49:01] INFO [setup_logging] 未检测到 tkinter，将使用命令行交互模式
[2026-06-15 01:49:01] INFO [setup_logging] 日志系统初始化完成，日志文件: /Use*******************************************************************************************************
[2026-06-15 01:49:01] INFO [setup_logging] 未检测到 tkinter，将使用命令行交互模式
[2026-06-15 01:49:01] INFO [setup_logging] 日志系统初始化完成，日志文件: /Use*******************************************************************************************************
[2026-06-15 01:49:01] INFO [setup_logging] 未检测到 tkinter，将使用命令行交互模式
[2026-06-15 01:49:01] INFO [setup_logging] 日志系统初始化完成，日志文件: /Use*******************************************************************************************************
[2026-06-15 01:49:01] INFO [setup_logging] 未检测到 tkinter，将使用命令行交互模式
[2026-06-15 01:49:01] DEBUG [detect_file_format] 文件 /var***************************************************************************** 检测为 csv 格式 (纯文本)
[2026-06-15 01:49:01] INFO [setup_logging] 日志系统初始化完成，日志文件: /Use*******************************************************************************************************
[2026-06-15 01:49:01] INFO [setup_logging] 未检测到 tkinter，将使用命令行交互模式
[2026-06-15 01:49:01] DEBUG [detect_file_format] 文件 /var****************************************************************************** Magic Bytes 检测为 xlsx 格式 (ZIP/OOXML)
[2026-06-15 01:49:01] INFO [setup_logging] 日志系统初始化完成，日志文件: /Use*******************************************************************************************************
[2026-06-15 01:49:01] INFO [setup_logging] 未检测到 tkinter，将使用命令行交互模式
[2026-06-15 01:49:01] DEBUG [detect_file_format] 文件 /var****************************************************************************** Magic Bytes 检测为 xlsm 格式 (ZIP/OOXML with macros)
[2026-06-15 01:49:01] INFO [setup_logging] 日志系统初始化完成，日志文件: /Use*******************************************************************************************************
[2026-06-15 01:49:01] INFO [setup_logging] 未检测到 tkinter，将使用命令行交互模式
[2026-06-15 01:49:01] DEBUG [read_csv_as_workbook] CSV 文件自动检测编码: utf-***** (test.csv)
[2026-06-15 01:49:01] DEBUG [read_csv_as_workbook] CSV 文件自动检测分隔符: ',' (test.csv)
[2026-06-15 01:49:01] INFO [setup_logging] 日志系统初始化完成，日志文件: /Use*******************************************************************************************************
[2026-06-15 01:49:01] INFO [setup_logging] 未检测到 tkinter，将使用命令行交互模式
[2026-06-15 01:49:01] DEBUG [read_csv_as_workbook] CSV 文件自动检测编码: utf-***** (test.csv)
[2026-06-15 01:49:01] DEBUG [read_csv_as_workbook] CSV 文件自动检测分隔符: ',' (test.csv)
[2026-06-15 01:49:01] INFO [setup_logging] 日志系统初始化完成，日志文件: /Use*******************************************************************************************************
[2026-06-15 01:49:01] INFO [setup_logging] 未检测到 tkinter，将使用命令行交互模式
[2026-06-15 01:49:01] DEBUG [read_csv_as_workbook] CSV 文件自动检测编码: gbk (test_gbk.csv)
[2026-06-15 01:49:01] DEBUG [read_csv_as_workbook] CSV 文件自动检测分隔符: ',' (test_gbk.csv)
[2026-06-15 01:49:01] INFO [setup_logging] 日志系统初始化完成，日志文件: /Use*******************************************************************************************************
[2026-06-15 01:49:01] INFO [setup_logging] 未检测到 tkinter，将使用命令行交互模式
[2026-06-15 01:49:01] DEBUG [read_csv_as_workbook] CSV 文件自动检测编码: utf-***** (test_semicolon.csv)
[2026-06-15 01:49:01] DEBUG [read_csv_as_workbook] CSV 文件自动检测分隔符: ';' (test_semicolon.csv)
[2026-06-15 01:49:01] INFO [setup_logging] 日志系统初始化完成，日志文件: /Use*******************************************************************************************************
[2026-06-15 01:49:01] INFO [setup_logging] 未检测到 tkinter，将使用命令行交互模式
[2026-06-15 01:49:01] DEBUG [read_csv_as_workbook] CSV 文件自动检测编码: utf-***** (test.csv)
[2026-06-15 01:49:01] DEBUG [read_csv_as_workbook] CSV 文件自动检测分隔符: ',' (test.csv)
[2026-06-15 01:49:01] INFO [setup_logging] 日志系统初始化完成，日志文件: /Use*******************************************************************************************************
[2026-06-15 01:49:01] INFO [setup_logging] 未检测到 tkinter，将使用命令行交互模式
[2026-06-15 01:49:01] DEBUG [read_csv_as_workbook] CSV 文件自动检测编码: utf-***** (test.csv)
[2026-06-15 01:49:01] DEBUG [read_csv_as_workbook] CSV 文件自动检测分隔符: ',' (test.csv)
[2026-06-15 01:49:01] INFO [setup_logging] 日志系统初始化完成，日志文件: /Use*******************************************************************************************************
[2026-06-15 01:49:01] INFO [setup_logging] 未检测到 tkinter，将使用命令行交互模式
[2026-06-15 01:49:01] DEBUG [detect_file_format] 文件 /var***************************************************************************** 检测为 csv 格式 (纯文本)
[2026-06-15 01:49:01] DEBUG [read_csv_as_workbook] CSV 文件自动检测编码: utf-***** (test.csv)
[2026-06-15 01:49:01] DEBUG [read_csv_as_workbook] CSV 文件自动检测分隔符: ',' (test.csv)
[2026-06-15 01:49:01] INFO [setup_logging] 日志系统初始化完成，日志文件: /Use*******************************************************************************************************
[2026-06-15 01:49:01] INFO [setup_logging] 未检测到 tkinter，将使用命令行交互模式
[2026-06-15 01:49:01] DEBUG [detect_file_format] 文件 /var****************************************************************************** Magic Bytes 检测为 xlsx 格式 (ZIP/OOXML)
[2026-06-15 01:49:01] INFO [setup_logging] 日志系统初始化完成，日志文件: /Use*******************************************************************************************************
[2026-06-15 01:49:01] INFO [setup_logging] 未检测到 tkinter，将使用命令行交互模式
[2026-06-15 01:49:01] INFO [convert_xls_to_xlsx] 正在将 .xls 文件转换为 .xlsx: /var*****************************************************************************
[2026-06-15 01:49:01] INFO [convert_xls_to_xlsx] .xls 转换完成: /var***************************************************************************** -> /var********************************************************************
[2026-06-15 01:49:01] INFO [setup_logging] 日志系统初始化完成，日志文件: /Use*******************************************************************************************************
[2026-06-15 01:49:01] INFO [setup_logging] 未检测到 tkinter，将使用命令行交互模式
[2026-06-15 01:49:01] INFO [convert_xls_to_xlsx] 正在将 .xls 文件转换为 .xlsx: /var*****************************************************************************
[2026-06-15 01:49:01] INFO [convert_xls_to_xlsx] .xls 转换完成: /var***************************************************************************** -> /var********************************************************************
[2026-06-15 01:49:01] INFO [setup_logging] 日志系统初始化完成，日志文件: /Use*******************************************************************************************************
[2026-06-15 01:49:01] INFO [setup_logging] 未检测到 tkinter，将使用命令行交互模式
[2026-06-15 01:49:01] INFO [convert_xls_to_xlsx] 正在将 .xls 文件转换为 .xlsx: /var*****************************************************************************
[2026-06-15 01:49:01] INFO [convert_xls_to_xlsx] .xls 转换完成: /var***************************************************************************** -> /var********************************************************************
[2026-06-15 01:49:01] INFO [setup_logging] 日志系统初始化完成，日志文件: /Use*******************************************************************************************************
[2026-06-15 01:49:01] INFO [setup_logging] 未检测到 tkinter，将使用命令行交互模式
[2026-06-15 01:49:01] INFO [convert_xls_to_xlsx] 正在将 .xls 文件转换为 .xlsx: /var*****************************************************************************
[2026-06-15 01:49:01] INFO [convert_xls_to_xlsx] .xls 转换完成: /var***************************************************************************** -> /var********************************************************************
[2026-06-15 01:49:01] INFO [convert_xls_to_xlsx] 正在将 .xls 文件转换为 .xlsx: /var*****************************************************************************
[2026-06-15 01:49:01] INFO [convert_xls_to_xlsx] .xls 转换完成: /var***************************************************************************** -> /var********************************************************************
[2026-06-15 01:49:01] INFO [convert_xls_to_xlsx] 正在将 .xls 文件转换为 .xlsx: /var*****************************************************************************
[2026-06-15 01:49:01] INFO [convert_xls_to_xlsx] .xls 转换完成: /var***************************************************************************** -> /var********************************************************************
[2026-06-15 01:49:01] INFO [convert_xls_to_xlsx] 正在将 .xls 文件转换为 .xlsx: /var*****************************************************************************
[2026-06-15 01:49:01] INFO [convert_xls_to_xlsx] .xls 转换完成: /var***************************************************************************** -> /var********************************************************************
[2026-06-15 01:49:01] INFO [convert_xls_to_xlsx] 正在将 .xls 文件转换为 .xlsx: /var*****************************************************************************
[2026-06-15 01:49:01] INFO [convert_xls_to_xlsx] .xls 转换完成: /var***************************************************************************** -> /var********************************************************************
[2026-06-15 01:49:01] INFO [setup_logging] 日志系统初始化完成，日志文件: /Use*******************************************************************************************************
[2026-06-15 01:49:01] INFO [setup_logging] 未检测到 tkinter，将使用命令行交互模式
[2026-06-15 01:49:01] INFO [convert_xls_to_xlsx] 正在将 .xls 文件转换为 .xlsx: /var**********************************************************************************
[2026-06-15 01:49:01] INFO [convert_xls_to_xlsx] .xls 转换完成: /var********************************************************************************** -> /var********************************************************************
[2026-06-15 01:49:01] INFO [convert_xls_to_xlsx] 正在将 .xls 文件转换为 .xlsx: /var**********************************************************************************
[2026-06-15 01:49:02] INFO [convert_xls_to_xlsx] .xls 转换完成: /var********************************************************************************** -> /var********************************************************************
[2026-06-15 01:49:02] INFO [setup_logging] 日志系统初始化完成，日志文件: /Use*******************************************************************************************************
[2026-06-15 01:49:02] INFO [setup_logging] 未检测到 tkinter，将使用命令行交互模式
[2026-06-15 01:49:02] INFO [convert_xls_to_xlsx] 正在将 .xls 文件转换为 .xlsx: /var*******************************************************************************
[2026-06-15 01:49:02] INFO [convert_xls_to_xlsx] .xls 转换完成: /var******************************************************************************* -> /var********************************************************************
[2026-06-15 01:49:02] INFO [convert_xls_to_xlsx] 正在将 .xls 文件转换为 .xlsx: /var*******************************************************************************
[2026-06-15 01:49:02] INFO [convert_xls_to_xlsx] .xls 转换完成: /var******************************************************************************* -> /var********************************************************************
[2026-06-15 01:49:02] INFO [setup_logging] 日志系统初始化完成，日志文件: /Use*******************************************************************************************************
[2026-06-15 01:49:02] INFO [setup_logging] 未检测到 tkinter，将使用命令行交互模式
[2026-06-15 01:49:02] INFO [convert_xls_to_xlsx] 正在将 .xls 文件转换为 .xlsx: /var*****************************************************************************
[2026-06-15 01:49:02] INFO [convert_xls_to_xlsx] .xls 转换完成: /var***************************************************************************** -> /var********************************************************************
[2026-06-15 01:49:02] INFO [setup_logging] 日志系统初始化完成，日志文件: /Use*******************************************************************************************************
[2026-06-15 01:49:02] INFO [setup_logging] 未检测到 tkinter，将使用命令行交互模式
[2026-06-15 01:49:02] INFO [convert_xls_to_xlsx] 正在将 .xls 文件转换为 .xlsx: /var*****************************************************************************
[2026-06-15 01:49:02] INFO [convert_xls_to_xlsx] .xls 转换完成: /var***************************************************************************** -> /var********************************************************************
[2026-06-15 01:49:02] INFO [setup_logging] 日志系统初始化完成，日志文件: /Use*******************************************************************************************************
[2026-06-15 01:49:02] INFO [setup_logging] 未检测到 tkinter，将使用命令行交互模式
[2026-06-15 01:49:02] ERROR [convert_xls_to_xlsx] 处理 .xls 文件需要 xlrd 库，请运行: pip install xlrd
[2026-06-15 01:49:02] INFO [setup_logging] 日志系统初始化完成，日志文件: /Use*******************************************************************************************************
[2026-06-15 01:49:02] INFO [setup_logging] 未检测到 tkinter，将使用命令行交互模式
[2026-06-15 01:49:02] INFO [convert_xls_to_xlsx] 正在将 .xls 文件转换为 .xlsx: /var****************************************************************************************
[2026-06-15 01:49:02] INFO [convert_xls_to_xlsx] 正在将 .xls 文件转换为 .xlsx: /var****************************************************************************************
[2026-06-15 01:49:02] INFO [convert_xls_to_xlsx] 正在将 .xls 文件转换为 .xlsx: /var****************************************************************************************
[2026-06-15 01:49:02] INFO [convert_xls_to_xlsx] 正在将 .xls 文件转换为 .xlsx: /var****************************************************************************************
[2026-06-15 01:49:02] INFO [convert_xls_to_xlsx] 正在将 .xls 文件转换为 .xlsx: /var****************************************************************************************
[2026-06-15 01:49:02] INFO [convert_xls_to_xlsx] 正在将 .xls 文件转换为 .xlsx: /var****************************************************************************************
[2026-06-15 01:49:02] INFO [convert_xls_to_xlsx] 正在将 .xls 文件转换为 .xlsx: /var****************************************************************************************
[2026-06-15 01:49:02] INFO [convert_xls_to_xlsx] 正在将 .xls 文件转换为 .xlsx: /var****************************************************************************************
[2026-06-15 01:49:02] INFO [convert_xls_to_xlsx] 正在将 .xls 文件转换为 .xlsx: /var****************************************************************************************
[2026-06-15 01:49:02] INFO [convert_xls_to_xlsx] 正在将 .xls 文件转换为 .xlsx: /var****************************************************************************************
[2026-06-15 01:49:02] INFO [convert_xls_to_xlsx] .xls 转换完成: /var**************************************************************************************** -> /var********************************************************************
[2026-06-15 01:49:02] INFO [convert_xls_to_xlsx] .xls 转换完成: /var**************************************************************************************** -> /var********************************************************************
[2026-06-15 01:49:02] INFO [convert_xls_to_xlsx] .xls 转换完成: /var**************************************************************************************** -> /var********************************************************************
[2026-06-15 01:49:02] INFO [convert_xls_to_xlsx] .xls 转换完成: /var**************************************************************************************** -> /var********************************************************************
[2026-06-15 01:49:02] INFO [convert_xls_to_xlsx] .xls 转换完成: /var**************************************************************************************** -> /var********************************************************************
[2026-06-15 01:49:02] INFO [convert_xls_to_xlsx] .xls 转换完成: /var**************************************************************************************** -> /var********************************************************************
[2026-06-15 01:49:02] INFO [convert_xls_to_xlsx] .xls 转换完成: /var**************************************************************************************** -> /var********************************************************************
[2026-06-15 01:49:02] INFO [convert_xls_to_xlsx] .xls 转换完成: /var**************************************************************************************** -> /var********************************************************************
[2026-06-15 01:49:02] INFO [convert_xls_to_xlsx] .xls 转换完成: /var**************************************************************************************** -> /var********************************************************************
[2026-06-15 01:49:02] INFO [convert_xls_to_xlsx] .xls 转换完成: /var**************************************************************************************** -> /var********************************************************************
[2026-06-15 01:49:02] INFO [setup_logging] 日志系统初始化完成，日志文件: /Use*******************************************************************************************************
[2026-06-15 01:49:02] INFO [setup_logging] 未检测到 tkinter，将使用命令行交互模式
[2026-06-15 01:49:02] INFO [convert_xls_to_xlsx] 正在将 .xls 文件转换为 .xlsx: /var***************************************************************************************
[2026-06-15 01:49:02] INFO [convert_xls_to_xlsx] 正在将 .xls 文件转换为 .xlsx: /var***************************************************************************************
[2026-06-15 01:49:02] INFO [convert_xls_to_xlsx] 正在将 .xls 文件转换为 .xlsx: /var***************************************************************************************
[2026-06-15 01:49:02] INFO [convert_xls_to_xlsx] 正在将 .xls 文件转换为 .xlsx: /var***************************************************************************************
[2026-06-15 01:49:02] INFO [convert_xls_to_xlsx] 正在将 .xls 文件转换为 .xlsx: /var***************************************************************************************
[2026-06-15 01:49:02] INFO [convert_xls_to_xlsx] .xls 转换完成: /var*************************************************************************************** -> /var********************************************************************
[2026-06-15 01:49:02] INFO [convert_xls_to_xlsx] .xls 转换完成: /var*************************************************************************************** -> /var********************************************************************
[2026-06-15 01:49:02] INFO [convert_xls_to_xlsx] .xls 转换完成: /var*************************************************************************************** -> /var********************************************************************
[2026-06-15 01:49:02] INFO [convert_xls_to_xlsx] .xls 转换完成: /var*************************************************************************************** -> /var********************************************************************
[2026-06-15 01:49:02] INFO [convert_xls_to_xlsx] .xls 转换完成: /var*************************************************************************************** -> /var********************************************************************
[2026-06-15 01:49:02] INFO [setup_logging] 日志系统初始化完成，日志文件: /Use*******************************************************************************************************
[2026-06-15 01:49:02] INFO [setup_logging] 未检测到 tkinter，将使用命令行交互模式
[2026-06-15 01:49:02] WARNING [detect_file_format] 检测文件格式失败 /var*****************************************************************************: [Errno 2] No such file or directory: '/var/folders/8t/8rw7_pg16cx2c2mkh_cvpz8m0000gn/T/bankcheck_test_7xwifa3q/test.xls'
[2026-06-15 01:49:02] INFO [convert_xls_to_xlsx] 正在将 .xls 文件转换为 .xlsx: /var*****************************************************************************
[2026-06-15 01:49:02] INFO [convert_xls_to_xlsx] .xls 转换完成: /var***************************************************************************** -> /var********************************************************************
[2026-06-15 01:49:02] INFO [setup_logging] 日志系统初始化完成，日志文件: /Use*******************************************************************************************************
[2026-06-15 01:49:02] INFO [setup_logging] 未检测到 tkinter，将使用命令行交互模式
[2026-06-15 01:49:02] WARNING [detect_file_format] 检测文件格式失败 /var*****************************************************************************: [Errno 2] No such file or directory: '/var/folders/8t/8rw7_pg16cx2c2mkh_cvpz8m0000gn/T/bankcheck_test_7e3w2lkw/test.xls'
[2026-06-15 01:49:02] INFO [convert_xls_to_xlsx] 正在将 .xls 文件转换为 .xlsx: /var*****************************************************************************
[2026-06-15 01:49:02] INFO [convert_xls_to_xlsx] .xls 转换完成: /var***************************************************************************** -> /var********************************************************************
[2026-06-15 01:49:02] INFO [setup_logging] 日志系统初始化完成，日志文件: /Use*******************************************************************************************************
[2026-06-15 01:49:02] INFO [setup_logging] 未检测到 tkinter，将使用命令行交互模式
[2026-06-15 01:49:02] WARNING [detect_file_format] 检测文件格式失败 /var*****************************************************************************: [Errno 2] No such file or directory: '/var/folders/8t/8rw7_pg16cx2c2mkh_cvpz8m0000gn/T/bankcheck_test_p0fqwj7t/test.xls'
[2026-06-15 01:49:02] INFO [convert_xls_to_xlsx] 正在将 .xls 文件转换为 .xlsx: /var*****************************************************************************
[2026-06-15 01:49:02] INFO [convert_xls_to_xlsx] .xls 转换完成: /var***************************************************************************** -> /var********************************************************************
[2026-06-15 01:49:02] WARNING [detect_file_format] 检测文件格式失败 /var*****************************************************************************: [Errno 2] No such file or directory: '/var/folders/8t/8rw7_pg16cx2c2mkh_cvpz8m0000gn/T/bankcheck_test_p0fqwj7t/test.xls'
[2026-06-15 01:49:02] INFO [convert_xls_to_xlsx] 正在将 .xls 文件转换为 .xlsx: /var*****************************************************************************
[2026-06-15 01:49:02] INFO [convert_xls_to_xlsx] .xls 转换完成: /var***************************************************************************** -> /var********************************************************************
[2026-06-15 01:49:02] INFO [setup_logging] 日志系统初始化完成，日志文件: /Use*******************************************************************************************************
[2026-06-15 01:49:02] INFO [setup_logging] 未检测到 tkinter，将使用命令行交互模式
[2026-06-15 01:49:02] WARNING [detect_file_format] 检测文件格式失败 /var*****************************************************************************: [Errno 2] No such file or directory: '/var/folders/8t/8rw7_pg16cx2c2mkh_cvpz8m0000gn/T/bankcheck_test_p1pqay9t/test.xls'
[2026-06-15 01:49:02] INFO [convert_xls_to_xlsx] 正在将 .xls 文件转换为 .xlsx: /var*****************************************************************************
[2026-06-15 01:49:02] INFO [convert_xls_to_xlsx] .xls 转换完成: /var***************************************************************************** -> /var********************************************************************
[2026-06-15 01:49:02] INFO [setup_logging] 日志系统初始化完成，日志文件: /Use*******************************************************************************************************
[2026-06-15 01:49:02] INFO [setup_logging] 未检测到 tkinter，将使用命令行交互模式
[2026-06-15 01:49:02] INFO [convert_xls_to_xlsx] 正在将 .xls 文件转换为 .xlsx: /var*****************************************************************************
[2026-06-15 01:49:02] INFO [convert_xls_to_xlsx] .xls 转换完成: /var***************************************************************************** -> /var********************************************************************
[2026-06-15 01:49:02] INFO [setup_logging] 日志系统初始化完成，日志文件: /Use*******************************************************************************************************
[2026-06-15 01:49:02] INFO [setup_logging] 未检测到 tkinter，将使用命令行交互模式
[2026-06-15 01:49:02] INFO [convert_xls_to_xlsx] 正在将 .xls 文件转换为 .xlsx: /var*****************************************************************************
[2026-06-15 01:49:02] INFO [convert_xls_to_xlsx] .xls 转换完成: /var***************************************************************************** -> /var********************************************************************
[2026-06-15 01:49:02] INFO [setup_logging] 日志系统初始化完成，日志文件: /Use*******************************************************************************************************
[2026-06-15 01:49:02] INFO [setup_logging] 未检测到 tkinter，将使用命令行交互模式
[2026-06-15 01:49:02] INFO [setup_logging] 日志系统初始化完成，日志文件: /Use*******************************************************************************************************
[2026-06-15 01:49:02] INFO [setup_logging] 未检测到 tkinter，将使用命令行交互模式
[2026-06-15 01:49:02] INFO [setup_logging] 日志系统初始化完成，日志文件: /Use*******************************************************************************************************
[2026-06-15 01:49:02] INFO [setup_logging] 未检测到 tkinter，将使用命令行交互模式
[2026-06-15 01:49:02] INFO [setup_logging] 日志系统初始化完成，日志文件: /Use*******************************************************************************************************
[2026-06-15 01:49:02] INFO [setup_logging] 未检测到 tkinter，将使用命令行交互模式
[2026-06-15 01:49:02] INFO [setup_logging] 日志系统初始化完成，日志文件: /Use*******************************************************************************************************
[2026-06-15 01:49:02] INFO [setup_logging] 未检测到 tkinter，将使用命令行交互模式
[2026-06-15 01:49:02] INFO [setup_logging] 日志系统初始化完成，日志文件: /Use*******************************************************************************************************
[2026-06-15 01:49:02] INFO [setup_logging] 未检测到 tkinter，将使用命令行交互模式
[2026-06-15 01:49:02] INFO [setup_logging] 日志系统初始化完成，日志文件: /Use*******************************************************************************************************
[2026-06-15 01:49:02] INFO [setup_logging] 未检测到 tkinter，将使用命令行交互模式
[2026-06-15 01:49:02] INFO [setup_logging] 日志系统初始化完成，日志文件: /Use*******************************************************************************************************
[2026-06-15 01:49:02] INFO [setup_logging] 未检测到 tkinter，将使用命令行交互模式
[2026-06-15 01:49:02] INFO [setup_logging] 日志系统初始化完成，日志文件: /Use*******************************************************************************************************
[2026-06-15 01:49:02] INFO [setup_logging] 未检测到 tkinter，将使用命令行交互模式
[2026-06-15 01:49:02] DEBUG [detect_file_format] 文件 /var****************************************************************************** Magic Bytes 检测为 xlsx 格式 (ZIP/OOXML)
[2026-06-15 01:49:02] INFO [setup_logging] 日志系统初始化完成，日志文件: /Use*******************************************************************************************************
[2026-06-15 01:49:02] INFO [setup_logging] 未检测到 tkinter，将使用命令行交互模式
[2026-06-15 01:49:02] DEBUG [detect_file_format] 文件 /var***************************************************************************** Magic Bytes 检测为 xls 格式 (OLE/BIFF)
[2026-06-15 01:49:02] INFO [setup_logging] 日志系统初始化完成，日志文件: /Use*******************************************************************************************************
[2026-06-15 01:49:02] INFO [setup_logging] 未检测到 tkinter，将使用命令行交互模式
[2026-06-15 01:49:02] DEBUG [detect_file_format] 文件 /var***************************************************************************** 检测为 csv 格式 (纯文本)
[2026-06-15 01:49:02] INFO [setup_logging] 日志系统初始化完成，日志文件: /Use*******************************************************************************************************
[2026-06-15 01:49:02] INFO [setup_logging] 未检测到 tkinter，将使用命令行交互模式
[2026-06-15 01:49:02] DEBUG [detect_file_format] 文件 /var****************************************************************************** 头部数据不足，无法检测格式
[2026-06-15 01:49:02] INFO [setup_logging] 日志系统初始化完成，日志文件: /Use*******************************************************************************************************
[2026-06-15 01:49:02] INFO [setup_logging] 未检测到 tkinter，将使用命令行交互模式
[2026-06-15 01:49:02] DEBUG [detect_file_format] 文件 /var****************************************************************************** 头部数据不足，无法检测格式
[2026-06-15 01:49:02] INFO [setup_logging] 日志系统初始化完成，日志文件: /Use*******************************************************************************************************
[2026-06-15 01:49:02] INFO [setup_logging] 未检测到 tkinter，将使用命令行交互模式
[2026-06-15 01:49:02] WARNING [detect_file_format] 检测文件格式失败 /var*************************************************************************************: [Errno 2] No such file or directory: '/var/folders/8t/8rw7_pg16cx2c2mkh_cvpz8m0000gn/T/bankcheck_test__bsu_l2j/nonexistent.xlsx'
[2026-06-15 01:49:02] INFO [setup_logging] 日志系统初始化完成，日志文件: /Use*******************************************************************************************************
[2026-06-15 01:49:02] INFO [setup_logging] 未检测到 tkinter，将使用命令行交互模式
[2026-06-15 01:49:02] DEBUG [detect_file_format] 文件 /var***************************************************************************** Magic Bytes 检测为 xlsx 格式 (ZIP/OOXML)
[2026-06-15 01:49:02] INFO [setup_logging] 日志系统初始化完成，日志文件: /Use*******************************************************************************************************
[2026-06-15 01:49:02] INFO [setup_logging] 未检测到 tkinter，将使用命令行交互模式
[2026-06-15 01:49:02] DEBUG [detect_file_format] 文件 /var****************************************************************************** Magic Bytes 检测为 xls 格式 (OLE/BIFF)
[2026-06-15 01:49:02] INFO [setup_logging] 日志系统初始化完成，日志文件: /Use*******************************************************************************************************
[2026-06-15 01:49:02] INFO [setup_logging] 未检测到 tkinter，将使用命令行交互模式
[2026-06-15 01:49:02] DEBUG [detect_file_format] 文件 /var***************************************************************************** Magic Bytes 检测为 xlsx 格式 (ZIP/OOXML)
[2026-06-15 01:49:02] WARNING [open_workbook_compat] 文件「/var*****************************************************************************」扩展名与实际格式不一致：扩展名为 xls，实际为 xlsx，将按 xlsx 格式解析
[2026-06-15 01:49:02] INFO [setup_logging] 日志系统初始化完成，日志文件: /Use*******************************************************************************************************
[2026-06-15 01:49:02] INFO [setup_logging] 未检测到 tkinter，将使用命令行交互模式
[2026-06-15 01:49:02] DEBUG [detect_file_format] 文件 /var****************************************************************************** Magic Bytes 检测为 xls 格式 (OLE/BIFF)
[2026-06-15 01:49:02] WARNING [open_workbook_compat] 文件「/var******************************************************************************」扩展名与实际格式不一致：扩展名为 xlsx，实际为 xls，将按 xls 格式解析
[2026-06-15 01:49:02] INFO [convert_xls_to_xlsx] 正在将 .xls 文件转换为 .xlsx: /var******************************************************************************
[2026-06-15 01:49:02] INFO [convert_xls_to_xlsx] .xls 转换完成: /var****************************************************************************** -> /var********************************************************************
[2026-06-15 01:49:02] INFO [setup_logging] 日志系统初始化完成，日志文件: /Use*******************************************************************************************************
[2026-06-15 01:49:02] INFO [setup_logging] 未检测到 tkinter，将使用命令行交互模式
[2026-06-15 01:49:02] DEBUG [detect_file_format] 文件 /var******************************************************************************** Magic Bytes 检测为 xlsx 格式 (ZIP/OOXML)
[2026-06-15 01:49:02] INFO [setup_logging] 日志系统初始化完成，日志文件: /Use*******************************************************************************************************
[2026-06-15 01:49:02] INFO [setup_logging] 未检测到 tkinter，将使用命令行交互模式
[2026-06-15 01:49:02] DEBUG [detect_file_format] 文件 /var******************************************************************************* Magic Bytes 检测为 xls 格式 (OLE/BIFF)
[2026-06-15 01:49:02] INFO [convert_xls_to_xlsx] 正在将 .xls 文件转换为 .xlsx: /var*******************************************************************************
[2026-06-15 01:49:02] INFO [convert_xls_to_xlsx] .xls 转换完成: /var******************************************************************************* -> /var********************************************************************
[2026-06-15 01:49:02] INFO [setup_logging] 日志系统初始化完成，日志文件: /Use*******************************************************************************************************
[2026-06-15 01:49:02] INFO [setup_logging] 未检测到 tkinter，将使用命令行交互模式
[2026-06-15 01:49:02] DEBUG [detect_file_format] 文件 /var********************************************************************************* Magic Bytes 检测为 xlsx 格式 (ZIP/OOXML)
[2026-06-15 01:49:02] INFO [setup_logging] 日志系统初始化完成，日志文件: /Use*******************************************************************************************************
[2026-06-15 01:49:02] INFO [setup_logging] 未检测到 tkinter，将使用命令行交互模式
[2026-06-15 01:49:02] DEBUG [detect_file_format] 文件 /var******************************************************************************** 未识别的 Magic Bytes: 0001年02月
[2026-06-15 01:49:02] INFO [convert_xls_to_xlsx] 正在将 .xls 文件转换为 .xlsx: /var********************************************************************************
[2026-06-15 01:49:02] INFO [convert_xls_to_xlsx] .xls 转换完成: /var******************************************************************************** -> /var********************************************************************
