[2026-06-14 23:06:04] INFO [setup_logging] 日志系统初始化完成，日志文件: /Use*******************************************************************************************************
[2026-06-14 23:06:04] INFO [setup_logging] 未检测到 tkinter，将使用命令行交互模式
[2026-06-14 23:06:04] INFO [check_balance_continuity] 共 1 个账号待校验
[2026-06-14 23:06:04] DEBUG [check_balance_continuity] 校验账号: 6222年00月, 记录数: 5
[2026-06-14 23:06:04] INFO [check_balance_continuity] 余额连续性校验完成 - 总账号: 1, 已校验: 1, 跳过: 0, 异常笔数: 0, 异常账号: 0
[2026-06-14 23:06:04] INFO [setup_logging] 日志系统初始化完成，日志文件: /Use*******************************************************************************************************
[2026-06-14 23:06:04] INFO [setup_logging] 未检测到 tkinter，将使用命令行交互模式
[2026-06-14 23:06:04] INFO [check_balance_continuity] 共 1 个账号待校验
[2026-06-14 23:06:04] DEBUG [check_balance_continuity] 校验账号: 6222年00月, 记录数: 4
[2026-06-14 23:06:04] INFO [check_balance_continuity] 余额连续性校验完成 - 总账号: 1, 已校验: 1, 跳过: 0, 异常笔数: 0, 异常账号: 0
[2026-06-14 23:06:04] INFO [setup_logging] 日志系统初始化完成，日志文件: /Use*******************************************************************************************************
[2026-06-14 23:06:04] INFO [setup_logging] 未检测到 tkinter，将使用命令行交互模式
[2026-06-14 23:06:04] INFO [check_balance_continuity] 共 1 个账号待校验
[2026-06-14 23:06:04] DEBUG [check_balance_continuity] 校验账号: 6222年00月, 记录数: 3
[2026-06-14 23:06:04] INFO [check_balance_continuity] 余额连续性校验完成 - 总账号: 1, 已校验: 1, 跳过: 0, 异常笔数: 0, 异常账号: 0
[2026-06-14 23:06:04] INFO [setup_logging] 日志系统初始化完成，日志文件: /Use*******************************************************************************************************
[2026-06-14 23:06:04] INFO [setup_logging] 未检测到 tkinter，将使用命令行交互模式
[2026-06-14 23:06:04] INFO [check_balance_continuity] 共 1 个账号待校验
[2026-06-14 23:06:04] DEBUG [check_balance_continuity] 校验账号: 6222年01月, 记录数: 5
[2026-06-14 23:06:04] INFO [check_balance_continuity] 余额连续性校验完成 - 总账号: 1, 已校验: 1, 跳过: 0, 异常笔数: 0, 异常账号: 0
[2026-06-14 23:06:04] INFO [setup_logging] 日志系统初始化完成，日志文件: /Use*******************************************************************************************************
[2026-06-14 23:06:04] INFO [setup_logging] 未检测到 tkinter，将使用命令行交互模式
[2026-06-14 23:06:04] INFO [check_balance_continuity] 共 1 个账号待校验
[2026-06-14 23:06:04] DEBUG [check_balance_continuity] 校验账号: 6222年01月, 记录数: 3
[2026-06-14 23:06:04] INFO [check_balance_continuity] 余额连续性校验完成 - 总账号: 1, 已校验: 1, 跳过: 0, 异常笔数: 0, 异常账号: 0
[2026-06-14 23:06:04] INFO [setup_logging] 日志系统初始化完成，日志文件: /Use*******************************************************************************************************
[2026-06-14 23:06:04] INFO [setup_logging] 未检测到 tkinter，将使用命令行交互模式
[2026-06-14 23:06:04] INFO [check_balance_continuity] 共 1 个账号待校验
[2026-06-14 23:06:04] DEBUG [check_balance_continuity] 校验账号: 6222年02月, 记录数: 8
[2026-06-14 23:06:04] INFO [check_balance_continuity] 余额连续性校验完成 - 总账号: 1, 已校验: 1, 跳过: 0, 异常笔数: 0, 异常账号: 0
[2026-06-14 23:06:04] INFO [setup_logging] 日志系统初始化完成，日志文件: /Use*******************************************************************************************************
[2026-06-14 23:06:04] INFO [setup_logging] 未检测到 tkinter，将使用命令行交互模式
[2026-06-14 23:06:04] INFO [check_balance_continuity] 共 1 个账号待校验
[2026-06-14 23:06:04] DEBUG [check_balance_continuity] 校验账号: 6222年02月, 记录数: 6
[2026-06-14 23:06:04] INFO [check_balance_continuity] 余额连续性校验完成 - 总账号: 1, 已校验: 1, 跳过: 0, 异常笔数: 0, 异常账号: 0
[2026-06-14 23:06:04] INFO [setup_logging] 日志系统初始化完成，日志文件: /Use*******************************************************************************************************
[2026-06-14 23:06:04] INFO [setup_logging] 未检测到 tkinter，将使用命令行交互模式
[2026-06-14 23:06:04] INFO [check_balance_continuity] 共 1 个账号待校验
[2026-06-14 23:06:04] DEBUG [check_balance_continuity] 校验账号: 6222年02月, 记录数: 6
[2026-06-14 23:06:04] INFO [check_balance_continuity] 余额连续性校验完成 - 总账号: 1, 已校验: 1, 跳过: 0, 异常笔数: 0, 异常账号: 0
[2026-06-14 23:06:04] INFO [setup_logging] 日志系统初始化完成，日志文件: /Use*******************************************************************************************************
[2026-06-14 23:06:04] INFO [setup_logging] 未检测到 tkinter，将使用命令行交互模式
[2026-06-14 23:06:04] INFO [check_balance_continuity] 共 1 个账号待校验
[2026-06-14 23:06:04] DEBUG [check_balance_continuity] 校验账号: 6222年03月, 记录数: 3
[2026-06-14 23:06:05] INFO [setup_logging] 日志系统初始化完成，日志文件: /Use*******************************************************************************************************
[2026-06-14 23:06:05] INFO [setup_logging] 未检测到 tkinter，将使用命令行交互模式
[2026-06-14 23:06:05] INFO [check_balance_continuity] 共 1 个账号待校验
[2026-06-14 23:06:05] DEBUG [check_balance_continuity] 校验账号: 6222年03月, 记录数: 4
[2026-06-14 23:06:05] INFO [setup_logging] 日志系统初始化完成，日志文件: /Use*******************************************************************************************************
[2026-06-14 23:06:05] INFO [setup_logging] 未检测到 tkinter，将使用命令行交互模式
[2026-06-14 23:06:05] INFO [check_balance_continuity] 共 1 个账号待校验
[2026-06-14 23:06:05] DEBUG [check_balance_continuity] 校验账号: 6222年03月, 记录数: 2
[2026-06-14 23:06:05] INFO [check_balance_continuity] 余额连续性校验完成 - 总账号: 1, 已校验: 1, 跳过: 0, 异常笔数: 0, 异常账号: 0
[2026-06-14 23:06:05] INFO [setup_logging] 日志系统初始化完成，日志文件: /Use*******************************************************************************************************
[2026-06-14 23:06:05] INFO [setup_logging] 未检测到 tkinter，将使用命令行交互模式
[2026-06-14 23:06:05] INFO [check_balance_continuity] 共 1 个账号待校验
[2026-06-14 23:06:05] DEBUG [check_balance_continuity] 校验账号: 6222年03月, 记录数: 2
[2026-06-14 23:06:06] INFO [setup_logging] 日志系统初始化完成，日志文件: /Use*******************************************************************************************************
[2026-06-14 23:06:06] INFO [setup_logging] 未检测到 tkinter，将使用命令行交互模式
[2026-06-14 23:06:06] INFO [check_balance_continuity] 共 2 个账号待校验
[2026-06-14 23:06:06] DEBUG [check_balance_continuity] 校验账号: ACC001, 记录数: 3
[2026-06-14 23:06:06] DEBUG [check_balance_continuity] 校验账号: ACC002, 记录数: 3
[2026-06-14 23:06:06] INFO [setup_logging] 日志系统初始化完成，日志文件: /Use*******************************************************************************************************
[2026-06-14 23:06:06] INFO [setup_logging] 未检测到 tkinter，将使用命令行交互模式
[2026-06-14 23:06:06] INFO [check_balance_continuity] 共 3 个账号待校验
[2026-06-14 23:06:06] DEBUG [check_balance_continuity] 校验账号: ACC101, 记录数: 3
[2026-06-14 23:06:06] DEBUG [check_balance_continuity] 校验账号: ACC102, 记录数: 3
[2026-06-14 23:06:06] DEBUG [check_balance_continuity] 校验账号: ACC103, 记录数: 3
[2026-06-14 23:06:06] INFO [check_balance_continuity] 余额连续性校验完成 - 总账号: 3, 已校验: 3, 跳过: 0, 异常笔数: 0, 异常账号: 0
[2026-06-14 23:06:06] INFO [setup_logging] 日志系统初始化完成，日志文件: /Use*******************************************************************************************************
[2026-06-14 23:06:06] INFO [setup_logging] 未检测到 tkinter，将使用命令行交互模式
[2026-06-14 23:06:06] WARNING [check_balance_continuity] 无交易记录可校验
[2026-06-14 23:06:06] INFO [setup_logging] 日志系统初始化完成，日志文件: /Use*******************************************************************************************************
[2026-06-14 23:06:06] INFO [setup_logging] 未检测到 tkinter，将使用命令行交互模式
[2026-06-14 23:06:06] INFO [check_balance_continuity] 共 1 个账号待校验
[2026-06-14 23:06:06] DEBUG [check_balance_continuity] 校验账号: SACC01, 记录数: 1
[2026-06-14 23:06:06] INFO [check_balance_continuity] 余额连续性校验完成 - 总账号: 1, 已校验: 1, 跳过: 0, 异常笔数: 0, 异常账号: 0
[2026-06-14 23:06:06] INFO [setup_logging] 日志系统初始化完成，日志文件: /Use*******************************************************************************************************
[2026-06-14 23:06:06] INFO [setup_logging] 未检测到 tkinter，将使用命令行交互模式
[2026-06-14 23:06:06] INFO [check_balance_continuity] 共 0 个账号待校验
[2026-06-14 23:06:06] INFO [check_balance_continuity] 余额连续性校验完成 - 总账号: 0, 已校验: 0, 跳过: 0, 异常笔数: 0, 异常账号: 0
[2026-06-14 23:06:06] INFO [setup_logging] 日志系统初始化完成，日志文件: /Use*******************************************************************************************************
[2026-06-14 23:06:06] INFO [setup_logging] 未检测到 tkinter，将使用命令行交互模式
[2026-06-14 23:06:06] INFO [check_balance_continuity] 共 1 个账号待校验
[2026-06-14 23:06:06] DEBUG [check_balance_continuity] 校验账号: NACC01, 记录数: 2
[2026-06-14 23:06:06] WARNING [check_balance_continuity] 账号 NACC01 无有效交易日期，跳过
[2026-06-14 23:06:06] INFO [check_balance_continuity] 余额连续性校验完成 - 总账号: 1, 已校验: 0, 跳过: 1, 异常笔数: 0, 异常账号: 0
[2026-06-14 23:06:06] INFO [setup_logging] 日志系统初始化完成，日志文件: /Use*******************************************************************************************************
[2026-06-14 23:06:06] INFO [setup_logging] 未检测到 tkinter，将使用命令行交互模式
[2026-06-14 23:06:06] INFO [check_balance_continuity] 共 1 个账号待校验
[2026-06-14 23:06:06] DEBUG [check_balance_continuity] 校验账号: ZACC01, 记录数: 4
[2026-06-14 23:06:06] INFO [check_balance_continuity] 余额连续性校验完成 - 总账号: 1, 已校验: 1, 跳过: 0, 异常笔数: 0, 异常账号: 0
[2026-06-14 23:06:06] INFO [setup_logging] 日志系统初始化完成，日志文件: /Use*******************************************************************************************************
[2026-06-14 23:06:06] INFO [setup_logging] 未检测到 tkinter，将使用命令行交互模式
[2026-06-14 23:06:06] INFO [check_balance_continuity] 共 1 个账号待校验
[2026-06-14 23:06:06] DEBUG [check_balance_continuity] 校验账号: OACC01, 记录数: 4
[2026-06-14 23:06:06] INFO [check_balance_continuity] 余额连续性校验完成 - 总账号: 1, 已校验: 1, 跳过: 0, 异常笔数: 0, 异常账号: 0
[2026-06-14 23:06:06] INFO [setup_logging] 日志系统初始化完成，日志文件: /Use*******************************************************************************************************
[2026-06-14 23:06:06] INFO [setup_logging] 未检测到 tkinter，将使用命令行交互模式
[2026-06-14 23:06:06] INFO [check_balance_continuity] 共 1 个账号待校验
[2026-06-14 23:06:06] DEBUG [check_balance_continuity] 校验账号: DACC01, 记录数: 3
[2026-06-14 23:06:07] INFO [setup_logging] 日志系统初始化完成，日志文件: /Use*******************************************************************************************************
[2026-06-14 23:06:07] INFO [setup_logging] 未检测到 tkinter，将使用命令行交互模式
[2026-06-14 23:06:07] INFO [check_balance_continuity] 共 1 个账号待校验
[2026-06-14 23:06:07] DEBUG [check_balance_continuity] 校验账号: EACC01, 记录数: 3
[2026-06-14 23:06:07] INFO [check_balance_continuity] 余额连续性校验完成 - 总账号: 1, 已校验: 1, 跳过: 0, 异常笔数: 0, 异常账号: 0
[2026-06-14 23:06:07] INFO [export_balance_check_result] 余额连续性校验结果已导出: /var*****************************************************************************************
[2026-06-14 23:06:07] INFO [setup_logging] 日志系统初始化完成，日志文件: /Use*******************************************************************************************************
[2026-06-14 23:06:07] INFO [setup_logging] 未检测到 tkinter，将使用命令行交互模式
[2026-06-14 23:06:07] INFO [check_balance_continuity] 共 1 个账号待校验
[2026-06-14 23:06:07] DEBUG [check_balance_continuity] 校验账号: EACC02, 记录数: 3
[2026-06-14 23:06:08] INFO [setup_logging] 日志系统初始化完成，日志文件: /Use*******************************************************************************************************
[2026-06-14 23:06:08] INFO [setup_logging] 未检测到 tkinter，将使用命令行交互模式
[2026-06-14 23:06:08] INFO [check_balance_continuity] 共 1 个账号待校验
[2026-06-14 23:06:08] DEBUG [check_balance_continuity] 校验账号: EACC03, 记录数: 3
[2026-06-14 23:06:08] INFO [check_balance_continuity] 余额连续性校验完成 - 总账号: 1, 已校验: 1, 跳过: 0, 异常笔数: 0, 异常账号: 0
[2026-06-14 23:06:08] INFO [export_balance_check_result] 余额连续性校验结果已导出: /var*******************************************************************************************************
[2026-06-14 23:06:08] INFO [setup_logging] 日志系统初始化完成，日志文件: /Use*******************************************************************************************************
[2026-06-14 23:06:08] INFO [setup_logging] 未检测到 tkinter，将使用命令行交互模式
[2026-06-14 23:06:08] INFO [check_balance_continuity] 共 1 个账号待校验
[2026-06-14 23:06:08] DEBUG [check_balance_continuity] 校验账号: 0109年03月, 记录数: 17
[2026-06-14 23:06:08] INFO [check_balance_continuity] 余额连续性校验完成 - 总账号: 1, 已校验: 1, 跳过: 0, 异常笔数: 0, 异常账号: 0
[2026-06-14 23:06:08] INFO [setup_logging] 日志系统初始化完成，日志文件: /Use*******************************************************************************************************
[2026-06-14 23:06:08] INFO [setup_logging] 未检测到 tkinter，将使用命令行交互模式
[2026-06-14 23:06:08] INFO [check_balance_continuity] 共 1 个账号待校验
[2026-06-14 23:06:08] DEBUG [check_balance_continuity] 校验账号: 0109年03月, 记录数: 7
[2026-06-14 23:06:08] INFO [check_balance_continuity] 余额连续性校验完成 - 总账号: 1, 已校验: 1, 跳过: 0, 异常笔数: 0, 异常账号: 0
[2026-06-14 23:06:08] INFO [setup_logging] 日志系统初始化完成，日志文件: /Use*******************************************************************************************************
[2026-06-14 23:06:08] INFO [setup_logging] 未检测到 tkinter，将使用命令行交互模式
[2026-06-14 23:06:08] INFO [check_balance_continuity] 共 1 个账号待校验
[2026-06-14 23:06:08] DEBUG [check_balance_continuity] 校验账号: FORM*****, 记录数: 3
[2026-06-14 23:06:08] INFO [check_balance_continuity] 余额连续性校验完成 - 总账号: 1, 已校验: 1, 跳过: 0, 异常笔数: 0, 异常账号: 0
[2026-06-14 23:06:08] INFO [setup_logging] 日志系统初始化完成，日志文件: /Use*******************************************************************************************************
[2026-06-14 23:06:08] INFO [setup_logging] 未检测到 tkinter，将使用命令行交互模式
[2026-06-14 23:06:08] INFO [check_balance_continuity] 共 1 个账号待校验
[2026-06-14 23:06:08] DEBUG [check_balance_continuity] 校验账号: FORM*****, 记录数: 3
[2026-06-14 23:06:08] INFO [check_balance_continuity] 余额连续性校验完成 - 总账号: 1, 已校验: 1, 跳过: 0, 异常笔数: 0, 异常账号: 0
[2026-06-14 23:06:08] INFO [setup_logging] 日志系统初始化完成，日志文件: /Use*******************************************************************************************************
[2026-06-14 23:06:08] INFO [setup_logging] 未检测到 tkinter，将使用命令行交互模式
[2026-06-14 23:06:08] INFO [check_balance_continuity] 共 1 个账号待校验
[2026-06-14 23:06:08] DEBUG [check_balance_continuity] 校验账号: FORM*****, 记录数: 5
[2026-06-14 23:06:08] INFO [check_balance_continuity] 余额连续性校验完成 - 总账号: 1, 已校验: 1, 跳过: 0, 异常笔数: 0, 异常账号: 0
[2026-06-14 23:06:08] INFO [setup_logging] 日志系统初始化完成，日志文件: /Use*******************************************************************************************************
[2026-06-14 23:06:08] INFO [setup_logging] 未检测到 tkinter，将使用命令行交互模式
[2026-06-14 23:06:08] INFO [setup_logging] 日志系统初始化完成，日志文件: /Use*******************************************************************************************************
[2026-06-14 23:06:08] INFO [setup_logging] 未检测到 tkinter，将使用命令行交互模式
[2026-06-14 23:06:08] INFO [setup_logging] 日志系统初始化完成，日志文件: /Use*******************************************************************************************************
[2026-06-14 23:06:08] INFO [setup_logging] 未检测到 tkinter，将使用命令行交互模式
[2026-06-14 23:06:08] INFO [setup_logging] 日志系统初始化完成，日志文件: /Use*******************************************************************************************************
[2026-06-14 23:06:08] INFO [setup_logging] 未检测到 tkinter，将使用命令行交互模式
[2026-06-14 23:06:08] INFO [setup_logging] 日志系统初始化完成，日志文件: /Use*******************************************************************************************************
[2026-06-14 23:06:08] INFO [setup_logging] 未检测到 tkinter，将使用命令行交互模式
[2026-06-14 23:06:08] INFO [setup_logging] 日志系统初始化完成，日志文件: /Use*******************************************************************************************************
[2026-06-14 23:06:08] INFO [setup_logging] 未检测到 tkinter，将使用命令行交互模式
[2026-06-14 23:06:08] INFO [setup_logging] 日志系统初始化完成，日志文件: /Use*******************************************************************************************************
[2026-06-14 23:06:08] INFO [setup_logging] 未检测到 tkinter，将使用命令行交互模式
[2026-06-14 23:06:08] INFO [setup_logging] 日志系统初始化完成，日志文件: /Use*******************************************************************************************************
[2026-06-14 23:06:08] INFO [setup_logging] 未检测到 tkinter，将使用命令行交互模式
[2026-06-14 23:06:08] INFO [setup_logging] 日志系统初始化完成，日志文件: /Use*******************************************************************************************************
[2026-06-14 23:06:08] INFO [setup_logging] 未检测到 tkinter，将使用命令行交互模式
[2026-06-14 23:06:08] INFO [setup_logging] 日志系统初始化完成，日志文件: /Use*******************************************************************************************************
[2026-06-14 23:06:08] INFO [setup_logging] 未检测到 tkinter，将使用命令行交互模式
[2026-06-14 23:06:08] WARNING [summarize_transactions] 无交易记录可汇总
[2026-06-14 23:06:08] INFO [setup_logging] 日志系统初始化完成，日志文件: /Use*******************************************************************************************************
[2026-06-14 23:06:08] INFO [setup_logging] 未检测到 tkinter，将使用命令行交互模式
[2026-06-14 23:06:08] WARNING [summarize_transactions] 无交易记录可汇总
[2026-06-14 23:06:08] INFO [setup_logging] 日志系统初始化完成，日志文件: /Use*******************************************************************************************************
[2026-06-14 23:06:08] INFO [setup_logging] 未检测到 tkinter，将使用命令行交互模式
[2026-06-14 23:06:08] INFO [summarize_transactions] 主体维度汇总完成: 9 条记录, 3 个主体, 3 家银行, 3 个月份, 0 个未匹配账号
[2026-06-14 23:06:08] INFO [setup_logging] 日志系统初始化完成，日志文件: /Use*******************************************************************************************************
[2026-06-14 23:06:08] INFO [setup_logging] 未检测到 tkinter，将使用命令行交互模式
[2026-06-14 23:06:08] INFO [summarize_transactions] 主体维度汇总完成: 9 条记录, 3 个主体, 3 家银行, 3 个月份, 0 个未匹配账号
[2026-06-14 23:06:08] INFO [setup_logging] 日志系统初始化完成，日志文件: /Use*******************************************************************************************************
[2026-06-14 23:06:08] INFO [setup_logging] 未检测到 tkinter，将使用命令行交互模式
[2026-06-14 23:06:08] INFO [summarize_transactions] 主体维度汇总完成: 9 条记录, 3 个主体, 3 家银行, 3 个月份, 0 个未匹配账号
[2026-06-14 23:06:08] INFO [setup_logging] 日志系统初始化完成，日志文件: /Use*******************************************************************************************************
[2026-06-14 23:06:08] INFO [setup_logging] 未检测到 tkinter，将使用命令行交互模式
[2026-06-14 23:06:08] INFO [summarize_transactions] 主体维度汇总完成: 9 条记录, 3 个主体, 3 家银行, 3 个月份, 0 个未匹配账号
[2026-06-14 23:06:08] INFO [setup_logging] 日志系统初始化完成，日志文件: /Use*******************************************************************************************************
[2026-06-14 23:06:08] INFO [setup_logging] 未检测到 tkinter，将使用命令行交互模式
[2026-06-14 23:06:08] INFO [summarize_transactions] 主体维度汇总完成: 9 条记录, 3 个主体, 3 家银行, 3 个月份, 0 个未匹配账号
[2026-06-14 23:06:08] INFO [setup_logging] 日志系统初始化完成，日志文件: /Use*******************************************************************************************************
[2026-06-14 23:06:08] INFO [setup_logging] 未检测到 tkinter，将使用命令行交互模式
[2026-06-14 23:06:08] INFO [summarize_transactions] 主体维度汇总完成: 1 条记录, 1 个主体, 1 家银行, 1 个月份, 1 个未匹配账号
[2026-06-14 23:06:08] INFO [setup_logging] 日志系统初始化完成，日志文件: /Use*******************************************************************************************************
[2026-06-14 23:06:08] INFO [setup_logging] 未检测到 tkinter，将使用命令行交互模式
[2026-06-14 23:06:08] INFO [summarize_transactions] 主体维度汇总完成: 0 条记录, 0 个主体, 0 家银行, 0 个月份, 0 个未匹配账号
[2026-06-14 23:06:08] INFO [setup_logging] 日志系统初始化完成，日志文件: /Use*******************************************************************************************************
[2026-06-14 23:06:08] INFO [setup_logging] 未检测到 tkinter，将使用命令行交互模式
[2026-06-14 23:06:08] INFO [summarize_transactions] 主体维度汇总完成: 9 条记录, 3 个主体, 3 家银行, 3 个月份, 0 个未匹配账号
[2026-06-14 23:06:08] INFO [export_subject_summary] 主体维度汇总分析已导出: /var************************************************************************************
[2026-06-14 23:06:08] INFO [setup_logging] 日志系统初始化完成，日志文件: /Use*******************************************************************************************************
[2026-06-14 23:06:08] INFO [setup_logging] 未检测到 tkinter，将使用命令行交互模式
[2026-06-14 23:06:08] INFO [summarize_transactions] 主体维度汇总完成: 9 条记录, 3 个主体, 3 家银行, 3 个月份, 0 个未匹配账号
[2026-06-14 23:06:08] INFO [export_subject_summary] 主体维度汇总分析已导出: /var************************************************************************************
[2026-06-14 23:06:08] INFO [setup_logging] 日志系统初始化完成，日志文件: /Use*******************************************************************************************************
[2026-06-14 23:06:08] INFO [setup_logging] 未检测到 tkinter，将使用命令行交互模式
[2026-06-14 23:06:08] INFO [summarize_transactions] 主体维度汇总完成: 9 条记录, 3 个主体, 3 家银行, 3 个月份, 0 个未匹配账号
[2026-06-14 23:06:08] INFO [export_subject_summary] 主体维度汇总分析已导出: /var************************************************************************************
[2026-06-14 23:06:08] INFO [setup_logging] 日志系统初始化完成，日志文件: /Use*******************************************************************************************************
[2026-06-14 23:06:08] INFO [setup_logging] 未检测到 tkinter，将使用命令行交互模式
[2026-06-14 23:06:08] INFO [summarize_transactions] 主体维度汇总完成: 9 条记录, 3 个主体, 3 家银行, 3 个月份, 0 个未匹配账号
[2026-06-14 23:06:08] INFO [export_subject_summary] 主体维度汇总分析已导出: /var************************************************************************************
[2026-06-14 23:06:08] INFO [setup_logging] 日志系统初始化完成，日志文件: /Use*******************************************************************************************************
[2026-06-14 23:06:08] INFO [setup_logging] 未检测到 tkinter，将使用命令行交互模式
[2026-06-14 23:06:08] INFO [summarize_transactions] 主体维度汇总完成: 9 条记录, 3 个主体, 3 家银行, 3 个月份, 0 个未匹配账号
[2026-06-14 23:06:08] INFO [export_subject_summary] 主体维度汇总分析已导出: /var************************************************************************************
[2026-06-14 23:06:08] INFO [setup_logging] 日志系统初始化完成，日志文件: /Use*******************************************************************************************************
[2026-06-14 23:06:08] INFO [setup_logging] 未检测到 tkinter，将使用命令行交互模式
[2026-06-14 23:06:08] INFO [export_subject_summary] 主体维度汇总分析已导出: /var***********************************************************************************
[2026-06-14 23:06:08] INFO [setup_logging] 日志系统初始化完成，日志文件: /Use*******************************************************************************************************
[2026-06-14 23:06:08] INFO [setup_logging] 未检测到 tkinter，将使用命令行交互模式
[2026-06-14 23:06:08] INFO [summarize_transactions] 主体维度汇总完成: 9 条记录, 3 个主体, 3 家银行, 3 个月份, 0 个未匹配账号
[2026-06-14 23:06:08] INFO [export_subject_summary] 主体维度汇总分析已导出: /var********************************************************************************************************
[2026-06-14 23:06:08] INFO [setup_logging] 日志系统初始化完成，日志文件: /Use*******************************************************************************************************
[2026-06-14 23:06:08] INFO [setup_logging] 未检测到 tkinter，将使用命令行交互模式
[2026-06-14 23:06:08] WARNING [generate_subject_summary_from_records] 无交易记录，跳过汇总分析生成
[2026-06-14 23:06:08] INFO [setup_logging] 日志系统初始化完成，日志文件: /Use*******************************************************************************************************
[2026-06-14 23:06:08] INFO [setup_logging] 未检测到 tkinter，将使用命令行交互模式
[2026-06-14 23:06:08] INFO [load_total_table] 加载总表成功，共 9 条记录
[2026-06-14 23:06:08] INFO [summarize_transactions] 主体维度汇总完成: 9 条记录, 3 个主体, 3 家银行, 3 个月份, 0 个未匹配账号
[2026-06-14 23:06:08] INFO [export_subject_summary] 主体维度汇总分析已导出: /var********************************************************************************************************
[2026-06-14 23:06:08] INFO [setup_logging] 日志系统初始化完成，日志文件: /Use*******************************************************************************************************
[2026-06-14 23:06:08] INFO [setup_logging] 未检测到 tkinter，将使用命令行交互模式
[2026-06-14 23:06:08] ERROR [load_total_table] 总表文件不存在: /var***********************************************************************************
[2026-06-14 23:06:08] WARNING [generate_subject_summary_from_total] 总表无数据: /var***********************************************************************************
[2026-06-14 23:06:08] INFO [setup_logging] 日志系统初始化完成，日志文件: /Use*******************************************************************************************************
[2026-06-14 23:06:08] INFO [setup_logging] 未检测到 tkinter，将使用命令行交互模式
[2026-06-14 23:06:08] INFO [summarize_transactions] 主体维度汇总完成: 2 条记录, 1 个主体, 1 家银行, 1 个月份, 0 个未匹配账号
[2026-06-14 23:06:08] INFO [setup_logging] 日志系统初始化完成，日志文件: /Use*******************************************************************************************************
[2026-06-14 23:06:08] INFO [setup_logging] 未检测到 tkinter，将使用命令行交互模式
[2026-06-14 23:06:08] INFO [summarize_transactions] 主体维度汇总完成: 2 条记录, 1 个主体, 1 家银行, 1 个月份, 0 个未匹配账号
[2026-06-14 23:06:08] INFO [setup_logging] 日志系统初始化完成，日志文件: /Use*******************************************************************************************************
[2026-06-14 23:06:08] INFO [setup_logging] 未检测到 tkinter，将使用命令行交互模式
[2026-06-14 23:06:08] INFO [summarize_transactions] 主体维度汇总完成: 1 条记录, 1 个主体, 1 家银行, 1 个月份, 0 个未匹配账号
[2026-06-14 23:06:08] INFO [setup_logging] 日志系统初始化完成，日志文件: /Use*******************************************************************************************************
[2026-06-14 23:06:08] INFO [setup_logging] 未检测到 tkinter，将使用命令行交互模式
[2026-06-14 23:06:08] INFO [summarize_transactions] 主体维度汇总完成: 2 条记录, 1 个主体, 1 家银行, 1 个月份, 1 个未匹配账号
[2026-06-14 23:06:08] INFO [setup_logging] 日志系统初始化完成，日志文件: /Use*******************************************************************************************************
[2026-06-14 23:06:08] INFO [setup_logging] 未检测到 tkinter，将使用命令行交互模式
[2026-06-14 23:06:08] INFO [summarize_transactions] 主体维度汇总完成: 4 条记录, 1 个主体, 2 家银行, 1 个月份, 2 个未匹配账号
[2026-06-14 23:06:08] INFO [setup_logging] 日志系统初始化完成，日志文件: /Use*******************************************************************************************************
[2026-06-14 23:06:08] INFO [setup_logging] 未检测到 tkinter，将使用命令行交互模式
[2026-06-14 23:06:08] INFO [summarize_transactions] 主体维度汇总完成: 2 条记录, 1 个主体, 2 家银行, 1 个月份, 1 个未匹配账号
[2026-06-14 23:06:08] INFO [setup_logging] 日志系统初始化完成，日志文件: /Use*******************************************************************************************************
[2026-06-14 23:06:08] INFO [setup_logging] 未检测到 tkinter，将使用命令行交互模式
[2026-06-14 23:06:08] INFO [summarize_transactions] 主体维度汇总完成: 1 条记录, 1 个主体, 1 家银行, 1 个月份, 0 个未匹配账号
[2026-06-14 23:06:08] INFO [setup_logging] 日志系统初始化完成，日志文件: /Use*******************************************************************************************************
[2026-06-14 23:06:08] INFO [setup_logging] 未检测到 tkinter，将使用命令行交互模式
[2026-06-14 23:06:08] INFO [summarize_transactions] 主体维度汇总完成: 2 条记录, 2 个主体, 1 家银行, 1 个月份, 1 个未匹配账号
[2026-06-14 23:06:08] INFO [setup_logging] 日志系统初始化完成，日志文件: /Use*******************************************************************************************************
[2026-06-14 23:06:08] INFO [setup_logging] 未检测到 tkinter，将使用命令行交互模式
[2026-06-14 23:06:08] INFO [summarize_transactions] 主体维度汇总完成: 1 条记录, 1 个主体, 1 家银行, 1 个月份, 1 个未匹配账号
[2026-06-14 23:06:08] INFO [export_subject_summary] 主体维度汇总分析已导出: /var*************************************************************************************
[2026-06-14 23:06:08] INFO [setup_logging] 日志系统初始化完成，日志文件: /Use*******************************************************************************************************
[2026-06-14 23:06:08] INFO [setup_logging] 未检测到 tkinter，将使用命令行交互模式
[2026-06-14 23:06:08] INFO [summarize_transactions] 主体维度汇总完成: 1 条记录, 1 个主体, 1 家银行, 1 个月份, 0 个未匹配账号
[2026-06-14 23:06:08] INFO [export_subject_summary] 主体维度汇总分析已导出: /var**************************************************************************************
[2026-06-14 23:06:08] INFO [setup_logging] 日志系统初始化完成，日志文件: /Use*******************************************************************************************************
[2026-06-14 23:06:08] INFO [setup_logging] 未检测到 tkinter，将使用命令行交互模式
[2026-06-14 23:06:08] INFO [summarize_transactions] 主体维度汇总完成: 2 条记录, 1 个主体, 1 家银行, 1 个月份, 2 个未匹配账号
[2026-06-14 23:06:08] INFO [export_subject_summary] 主体维度汇总分析已导出: /var************************************************************************************
[2026-06-14 23:06:08] INFO [setup_logging] 日志系统初始化完成，日志文件: /Use*******************************************************************************************************
[2026-06-14 23:06:08] INFO [setup_logging] 未检测到 tkinter，将使用命令行交互模式
[2026-06-14 23:06:08] INFO [summarize_transactions] 主体维度汇总完成: 1 条记录, 1 个主体, 1 家银行, 1 个月份, 1 个未匹配账号
[2026-06-14 23:06:08] INFO [export_subject_summary] 主体维度汇总分析已导出: /var********************************************************************************************************
