[2026-06-15 01:03:44] INFO [setup_logging] 日志系统初始化完成，日志文件: /Use*******************************************************************************************************
[2026-06-15 01:03:44] INFO [setup_logging] 未检测到 tkinter，将使用命令行交互模式
[2026-06-15 01:03:44] INFO [convert_xls_to_xlsx] 正在将 .xls 文件转换为 .xlsx: /var*****************************************************************************
[2026-06-15 01:03:44] INFO [convert_xls_to_xlsx] .xls 转换完成: /var***************************************************************************** -> /var********************************************************************
[2026-06-15 01:03:44] INFO [setup_logging] 日志系统初始化完成，日志文件: /Use*******************************************************************************************************
[2026-06-15 01:03:44] INFO [setup_logging] 未检测到 tkinter，将使用命令行交互模式
[2026-06-15 01:03:44] INFO [convert_xls_to_xlsx] 正在将 .xls 文件转换为 .xlsx: /var*****************************************************************************
[2026-06-15 01:03:44] INFO [convert_xls_to_xlsx] .xls 转换完成: /var***************************************************************************** -> /var********************************************************************
[2026-06-15 01:03:44] INFO [setup_logging] 日志系统初始化完成，日志文件: /Use*******************************************************************************************************
[2026-06-15 01:03:44] INFO [setup_logging] 未检测到 tkinter，将使用命令行交互模式
[2026-06-15 01:03:44] INFO [convert_xls_to_xlsx] 正在将 .xls 文件转换为 .xlsx: /var*****************************************************************************
[2026-06-15 01:03:44] INFO [convert_xls_to_xlsx] .xls 转换完成: /var***************************************************************************** -> /var********************************************************************
[2026-06-15 01:03:44] INFO [setup_logging] 日志系统初始化完成，日志文件: /Use*******************************************************************************************************
[2026-06-15 01:03:44] INFO [setup_logging] 未检测到 tkinter，将使用命令行交互模式
[2026-06-15 01:03:44] INFO [convert_xls_to_xlsx] 正在将 .xls 文件转换为 .xlsx: /var*****************************************************************************
[2026-06-15 01:03:44] INFO [convert_xls_to_xlsx] .xls 转换完成: /var***************************************************************************** -> /var********************************************************************
[2026-06-15 01:03:44] INFO [convert_xls_to_xlsx] 正在将 .xls 文件转换为 .xlsx: /var*****************************************************************************
[2026-06-15 01:03:44] INFO [convert_xls_to_xlsx] .xls 转换完成: /var***************************************************************************** -> /var********************************************************************
[2026-06-15 01:03:44] INFO [convert_xls_to_xlsx] 正在将 .xls 文件转换为 .xlsx: /var*****************************************************************************
[2026-06-15 01:03:44] INFO [convert_xls_to_xlsx] .xls 转换完成: /var***************************************************************************** -> /var********************************************************************
[2026-06-15 01:03:44] INFO [convert_xls_to_xlsx] 正在将 .xls 文件转换为 .xlsx: /var*****************************************************************************
[2026-06-15 01:03:44] INFO [convert_xls_to_xlsx] .xls 转换完成: /var***************************************************************************** -> /var********************************************************************
[2026-06-15 01:03:44] INFO [convert_xls_to_xlsx] 正在将 .xls 文件转换为 .xlsx: /var*****************************************************************************
[2026-06-15 01:03:44] INFO [convert_xls_to_xlsx] .xls 转换完成: /var***************************************************************************** -> /var********************************************************************
[2026-06-15 01:03:44] INFO [setup_logging] 日志系统初始化完成，日志文件: /Use*******************************************************************************************************
[2026-06-15 01:03:44] INFO [setup_logging] 未检测到 tkinter，将使用命令行交互模式
[2026-06-15 01:03:44] INFO [convert_xls_to_xlsx] 正在将 .xls 文件转换为 .xlsx: /var**********************************************************************************
[2026-06-15 01:03:44] INFO [convert_xls_to_xlsx] .xls 转换完成: /var********************************************************************************** -> /var********************************************************************
[2026-06-15 01:03:44] INFO [convert_xls_to_xlsx] 正在将 .xls 文件转换为 .xlsx: /var**********************************************************************************
[2026-06-15 01:03:44] INFO [convert_xls_to_xlsx] .xls 转换完成: /var********************************************************************************** -> /var********************************************************************
[2026-06-15 01:03:44] INFO [setup_logging] 日志系统初始化完成，日志文件: /Use*******************************************************************************************************
[2026-06-15 01:03:44] INFO [setup_logging] 未检测到 tkinter，将使用命令行交互模式
[2026-06-15 01:03:44] INFO [convert_xls_to_xlsx] 正在将 .xls 文件转换为 .xlsx: /var*******************************************************************************
[2026-06-15 01:03:44] INFO [convert_xls_to_xlsx] .xls 转换完成: /var******************************************************************************* -> /var********************************************************************
[2026-06-15 01:03:44] INFO [convert_xls_to_xlsx] 正在将 .xls 文件转换为 .xlsx: /var*******************************************************************************
[2026-06-15 01:03:44] INFO [convert_xls_to_xlsx] .xls 转换完成: /var******************************************************************************* -> /var********************************************************************
[2026-06-15 01:03:44] INFO [setup_logging] 日志系统初始化完成，日志文件: /Use*******************************************************************************************************
[2026-06-15 01:03:44] INFO [setup_logging] 未检测到 tkinter，将使用命令行交互模式
[2026-06-15 01:03:44] INFO [convert_xls_to_xlsx] 正在将 .xls 文件转换为 .xlsx: /var*****************************************************************************
[2026-06-15 01:03:44] INFO [convert_xls_to_xlsx] .xls 转换完成: /var***************************************************************************** -> /var********************************************************************
[2026-06-15 01:03:44] INFO [setup_logging] 日志系统初始化完成，日志文件: /Use*******************************************************************************************************
[2026-06-15 01:03:44] INFO [setup_logging] 未检测到 tkinter，将使用命令行交互模式
[2026-06-15 01:03:44] INFO [convert_xls_to_xlsx] 正在将 .xls 文件转换为 .xlsx: /var*****************************************************************************
[2026-06-15 01:03:44] INFO [convert_xls_to_xlsx] .xls 转换完成: /var***************************************************************************** -> /var********************************************************************
[2026-06-15 01:03:44] INFO [setup_logging] 日志系统初始化完成，日志文件: /Use*******************************************************************************************************
[2026-06-15 01:03:44] INFO [setup_logging] 未检测到 tkinter，将使用命令行交互模式
[2026-06-15 01:03:44] ERROR [convert_xls_to_xlsx] 处理 .xls 文件需要 xlrd 库，请运行: pip install xlrd
[2026-06-15 01:03:44] INFO [setup_logging] 日志系统初始化完成，日志文件: /Use*******************************************************************************************************
[2026-06-15 01:03:44] INFO [setup_logging] 未检测到 tkinter，将使用命令行交互模式
[2026-06-15 01:03:44] INFO [convert_xls_to_xlsx] 正在将 .xls 文件转换为 .xlsx: /var****************************************************************************************
[2026-06-15 01:03:44] INFO [convert_xls_to_xlsx] 正在将 .xls 文件转换为 .xlsx: /var****************************************************************************************
[2026-06-15 01:03:44] INFO [convert_xls_to_xlsx] 正在将 .xls 文件转换为 .xlsx: /var****************************************************************************************
[2026-06-15 01:03:44] INFO [convert_xls_to_xlsx] 正在将 .xls 文件转换为 .xlsx: /var****************************************************************************************
[2026-06-15 01:03:44] INFO [convert_xls_to_xlsx] 正在将 .xls 文件转换为 .xlsx: /var****************************************************************************************
[2026-06-15 01:03:44] INFO [convert_xls_to_xlsx] 正在将 .xls 文件转换为 .xlsx: /var****************************************************************************************
[2026-06-15 01:03:44] INFO [convert_xls_to_xlsx] 正在将 .xls 文件转换为 .xlsx: /var****************************************************************************************
[2026-06-15 01:03:44] INFO [convert_xls_to_xlsx] 正在将 .xls 文件转换为 .xlsx: /var****************************************************************************************
[2026-06-15 01:03:44] INFO [convert_xls_to_xlsx] 正在将 .xls 文件转换为 .xlsx: /var****************************************************************************************
[2026-06-15 01:03:44] INFO [convert_xls_to_xlsx] 正在将 .xls 文件转换为 .xlsx: /var****************************************************************************************
[2026-06-15 01:03:44] INFO [convert_xls_to_xlsx] .xls 转换完成: /var**************************************************************************************** -> /var********************************************************************
[2026-06-15 01:03:44] INFO [convert_xls_to_xlsx] .xls 转换完成: /var**************************************************************************************** -> /var********************************************************************
[2026-06-15 01:03:44] INFO [convert_xls_to_xlsx] .xls 转换完成: /var**************************************************************************************** -> /var********************************************************************
[2026-06-15 01:03:44] INFO [convert_xls_to_xlsx] .xls 转换完成: /var**************************************************************************************** -> /var********************************************************************
[2026-06-15 01:03:44] INFO [convert_xls_to_xlsx] .xls 转换完成: /var**************************************************************************************** -> /var********************************************************************
[2026-06-15 01:03:44] INFO [convert_xls_to_xlsx] .xls 转换完成: /var**************************************************************************************** -> /var********************************************************************
[2026-06-15 01:03:44] INFO [convert_xls_to_xlsx] .xls 转换完成: /var**************************************************************************************** -> /var********************************************************************
[2026-06-15 01:03:44] INFO [convert_xls_to_xlsx] .xls 转换完成: /var**************************************************************************************** -> /var********************************************************************
[2026-06-15 01:03:44] INFO [convert_xls_to_xlsx] .xls 转换完成: /var**************************************************************************************** -> /var********************************************************************
[2026-06-15 01:03:44] INFO [convert_xls_to_xlsx] .xls 转换完成: /var**************************************************************************************** -> /var********************************************************************
[2026-06-15 01:03:44] INFO [setup_logging] 日志系统初始化完成，日志文件: /Use*******************************************************************************************************
[2026-06-15 01:03:44] INFO [setup_logging] 未检测到 tkinter，将使用命令行交互模式
[2026-06-15 01:03:44] INFO [convert_xls_to_xlsx] 正在将 .xls 文件转换为 .xlsx: /var***************************************************************************************
[2026-06-15 01:03:44] INFO [convert_xls_to_xlsx] 正在将 .xls 文件转换为 .xlsx: /var***************************************************************************************
[2026-06-15 01:03:44] INFO [convert_xls_to_xlsx] 正在将 .xls 文件转换为 .xlsx: /var***************************************************************************************
[2026-06-15 01:03:44] INFO [convert_xls_to_xlsx] 正在将 .xls 文件转换为 .xlsx: /var***************************************************************************************
[2026-06-15 01:03:44] INFO [convert_xls_to_xlsx] 正在将 .xls 文件转换为 .xlsx: /var***************************************************************************************
[2026-06-15 01:03:44] INFO [convert_xls_to_xlsx] .xls 转换完成: /var*************************************************************************************** -> /var********************************************************************
[2026-06-15 01:03:44] INFO [convert_xls_to_xlsx] .xls 转换完成: /var*************************************************************************************** -> /var********************************************************************
[2026-06-15 01:03:44] INFO [convert_xls_to_xlsx] .xls 转换完成: /var*************************************************************************************** -> /var********************************************************************
[2026-06-15 01:03:44] INFO [convert_xls_to_xlsx] .xls 转换完成: /var*************************************************************************************** -> /var********************************************************************
[2026-06-15 01:03:44] INFO [convert_xls_to_xlsx] .xls 转换完成: /var*************************************************************************************** -> /var********************************************************************
[2026-06-15 01:03:44] INFO [setup_logging] 日志系统初始化完成，日志文件: /Use*******************************************************************************************************
[2026-06-15 01:03:44] INFO [setup_logging] 未检测到 tkinter，将使用命令行交互模式
[2026-06-15 01:03:44] WARNING [detect_file_format] 检测文件格式失败 /var*****************************************************************************: [Errno 2] No such file or directory: '/var/folders/8t/8rw7_pg16cx2c2mkh_cvpz8m0000gn/T/bankcheck_test_g2ozvxl1/test.xls'
[2026-06-15 01:03:44] INFO [convert_xls_to_xlsx] 正在将 .xls 文件转换为 .xlsx: /var*****************************************************************************
[2026-06-15 01:03:44] INFO [convert_xls_to_xlsx] .xls 转换完成: /var***************************************************************************** -> /var********************************************************************
[2026-06-15 01:03:44] INFO [setup_logging] 日志系统初始化完成，日志文件: /Use*******************************************************************************************************
[2026-06-15 01:03:44] INFO [setup_logging] 未检测到 tkinter，将使用命令行交互模式
[2026-06-15 01:03:44] WARNING [detect_file_format] 检测文件格式失败 /var*****************************************************************************: [Errno 2] No such file or directory: '/var/folders/8t/8rw7_pg16cx2c2mkh_cvpz8m0000gn/T/bankcheck_test_rnkrmkiy/test.xls'
[2026-06-15 01:03:44] INFO [convert_xls_to_xlsx] 正在将 .xls 文件转换为 .xlsx: /var*****************************************************************************
[2026-06-15 01:03:44] INFO [convert_xls_to_xlsx] .xls 转换完成: /var***************************************************************************** -> /var********************************************************************
[2026-06-15 01:03:44] INFO [setup_logging] 日志系统初始化完成，日志文件: /Use*******************************************************************************************************
[2026-06-15 01:03:44] INFO [setup_logging] 未检测到 tkinter，将使用命令行交互模式
[2026-06-15 01:03:44] WARNING [detect_file_format] 检测文件格式失败 /var*****************************************************************************: [Errno 2] No such file or directory: '/var/folders/8t/8rw7_pg16cx2c2mkh_cvpz8m0000gn/T/bankcheck_test_wxxsvs4x/test.xls'
[2026-06-15 01:03:44] INFO [convert_xls_to_xlsx] 正在将 .xls 文件转换为 .xlsx: /var*****************************************************************************
[2026-06-15 01:03:45] INFO [convert_xls_to_xlsx] .xls 转换完成: /var***************************************************************************** -> /var********************************************************************
[2026-06-15 01:03:45] WARNING [detect_file_format] 检测文件格式失败 /var*****************************************************************************: [Errno 2] No such file or directory: '/var/folders/8t/8rw7_pg16cx2c2mkh_cvpz8m0000gn/T/bankcheck_test_wxxsvs4x/test.xls'
[2026-06-15 01:03:45] INFO [convert_xls_to_xlsx] 正在将 .xls 文件转换为 .xlsx: /var*****************************************************************************
[2026-06-15 01:03:45] INFO [convert_xls_to_xlsx] .xls 转换完成: /var***************************************************************************** -> /var********************************************************************
[2026-06-15 01:03:45] INFO [setup_logging] 日志系统初始化完成，日志文件: /Use*******************************************************************************************************
[2026-06-15 01:03:45] INFO [setup_logging] 未检测到 tkinter，将使用命令行交互模式
[2026-06-15 01:03:45] WARNING [detect_file_format] 检测文件格式失败 /var*****************************************************************************: [Errno 2] No such file or directory: '/var/folders/8t/8rw7_pg16cx2c2mkh_cvpz8m0000gn/T/bankcheck_test_aext524j/test.xls'
[2026-06-15 01:03:45] INFO [convert_xls_to_xlsx] 正在将 .xls 文件转换为 .xlsx: /var*****************************************************************************
[2026-06-15 01:03:45] INFO [convert_xls_to_xlsx] .xls 转换完成: /var***************************************************************************** -> /var********************************************************************
[2026-06-15 01:03:45] INFO [setup_logging] 日志系统初始化完成，日志文件: /Use*******************************************************************************************************
[2026-06-15 01:03:45] INFO [setup_logging] 未检测到 tkinter，将使用命令行交互模式
[2026-06-15 01:03:45] INFO [convert_xls_to_xlsx] 正在将 .xls 文件转换为 .xlsx: /var*****************************************************************************
[2026-06-15 01:03:45] INFO [convert_xls_to_xlsx] .xls 转换完成: /var***************************************************************************** -> /var********************************************************************
[2026-06-15 01:03:45] INFO [setup_logging] 日志系统初始化完成，日志文件: /Use*******************************************************************************************************
[2026-06-15 01:03:45] INFO [setup_logging] 未检测到 tkinter，将使用命令行交互模式
[2026-06-15 01:03:45] INFO [convert_xls_to_xlsx] 正在将 .xls 文件转换为 .xlsx: /var*****************************************************************************
[2026-06-15 01:03:45] INFO [convert_xls_to_xlsx] .xls 转换完成: /var***************************************************************************** -> /var********************************************************************
[2026-06-15 01:03:45] INFO [setup_logging] 日志系统初始化完成，日志文件: /Use*******************************************************************************************************
[2026-06-15 01:03:45] INFO [setup_logging] 未检测到 tkinter，将使用命令行交互模式
[2026-06-15 01:03:45] INFO [setup_logging] 日志系统初始化完成，日志文件: /Use*******************************************************************************************************
[2026-06-15 01:03:45] INFO [setup_logging] 未检测到 tkinter，将使用命令行交互模式
[2026-06-15 01:03:45] INFO [setup_logging] 日志系统初始化完成，日志文件: /Use*******************************************************************************************************
[2026-06-15 01:03:45] INFO [setup_logging] 未检测到 tkinter，将使用命令行交互模式
[2026-06-15 01:03:45] INFO [setup_logging] 日志系统初始化完成，日志文件: /Use*******************************************************************************************************
[2026-06-15 01:03:45] INFO [setup_logging] 未检测到 tkinter，将使用命令行交互模式
[2026-06-15 01:03:45] INFO [setup_logging] 日志系统初始化完成，日志文件: /Use*******************************************************************************************************
[2026-06-15 01:03:45] INFO [setup_logging] 未检测到 tkinter，将使用命令行交互模式
[2026-06-15 01:03:45] INFO [setup_logging] 日志系统初始化完成，日志文件: /Use*******************************************************************************************************
[2026-06-15 01:03:45] INFO [setup_logging] 未检测到 tkinter，将使用命令行交互模式
[2026-06-15 01:03:45] INFO [setup_logging] 日志系统初始化完成，日志文件: /Use*******************************************************************************************************
[2026-06-15 01:03:45] INFO [setup_logging] 未检测到 tkinter，将使用命令行交互模式
[2026-06-15 01:03:45] INFO [setup_logging] 日志系统初始化完成，日志文件: /Use*******************************************************************************************************
[2026-06-15 01:03:45] INFO [setup_logging] 未检测到 tkinter，将使用命令行交互模式
[2026-06-15 01:03:45] INFO [setup_logging] 日志系统初始化完成，日志文件: /Use*******************************************************************************************************
[2026-06-15 01:03:45] INFO [setup_logging] 未检测到 tkinter，将使用命令行交互模式
[2026-06-15 01:03:45] DEBUG [detect_file_format] 文件 /var****************************************************************************** Magic Bytes 检测为 xlsx 格式 (ZIP/OOXML)
[2026-06-15 01:03:45] INFO [setup_logging] 日志系统初始化完成，日志文件: /Use*******************************************************************************************************
[2026-06-15 01:03:45] INFO [setup_logging] 未检测到 tkinter，将使用命令行交互模式
[2026-06-15 01:03:45] DEBUG [detect_file_format] 文件 /var***************************************************************************** Magic Bytes 检测为 xls 格式 (OLE/BIFF)
[2026-06-15 01:03:45] INFO [setup_logging] 日志系统初始化完成，日志文件: /Use*******************************************************************************************************
[2026-06-15 01:03:45] INFO [setup_logging] 未检测到 tkinter，将使用命令行交互模式
[2026-06-15 01:03:45] DEBUG [detect_file_format] 文件 /var***************************************************************************** 检测为 csv 格式 (纯文本)
[2026-06-15 01:03:45] INFO [setup_logging] 日志系统初始化完成，日志文件: /Use*******************************************************************************************************
[2026-06-15 01:03:45] INFO [setup_logging] 未检测到 tkinter，将使用命令行交互模式
[2026-06-15 01:03:45] DEBUG [detect_file_format] 文件 /var****************************************************************************** 头部数据不足，无法检测格式
[2026-06-15 01:03:45] INFO [setup_logging] 日志系统初始化完成，日志文件: /Use*******************************************************************************************************
[2026-06-15 01:03:45] INFO [setup_logging] 未检测到 tkinter，将使用命令行交互模式
[2026-06-15 01:03:45] DEBUG [detect_file_format] 文件 /var****************************************************************************** 头部数据不足，无法检测格式
[2026-06-15 01:03:45] INFO [setup_logging] 日志系统初始化完成，日志文件: /Use*******************************************************************************************************
[2026-06-15 01:03:45] INFO [setup_logging] 未检测到 tkinter，将使用命令行交互模式
[2026-06-15 01:03:45] WARNING [detect_file_format] 检测文件格式失败 /var*************************************************************************************: [Errno 2] No such file or directory: '/var/folders/8t/8rw7_pg16cx2c2mkh_cvpz8m0000gn/T/bankcheck_test_1qx70r92/nonexistent.xlsx'
[2026-06-15 01:03:45] INFO [setup_logging] 日志系统初始化完成，日志文件: /Use*******************************************************************************************************
[2026-06-15 01:03:45] INFO [setup_logging] 未检测到 tkinter，将使用命令行交互模式
[2026-06-15 01:03:45] DEBUG [detect_file_format] 文件 /var***************************************************************************** Magic Bytes 检测为 xlsx 格式 (ZIP/OOXML)
[2026-06-15 01:03:45] INFO [setup_logging] 日志系统初始化完成，日志文件: /Use*******************************************************************************************************
[2026-06-15 01:03:45] INFO [setup_logging] 未检测到 tkinter，将使用命令行交互模式
[2026-06-15 01:03:45] DEBUG [detect_file_format] 文件 /var****************************************************************************** Magic Bytes 检测为 xls 格式 (OLE/BIFF)
[2026-06-15 01:03:45] INFO [setup_logging] 日志系统初始化完成，日志文件: /Use*******************************************************************************************************
[2026-06-15 01:03:45] INFO [setup_logging] 未检测到 tkinter，将使用命令行交互模式
[2026-06-15 01:03:45] DEBUG [detect_file_format] 文件 /var***************************************************************************** Magic Bytes 检测为 xlsx 格式 (ZIP/OOXML)
[2026-06-15 01:03:45] WARNING [open_workbook_compat] 文件「/var*****************************************************************************」扩展名与实际格式不一致：扩展名为 xls，实际为 xlsx，将按 xlsx 格式解析
[2026-06-15 01:03:45] INFO [setup_logging] 日志系统初始化完成，日志文件: /Use*******************************************************************************************************
[2026-06-15 01:03:45] INFO [setup_logging] 未检测到 tkinter，将使用命令行交互模式
[2026-06-15 01:03:45] DEBUG [detect_file_format] 文件 /var****************************************************************************** Magic Bytes 检测为 xls 格式 (OLE/BIFF)
[2026-06-15 01:03:45] WARNING [open_workbook_compat] 文件「/var******************************************************************************」扩展名与实际格式不一致：扩展名为 xlsx，实际为 xls，将按 xls 格式解析
[2026-06-15 01:03:45] INFO [convert_xls_to_xlsx] 正在将 .xls 文件转换为 .xlsx: /var******************************************************************************
[2026-06-15 01:03:45] INFO [convert_xls_to_xlsx] .xls 转换完成: /var****************************************************************************** -> /var********************************************************************
[2026-06-15 01:03:45] INFO [setup_logging] 日志系统初始化完成，日志文件: /Use*******************************************************************************************************
[2026-06-15 01:03:45] INFO [setup_logging] 未检测到 tkinter，将使用命令行交互模式
[2026-06-15 01:03:45] DEBUG [detect_file_format] 文件 /var******************************************************************************** Magic Bytes 检测为 xlsx 格式 (ZIP/OOXML)
[2026-06-15 01:03:45] INFO [setup_logging] 日志系统初始化完成，日志文件: /Use*******************************************************************************************************
[2026-06-15 01:03:45] INFO [setup_logging] 未检测到 tkinter，将使用命令行交互模式
[2026-06-15 01:03:45] DEBUG [detect_file_format] 文件 /var******************************************************************************* Magic Bytes 检测为 xls 格式 (OLE/BIFF)
[2026-06-15 01:03:45] INFO [convert_xls_to_xlsx] 正在将 .xls 文件转换为 .xlsx: /var*******************************************************************************
[2026-06-15 01:03:45] INFO [convert_xls_to_xlsx] .xls 转换完成: /var******************************************************************************* -> /var********************************************************************
[2026-06-15 01:03:45] INFO [setup_logging] 日志系统初始化完成，日志文件: /Use*******************************************************************************************************
[2026-06-15 01:03:45] INFO [setup_logging] 未检测到 tkinter，将使用命令行交互模式
[2026-06-15 01:03:45] DEBUG [detect_file_format] 文件 /var********************************************************************************* Magic Bytes 检测为 xlsx 格式 (ZIP/OOXML)
[2026-06-15 01:03:45] INFO [setup_logging] 日志系统初始化完成，日志文件: /Use*******************************************************************************************************
[2026-06-15 01:03:45] INFO [setup_logging] 未检测到 tkinter，将使用命令行交互模式
[2026-06-15 01:03:45] DEBUG [detect_file_format] 文件 /var******************************************************************************** 未识别的 Magic Bytes: 0001年02月
[2026-06-15 01:03:45] INFO [convert_xls_to_xlsx] 正在将 .xls 文件转换为 .xlsx: /var********************************************************************************
[2026-06-15 01:03:45] INFO [convert_xls_to_xlsx] .xls 转换完成: /var******************************************************************************** -> /var********************************************************************
