[2026-06-13 21:57:20] INFO [setup_logging] 日志系统初始化完成，日志文件: /Use*******************************************************************************************************
[2026-06-13 21:57:20] INFO [setup_logging] 未检测到 tkinter，将使用命令行交互模式
[2026-06-13 21:57:20] INFO [_cmd_process] CLI process: 目录=/var**************************************************************************, 增量=True, 保留策略=keep_unprocessed
[2026-06-13 21:57:20] INFO [find_lookup_file] 精确匹配到主体查找表: /var**************************************************************************************
[2026-06-13 21:57:20] INFO [run_pipeline_with_options] 正在预加载主体查找表...
[2026-06-13 21:57:20] DEBUG [detect_excel_format] 文件 /var************************************************************************************** Magic Bytes 检测为 xlsx 格式 (ZIP/OOXML)
[2026-06-13 21:57:20] INFO [load_lookup_table] 查找表加载完成：共 2 条条目，2 个唯一账号，0 个扩展字段
[2026-06-13 21:57:20] INFO [run_pipeline_with_options] 主体查找表预加载完成
[2026-06-13 21:57:20] INFO [load_existing_keys] 未找到历史总表，将以全量模式运行
[2026-06-13 21:57:20] INFO [run_pipeline_with_options] 无历史数据，将以全量模式运行
[2026-06-13 21:57:20] INFO [run_pipeline_with_options] 已复制文件夹为＋检验版: /var******************************************************************************
[2026-06-13 21:57:20] DEBUG [scan_excel_files] 发现 Excel 文件: /var*******************************************************************************************
[2026-06-13 21:57:20] INFO [scan_excel_files] 共扫描到 1 个 Excel 文件
[2026-06-13 21:57:20] INFO [identify_bank] 文件「北京银行_流水.xlsx」通过前缀匹配识别为: 北京银行
[2026-06-13 21:57:20] INFO [parse] 开始处理北京银行文件: /var*******************************************************************************************
[2026-06-13 21:57:20] DEBUG [detect_excel_format] 文件 /var******************************************************************************************* Magic Bytes 检测为 xlsx 格式 (ZIP/OOXML)
[2026-06-13 21:57:20] INFO [validate_headers] 北京银行文件工作表「交易明细」表头校验通过，7 个字段均匹配
[2026-06-13 21:57:20] DEBUG [get_subject_info] 银行账号「0109年03月」匹配到主体: 北********司（优先级: 0）
[2026-06-13 21:57:20] INFO [_parse_sheet] 北京银行文件工作表「交易明细」提取 2 条记录
[2026-06-13 21:57:20] INFO [parse] 北京银行文件处理完成，共提取 2 条记录
[2026-06-13 21:57:20] INFO [run_pipeline_with_options] 成功处理文件: /var*******************************************************************************************（2 条记录）
[2026-06-13 21:57:20] INFO [run_pipeline_with_options] 保留策略：仅保留未处理文件
[2026-06-13 21:57:20] DEBUG [delete_processed_files] 已删除文件: /var*******************************************************************************************
[2026-06-13 21:57:20] INFO [run_pipeline_with_options] 总表输出完成: /var***************************************************************************************（共 2 条记录）
[2026-06-13 21:57:20] INFO [save_config] 对方户名规则配置已保存: /var***************************************************************************************************
[2026-06-13 21:57:20] INFO [apply_counterparty_rules] 对方户名规则匹配完成: 总记录 2, 命中 0, 黑名单 0, 白名单 0
[2026-06-13 21:57:20] INFO [export_masked_summary] 脱敏版总表输出完成: /var*******************************************************************************************（共 2 条记录）
[2026-06-13 21:57:20] DEBUG [init_schema] 数据库表结构初始化完成
[2026-06-13 21:57:20] INFO [connect] SQLite 数据库已连接: /Use************************************************************************************
[2026-06-13 21:57:20] INFO [insert_records] 已加载 25 个历史匹配键用于去重
[2026-06-13 21:57:20] INFO [insert_records] 批量导入完成: 批次 BATC***************, 共 2 条, 新增 0 条, 重复 2 条
[2026-06-13 21:57:20] INFO [disconnect] SQLite 数据库已断开
[2026-06-13 21:57:20] INFO [run_pipeline_with_options] 数据库持久化完成: 批次 BATC***************, 插入 0 条, 去重跳过 2 条
[2026-06-13 21:57:20] INFO [identify_internal_transfers] 内部划转识别完成: 2 条记录, 识别出 0 对 (0 划出 + 0 划入), 涉及 0 个主体, 0 家银行
[2026-06-13 21:57:20] INFO [summarize_transactions] 主体维度汇总完成: 2 条记录, 1 个主体, 1 家银行, 1 个月份
[2026-06-13 21:57:20] INFO [export_subject_summary] 主体维度汇总分析已导出: /var*********************************************************************************************************
[2026-06-13 21:57:20] INFO [run_pipeline_with_options] 主体维度汇总分析已自动生成: /var*********************************************************************************************************
[2026-06-13 21:57:20] INFO [check_balance_continuity] 共 1 个账号待校验
[2026-06-13 21:57:20] DEBUG [check_balance_continuity] 校验账号: 0109年03月, 记录数: 2
[2026-06-13 21:57:20] INFO [check_balance_continuity] 余额连续性校验完成 - 总账号: 1, 已校验: 1, 跳过: 0, 异常笔数: 0, 异常账号: 0
[2026-06-13 21:57:20] INFO [export_balance_check_result] 余额连续性校验结果已导出: /var**********************************************************************************************************
[2026-06-13 21:57:20] INFO [run_pipeline_with_options] 余额连续性校验报告已自动生成: /var**********************************************************************************************************
[2026-06-13 21:57:20] INFO [detect_duplicates] 重复交易检测完成 - 总记录: 2, 疑似重复组: 0, 疑似重复记录: 0, 重复率: 0.00%
[2026-06-13 21:57:20] INFO [generate_duplicate_check_from_records] 未检测到重复交易，仍导出报告
[2026-06-13 21:57:20] INFO [export_duplicate_check_result] 重复交易检测结果已导出: /var*********************************************************************************************************
[2026-06-13 21:57:20] INFO [run_pipeline_with_options] 重复交易检测报告已自动生成: /var*********************************************************************************************************
[2026-06-13 21:57:20] INFO [filter_interest_fee_transactions] 筛选出 0 条利息手续费交易
[2026-06-13 21:57:20] INFO [summarize_by_period] 按month汇总生成 0 条期间汇总记录，异常 0 条
[2026-06-13 21:57:20] INFO [check_interest_fee] 利息手续费核对完成 - 总记录: 0 (利息: 0, 手续费: 0), 期间汇总: 0, 异常: 0
[2026-06-13 21:57:20] WARNING [generate_interest_fee_check_from_records] 未筛选到任何利息手续费交易，跳过报告生成
[2026-06-13 21:57:20] INFO [mark_non_workday_transactions] 非工作日交易标记完成: 总记录 2, 工作日 2, 周末 0, 法定节假日 0, 调休工作日 0
[2026-06-13 21:57:20] INFO [generate_holiday_check_from_records] 未发现非工作日交易，仍导出报告
[2026-06-13 21:57:20] INFO [export_holiday_check_result] 非工作日交易标记结果已导出: /var***********************************************************************************************************
[2026-06-13 21:57:20] INFO [run_pipeline_with_options] 非工作日交易标记报告已自动生成: /var***********************************************************************************************************
[2026-06-13 21:57:20] INFO [setup_logging] 日志系统初始化完成，日志文件: /Use*******************************************************************************************************
[2026-06-13 21:57:20] INFO [setup_logging] 未检测到 tkinter，将使用命令行交互模式
[2026-06-13 21:57:20] ERROR [_cmd_process] 目录不存在: /var***************************************************************************************
[2026-06-13 21:57:20] INFO [setup_logging] 日志系统初始化完成，日志文件: /Use*******************************************************************************************************
[2026-06-13 21:57:20] INFO [setup_logging] 未检测到 tkinter，将使用命令行交互模式
[2026-06-13 21:57:20] INFO [_cmd_process] CLI process: 目录=/var**************************************************************************, 增量=False, 保留策略=keep_unprocessed
[2026-06-13 21:57:20] INFO [find_lookup_file] 精确匹配到主体查找表: /var**************************************************************************************
[2026-06-13 21:57:20] INFO [run_pipeline_with_options] 正在预加载主体查找表...
[2026-06-13 21:57:20] DEBUG [detect_excel_format] 文件 /var************************************************************************************** Magic Bytes 检测为 xlsx 格式 (ZIP/OOXML)
[2026-06-13 21:57:20] INFO [load_lookup_table] 查找表加载完成：共 2 条条目，2 个唯一账号，0 个扩展字段
[2026-06-13 21:57:20] INFO [run_pipeline_with_options] 主体查找表预加载完成
[2026-06-13 21:57:20] INFO [run_pipeline_with_options] 已复制文件夹为＋检验版: /var******************************************************************************
[2026-06-13 21:57:20] DEBUG [scan_excel_files] 发现 Excel 文件: /var*******************************************************************************************
[2026-06-13 21:57:20] INFO [scan_excel_files] 共扫描到 1 个 Excel 文件
[2026-06-13 21:57:20] INFO [identify_bank] 文件「北京银行_流水.xlsx」通过前缀匹配识别为: 北京银行
[2026-06-13 21:57:20] INFO [parse] 开始处理北京银行文件: /var*******************************************************************************************
[2026-06-13 21:57:20] DEBUG [detect_excel_format] 文件 /var******************************************************************************************* Magic Bytes 检测为 xlsx 格式 (ZIP/OOXML)
[2026-06-13 21:57:20] INFO [validate_headers] 北京银行文件工作表「交易明细」表头校验通过，7 个字段均匹配
[2026-06-13 21:57:20] DEBUG [get_subject_info] 银行账号「0109年03月」匹配到主体: 北********司（优先级: 0）
[2026-06-13 21:57:20] INFO [_parse_sheet] 北京银行文件工作表「交易明细」提取 2 条记录
[2026-06-13 21:57:20] INFO [parse] 北京银行文件处理完成，共提取 2 条记录
[2026-06-13 21:57:20] INFO [run_pipeline_with_options] 成功处理文件: /var*******************************************************************************************（2 条记录）
[2026-06-13 21:57:20] INFO [run_pipeline_with_options] 保留策略：仅保留未处理文件
[2026-06-13 21:57:20] DEBUG [delete_processed_files] 已删除文件: /var*******************************************************************************************
[2026-06-13 21:57:20] INFO [run_pipeline_with_options] 总表输出完成: /var***************************************************************************************（共 2 条记录）
[2026-06-13 21:57:20] INFO [apply_counterparty_rules] 对方户名规则匹配完成: 总记录 2, 命中 0, 黑名单 0, 白名单 0
[2026-06-13 21:57:20] INFO [export_masked_summary] 脱敏版总表输出完成: /var*******************************************************************************************（共 2 条记录）
[2026-06-13 21:57:20] DEBUG [init_schema] 数据库表结构初始化完成
[2026-06-13 21:57:20] INFO [connect] SQLite 数据库已连接: /Use************************************************************************************
[2026-06-13 21:57:20] INFO [disconnect] SQLite 数据库已断开
[2026-06-13 21:57:20] ERROR [persist_transactions] 数据库持久化失败: UNIQUE constraint failed: import_batches.batch_id
Traceback (most recent call last):
  File "/Users/zhangchengcheng/work/ai-project/Trea/solo0605/label-02552/tests/../backend/database.py", line 1612, in persist_transactions
    insert_count, duplicate_count = db.insert_records(
                                    ~~~~~~~~~~~~~~~~~^
        transaction_records,
        ^^^^^^^^^^^^^^^^^^^^
        batch_id=batch_id,
        ^^^^^^^^^^^^^^^^^^
        deduplicate=deduplicate,
        ^^^^^^^^^^^^^^^^^^^^^^^^
    )
    ^
  File "/Users/zhangchengcheng/work/ai-project/Trea/solo0605/label-02552/tests/../backend/database.py", line 554, in insert_records
    cursor.execute('''
    ~~~~~~~~~~~~~~^^^^
        INSERT INTO import_batches (
        ^^^^^^^^^^^^^^^^^^^^^^^^^^^^
            batch_id, total_records, started_at, status
            ^^^^^^^^^^^^^^^^^^^^^^^^^^^^^^^^^^^^^^^^^^^
        ) VALUES (?, ?, ?, ?)
        ^^^^^^^^^^^^^^^^^^^^^
    ''', (batch_id, len(records), started_at, 'processing'))
    ^^^^^^^^^^^^^^^^^^^^^^^^^^^^^^^^^^^^^^^^^^^^^^^^^^^^^^^^
sqlite3.IntegrityError: UNIQUE constraint failed: import_batches.batch_id
[2026-06-13 21:57:20] INFO [run_pipeline_with_options] 数据库持久化完成: 批次 BATC***************, 插入 0 条, 去重跳过 0 条
[2026-06-13 21:57:20] INFO [identify_internal_transfers] 内部划转识别完成: 2 条记录, 识别出 0 对 (0 划出 + 0 划入), 涉及 0 个主体, 0 家银行
[2026-06-13 21:57:20] INFO [summarize_transactions] 主体维度汇总完成: 2 条记录, 1 个主体, 1 家银行, 1 个月份
[2026-06-13 21:57:20] INFO [export_subject_summary] 主体维度汇总分析已导出: /var*********************************************************************************************************
[2026-06-13 21:57:20] INFO [run_pipeline_with_options] 主体维度汇总分析已自动生成: /var*********************************************************************************************************
[2026-06-13 21:57:20] INFO [check_balance_continuity] 共 1 个账号待校验
[2026-06-13 21:57:20] DEBUG [check_balance_continuity] 校验账号: 0109年03月, 记录数: 2
[2026-06-13 21:57:20] INFO [check_balance_continuity] 余额连续性校验完成 - 总账号: 1, 已校验: 1, 跳过: 0, 异常笔数: 0, 异常账号: 0
[2026-06-13 21:57:20] INFO [export_balance_check_result] 余额连续性校验结果已导出: /var**********************************************************************************************************
[2026-06-13 21:57:20] INFO [run_pipeline_with_options] 余额连续性校验报告已自动生成: /var**********************************************************************************************************
[2026-06-13 21:57:20] INFO [detect_duplicates] 重复交易检测完成 - 总记录: 2, 疑似重复组: 0, 疑似重复记录: 0, 重复率: 0.00%
[2026-06-13 21:57:20] INFO [generate_duplicate_check_from_records] 未检测到重复交易，仍导出报告
[2026-06-13 21:57:20] INFO [export_duplicate_check_result] 重复交易检测结果已导出: /var*********************************************************************************************************
[2026-06-13 21:57:20] INFO [run_pipeline_with_options] 重复交易检测报告已自动生成: /var*********************************************************************************************************
[2026-06-13 21:57:20] INFO [filter_interest_fee_transactions] 筛选出 0 条利息手续费交易
[2026-06-13 21:57:20] INFO [summarize_by_period] 按month汇总生成 0 条期间汇总记录，异常 0 条
[2026-06-13 21:57:20] INFO [check_interest_fee] 利息手续费核对完成 - 总记录: 0 (利息: 0, 手续费: 0), 期间汇总: 0, 异常: 0
[2026-06-13 21:57:20] WARNING [generate_interest_fee_check_from_records] 未筛选到任何利息手续费交易，跳过报告生成
[2026-06-13 21:57:20] INFO [mark_non_workday_transactions] 非工作日交易标记完成: 总记录 2, 工作日 2, 周末 0, 法定节假日 0, 调休工作日 0
[2026-06-13 21:57:20] INFO [generate_holiday_check_from_records] 未发现非工作日交易，仍导出报告
[2026-06-13 21:57:20] INFO [export_holiday_check_result] 非工作日交易标记结果已导出: /var***********************************************************************************************************
[2026-06-13 21:57:20] INFO [run_pipeline_with_options] 非工作日交易标记报告已自动生成: /var***********************************************************************************************************
[2026-06-13 21:57:20] INFO [setup_logging] 日志系统初始化完成，日志文件: /Use*******************************************************************************************************
[2026-06-13 21:57:20] INFO [setup_logging] 未检测到 tkinter，将使用命令行交互模式
[2026-06-13 21:57:20] INFO [_cmd_process] CLI process: 目录=/var**************************************************************************, 增量=True, 保留策略=keep_all
[2026-06-13 21:57:20] INFO [find_lookup_file] 精确匹配到主体查找表: /var**************************************************************************************
[2026-06-13 21:57:20] INFO [run_pipeline_with_options] 正在预加载主体查找表...
[2026-06-13 21:57:20] DEBUG [detect_excel_format] 文件 /var************************************************************************************** Magic Bytes 检测为 xlsx 格式 (ZIP/OOXML)
[2026-06-13 21:57:20] INFO [load_lookup_table] 查找表加载完成：共 2 条条目，2 个唯一账号，0 个扩展字段
[2026-06-13 21:57:20] INFO [run_pipeline_with_options] 主体查找表预加载完成
[2026-06-13 21:57:20] INFO [load_existing_keys] 未找到历史总表，将以全量模式运行
[2026-06-13 21:57:20] INFO [run_pipeline_with_options] 无历史数据，将以全量模式运行
[2026-06-13 21:57:20] INFO [run_pipeline_with_options] 已复制文件夹为＋检验版: /var******************************************************************************
[2026-06-13 21:57:20] DEBUG [scan_excel_files] 发现 Excel 文件: /var*******************************************************************************************
[2026-06-13 21:57:20] INFO [scan_excel_files] 共扫描到 1 个 Excel 文件
[2026-06-13 21:57:20] INFO [identify_bank] 文件「北京银行_流水.xlsx」通过前缀匹配识别为: 北京银行
[2026-06-13 21:57:20] INFO [parse] 开始处理北京银行文件: /var*******************************************************************************************
[2026-06-13 21:57:20] DEBUG [detect_excel_format] 文件 /var******************************************************************************************* Magic Bytes 检测为 xlsx 格式 (ZIP/OOXML)
[2026-06-13 21:57:20] INFO [validate_headers] 北京银行文件工作表「交易明细」表头校验通过，7 个字段均匹配
[2026-06-13 21:57:20] DEBUG [get_subject_info] 银行账号「0109年03月」匹配到主体: 北********司（优先级: 0）
[2026-06-13 21:57:20] INFO [_parse_sheet] 北京银行文件工作表「交易明细」提取 2 条记录
[2026-06-13 21:57:20] INFO [parse] 北京银行文件处理完成，共提取 2 条记录
[2026-06-13 21:57:20] INFO [run_pipeline_with_options] 成功处理文件: /var*******************************************************************************************（2 条记录）
[2026-06-13 21:57:20] INFO [run_pipeline_with_options] 保留策略：保留所有文件
[2026-06-13 21:57:20] INFO [run_pipeline_with_options] 总表输出完成: /var***************************************************************************************（共 2 条记录）
[2026-06-13 21:57:20] INFO [apply_counterparty_rules] 对方户名规则匹配完成: 总记录 2, 命中 0, 黑名单 0, 白名单 0
[2026-06-13 21:57:20] INFO [export_masked_summary] 脱敏版总表输出完成: /var*******************************************************************************************（共 2 条记录）
[2026-06-13 21:57:20] DEBUG [init_schema] 数据库表结构初始化完成
[2026-06-13 21:57:20] INFO [connect] SQLite 数据库已连接: /Use************************************************************************************
[2026-06-13 21:57:20] INFO [disconnect] SQLite 数据库已断开
[2026-06-13 21:57:20] ERROR [persist_transactions] 数据库持久化失败: UNIQUE constraint failed: import_batches.batch_id
Traceback (most recent call last):
  File "/Users/zhangchengcheng/work/ai-project/Trea/solo0605/label-02552/tests/../backend/database.py", line 1612, in persist_transactions
    insert_count, duplicate_count = db.insert_records(
                                    ~~~~~~~~~~~~~~~~~^
        transaction_records,
        ^^^^^^^^^^^^^^^^^^^^
        batch_id=batch_id,
        ^^^^^^^^^^^^^^^^^^
        deduplicate=deduplicate,
        ^^^^^^^^^^^^^^^^^^^^^^^^
    )
    ^
  File "/Users/zhangchengcheng/work/ai-project/Trea/solo0605/label-02552/tests/../backend/database.py", line 554, in insert_records
    cursor.execute('''
    ~~~~~~~~~~~~~~^^^^
        INSERT INTO import_batches (
        ^^^^^^^^^^^^^^^^^^^^^^^^^^^^
            batch_id, total_records, started_at, status
            ^^^^^^^^^^^^^^^^^^^^^^^^^^^^^^^^^^^^^^^^^^^
        ) VALUES (?, ?, ?, ?)
        ^^^^^^^^^^^^^^^^^^^^^
    ''', (batch_id, len(records), started_at, 'processing'))
    ^^^^^^^^^^^^^^^^^^^^^^^^^^^^^^^^^^^^^^^^^^^^^^^^^^^^^^^^
sqlite3.IntegrityError: UNIQUE constraint failed: import_batches.batch_id
[2026-06-13 21:57:20] INFO [run_pipeline_with_options] 数据库持久化完成: 批次 BATC***************, 插入 0 条, 去重跳过 0 条
[2026-06-13 21:57:20] INFO [identify_internal_transfers] 内部划转识别完成: 2 条记录, 识别出 0 对 (0 划出 + 0 划入), 涉及 0 个主体, 0 家银行
[2026-06-13 21:57:20] INFO [summarize_transactions] 主体维度汇总完成: 2 条记录, 1 个主体, 1 家银行, 1 个月份
[2026-06-13 21:57:20] INFO [export_subject_summary] 主体维度汇总分析已导出: /var*********************************************************************************************************
[2026-06-13 21:57:20] INFO [run_pipeline_with_options] 主体维度汇总分析已自动生成: /var*********************************************************************************************************
[2026-06-13 21:57:20] INFO [check_balance_continuity] 共 1 个账号待校验
[2026-06-13 21:57:20] DEBUG [check_balance_continuity] 校验账号: 0109年03月, 记录数: 2
[2026-06-13 21:57:20] INFO [check_balance_continuity] 余额连续性校验完成 - 总账号: 1, 已校验: 1, 跳过: 0, 异常笔数: 0, 异常账号: 0
[2026-06-13 21:57:20] INFO [export_balance_check_result] 余额连续性校验结果已导出: /var**********************************************************************************************************
[2026-06-13 21:57:20] INFO [run_pipeline_with_options] 余额连续性校验报告已自动生成: /var**********************************************************************************************************
[2026-06-13 21:57:20] INFO [detect_duplicates] 重复交易检测完成 - 总记录: 2, 疑似重复组: 0, 疑似重复记录: 0, 重复率: 0.00%
[2026-06-13 21:57:20] INFO [generate_duplicate_check_from_records] 未检测到重复交易，仍导出报告
[2026-06-13 21:57:20] INFO [export_duplicate_check_result] 重复交易检测结果已导出: /var*********************************************************************************************************
[2026-06-13 21:57:20] INFO [run_pipeline_with_options] 重复交易检测报告已自动生成: /var*********************************************************************************************************
[2026-06-13 21:57:20] INFO [filter_interest_fee_transactions] 筛选出 0 条利息手续费交易
[2026-06-13 21:57:20] INFO [summarize_by_period] 按month汇总生成 0 条期间汇总记录，异常 0 条
[2026-06-13 21:57:20] INFO [check_interest_fee] 利息手续费核对完成 - 总记录: 0 (利息: 0, 手续费: 0), 期间汇总: 0, 异常: 0
[2026-06-13 21:57:20] WARNING [generate_interest_fee_check_from_records] 未筛选到任何利息手续费交易，跳过报告生成
[2026-06-13 21:57:20] INFO [mark_non_workday_transactions] 非工作日交易标记完成: 总记录 2, 工作日 2, 周末 0, 法定节假日 0, 调休工作日 0
[2026-06-13 21:57:20] INFO [generate_holiday_check_from_records] 未发现非工作日交易，仍导出报告
[2026-06-13 21:57:20] INFO [export_holiday_check_result] 非工作日交易标记结果已导出: /var***********************************************************************************************************
[2026-06-13 21:57:20] INFO [run_pipeline_with_options] 非工作日交易标记报告已自动生成: /var***********************************************************************************************************
[2026-06-13 21:57:20] INFO [setup_logging] 日志系统初始化完成，日志文件: /Use*******************************************************************************************************
[2026-06-13 21:57:20] INFO [setup_logging] 未检测到 tkinter，将使用命令行交互模式
[2026-06-13 21:57:20] DEBUG [detect_excel_format] 文件 /var************************************************************************************** Magic Bytes 检测为 xlsx 格式 (ZIP/OOXML)
[2026-06-13 21:57:20] INFO [load_lookup_table] 查找表加载完成：共 2 条条目，2 个唯一账号，0 个扩展字段
[2026-06-13 21:57:20] INFO [read_lookup_entries] 从查找表读取到 2 条记录，扩展字段: 无
[2026-06-13 21:57:20] INFO [setup_logging] 日志系统初始化完成，日志文件: /Use*******************************************************************************************************
[2026-06-13 21:57:20] INFO [setup_logging] 未检测到 tkinter，将使用命令行交互模式
[2026-06-13 21:57:20] WARNING [find_lookup_file] 程序目录下未找到任何 Excel 文件作为主体查找表
[2026-06-13 21:57:20] INFO [setup_logging] 日志系统初始化完成，日志文件: /Use*******************************************************************************************************
[2026-06-13 21:57:20] INFO [setup_logging] 未检测到 tkinter，将使用命令行交互模式
[2026-06-13 21:57:20] WARNING [find_lookup_file] 程序目录下未找到任何 Excel 文件作为主体查找表
[2026-06-13 21:57:20] INFO [setup_logging] 日志系统初始化完成，日志文件: /Use*******************************************************************************************************
[2026-06-13 21:57:20] INFO [setup_logging] 未检测到 tkinter，将使用命令行交互模式
[2026-06-13 21:57:20] DEBUG [detect_excel_format] 文件 /var************************************************************************************** Magic Bytes 检测为 xlsx 格式 (ZIP/OOXML)
[2026-06-13 21:57:20] INFO [load_lookup_table] 查找表加载完成：共 2 条条目，2 个唯一账号，0 个扩展字段
[2026-06-13 21:57:20] INFO [read_lookup_entries] 从查找表读取到 2 条记录，扩展字段: 无
[2026-06-13 21:57:20] INFO [setup_logging] 日志系统初始化完成，日志文件: /Use*******************************************************************************************************
[2026-06-13 21:57:20] INFO [setup_logging] 未检测到 tkinter，将使用命令行交互模式
[2026-06-13 21:57:20] DEBUG [detect_excel_format] 文件 /var************************************************************************************** Magic Bytes 检测为 xlsx 格式 (ZIP/OOXML)
[2026-06-13 21:57:20] INFO [load_lookup_table] 查找表加载完成：共 0 条条目，0 个唯一账号，0 个扩展字段
[2026-06-13 21:57:20] INFO [read_lookup_entries] 从查找表读取到 0 条记录，扩展字段: 无
[2026-06-13 21:57:20] INFO [setup_logging] 日志系统初始化完成，日志文件: /Use*******************************************************************************************************
[2026-06-13 21:57:20] INFO [setup_logging] 未检测到 tkinter，将使用命令行交互模式
[2026-06-13 21:57:20] DEBUG [detect_excel_format] 文件 /var************************************************************************************** Magic Bytes 检测为 xlsx 格式 (ZIP/OOXML)
[2026-06-13 21:57:20] INFO [load_lookup_table] 查找表加载完成：共 2 条条目，1 个唯一账号，0 个扩展字段
[2026-06-13 21:57:20] INFO [read_lookup_entries] 从查找表读取到 2 条记录，扩展字段: 无
[2026-06-13 21:57:20] INFO [setup_logging] 日志系统初始化完成，日志文件: /Use*******************************************************************************************************
[2026-06-13 21:57:20] INFO [setup_logging] 未检测到 tkinter，将使用命令行交互模式
[2026-06-13 21:57:20] WARNING [find_lookup_file] 程序目录下未找到任何 Excel 文件作为主体查找表
