[2026-06-15 00:14:18] INFO [setup_logging] 日志系统初始化完成，日志文件: /Use*******************************************************************************************************
[2026-06-15 00:14:18] INFO [setup_logging] 未检测到 tkinter，将使用命令行交互模式
[2026-06-15 00:14:18] DEBUG [detect_excel_format] 文件 /var****************************************************************************** Magic Bytes 检测为 xlsx 格式 (ZIP/OOXML)
[2026-06-15 00:14:18] INFO [setup_logging] 日志系统初始化完成，日志文件: /Use*******************************************************************************************************
[2026-06-15 00:14:18] INFO [setup_logging] 未检测到 tkinter，将使用命令行交互模式
[2026-06-15 00:14:18] DEBUG [detect_excel_format] 文件 /var****************************************************************************** Magic Bytes 检测为 xlsx 格式 (ZIP/OOXML)
[2026-06-15 00:14:18] INFO [setup_logging] 日志系统初始化完成，日志文件: /Use*******************************************************************************************************
[2026-06-15 00:14:18] INFO [setup_logging] 未检测到 tkinter，将使用命令行交互模式
[2026-06-15 00:14:18] DEBUG [detect_excel_format] 文件 /var****************************************************************************** Magic Bytes 检测为 xlsx 格式 (ZIP/OOXML)
[2026-06-15 00:14:18] INFO [setup_logging] 日志系统初始化完成，日志文件: /Use*******************************************************************************************************
[2026-06-15 00:14:18] INFO [setup_logging] 未检测到 tkinter，将使用命令行交互模式
[2026-06-15 00:14:18] DEBUG [detect_excel_format] 文件 /var****************************************************************************** Magic Bytes 检测为 xlsx 格式 (ZIP/OOXML)
[2026-06-15 00:14:18] INFO [setup_logging] 日志系统初始化完成，日志文件: /Use*******************************************************************************************************
[2026-06-15 00:14:18] INFO [setup_logging] 未检测到 tkinter，将使用命令行交互模式
[2026-06-15 00:14:18] DEBUG [detect_excel_format] 文件 /var****************************************************************************** Magic Bytes 检测为 xlsx 格式 (ZIP/OOXML)
[2026-06-15 00:14:18] INFO [setup_logging] 日志系统初始化完成，日志文件: /Use*******************************************************************************************************
[2026-06-15 00:14:18] INFO [setup_logging] 未检测到 tkinter，将使用命令行交互模式
[2026-06-15 00:14:19] DEBUG [detect_excel_format] 文件 /var****************************************************************************** Magic Bytes 检测为 xlsx 格式 (ZIP/OOXML)
[2026-06-15 00:14:19] INFO [setup_logging] 日志系统初始化完成，日志文件: /Use*******************************************************************************************************
[2026-06-15 00:14:19] INFO [setup_logging] 未检测到 tkinter，将使用命令行交互模式
[2026-06-15 00:14:19] DEBUG [detect_excel_format] 文件 /var****************************************************************************** Magic Bytes 检测为 xlsx 格式 (ZIP/OOXML)
[2026-06-15 00:14:20] INFO [setup_logging] 日志系统初始化完成，日志文件: /Use*******************************************************************************************************
[2026-06-15 00:14:20] INFO [setup_logging] 未检测到 tkinter，将使用命令行交互模式
[2026-06-15 00:14:20] DEBUG [detect_excel_format] 文件 /var****************************************************************************** Magic Bytes 检测为 xlsx 格式 (ZIP/OOXML)
[2026-06-15 00:14:20] INFO [setup_logging] 日志系统初始化完成，日志文件: /Use*******************************************************************************************************
[2026-06-15 00:14:20] INFO [setup_logging] 未检测到 tkinter，将使用命令行交互模式
[2026-06-15 00:14:20] DEBUG [detect_excel_format] 文件 /var****************************************************************************** Magic Bytes 检测为 xlsx 格式 (ZIP/OOXML)
[2026-06-15 00:14:20] INFO [setup_logging] 日志系统初始化完成，日志文件: /Use*******************************************************************************************************
[2026-06-15 00:14:20] INFO [setup_logging] 未检测到 tkinter，将使用命令行交互模式
[2026-06-15 00:14:20] DEBUG [detect_excel_format] 文件 /var****************************************************************************** Magic Bytes 检测为 xlsx 格式 (ZIP/OOXML)
[2026-06-15 00:14:20] INFO [setup_logging] 日志系统初始化完成，日志文件: /Use*******************************************************************************************************
[2026-06-15 00:14:20] INFO [setup_logging] 未检测到 tkinter，将使用命令行交互模式
[2026-06-15 00:14:20] DEBUG [detect_excel_format] 文件 /var****************************************************************************** Magic Bytes 检测为 xlsx 格式 (ZIP/OOXML)
[2026-06-15 00:14:20] INFO [setup_logging] 日志系统初始化完成，日志文件: /Use*******************************************************************************************************
[2026-06-15 00:14:20] INFO [setup_logging] 未检测到 tkinter，将使用命令行交互模式
[2026-06-15 00:14:20] DEBUG [detect_excel_format] 文件 /var******************************************************************************* Magic Bytes 检测为 xlsx 格式 (ZIP/OOXML)
[2026-06-15 00:14:21] INFO [setup_logging] 日志系统初始化完成，日志文件: /Use*******************************************************************************************************
[2026-06-15 00:14:21] INFO [setup_logging] 未检测到 tkinter，将使用命令行交互模式
[2026-06-15 00:14:21] DEBUG [detect_excel_format] 文件 /var************************************************************************************ Magic Bytes 检测为 xlsx 格式 (ZIP/OOXML)
[2026-06-15 00:14:21] INFO [setup_logging] 日志系统初始化完成，日志文件: /Use*******************************************************************************************************
[2026-06-15 00:14:21] INFO [setup_logging] 未检测到 tkinter，将使用命令行交互模式
[2026-06-15 00:14:21] DEBUG [detect_excel_format] 文件 /var****************************************************************************** Magic Bytes 检测为 xlsx 格式 (ZIP/OOXML)
[2026-06-15 00:14:21] INFO [setup_logging] 日志系统初始化完成，日志文件: /Use*******************************************************************************************************
[2026-06-15 00:14:21] INFO [setup_logging] 未检测到 tkinter，将使用命令行交互模式
[2026-06-15 00:14:21] DEBUG [detect_excel_format] 文件 /var******************************************************************************** Magic Bytes 检测为 xlsx 格式 (ZIP/OOXML)
[2026-06-15 00:14:21] INFO [setup_logging] 日志系统初始化完成，日志文件: /Use*******************************************************************************************************
[2026-06-15 00:14:21] INFO [setup_logging] 未检测到 tkinter，将使用命令行交互模式
[2026-06-15 00:14:21] DEBUG [detect_excel_format] 文件 /var************************************************************************************** Magic Bytes 检测为 xlsx 格式 (ZIP/OOXML)
[2026-06-15 00:14:21] INFO [setup_logging] 日志系统初始化完成，日志文件: /Use*******************************************************************************************************
[2026-06-15 00:14:21] INFO [setup_logging] 未检测到 tkinter，将使用命令行交互模式
[2026-06-15 00:14:21] DEBUG [detect_excel_format] 文件 /var****************************************************************************** Magic Bytes 检测为 xlsx 格式 (ZIP/OOXML)
[2026-06-15 00:14:21] INFO [setup_logging] 日志系统初始化完成，日志文件: /Use*******************************************************************************************************
[2026-06-15 00:14:21] INFO [setup_logging] 未检测到 tkinter，将使用命令行交互模式
[2026-06-15 00:14:21] DEBUG [detect_excel_format] 文件 /var****************************************************************************** Magic Bytes 检测为 xlsx 格式 (ZIP/OOXML)
[2026-06-15 00:14:21] INFO [setup_logging] 日志系统初始化完成，日志文件: /Use*******************************************************************************************************
[2026-06-15 00:14:21] INFO [setup_logging] 未检测到 tkinter，将使用命令行交互模式
[2026-06-15 00:14:21] INFO [setup_logging] 日志系统初始化完成，日志文件: /Use*******************************************************************************************************
[2026-06-15 00:14:21] INFO [setup_logging] 未检测到 tkinter，将使用命令行交互模式
[2026-06-15 00:14:21] DEBUG [detect_excel_format] 文件 /var****************************************************************************** Magic Bytes 检测为 xlsx 格式 (ZIP/OOXML)
[2026-06-15 00:14:22] INFO [setup_logging] 日志系统初始化完成，日志文件: /Use*******************************************************************************************************
[2026-06-15 00:14:22] INFO [setup_logging] 未检测到 tkinter，将使用命令行交互模式
[2026-06-15 00:14:22] DEBUG [detect_excel_format] 文件 /var****************************************************************************** Magic Bytes 检测为 xlsx 格式 (ZIP/OOXML)
[2026-06-15 00:14:22] INFO [setup_logging] 日志系统初始化完成，日志文件: /Use*******************************************************************************************************
[2026-06-15 00:14:22] INFO [setup_logging] 未检测到 tkinter，将使用命令行交互模式
[2026-06-15 00:14:22] DEBUG [detect_excel_format] 文件 /var****************************************************************************** Magic Bytes 检测为 xlsx 格式 (ZIP/OOXML)
[2026-06-15 00:14:26] INFO [setup_logging] 日志系统初始化完成，日志文件: /Use*******************************************************************************************************
[2026-06-15 00:14:26] INFO [setup_logging] 未检测到 tkinter，将使用命令行交互模式
[2026-06-15 00:14:26] DEBUG [detect_excel_format] 文件 /var****************************************************************************** Magic Bytes 检测为 xlsx 格式 (ZIP/OOXML)
[2026-06-15 00:14:28] INFO [setup_logging] 日志系统初始化完成，日志文件: /Use*******************************************************************************************************
[2026-06-15 00:14:28] INFO [setup_logging] 未检测到 tkinter，将使用命令行交互模式
[2026-06-15 00:14:28] DEBUG [detect_excel_format] 文件 /var****************************************************************************** Magic Bytes 检测为 xlsx 格式 (ZIP/OOXML)
[2026-06-15 00:14:29] INFO [setup_logging] 日志系统初始化完成，日志文件: /Use*******************************************************************************************************
[2026-06-15 00:14:29] INFO [setup_logging] 未检测到 tkinter，将使用命令行交互模式
[2026-06-15 00:14:29] DEBUG [detect_excel_format] 文件 /var******************************************************************************* Magic Bytes 检测为 xlsx 格式 (ZIP/OOXML)
[2026-06-15 00:14:29] INFO [setup_logging] 日志系统初始化完成，日志文件: /Use*******************************************************************************************************
[2026-06-15 00:14:29] INFO [setup_logging] 未检测到 tkinter，将使用命令行交互模式
[2026-06-15 00:14:30] DEBUG [detect_excel_format] 文件 /var****************************************************************************** Magic Bytes 检测为 xlsx 格式 (ZIP/OOXML)
[2026-06-15 00:14:30] INFO [setup_logging] 日志系统初始化完成，日志文件: /Use*******************************************************************************************************
[2026-06-15 00:14:30] INFO [setup_logging] 未检测到 tkinter，将使用命令行交互模式
[2026-06-15 00:14:30] DEBUG [detect_excel_format] 文件 /var****************************************************************************** Magic Bytes 检测为 xlsx 格式 (ZIP/OOXML)
[2026-06-15 00:14:30] INFO [setup_logging] 日志系统初始化完成，日志文件: /Use*******************************************************************************************************
[2026-06-15 00:14:30] INFO [setup_logging] 未检测到 tkinter，将使用命令行交互模式
[2026-06-15 00:14:30] DEBUG [detect_excel_format] 文件 /var****************************************************************************** Magic Bytes 检测为 xlsx 格式 (ZIP/OOXML)
[2026-06-15 00:14:33] INFO [setup_logging] 日志系统初始化完成，日志文件: /Use*******************************************************************************************************
[2026-06-15 00:14:33] INFO [setup_logging] 未检测到 tkinter，将使用命令行交互模式
[2026-06-15 00:14:34] INFO [parse] 开始处理北京银行文件: /var*********************************************************************************************
[2026-06-15 00:14:34] DEBUG [detect_excel_format] 文件 /var********************************************************************************************* Magic Bytes 检测为 xlsx 格式 (ZIP/OOXML)
[2026-06-15 00:14:34] INFO [validate_headers] 北京银行文件工作表「交易明细」表头校验通过，7 个字段均匹配
[2026-06-15 00:14:34] DEBUG [detect_excel_format] 文件 /var******************************************************************************** Magic Bytes 检测为 xlsx 格式 (ZIP/OOXML)
[2026-06-15 00:14:34] INFO [load_lookup_table] 查找表加载完成：共 5 条条目，5 个唯一账号，0 个扩展字段
[2026-06-15 00:14:34] DEBUG [get_subject_info] 银行账号「0109年03月」匹配到主体: 北********司（优先级: 0）
[2026-06-15 00:14:34] INFO [_parse_sheet] 北京银行文件工作表「交易明细」提取 2 条记录
[2026-06-15 00:14:34] INFO [parse] 北京银行文件处理完成，共提取 2 条记录
[2026-06-15 00:14:34] INFO [setup_logging] 日志系统初始化完成，日志文件: /Use*******************************************************************************************************
[2026-06-15 00:14:34] INFO [setup_logging] 未检测到 tkinter，将使用命令行交互模式
[2026-06-15 00:14:34] INFO [parse] 开始处理北京银行文件: /var***************************************************************************************
[2026-06-15 00:14:34] DEBUG [detect_excel_format] 文件 /var*************************************************************************************** Magic Bytes 检测为 xlsx 格式 (ZIP/OOXML)
[2026-06-15 00:14:35] INFO [validate_headers] 北京银行文件工作表「交易明细」表头校验通过，7 个字段均匹配
[2026-06-15 00:14:35] DEBUG [detect_excel_format] 文件 /var******************************************************************************** Magic Bytes 检测为 xlsx 格式 (ZIP/OOXML)
[2026-06-15 00:14:35] INFO [load_lookup_table] 查找表加载完成：共 5 条条目，5 个唯一账号，0 个扩展字段
[2026-06-15 00:14:35] DEBUG [get_subject_info] 银行账号「0109年03月」匹配到主体: 北********司（优先级: 0）
[2026-06-15 00:14:35] INFO [_parse_sheet] 北京银行文件工作表「交易明细」提取 1 条记录
[2026-06-15 00:14:35] INFO [parse] 北京银行文件处理完成，共提取 1 条记录
[2026-06-15 00:14:35] INFO [setup_logging] 日志系统初始化完成，日志文件: /Use*******************************************************************************************************
[2026-06-15 00:14:35] INFO [setup_logging] 未检测到 tkinter，将使用命令行交互模式
[2026-06-15 00:14:35] INFO [parse] 开始处理北京银行文件: /var*********************************************************************************
[2026-06-15 00:14:35] DEBUG [detect_excel_format] 文件 /var********************************************************************************* Magic Bytes 检测为 xlsx 格式 (ZIP/OOXML)
[2026-06-15 00:14:35] INFO [validate_headers] 北京银行文件工作表「交易明细」表头校验通过，7 个字段均匹配
[2026-06-15 00:14:35] DEBUG [detect_excel_format] 文件 /var******************************************************************************** Magic Bytes 检测为 xlsx 格式 (ZIP/OOXML)
[2026-06-15 00:14:35] INFO [load_lookup_table] 查找表加载完成：共 5 条条目，5 个唯一账号，0 个扩展字段
[2026-06-15 00:14:35] DEBUG [get_subject_info] 银行账号「0109年03月」匹配到主体: 北********司（优先级: 0）
[2026-06-15 00:14:35] INFO [_parse_sheet] 北京银行文件工作表「交易明细」未提取到记录，跳过
[2026-06-15 00:14:35] INFO [parse] 北京银行文件处理完成，共提取 0 条记录
