[2026-06-15 10:01:18] INFO [setup_logging] 日志系统初始化完成，日志文件: /Use*******************************************************************************************************
[2026-06-15 10:01:18] INFO [setup_logging] 未检测到 tkinter，将使用命令行交互模式
[2026-06-15 10:01:18] INFO [setup_logging] 日志系统初始化完成，日志文件: /Use*******************************************************************************************************
[2026-06-15 10:01:18] INFO [setup_logging] 未检测到 tkinter，将使用命令行交互模式
[2026-06-15 10:01:18] INFO [setup_logging] 日志系统初始化完成，日志文件: /Use*******************************************************************************************************
[2026-06-15 10:01:18] INFO [setup_logging] 未检测到 tkinter，将使用命令行交互模式
[2026-06-15 10:01:18] INFO [setup_logging] 日志系统初始化完成，日志文件: /Use*******************************************************************************************************
[2026-06-15 10:01:18] INFO [setup_logging] 未检测到 tkinter，将使用命令行交互模式
[2026-06-15 10:01:18] INFO [setup_logging] 日志系统初始化完成，日志文件: /Use*******************************************************************************************************
[2026-06-15 10:01:18] INFO [setup_logging] 未检测到 tkinter，将使用命令行交互模式
[2026-06-15 10:01:18] INFO [setup_logging] 日志系统初始化完成，日志文件: /Use*******************************************************************************************************
[2026-06-15 10:01:18] INFO [setup_logging] 未检测到 tkinter，将使用命令行交互模式
[2026-06-15 10:01:18] INFO [setup_logging] 日志系统初始化完成，日志文件: /Use*******************************************************************************************************
[2026-06-15 10:01:18] INFO [setup_logging] 未检测到 tkinter，将使用命令行交互模式
[2026-06-15 10:01:18] INFO [setup_logging] 日志系统初始化完成，日志文件: /Use*******************************************************************************************************
[2026-06-15 10:01:18] INFO [setup_logging] 未检测到 tkinter，将使用命令行交互模式
[2026-06-15 10:01:18] INFO [setup_logging] 日志系统初始化完成，日志文件: /Use*******************************************************************************************************
[2026-06-15 10:01:18] INFO [setup_logging] 未检测到 tkinter，将使用命令行交互模式
[2026-06-15 10:01:18] INFO [setup_logging] 日志系统初始化完成，日志文件: /Use*******************************************************************************************************
[2026-06-15 10:01:18] INFO [setup_logging] 未检测到 tkinter，将使用命令行交互模式
[2026-06-15 10:01:18] INFO [setup_logging] 日志系统初始化完成，日志文件: /Use*******************************************************************************************************
[2026-06-15 10:01:18] INFO [setup_logging] 未检测到 tkinter，将使用命令行交互模式
[2026-06-15 10:01:18] INFO [setup_logging] 日志系统初始化完成，日志文件: /Use*******************************************************************************************************
[2026-06-15 10:01:18] INFO [setup_logging] 未检测到 tkinter，将使用命令行交互模式
[2026-06-15 10:01:18] WARNING [load_summary_config] 加载总表配置文件失败: while parsing a flow mapping
  in "/var/folders/8t/8rw7_pg16cx2c2mkh_cvpz8m0000gn/T/summary_config_test_55yo3o5f/summary_config.yaml", line 1, column 2
expected ',' or '}', but got '<stream end>'
  in "/var/folders/8t/8rw7_pg16cx2c2mkh_cvpz8m0000gn/T/summary_config_test_55yo3o5f/summary_config.yaml", line 1, column 23，使用默认配置
[2026-06-15 10:01:18] INFO [setup_logging] 日志系统初始化完成，日志文件: /Use*******************************************************************************************************
[2026-06-15 10:01:18] INFO [setup_logging] 未检测到 tkinter，将使用命令行交互模式
[2026-06-15 10:01:18] WARNING [load_summary_config] 总表配置文件格式无效，使用默认配置
[2026-06-15 10:01:18] INFO [setup_logging] 日志系统初始化完成，日志文件: /Use*******************************************************************************************************
[2026-06-15 10:01:18] INFO [setup_logging] 未检测到 tkinter，将使用命令行交互模式
[2026-06-15 10:01:18] INFO [setup_logging] 日志系统初始化完成，日志文件: /Use*******************************************************************************************************
[2026-06-15 10:01:18] INFO [setup_logging] 未检测到 tkinter，将使用命令行交互模式
[2026-06-15 10:01:18] INFO [setup_logging] 日志系统初始化完成，日志文件: /Use*******************************************************************************************************
[2026-06-15 10:01:18] INFO [setup_logging] 未检测到 tkinter，将使用命令行交互模式
[2026-06-15 10:01:18] INFO [setup_logging] 日志系统初始化完成，日志文件: /Use*******************************************************************************************************
[2026-06-15 10:01:18] INFO [setup_logging] 未检测到 tkinter，将使用命令行交互模式
[2026-06-15 10:01:18] INFO [setup_logging] 日志系统初始化完成，日志文件: /Use*******************************************************************************************************
[2026-06-15 10:01:18] INFO [setup_logging] 未检测到 tkinter，将使用命令行交互模式
[2026-06-15 10:01:18] INFO [setup_logging] 日志系统初始化完成，日志文件: /Use*******************************************************************************************************
[2026-06-15 10:01:18] INFO [setup_logging] 未检测到 tkinter，将使用命令行交互模式
[2026-06-15 10:01:18] INFO [setup_logging] 日志系统初始化完成，日志文件: /Use*******************************************************************************************************
[2026-06-15 10:01:18] INFO [setup_logging] 未检测到 tkinter，将使用命令行交互模式
[2026-06-15 10:01:18] INFO [setup_logging] 日志系统初始化完成，日志文件: /Use*******************************************************************************************************
[2026-06-15 10:01:18] INFO [setup_logging] 未检测到 tkinter，将使用命令行交互模式
[2026-06-15 10:01:18] INFO [setup_logging] 日志系统初始化完成，日志文件: /Use*******************************************************************************************************
[2026-06-15 10:01:18] INFO [setup_logging] 未检测到 tkinter，将使用命令行交互模式
[2026-06-15 10:01:18] INFO [setup_logging] 日志系统初始化完成，日志文件: /Use*******************************************************************************************************
[2026-06-15 10:01:18] INFO [setup_logging] 未检测到 tkinter，将使用命令行交互模式
[2026-06-15 10:01:18] INFO [setup_logging] 日志系统初始化完成，日志文件: /Use*******************************************************************************************************
[2026-06-15 10:01:18] INFO [setup_logging] 未检测到 tkinter，将使用命令行交互模式
[2026-06-15 10:01:18] INFO [setup_logging] 日志系统初始化完成，日志文件: /Use*******************************************************************************************************
[2026-06-15 10:01:18] INFO [setup_logging] 未检测到 tkinter，将使用命令行交互模式
[2026-06-15 10:01:18] INFO [setup_logging] 日志系统初始化完成，日志文件: /Use*******************************************************************************************************
[2026-06-15 10:01:18] INFO [setup_logging] 未检测到 tkinter，将使用命令行交互模式
[2026-06-15 10:01:18] INFO [setup_logging] 日志系统初始化完成，日志文件: /Use*******************************************************************************************************
[2026-06-15 10:01:18] INFO [setup_logging] 未检测到 tkinter，将使用命令行交互模式
[2026-06-15 10:01:18] INFO [setup_logging] 日志系统初始化完成，日志文件: /Use*******************************************************************************************************
[2026-06-15 10:01:18] INFO [setup_logging] 未检测到 tkinter，将使用命令行交互模式
[2026-06-15 10:01:18] INFO [setup_logging] 日志系统初始化完成，日志文件: /Use*******************************************************************************************************
[2026-06-15 10:01:18] INFO [setup_logging] 未检测到 tkinter，将使用命令行交互模式
[2026-06-15 10:01:18] INFO [setup_logging] 日志系统初始化完成，日志文件: /Use*******************************************************************************************************
[2026-06-15 10:01:18] INFO [setup_logging] 未检测到 tkinter，将使用命令行交互模式
[2026-06-15 10:01:18] INFO [setup_logging] 日志系统初始化完成，日志文件: /Use*******************************************************************************************************
[2026-06-15 10:01:18] INFO [setup_logging] 未检测到 tkinter，将使用命令行交互模式
[2026-06-15 10:01:18] INFO [setup_logging] 日志系统初始化完成，日志文件: /Use*******************************************************************************************************
[2026-06-15 10:01:18] INFO [setup_logging] 未检测到 tkinter，将使用命令行交互模式
[2026-06-15 10:01:18] INFO [setup_logging] 日志系统初始化完成，日志文件: /Use*******************************************************************************************************
[2026-06-15 10:01:18] INFO [setup_logging] 未检测到 tkinter，将使用命令行交互模式
[2026-06-15 10:01:18] INFO [setup_logging] 日志系统初始化完成，日志文件: /Use*******************************************************************************************************
[2026-06-15 10:01:18] INFO [setup_logging] 未检测到 tkinter，将使用命令行交互模式
[2026-06-15 10:01:18] INFO [merge_and_export_summary] 总表输出完成: /var*************************************************************************************（历史 0 条 + 新增 2 条 = 共 2 条）
[2026-06-15 10:01:18] INFO [setup_logging] 日志系统初始化完成，日志文件: /Use*******************************************************************************************************
[2026-06-15 10:01:18] INFO [setup_logging] 未检测到 tkinter，将使用命令行交互模式
[2026-06-15 10:01:18] INFO [merge_and_export_summary] 总表输出完成: /var*************************************************************************************（历史 0 条 + 新增 2 条 = 共 2 条）
[2026-06-15 10:01:18] INFO [setup_logging] 日志系统初始化完成，日志文件: /Use*******************************************************************************************************
[2026-06-15 10:01:18] INFO [setup_logging] 未检测到 tkinter，将使用命令行交互模式
[2026-06-15 10:01:18] INFO [export_masked_summary] 脱敏版总表输出完成: /var*****************************************************************************************（共 2 条记录）
[2026-06-15 10:01:18] INFO [setup_logging] 日志系统初始化完成，日志文件: /Use*******************************************************************************************************
[2026-06-15 10:01:18] INFO [setup_logging] 未检测到 tkinter，将使用命令行交互模式
[2026-06-15 10:01:18] INFO [setup_logging] 日志系统初始化完成，日志文件: /Use*******************************************************************************************************
[2026-06-15 10:01:18] INFO [setup_logging] 未检测到 tkinter，将使用命令行交互模式
[2026-06-15 10:01:18] INFO [setup_logging] 日志系统初始化完成，日志文件: /Use*******************************************************************************************************
[2026-06-15 10:01:18] INFO [setup_logging] 未检测到 tkinter，将使用命令行交互模式
[2026-06-15 10:01:18] INFO [merge_and_export_summary] 总表输出完成: /var*************************************************************************************（历史 0 条 + 新增 2 条 = 共 2 条）
[2026-06-15 10:01:18] INFO [setup_logging] 日志系统初始化完成，日志文件: /Use*******************************************************************************************************
[2026-06-15 10:01:18] INFO [setup_logging] 未检测到 tkinter，将使用命令行交互模式
[2026-06-15 10:01:18] INFO [merge_and_export_summary] 总表输出完成: /var*************************************************************************************（历史 0 条 + 新增 2 条 = 共 2 条）
