[2026-06-14 22:26:11] INFO [setup_logging] 日志系统初始化完成，日志文件: /Use*******************************************************************************************************
[2026-06-14 22:26:11] INFO [setup_logging] 未检测到 tkinter，将使用命令行交互模式
[2026-06-14 22:26:11] INFO [setup_logging] 日志系统初始化完成，日志文件: /Use*******************************************************************************************************
[2026-06-14 22:26:11] INFO [setup_logging] 未检测到 tkinter，将使用命令行交互模式
[2026-06-14 22:26:11] INFO [setup_logging] 日志系统初始化完成，日志文件: /Use*******************************************************************************************************
[2026-06-14 22:26:11] INFO [setup_logging] 未检测到 tkinter，将使用命令行交互模式
[2026-06-14 22:26:11] INFO [setup_logging] 日志系统初始化完成，日志文件: /Use*******************************************************************************************************
[2026-06-14 22:26:11] INFO [setup_logging] 未检测到 tkinter，将使用命令行交互模式
[2026-06-14 22:26:11] INFO [setup_logging] 日志系统初始化完成，日志文件: /Use*******************************************************************************************************
[2026-06-14 22:26:11] INFO [setup_logging] 未检测到 tkinter，将使用命令行交互模式
[2026-06-14 22:26:11] INFO [setup_logging] 日志系统初始化完成，日志文件: /Use*******************************************************************************************************
[2026-06-14 22:26:11] INFO [setup_logging] 未检测到 tkinter，将使用命令行交互模式
[2026-06-14 22:26:11] INFO [setup_logging] 日志系统初始化完成，日志文件: /Use*******************************************************************************************************
[2026-06-14 22:26:11] INFO [setup_logging] 未检测到 tkinter，将使用命令行交互模式
[2026-06-14 22:26:11] INFO [setup_logging] 日志系统初始化完成，日志文件: /Use*******************************************************************************************************
[2026-06-14 22:26:11] INFO [setup_logging] 未检测到 tkinter，将使用命令行交互模式
[2026-06-14 22:26:11] INFO [setup_logging] 日志系统初始化完成，日志文件: /Use*******************************************************************************************************
[2026-06-14 22:26:11] INFO [setup_logging] 未检测到 tkinter，将使用命令行交互模式
[2026-06-14 22:26:11] INFO [setup_logging] 日志系统初始化完成，日志文件: /Use*******************************************************************************************************
[2026-06-14 22:26:11] INFO [setup_logging] 未检测到 tkinter，将使用命令行交互模式
[2026-06-14 22:26:11] INFO [setup_logging] 日志系统初始化完成，日志文件: /Use*******************************************************************************************************
[2026-06-14 22:26:11] INFO [setup_logging] 未检测到 tkinter，将使用命令行交互模式
[2026-06-14 22:26:11] INFO [setup_logging] 日志系统初始化完成，日志文件: /Use*******************************************************************************************************
[2026-06-14 22:26:11] INFO [setup_logging] 未检测到 tkinter，将使用命令行交互模式
[2026-06-14 22:26:11] INFO [setup_logging] 日志系统初始化完成，日志文件: /Use*******************************************************************************************************
[2026-06-14 22:26:11] INFO [setup_logging] 未检测到 tkinter，将使用命令行交互模式
[2026-06-14 22:26:11] INFO [setup_logging] 日志系统初始化完成，日志文件: /Use*******************************************************************************************************
[2026-06-14 22:26:11] INFO [setup_logging] 未检测到 tkinter，将使用命令行交互模式
[2026-06-14 22:26:11] INFO [setup_logging] 日志系统初始化完成，日志文件: /Use*******************************************************************************************************
[2026-06-14 22:26:11] INFO [setup_logging] 未检测到 tkinter，将使用命令行交互模式
[2026-06-14 22:26:11] INFO [setup_logging] 日志系统初始化完成，日志文件: /Use*******************************************************************************************************
[2026-06-14 22:26:12] INFO [setup_logging] 未检测到 tkinter，将使用命令行交互模式
[2026-06-14 22:26:12] INFO [setup_logging] 日志系统初始化完成，日志文件: /Use*******************************************************************************************************
[2026-06-14 22:26:12] INFO [setup_logging] 未检测到 tkinter，将使用命令行交互模式
[2026-06-14 22:26:12] INFO [setup_logging] 日志系统初始化完成，日志文件: /Use*******************************************************************************************************
[2026-06-14 22:26:12] INFO [setup_logging] 未检测到 tkinter，将使用命令行交互模式
[2026-06-14 22:26:12] INFO [run_batch_pipeline_flow] 批量处理：用户未选择文件夹，程序退出
[2026-06-14 22:26:12] INFO [setup_logging] 日志系统初始化完成，日志文件: /Use*******************************************************************************************************
[2026-06-14 22:26:12] INFO [setup_logging] 未检测到 tkinter，将使用命令行交互模式
[2026-06-14 22:26:12] INFO [run_batch_pipeline_flow] 批量处理：用户选择 1 个文件夹
[2026-06-14 22:26:12] INFO [run_batch_pipeline_flow] 批量处理：用户选择运行模式: 全量覆盖
[2026-06-14 22:26:12] INFO [run_batch_pipeline_flow] 批量处理：用户选择执行模式: 试运行（不写盘）
[2026-06-14 22:26:12] INFO [run_batch_pipeline_flow] ===== 批量处理 [1/1]: /var********************************************************************************* =====
[2026-06-14 22:26:12] INFO [start_batch] 批次已创建: BATC*******************
[2026-06-14 22:26:12] INFO [start_batch] 归档目录: /var*********************************************************************************************************************
[2026-06-14 22:26:12] INFO [run_batch_pipeline_flow] 批次管理已启用，批次号: BATC*******************
[2026-06-14 22:26:12] INFO [init_audit_db] 审计数据库初始化完成: /var***************************************************************************************
[2026-06-14 22:26:12] INFO [find_lookup_file] 精确匹配到主体查找表: /var*************************************************************************************
[2026-06-14 22:26:12] INFO [__init__] 审计记录已创建 [AUD2*********************] 操作: batch_pipeline, 用户: zha*********eng
[2026-06-14 22:26:12] INFO [find_lookup_file] 精确匹配到主体查找表: /var*************************************************************************************
[2026-06-14 22:26:12] DEBUG [record_input] 审计记录 [AUD2*********************] 已记录输入目录: /var*********************************************************************************
[2026-06-14 22:26:12] INFO [run_pipeline] ===== 试运行模式已启用（不执行删除与写盘操作）=====
[2026-06-14 22:26:12] INFO [find_lookup_file] 精确匹配到主体查找表: /var*************************************************************************************
[2026-06-14 22:26:12] INFO [run_pipeline] 正在预加载主体查找表...
[2026-06-14 22:26:12] DEBUG [detect_excel_format] 文件 /var************************************************************************************* Magic Bytes 检测为 xlsx 格式 (ZIP/OOXML)
[2026-06-14 22:26:12] INFO [load_lookup_table] 查找表加载完成：共 1 条条目，1 个唯一账号，0 个扩展字段
[2026-06-14 22:26:12] INFO [run_pipeline] 主体查找表预加载完成
[2026-06-14 22:26:12] INFO [prepare_working_folder] 已复制文件夹到同级目录: /var*************************************************************************************
[2026-06-14 22:26:12] DEBUG [scan_excel_files] 发现 Excel 文件: /var*************************************************************************************************
[2026-06-14 22:26:12] INFO [scan_excel_files] 共扫描到 1 个 Excel 文件
[2026-06-14 22:26:12] DEBUG [detect_excel_format] 文件 /var************************************************************************************************* Magic Bytes 检测为 xlsx 格式 (ZIP/OOXML)
[2026-06-14 22:26:12] INFO [_identify_bank_by_content] 文件「batc*******」通过内容特征识别为: 北京银行
[2026-06-14 22:26:12] INFO [parse] 开始处理北京银行文件: /var*************************************************************************************************
[2026-06-14 22:26:12] DEBUG [detect_excel_format] 文件 /var************************************************************************************************* Magic Bytes 检测为 xlsx 格式 (ZIP/OOXML)
[2026-06-14 22:26:12] INFO [validate_headers] 北京银行文件工作表「交易明细」表头校验通过，7 个字段均匹配
[2026-06-14 22:26:12] DEBUG [get_subject_info] 银行账号「0109年03月」匹配到主体: 北********司（优先级: 0）
[2026-06-14 22:26:12] INFO [_parse_sheet] 北京银行文件工作表「交易明细」提取 2 条记录
[2026-06-14 22:26:12] INFO [parse] 北京银行文件处理完成，共提取 2 条记录
[2026-06-14 22:26:13] INFO [run_pipeline] 成功处理文件: /var*************************************************************************************************（2 条记录）
[2026-06-14 22:26:13] INFO [run_pipeline] [试运行] 跳过删除文件操作，待删除文件 1 个
[2026-06-14 22:26:13] INFO [run_pipeline] [试运行] 跳过总表写盘，模式=全量覆盖，共 2 条记录
[2026-06-14 22:26:13] INFO [apply_amount_anomaly_detection] 开始金额异常检测，单笔阈值: [金额已隐藏] 元
[2026-06-14 22:26:13] INFO [apply_amount_anomaly_detection] 金额异常检测完成：共 2 条记录，0 条异常 (0.00%)
[2026-06-14 22:26:13] INFO [save_config] 对方户名规则配置已保存: /var**************************************************************************************************
[2026-06-14 22:26:13] INFO [apply_counterparty_rules] 对方户名规则匹配完成: 总记录 2, 命中 0, 黑名单 0, 白名单 0
[2026-06-14 22:26:13] INFO [run_pipeline] [试运行] 跳过生成脱敏版总表
[2026-06-14 22:26:13] INFO [run_pipeline] [试运行] 跳过数据库持久化操作
[2026-06-14 22:26:13] INFO [identify_internal_transfers] 内部划转识别完成: 2 条记录, 识别出 0 对 (0 划出 + 0 划入), 涉及 0 个主体, 0 家银行
[2026-06-14 22:26:13] INFO [summarize_transactions] 主体维度汇总完成: 2 条记录, 1 个主体, 1 家银行, 1 个月份, 0 个未匹配账号
[2026-06-14 22:26:13] INFO [export_subject_summary] 主体维度汇总分析已导出: /var********************************************************************************************************
[2026-06-14 22:26:13] INFO [run_pipeline] 主体维度汇总分析已自动生成: /var********************************************************************************************************
[2026-06-14 22:26:13] INFO [check_balance_continuity] 共 1 个账号待校验
[2026-06-14 22:26:13] DEBUG [check_balance_continuity] 校验账号: 0109年03月, 记录数: 2
[2026-06-14 22:26:13] INFO [check_balance_continuity] 余额连续性校验完成 - 总账号: 1, 已校验: 1, 跳过: 0, 异常笔数: 0, 异常账号: 0
[2026-06-14 22:26:14] INFO [export_balance_check_result] 余额连续性校验结果已导出: /var*********************************************************************************************************
[2026-06-14 22:26:14] INFO [run_pipeline] 余额连续性校验报告已自动生成: /var*********************************************************************************************************
[2026-06-14 22:26:14] INFO [detect_duplicates] 重复交易检测完成 - 总记录: 2, 疑似重复组: 0, 疑似重复记录: 0, 重复率: 0.00%
[2026-06-14 22:26:14] INFO [generate_duplicate_check_from_records] 未检测到重复交易，仍导出报告
[2026-06-14 22:26:15] INFO [export_duplicate_check_result] 重复交易检测结果已导出: /var********************************************************************************************************
[2026-06-14 22:26:15] INFO [run_pipeline] 重复交易检测报告已自动生成: /var********************************************************************************************************
[2026-06-14 22:26:15] INFO [filter_interest_fee_transactions] 筛选出 0 条利息手续费交易
[2026-06-14 22:26:15] INFO [summarize_by_period] 按month汇总生成 0 条期间汇总记录，异常 0 条
[2026-06-14 22:26:15] INFO [check_interest_fee] 利息手续费核对完成 - 总记录: 0 (利息: 0, 手续费: 0), 期间汇总: 0, 异常: 0
[2026-06-14 22:26:15] WARNING [generate_interest_fee_check_from_records] 未筛选到任何利息手续费交易，跳过报告生成
[2026-06-14 22:26:15] INFO [mark_non_workday_transactions] 非工作日交易标记完成: 总记录 2, 工作日 2, 周末 0, 法定节假日 0, 调休工作日 0
[2026-06-14 22:26:15] INFO [generate_holiday_check_from_records] 未发现非工作日交易，仍导出报告
[2026-06-14 22:26:15] INFO [export_holiday_check_result] 非工作日交易标记结果已导出: /var**********************************************************************************************************
[2026-06-14 22:26:15] INFO [run_pipeline] 非工作日交易标记报告已自动生成: /var**********************************************************************************************************
[2026-06-14 22:26:15] INFO [load_config] 会计期间配置已加载: period_type=monthly, cutoff_day=25, fiscal_year_start_month=1, format=YYYY-MM
[2026-06-14 22:26:15] INFO [assign_accounting_period] 会计期间归属完成: 2 条记录, 1 个期间
[2026-06-14 22:26:15] INFO [export_accounting_period_summary] 会计期间总表已导出: /var******************************************************************************************************（1 个期间）
[2026-06-14 22:26:15] INFO [run_pipeline] 会计期间总表已自动生成: /var******************************************************************************************************
[2026-06-14 22:26:15] INFO [save_report] 性能剖析报告已保存: /var****************************************************************************************************
[2026-06-14 22:26:15] INFO [save_report] 性能剖析数据已保存: /var******************************************************************************************************
[2026-06-14 22:26:15] INFO [run_pipeline] 性能剖析报告已生成: /var****************************************************************************************************
[2026-06-14 22:26:15] INFO [run_pipeline] [试运行] 跳过生成财务协同编辑模板
[2026-06-14 22:26:15] INFO [run_batch_pipeline_flow] 文件夹 [1/1] 处理成功: /var*********************************************************************************
[2026-06-14 22:26:16] INFO [run_batch_pipeline_flow] 用户取消提交试运行变更（文件夹 1/1）
[2026-06-14 22:26:16] DEBUG [translate] Translation key not found: report.section_archived
[2026-06-14 22:26:16] DEBUG [translate] Translation key not found: info.report_generated
[2026-06-14 22:26:16] INFO [generate_inspection_report] info.report_generated
[2026-06-14 22:26:16] INFO [finish_batch] 批次完成: BATC*******************, 状态: success
[2026-06-14 22:26:16] ERROR [run_batch_pipeline_flow] 批量处理文件夹 [1/1] 失败: /var********************************************************************************* — %d format: a real number is required, not str
Traceback (most recent call last):
  File "/Users/zhangchengcheng/work/ai-project/Trea/solo0605/label-02552/tests/../backend/bankcheck.py", line 9578, in run_batch_pipeline_flow
    with AuditLogger('batch_pipeline', script_dir) as audit:
         ~~~~~~~~~~~^^^^^^^^^^^^^^^^^^^^^^^^^^^^^^
  File "/Users/zhangchengcheng/work/ai-project/Trea/solo0605/label-02552/tests/../backend/bankcheck.py", line 6006, in __exit__
    self.record_success()
    ~~~~~~~~~~~~~~~~~~~^^
  File "/Users/zhangchengcheng/work/ai-project/Trea/solo0605/label-02552/tests/../backend/bankcheck.py", line 5987, in record_success
    self.logger.info('审计记录 [%s] 操作成功完成，耗时 %d ms', self.audit_id, self.record.duration_ms)
    ~~~~~~~~~~~~~~~~^^^^^^^^^^^^^^^^^^^^^^^^^^^^^^^^^^^^^^^^^^^^^^^^^^^^^^^^^^^^^^^^^^^^^^^^^^^^^^^^^^
  File "/opt/homebrew/Cellar/python@3.14/3.14.4_1/Frameworks/Python.framework/Versions/3.14/lib/python3.14/logging/__init__.py", line 1520, in info
    self._log(INFO, msg, args, **kwargs)
    ~~~~~~~~~^^^^^^^^^^^^^^^^^^^^^^^^^^^
  File "/opt/homebrew/Cellar/python@3.14/3.14.4_1/Frameworks/Python.framework/Versions/3.14/lib/python3.14/logging/__init__.py", line 1665, in _log
    self.handle(record)
    ~~~~~~~~~~~^^^^^^^^
  File "/opt/homebrew/Cellar/python@3.14/3.14.4_1/Frameworks/Python.framework/Versions/3.14/lib/python3.14/logging/__init__.py", line 1681, in handle
    self.callHandlers(record)
    ~~~~~~~~~~~~~~~~~^^^^^^^^
  File "/opt/homebrew/Cellar/python@3.14/3.14.4_1/Frameworks/Python.framework/Versions/3.14/lib/python3.14/logging/__init__.py", line 1737, in callHandlers
    hdlr.handle(record)
    ~~~~~~~~~~~^^^^^^^^
  File "/opt/homebrew/Cellar/python@3.14/3.14.4_1/Frameworks/Python.framework/Versions/3.14/lib/python3.14/logging/__init__.py", line 1027, in handle
    self.emit(record)
    ~~~~~~~~~^^^^^^^^
  File "/opt/homebrew/lib/python3.14/site-packages/_pytest/logging.py", line 384, in emit
    super().emit(record)
    ~~~~~~~~~~~~^^^^^^^^
  File "/opt/homebrew/Cellar/python@3.14/3.14.4_1/Frameworks/Python.framework/Versions/3.14/lib/python3.14/logging/__init__.py", line 1159, in emit
    self.handleError(record)
    ~~~~~~~~~~~~~~~~^^^^^^^^
  File "/opt/homebrew/Cellar/python@3.14/3.14.4_1/Frameworks/Python.framework/Versions/3.14/lib/python3.14/logging/__init__.py", line 1151, in emit
    msg = self.format(record)
  File "/opt/homebrew/Cellar/python@3.14/3.14.4_1/Frameworks/Python.framework/Versions/3.14/lib/python3.14/logging/__init__.py", line 999, in format
    return fmt.format(record)
           ~~~~~~~~~~^^^^^^^^
  File "/opt/homebrew/lib/python3.14/site-packages/_pytest/logging.py", line 137, in format
    return super().format(record)
           ~~~~~~~~~~~~~~^^^^^^^^
  File "/opt/homebrew/Cellar/python@3.14/3.14.4_1/Frameworks/Python.framework/Versions/3.14/lib/python3.14/logging/__init__.py", line 712, in format
    record.message = record.getMessage()
                     ~~~~~~~~~~~~~~~~~^^
  File "/opt/homebrew/Cellar/python@3.14/3.14.4_1/Frameworks/Python.framework/Versions/3.14/lib/python3.14/logging/__init__.py", line 400, in getMessage
    msg = msg % self.args
          ~~~~^~~~~~~~~~~
TypeError: %d format: a real number is required, not str
[2026-06-14 22:26:16] DEBUG [translate] Translation key not found: report.section_archived
[2026-06-14 22:26:16] DEBUG [translate] Translation key not found: report.section_errors
[2026-06-14 22:26:16] DEBUG [translate] Translation key not found: info.report_generated
[2026-06-14 22:26:16] INFO [generate_inspection_report] info.report_generated
[2026-06-14 22:26:16] INFO [finish_batch] 批次完成: BATC*******************, 状态: failed
[2026-06-14 22:26:16] INFO [run_batch_pipeline_flow] 批量处理全部完成: 1 个文件夹, 成功 0, 无数据 0, 失败 1
[2026-06-14 22:26:19] INFO [setup_logging] 日志系统初始化完成，日志文件: /Use*******************************************************************************************************
[2026-06-14 22:26:19] INFO [setup_logging] 未检测到 tkinter，将使用命令行交互模式
[2026-06-14 22:26:19] INFO [run_batch_pipeline_flow] 批量处理：用户选择 2 个文件夹
[2026-06-14 22:26:19] INFO [run_batch_pipeline_flow] 批量处理：用户选择运行模式: 全量覆盖
[2026-06-14 22:26:19] INFO [run_batch_pipeline_flow] 批量处理：用户选择执行模式: 试运行（不写盘）
[2026-06-14 22:26:19] INFO [run_batch_pipeline_flow] ===== 批量处理 [1/2]: /var********************************************************************************* =====
[2026-06-14 22:26:20] ERROR [run_batch_pipeline_flow] 批次创建失败: no such table: batches
Traceback (most recent call last):
  File "/Users/zhangchengcheng/work/ai-project/Trea/solo0605/label-02552/tests/../backend/bankcheck.py", line 9570, in run_batch_pipeline_flow
    batch_info = batch_manager.start_batch(input_folder=folder, operator=operator)
  File "/Users/zhangchengcheng/work/ai-project/Trea/solo0605/label-02552/tests/../backend/batch_manager.py", line 214, in start_batch
    cursor.execute('''
    ~~~~~~~~~~~~~~^^^^
        INSERT INTO batches (
        ^^^^^^^^^^^^^^^^^^^^^
    ...<8 lines>...
        batch_info.batch_dir,
        ^^^^^^^^^^^^^^^^^^^^^
    ))
    ^^
sqlite3.OperationalError: no such table: batches
[2026-06-14 22:26:20] INFO [init_audit_db] 审计数据库初始化完成: /var***************************************************************************************
[2026-06-14 22:26:20] INFO [find_lookup_file] 精确匹配到主体查找表: /var*************************************************************************************
[2026-06-14 22:26:20] INFO [__init__] 审计记录已创建 [AUD2*********************] 操作: batch_pipeline, 用户: zha*********eng
[2026-06-14 22:26:20] INFO [find_lookup_file] 精确匹配到主体查找表: /var*************************************************************************************
[2026-06-14 22:26:20] DEBUG [record_input] 审计记录 [AUD2*********************] 已记录输入目录: /var*********************************************************************************
[2026-06-14 22:26:20] INFO [run_pipeline] ===== 试运行模式已启用（不执行删除与写盘操作）=====
[2026-06-14 22:26:20] INFO [find_lookup_file] 精确匹配到主体查找表: /var*************************************************************************************
[2026-06-14 22:26:20] INFO [run_pipeline] 正在预加载主体查找表...
[2026-06-14 22:26:20] DEBUG [detect_excel_format] 文件 /var************************************************************************************* Magic Bytes 检测为 xlsx 格式 (ZIP/OOXML)
[2026-06-14 22:26:20] INFO [load_lookup_table] 查找表加载完成：共 1 条条目，1 个唯一账号，0 个扩展字段
[2026-06-14 22:26:20] INFO [run_pipeline] 主体查找表预加载完成
[2026-06-14 22:26:20] INFO [prepare_working_folder] 已复制文件夹到同级目录: /var*************************************************************************************
[2026-06-14 22:26:20] DEBUG [scan_excel_files] 发现 Excel 文件: /var*************************************************************************************************
[2026-06-14 22:26:20] INFO [scan_excel_files] 共扫描到 1 个 Excel 文件
[2026-06-14 22:26:20] DEBUG [detect_excel_format] 文件 /var************************************************************************************************* Magic Bytes 检测为 xlsx 格式 (ZIP/OOXML)
[2026-06-14 22:26:20] INFO [_identify_bank_by_content] 文件「proj_a.xlsx」通过内容特征识别为: 北京银行
[2026-06-14 22:26:20] INFO [parse] 开始处理北京银行文件: /var*************************************************************************************************
[2026-06-14 22:26:21] DEBUG [detect_excel_format] 文件 /var************************************************************************************************* Magic Bytes 检测为 xlsx 格式 (ZIP/OOXML)
[2026-06-14 22:26:21] INFO [validate_headers] 北京银行文件工作表「交易明细」表头校验通过，7 个字段均匹配
[2026-06-14 22:26:21] DEBUG [get_subject_info] 银行账号「0109年03月」匹配到主体: 北********司（优先级: 0）
[2026-06-14 22:26:21] INFO [_parse_sheet] 北京银行文件工作表「交易明细」提取 2 条记录
[2026-06-14 22:26:21] INFO [parse] 北京银行文件处理完成，共提取 2 条记录
[2026-06-14 22:26:21] INFO [run_pipeline] 成功处理文件: /var*************************************************************************************************（2 条记录）
[2026-06-14 22:26:21] INFO [run_pipeline] [试运行] 跳过删除文件操作，待删除文件 1 个
[2026-06-14 22:26:21] INFO [run_pipeline] [试运行] 跳过总表写盘，模式=全量覆盖，共 2 条记录
[2026-06-14 22:26:21] INFO [apply_amount_anomaly_detection] 开始金额异常检测，单笔阈值: [金额已隐藏] 元
[2026-06-14 22:26:21] INFO [apply_amount_anomaly_detection] 金额异常检测完成：共 2 条记录，0 条异常 (0.00%)
[2026-06-14 22:26:21] INFO [apply_counterparty_rules] 对方户名规则匹配完成: 总记录 2, 命中 0, 黑名单 0, 白名单 0
[2026-06-14 22:26:21] INFO [run_pipeline] [试运行] 跳过生成脱敏版总表
[2026-06-14 22:26:21] INFO [run_pipeline] [试运行] 跳过数据库持久化操作
[2026-06-14 22:26:21] INFO [identify_internal_transfers] 内部划转识别完成: 2 条记录, 识别出 0 对 (0 划出 + 0 划入), 涉及 0 个主体, 0 家银行
[2026-06-14 22:26:21] INFO [summarize_transactions] 主体维度汇总完成: 2 条记录, 1 个主体, 1 家银行, 1 个月份, 0 个未匹配账号
[2026-06-14 22:26:23] INFO [export_subject_summary] 主体维度汇总分析已导出: /var********************************************************************************************************
[2026-06-14 22:26:23] INFO [run_pipeline] 主体维度汇总分析已自动生成: /var********************************************************************************************************
[2026-06-14 22:26:23] INFO [check_balance_continuity] 共 1 个账号待校验
[2026-06-14 22:26:23] DEBUG [check_balance_continuity] 校验账号: 0109年03月, 记录数: 2
[2026-06-14 22:26:23] INFO [check_balance_continuity] 余额连续性校验完成 - 总账号: 1, 已校验: 1, 跳过: 0, 异常笔数: 0, 异常账号: 0
[2026-06-14 22:26:23] INFO [export_balance_check_result] 余额连续性校验结果已导出: /var*********************************************************************************************************
[2026-06-14 22:26:23] INFO [run_pipeline] 余额连续性校验报告已自动生成: /var*********************************************************************************************************
[2026-06-14 22:26:23] INFO [detect_duplicates] 重复交易检测完成 - 总记录: 2, 疑似重复组: 0, 疑似重复记录: 0, 重复率: 0.00%
[2026-06-14 22:26:23] INFO [generate_duplicate_check_from_records] 未检测到重复交易，仍导出报告
[2026-06-14 22:26:23] INFO [export_duplicate_check_result] 重复交易检测结果已导出: /var********************************************************************************************************
[2026-06-14 22:26:23] INFO [run_pipeline] 重复交易检测报告已自动生成: /var********************************************************************************************************
[2026-06-14 22:26:23] INFO [filter_interest_fee_transactions] 筛选出 0 条利息手续费交易
[2026-06-14 22:26:23] INFO [summarize_by_period] 按month汇总生成 0 条期间汇总记录，异常 0 条
[2026-06-14 22:26:23] INFO [check_interest_fee] 利息手续费核对完成 - 总记录: 0 (利息: 0, 手续费: 0), 期间汇总: 0, 异常: 0
[2026-06-14 22:26:23] WARNING [generate_interest_fee_check_from_records] 未筛选到任何利息手续费交易，跳过报告生成
[2026-06-14 22:26:23] INFO [mark_non_workday_transactions] 非工作日交易标记完成: 总记录 2, 工作日 2, 周末 0, 法定节假日 0, 调休工作日 0
[2026-06-14 22:26:24] INFO [generate_holiday_check_from_records] 未发现非工作日交易，仍导出报告
[2026-06-14 22:26:24] INFO [export_holiday_check_result] 非工作日交易标记结果已导出: /var**********************************************************************************************************
[2026-06-14 22:26:24] INFO [run_pipeline] 非工作日交易标记报告已自动生成: /var**********************************************************************************************************
[2026-06-14 22:26:24] INFO [assign_accounting_period] 会计期间归属完成: 2 条记录, 1 个期间
[2026-06-14 22:26:24] INFO [export_accounting_period_summary] 会计期间总表已导出: /var******************************************************************************************************（1 个期间）
[2026-06-14 22:26:24] INFO [run_pipeline] 会计期间总表已自动生成: /var******************************************************************************************************
[2026-06-14 22:26:24] INFO [save_report] 性能剖析报告已保存: /var****************************************************************************************************
[2026-06-14 22:26:24] INFO [save_report] 性能剖析数据已保存: /var******************************************************************************************************
[2026-06-14 22:26:24] INFO [run_pipeline] 性能剖析报告已生成: /var****************************************************************************************************
[2026-06-14 22:26:24] INFO [run_pipeline] [试运行] 跳过生成财务协同编辑模板
[2026-06-14 22:26:24] INFO [run_batch_pipeline_flow] 文件夹 [1/2] 处理成功: /var*********************************************************************************
[2026-06-14 22:26:24] INFO [run_batch_pipeline_flow] 用户取消提交试运行变更（文件夹 1/2）
[2026-06-14 22:26:24] ERROR [run_batch_pipeline_flow] 批量处理文件夹 [1/2] 失败: /var********************************************************************************* — %d format: a real number is required, not str
Traceback (most recent call last):
  File "/Users/zhangchengcheng/work/ai-project/Trea/solo0605/label-02552/tests/../backend/bankcheck.py", line 9578, in run_batch_pipeline_flow
    with AuditLogger('batch_pipeline', script_dir) as audit:
         ~~~~~~~~~~~^^^^^^^^^^^^^^^^^^^^^^^^^^^^^^
  File "/Users/zhangchengcheng/work/ai-project/Trea/solo0605/label-02552/tests/../backend/bankcheck.py", line 6006, in __exit__
    self.record_success()
    ~~~~~~~~~~~~~~~~~~~^^
  File "/Users/zhangchengcheng/work/ai-project/Trea/solo0605/label-02552/tests/../backend/bankcheck.py", line 5987, in record_success
    self.logger.info('审计记录 [%s] 操作成功完成，耗时 %d ms', self.audit_id, self.record.duration_ms)
    ~~~~~~~~~~~~~~~~^^^^^^^^^^^^^^^^^^^^^^^^^^^^^^^^^^^^^^^^^^^^^^^^^^^^^^^^^^^^^^^^^^^^^^^^^^^^^^^^^^
  File "/opt/homebrew/Cellar/python@3.14/3.14.4_1/Frameworks/Python.framework/Versions/3.14/lib/python3.14/logging/__init__.py", line 1520, in info
    self._log(INFO, msg, args, **kwargs)
    ~~~~~~~~~^^^^^^^^^^^^^^^^^^^^^^^^^^^
  File "/opt/homebrew/Cellar/python@3.14/3.14.4_1/Frameworks/Python.framework/Versions/3.14/lib/python3.14/logging/__init__.py", line 1665, in _log
    self.handle(record)
    ~~~~~~~~~~~^^^^^^^^
  File "/opt/homebrew/Cellar/python@3.14/3.14.4_1/Frameworks/Python.framework/Versions/3.14/lib/python3.14/logging/__init__.py", line 1681, in handle
    self.callHandlers(record)
    ~~~~~~~~~~~~~~~~~^^^^^^^^
  File "/opt/homebrew/Cellar/python@3.14/3.14.4_1/Frameworks/Python.framework/Versions/3.14/lib/python3.14/logging/__init__.py", line 1737, in callHandlers
    hdlr.handle(record)
    ~~~~~~~~~~~^^^^^^^^
  File "/opt/homebrew/Cellar/python@3.14/3.14.4_1/Frameworks/Python.framework/Versions/3.14/lib/python3.14/logging/__init__.py", line 1027, in handle
    self.emit(record)
    ~~~~~~~~~^^^^^^^^
  File "/opt/homebrew/lib/python3.14/site-packages/_pytest/logging.py", line 384, in emit
    super().emit(record)
    ~~~~~~~~~~~~^^^^^^^^
  File "/opt/homebrew/Cellar/python@3.14/3.14.4_1/Frameworks/Python.framework/Versions/3.14/lib/python3.14/logging/__init__.py", line 1159, in emit
    self.handleError(record)
    ~~~~~~~~~~~~~~~~^^^^^^^^
  File "/opt/homebrew/Cellar/python@3.14/3.14.4_1/Frameworks/Python.framework/Versions/3.14/lib/python3.14/logging/__init__.py", line 1151, in emit
    msg = self.format(record)
  File "/opt/homebrew/Cellar/python@3.14/3.14.4_1/Frameworks/Python.framework/Versions/3.14/lib/python3.14/logging/__init__.py", line 999, in format
    return fmt.format(record)
           ~~~~~~~~~~^^^^^^^^
  File "/opt/homebrew/lib/python3.14/site-packages/_pytest/logging.py", line 137, in format
    return super().format(record)
           ~~~~~~~~~~~~~~^^^^^^^^
  File "/opt/homebrew/Cellar/python@3.14/3.14.4_1/Frameworks/Python.framework/Versions/3.14/lib/python3.14/logging/__init__.py", line 712, in format
    record.message = record.getMessage()
                     ~~~~~~~~~~~~~~~~~^^
  File "/opt/homebrew/Cellar/python@3.14/3.14.4_1/Frameworks/Python.framework/Versions/3.14/lib/python3.14/logging/__init__.py", line 400, in getMessage
    msg = msg % self.args
          ~~~~^~~~~~~~~~~
TypeError: %d format: a real number is required, not str
[2026-06-14 22:26:24] INFO [run_batch_pipeline_flow] ===== 批量处理 [2/2]: /var********************************************************************************* =====
[2026-06-14 22:26:24] ERROR [run_batch_pipeline_flow] 批次创建失败: no such table: batches
Traceback (most recent call last):
  File "/Users/zhangchengcheng/work/ai-project/Trea/solo0605/label-02552/tests/../backend/bankcheck.py", line 9570, in run_batch_pipeline_flow
    batch_info = batch_manager.start_batch(input_folder=folder, operator=operator)
  File "/Users/zhangchengcheng/work/ai-project/Trea/solo0605/label-02552/tests/../backend/batch_manager.py", line 214, in start_batch
    cursor.execute('''
    ~~~~~~~~~~~~~~^^^^
        INSERT INTO batches (
        ^^^^^^^^^^^^^^^^^^^^^
    ...<8 lines>...
        batch_info.batch_dir,
        ^^^^^^^^^^^^^^^^^^^^^
    ))
    ^^
sqlite3.OperationalError: no such table: batches
[2026-06-14 22:26:24] INFO [init_audit_db] 审计数据库初始化完成: /var***************************************************************************************
[2026-06-14 22:26:24] INFO [find_lookup_file] 精确匹配到主体查找表: /var*************************************************************************************
[2026-06-14 22:26:24] INFO [__init__] 审计记录已创建 [AUD2*********************] 操作: batch_pipeline, 用户: zha*********eng
[2026-06-14 22:26:24] INFO [find_lookup_file] 精确匹配到主体查找表: /var*************************************************************************************
[2026-06-14 22:26:24] DEBUG [record_input] 审计记录 [AUD2*********************] 已记录输入目录: /var*********************************************************************************
[2026-06-14 22:26:24] INFO [run_pipeline] ===== 试运行模式已启用（不执行删除与写盘操作）=====
[2026-06-14 22:26:24] INFO [find_lookup_file] 精确匹配到主体查找表: /var*************************************************************************************
[2026-06-14 22:26:24] INFO [run_pipeline] 正在预加载主体查找表...
[2026-06-14 22:26:24] DEBUG [detect_excel_format] 文件 /var************************************************************************************* Magic Bytes 检测为 xlsx 格式 (ZIP/OOXML)
[2026-06-14 22:26:24] INFO [load_lookup_table] 查找表加载完成：共 1 条条目，1 个唯一账号，0 个扩展字段
[2026-06-14 22:26:24] INFO [run_pipeline] 主体查找表预加载完成
[2026-06-14 22:26:24] INFO [prepare_working_folder] 已复制文件夹到同级目录: /var*************************************************************************************
[2026-06-14 22:26:24] DEBUG [scan_excel_files] 发现 Excel 文件: /var*************************************************************************************************
[2026-06-14 22:26:24] INFO [scan_excel_files] 共扫描到 1 个 Excel 文件
[2026-06-14 22:26:24] DEBUG [detect_excel_format] 文件 /var************************************************************************************************* Magic Bytes 检测为 xlsx 格式 (ZIP/OOXML)
[2026-06-14 22:26:24] INFO [_identify_bank_by_content] 文件「proj_b.xlsx」通过内容特征识别为: 北京银行
[2026-06-14 22:26:24] INFO [parse] 开始处理北京银行文件: /var*************************************************************************************************
[2026-06-14 22:26:24] DEBUG [detect_excel_format] 文件 /var************************************************************************************************* Magic Bytes 检测为 xlsx 格式 (ZIP/OOXML)
[2026-06-14 22:26:24] INFO [validate_headers] 北京银行文件工作表「交易明细」表头校验通过，7 个字段均匹配
[2026-06-14 22:26:24] DEBUG [get_subject_info] 银行账号「0109年03月」匹配到主体: 北********司（优先级: 0）
[2026-06-14 22:26:24] INFO [_parse_sheet] 北京银行文件工作表「交易明细」提取 2 条记录
[2026-06-14 22:26:24] INFO [parse] 北京银行文件处理完成，共提取 2 条记录
[2026-06-14 22:26:24] INFO [run_pipeline] 成功处理文件: /var*************************************************************************************************（2 条记录）
[2026-06-14 22:26:24] INFO [run_pipeline] [试运行] 跳过删除文件操作，待删除文件 1 个
[2026-06-14 22:26:24] INFO [run_pipeline] [试运行] 跳过总表写盘，模式=全量覆盖，共 2 条记录
[2026-06-14 22:26:24] INFO [apply_amount_anomaly_detection] 开始金额异常检测，单笔阈值: [金额已隐藏] 元
[2026-06-14 22:26:24] INFO [apply_amount_anomaly_detection] 金额异常检测完成：共 2 条记录，0 条异常 (0.00%)
[2026-06-14 22:26:25] INFO [apply_counterparty_rules] 对方户名规则匹配完成: 总记录 2, 命中 0, 黑名单 0, 白名单 0
[2026-06-14 22:26:25] INFO [run_pipeline] [试运行] 跳过生成脱敏版总表
[2026-06-14 22:26:25] INFO [run_pipeline] [试运行] 跳过数据库持久化操作
[2026-06-14 22:26:25] INFO [identify_internal_transfers] 内部划转识别完成: 2 条记录, 识别出 0 对 (0 划出 + 0 划入), 涉及 0 个主体, 0 家银行
[2026-06-14 22:26:25] INFO [summarize_transactions] 主体维度汇总完成: 2 条记录, 1 个主体, 1 家银行, 1 个月份, 0 个未匹配账号
[2026-06-14 22:26:25] INFO [export_subject_summary] 主体维度汇总分析已导出: /var********************************************************************************************************
[2026-06-14 22:26:25] INFO [run_pipeline] 主体维度汇总分析已自动生成: /var********************************************************************************************************
[2026-06-14 22:26:25] INFO [check_balance_continuity] 共 1 个账号待校验
[2026-06-14 22:26:25] DEBUG [check_balance_continuity] 校验账号: 0109年03月, 记录数: 2
[2026-06-14 22:26:25] INFO [check_balance_continuity] 余额连续性校验完成 - 总账号: 1, 已校验: 1, 跳过: 0, 异常笔数: 0, 异常账号: 0
[2026-06-14 22:26:25] INFO [export_balance_check_result] 余额连续性校验结果已导出: /var*********************************************************************************************************
[2026-06-14 22:26:26] INFO [run_pipeline] 余额连续性校验报告已自动生成: /var*********************************************************************************************************
[2026-06-14 22:26:26] INFO [detect_duplicates] 重复交易检测完成 - 总记录: 2, 疑似重复组: 0, 疑似重复记录: 0, 重复率: 0.00%
[2026-06-14 22:26:26] INFO [generate_duplicate_check_from_records] 未检测到重复交易，仍导出报告
[2026-06-14 22:26:26] INFO [export_duplicate_check_result] 重复交易检测结果已导出: /var********************************************************************************************************
[2026-06-14 22:26:26] INFO [run_pipeline] 重复交易检测报告已自动生成: /var********************************************************************************************************
[2026-06-14 22:26:26] INFO [filter_interest_fee_transactions] 筛选出 0 条利息手续费交易
[2026-06-14 22:26:26] INFO [summarize_by_period] 按month汇总生成 0 条期间汇总记录，异常 0 条
[2026-06-14 22:26:26] INFO [check_interest_fee] 利息手续费核对完成 - 总记录: 0 (利息: 0, 手续费: 0), 期间汇总: 0, 异常: 0
[2026-06-14 22:26:26] WARNING [generate_interest_fee_check_from_records] 未筛选到任何利息手续费交易，跳过报告生成
[2026-06-14 22:26:26] INFO [mark_non_workday_transactions] 非工作日交易标记完成: 总记录 2, 工作日 2, 周末 0, 法定节假日 0, 调休工作日 0
[2026-06-14 22:26:26] INFO [generate_holiday_check_from_records] 未发现非工作日交易，仍导出报告
[2026-06-14 22:26:26] INFO [export_holiday_check_result] 非工作日交易标记结果已导出: /var**********************************************************************************************************
[2026-06-14 22:26:26] INFO [run_pipeline] 非工作日交易标记报告已自动生成: /var**********************************************************************************************************
[2026-06-14 22:26:26] INFO [assign_accounting_period] 会计期间归属完成: 2 条记录, 1 个期间
[2026-06-14 22:26:26] INFO [export_accounting_period_summary] 会计期间总表已导出: /var******************************************************************************************************（1 个期间）
[2026-06-14 22:26:26] INFO [run_pipeline] 会计期间总表已自动生成: /var******************************************************************************************************
[2026-06-14 22:26:26] INFO [save_report] 性能剖析报告已保存: /var****************************************************************************************************
[2026-06-14 22:26:26] INFO [save_report] 性能剖析数据已保存: /var******************************************************************************************************
[2026-06-14 22:26:26] INFO [run_pipeline] 性能剖析报告已生成: /var****************************************************************************************************
[2026-06-14 22:26:26] INFO [run_pipeline] [试运行] 跳过生成财务协同编辑模板
[2026-06-14 22:26:26] INFO [run_batch_pipeline_flow] 文件夹 [2/2] 处理成功: /var*********************************************************************************
[2026-06-14 22:26:26] INFO [run_batch_pipeline_flow] 用户取消提交试运行变更（文件夹 2/2）
[2026-06-14 22:26:26] ERROR [run_batch_pipeline_flow] 批量处理文件夹 [2/2] 失败: /var********************************************************************************* — %d format: a real number is required, not str
Traceback (most recent call last):
  File "/Users/zhangchengcheng/work/ai-project/Trea/solo0605/label-02552/tests/../backend/bankcheck.py", line 9578, in run_batch_pipeline_flow
    with AuditLogger('batch_pipeline', script_dir) as audit:
         ~~~~~~~~~~~^^^^^^^^^^^^^^^^^^^^^^^^^^^^^^
  File "/Users/zhangchengcheng/work/ai-project/Trea/solo0605/label-02552/tests/../backend/bankcheck.py", line 6006, in __exit__
    self.record_success()
    ~~~~~~~~~~~~~~~~~~~^^
  File "/Users/zhangchengcheng/work/ai-project/Trea/solo0605/label-02552/tests/../backend/bankcheck.py", line 5987, in record_success
    self.logger.info('审计记录 [%s] 操作成功完成，耗时 %d ms', self.audit_id, self.record.duration_ms)
    ~~~~~~~~~~~~~~~~^^^^^^^^^^^^^^^^^^^^^^^^^^^^^^^^^^^^^^^^^^^^^^^^^^^^^^^^^^^^^^^^^^^^^^^^^^^^^^^^^^
  File "/opt/homebrew/Cellar/python@3.14/3.14.4_1/Frameworks/Python.framework/Versions/3.14/lib/python3.14/logging/__init__.py", line 1520, in info
    self._log(INFO, msg, args, **kwargs)
    ~~~~~~~~~^^^^^^^^^^^^^^^^^^^^^^^^^^^
  File "/opt/homebrew/Cellar/python@3.14/3.14.4_1/Frameworks/Python.framework/Versions/3.14/lib/python3.14/logging/__init__.py", line 1665, in _log
    self.handle(record)
    ~~~~~~~~~~~^^^^^^^^
  File "/opt/homebrew/Cellar/python@3.14/3.14.4_1/Frameworks/Python.framework/Versions/3.14/lib/python3.14/logging/__init__.py", line 1681, in handle
    self.callHandlers(record)
    ~~~~~~~~~~~~~~~~~^^^^^^^^
  File "/opt/homebrew/Cellar/python@3.14/3.14.4_1/Frameworks/Python.framework/Versions/3.14/lib/python3.14/logging/__init__.py", line 1737, in callHandlers
    hdlr.handle(record)
    ~~~~~~~~~~~^^^^^^^^
  File "/opt/homebrew/Cellar/python@3.14/3.14.4_1/Frameworks/Python.framework/Versions/3.14/lib/python3.14/logging/__init__.py", line 1027, in handle
    self.emit(record)
    ~~~~~~~~~^^^^^^^^
  File "/opt/homebrew/lib/python3.14/site-packages/_pytest/logging.py", line 384, in emit
    super().emit(record)
    ~~~~~~~~~~~~^^^^^^^^
  File "/opt/homebrew/Cellar/python@3.14/3.14.4_1/Frameworks/Python.framework/Versions/3.14/lib/python3.14/logging/__init__.py", line 1159, in emit
    self.handleError(record)
    ~~~~~~~~~~~~~~~~^^^^^^^^
  File "/opt/homebrew/Cellar/python@3.14/3.14.4_1/Frameworks/Python.framework/Versions/3.14/lib/python3.14/logging/__init__.py", line 1151, in emit
    msg = self.format(record)
  File "/opt/homebrew/Cellar/python@3.14/3.14.4_1/Frameworks/Python.framework/Versions/3.14/lib/python3.14/logging/__init__.py", line 999, in format
    return fmt.format(record)
           ~~~~~~~~~~^^^^^^^^
  File "/opt/homebrew/lib/python3.14/site-packages/_pytest/logging.py", line 137, in format
    return super().format(record)
           ~~~~~~~~~~~~~~^^^^^^^^
  File "/opt/homebrew/Cellar/python@3.14/3.14.4_1/Frameworks/Python.framework/Versions/3.14/lib/python3.14/logging/__init__.py", line 712, in format
    record.message = record.getMessage()
                     ~~~~~~~~~~~~~~~~~^^
  File "/opt/homebrew/Cellar/python@3.14/3.14.4_1/Frameworks/Python.framework/Versions/3.14/lib/python3.14/logging/__init__.py", line 400, in getMessage
    msg = msg % self.args
          ~~~~^~~~~~~~~~~
TypeError: %d format: a real number is required, not str
[2026-06-14 22:26:26] INFO [run_batch_pipeline_flow] 批量处理全部完成: 2 个文件夹, 成功 0, 无数据 0, 失败 2
[2026-06-14 22:26:26] INFO [setup_logging] 日志系统初始化完成，日志文件: /Use*******************************************************************************************************
[2026-06-14 22:26:26] INFO [setup_logging] 未检测到 tkinter，将使用命令行交互模式
[2026-06-14 22:26:27] INFO [run_batch_pipeline_flow] 批量处理：用户选择 2 个文件夹
[2026-06-14 22:26:27] INFO [run_batch_pipeline_flow] 批量处理：用户选择运行模式: 全量覆盖
[2026-06-14 22:26:27] INFO [run_batch_pipeline_flow] 批量处理：用户选择执行模式: 试运行（不写盘）
[2026-06-14 22:26:27] INFO [run_batch_pipeline_flow] ===== 批量处理 [1/2]: /var******************************************************************************* =====
[2026-06-14 22:26:27] ERROR [run_batch_pipeline_flow] 批次创建失败: no such table: batches
Traceback (most recent call last):
  File "/Users/zhangchengcheng/work/ai-project/Trea/solo0605/label-02552/tests/../backend/bankcheck.py", line 9570, in run_batch_pipeline_flow
    batch_info = batch_manager.start_batch(input_folder=folder, operator=operator)
  File "/Users/zhangchengcheng/work/ai-project/Trea/solo0605/label-02552/tests/../backend/batch_manager.py", line 214, in start_batch
    cursor.execute('''
    ~~~~~~~~~~~~~~^^^^
        INSERT INTO batches (
        ^^^^^^^^^^^^^^^^^^^^^
    ...<8 lines>...
        batch_info.batch_dir,
        ^^^^^^^^^^^^^^^^^^^^^
    ))
    ^^
sqlite3.OperationalError: no such table: batches
[2026-06-14 22:26:27] INFO [init_audit_db] 审计数据库初始化完成: /var***************************************************************************************
[2026-06-14 22:26:27] INFO [find_lookup_file] 精确匹配到主体查找表: /var*************************************************************************************
[2026-06-14 22:26:27] INFO [__init__] 审计记录已创建 [AUD2*********************] 操作: batch_pipeline, 用户: zha*********eng
[2026-06-14 22:26:27] INFO [find_lookup_file] 精确匹配到主体查找表: /var*************************************************************************************
[2026-06-14 22:26:27] DEBUG [record_input] 审计记录 [AUD2*********************] 已记录输入目录: /var*******************************************************************************
[2026-06-14 22:26:27] INFO [run_pipeline] ===== 试运行模式已启用（不执行删除与写盘操作）=====
[2026-06-14 22:26:27] INFO [find_lookup_file] 精确匹配到主体查找表: /var*************************************************************************************
[2026-06-14 22:26:27] INFO [run_pipeline] 正在预加载主体查找表...
[2026-06-14 22:26:27] DEBUG [detect_excel_format] 文件 /var************************************************************************************* Magic Bytes 检测为 xlsx 格式 (ZIP/OOXML)
[2026-06-14 22:26:27] INFO [load_lookup_table] 查找表加载完成：共 1 条条目，1 个唯一账号，0 个扩展字段
[2026-06-14 22:26:27] INFO [run_pipeline] 主体查找表预加载完成
[2026-06-14 22:26:27] INFO [prepare_working_folder] 已复制文件夹到同级目录: /var***********************************************************************************
[2026-06-14 22:26:27] DEBUG [scan_excel_files] 发现 Excel 文件: /var*********************************************************************************************
[2026-06-14 22:26:27] INFO [scan_excel_files] 共扫描到 1 个 Excel 文件
[2026-06-14 22:26:27] DEBUG [detect_excel_format] 文件 /var********************************************************************************************* Magic Bytes 检测为 xlsx 格式 (ZIP/OOXML)
[2026-06-14 22:26:27] INFO [_identify_bank_by_content] 文件「good.xlsx」通过内容特征识别为: 北京银行
[2026-06-14 22:26:27] INFO [parse] 开始处理北京银行文件: /var*********************************************************************************************
[2026-06-14 22:26:27] DEBUG [detect_excel_format] 文件 /var********************************************************************************************* Magic Bytes 检测为 xlsx 格式 (ZIP/OOXML)
[2026-06-14 22:26:27] INFO [validate_headers] 北京银行文件工作表「交易明细」表头校验通过，7 个字段均匹配
[2026-06-14 22:26:27] DEBUG [get_subject_info] 银行账号「0109年03月」匹配到主体: 北********司（优先级: 0）
[2026-06-14 22:26:27] INFO [_parse_sheet] 北京银行文件工作表「交易明细」提取 2 条记录
[2026-06-14 22:26:27] INFO [parse] 北京银行文件处理完成，共提取 2 条记录
[2026-06-14 22:26:27] INFO [run_pipeline] 成功处理文件: /var*********************************************************************************************（2 条记录）
[2026-06-14 22:26:27] INFO [run_pipeline] [试运行] 跳过删除文件操作，待删除文件 1 个
[2026-06-14 22:26:27] INFO [run_pipeline] [试运行] 跳过总表写盘，模式=全量覆盖，共 2 条记录
[2026-06-14 22:26:27] INFO [apply_amount_anomaly_detection] 开始金额异常检测，单笔阈值: [金额已隐藏] 元
[2026-06-14 22:26:27] INFO [apply_amount_anomaly_detection] 金额异常检测完成：共 2 条记录，0 条异常 (0.00%)
[2026-06-14 22:26:27] INFO [apply_counterparty_rules] 对方户名规则匹配完成: 总记录 2, 命中 0, 黑名单 0, 白名单 0
[2026-06-14 22:26:27] INFO [run_pipeline] [试运行] 跳过生成脱敏版总表
[2026-06-14 22:26:27] INFO [run_pipeline] [试运行] 跳过数据库持久化操作
[2026-06-14 22:26:27] INFO [identify_internal_transfers] 内部划转识别完成: 2 条记录, 识别出 0 对 (0 划出 + 0 划入), 涉及 0 个主体, 0 家银行
[2026-06-14 22:26:27] INFO [summarize_transactions] 主体维度汇总完成: 2 条记录, 1 个主体, 1 家银行, 1 个月份, 0 个未匹配账号
[2026-06-14 22:26:28] INFO [export_subject_summary] 主体维度汇总分析已导出: /var********************************************************************************************************
[2026-06-14 22:26:28] INFO [run_pipeline] 主体维度汇总分析已自动生成: /var********************************************************************************************************
[2026-06-14 22:26:28] INFO [check_balance_continuity] 共 1 个账号待校验
[2026-06-14 22:26:28] DEBUG [check_balance_continuity] 校验账号: 0109年03月, 记录数: 2
[2026-06-14 22:26:28] INFO [check_balance_continuity] 余额连续性校验完成 - 总账号: 1, 已校验: 1, 跳过: 0, 异常笔数: 0, 异常账号: 0
[2026-06-14 22:26:28] INFO [export_balance_check_result] 余额连续性校验结果已导出: /var*********************************************************************************************************
[2026-06-14 22:26:28] INFO [run_pipeline] 余额连续性校验报告已自动生成: /var*********************************************************************************************************
[2026-06-14 22:26:28] INFO [detect_duplicates] 重复交易检测完成 - 总记录: 2, 疑似重复组: 0, 疑似重复记录: 0, 重复率: 0.00%
[2026-06-14 22:26:28] INFO [generate_duplicate_check_from_records] 未检测到重复交易，仍导出报告
[2026-06-14 22:26:28] INFO [export_duplicate_check_result] 重复交易检测结果已导出: /var********************************************************************************************************
[2026-06-14 22:26:28] INFO [run_pipeline] 重复交易检测报告已自动生成: /var********************************************************************************************************
[2026-06-14 22:26:28] INFO [filter_interest_fee_transactions] 筛选出 0 条利息手续费交易
[2026-06-14 22:26:28] INFO [summarize_by_period] 按month汇总生成 0 条期间汇总记录，异常 0 条
[2026-06-14 22:26:28] INFO [check_interest_fee] 利息手续费核对完成 - 总记录: 0 (利息: 0, 手续费: 0), 期间汇总: 0, 异常: 0
[2026-06-14 22:26:28] WARNING [generate_interest_fee_check_from_records] 未筛选到任何利息手续费交易，跳过报告生成
[2026-06-14 22:26:28] INFO [mark_non_workday_transactions] 非工作日交易标记完成: 总记录 2, 工作日 2, 周末 0, 法定节假日 0, 调休工作日 0
[2026-06-14 22:26:28] INFO [generate_holiday_check_from_records] 未发现非工作日交易，仍导出报告
[2026-06-14 22:26:28] INFO [export_holiday_check_result] 非工作日交易标记结果已导出: /var**********************************************************************************************************
[2026-06-14 22:26:28] INFO [run_pipeline] 非工作日交易标记报告已自动生成: /var**********************************************************************************************************
[2026-06-14 22:26:28] INFO [assign_accounting_period] 会计期间归属完成: 2 条记录, 1 个期间
[2026-06-14 22:26:28] INFO [export_accounting_period_summary] 会计期间总表已导出: /var******************************************************************************************************（1 个期间）
[2026-06-14 22:26:28] INFO [run_pipeline] 会计期间总表已自动生成: /var******************************************************************************************************
[2026-06-14 22:26:28] INFO [save_report] 性能剖析报告已保存: /var****************************************************************************************************
[2026-06-14 22:26:28] INFO [save_report] 性能剖析数据已保存: /var******************************************************************************************************
[2026-06-14 22:26:29] INFO [run_pipeline] 性能剖析报告已生成: /var****************************************************************************************************
[2026-06-14 22:26:29] INFO [run_pipeline] [试运行] 跳过生成财务协同编辑模板
[2026-06-14 22:26:29] INFO [run_batch_pipeline_flow] 文件夹 [1/2] 处理成功: /var*******************************************************************************
[2026-06-14 22:26:29] INFO [run_batch_pipeline_flow] 用户取消提交试运行变更（文件夹 1/2）
[2026-06-14 22:26:29] ERROR [run_batch_pipeline_flow] 批量处理文件夹 [1/2] 失败: /var******************************************************************************* — %d format: a real number is required, not str
Traceback (most recent call last):
  File "/Users/zhangchengcheng/work/ai-project/Trea/solo0605/label-02552/tests/../backend/bankcheck.py", line 9578, in run_batch_pipeline_flow
    with AuditLogger('batch_pipeline', script_dir) as audit:
         ~~~~~~~~~~~^^^^^^^^^^^^^^^^^^^^^^^^^^^^^^
  File "/Users/zhangchengcheng/work/ai-project/Trea/solo0605/label-02552/tests/../backend/bankcheck.py", line 6006, in __exit__
    self.record_success()
    ~~~~~~~~~~~~~~~~~~~^^
  File "/Users/zhangchengcheng/work/ai-project/Trea/solo0605/label-02552/tests/../backend/bankcheck.py", line 5987, in record_success
    self.logger.info('审计记录 [%s] 操作成功完成，耗时 %d ms', self.audit_id, self.record.duration_ms)
    ~~~~~~~~~~~~~~~~^^^^^^^^^^^^^^^^^^^^^^^^^^^^^^^^^^^^^^^^^^^^^^^^^^^^^^^^^^^^^^^^^^^^^^^^^^^^^^^^^^
  File "/opt/homebrew/Cellar/python@3.14/3.14.4_1/Frameworks/Python.framework/Versions/3.14/lib/python3.14/logging/__init__.py", line 1520, in info
    self._log(INFO, msg, args, **kwargs)
    ~~~~~~~~~^^^^^^^^^^^^^^^^^^^^^^^^^^^
  File "/opt/homebrew/Cellar/python@3.14/3.14.4_1/Frameworks/Python.framework/Versions/3.14/lib/python3.14/logging/__init__.py", line 1665, in _log
    self.handle(record)
    ~~~~~~~~~~~^^^^^^^^
  File "/opt/homebrew/Cellar/python@3.14/3.14.4_1/Frameworks/Python.framework/Versions/3.14/lib/python3.14/logging/__init__.py", line 1681, in handle
    self.callHandlers(record)
    ~~~~~~~~~~~~~~~~~^^^^^^^^
  File "/opt/homebrew/Cellar/python@3.14/3.14.4_1/Frameworks/Python.framework/Versions/3.14/lib/python3.14/logging/__init__.py", line 1737, in callHandlers
    hdlr.handle(record)
    ~~~~~~~~~~~^^^^^^^^
  File "/opt/homebrew/Cellar/python@3.14/3.14.4_1/Frameworks/Python.framework/Versions/3.14/lib/python3.14/logging/__init__.py", line 1027, in handle
    self.emit(record)
    ~~~~~~~~~^^^^^^^^
  File "/opt/homebrew/lib/python3.14/site-packages/_pytest/logging.py", line 384, in emit
    super().emit(record)
    ~~~~~~~~~~~~^^^^^^^^
  File "/opt/homebrew/Cellar/python@3.14/3.14.4_1/Frameworks/Python.framework/Versions/3.14/lib/python3.14/logging/__init__.py", line 1159, in emit
    self.handleError(record)
    ~~~~~~~~~~~~~~~~^^^^^^^^
  File "/opt/homebrew/Cellar/python@3.14/3.14.4_1/Frameworks/Python.framework/Versions/3.14/lib/python3.14/logging/__init__.py", line 1151, in emit
    msg = self.format(record)
  File "/opt/homebrew/Cellar/python@3.14/3.14.4_1/Frameworks/Python.framework/Versions/3.14/lib/python3.14/logging/__init__.py", line 999, in format
    return fmt.format(record)
           ~~~~~~~~~~^^^^^^^^
  File "/opt/homebrew/lib/python3.14/site-packages/_pytest/logging.py", line 137, in format
    return super().format(record)
           ~~~~~~~~~~~~~~^^^^^^^^
  File "/opt/homebrew/Cellar/python@3.14/3.14.4_1/Frameworks/Python.framework/Versions/3.14/lib/python3.14/logging/__init__.py", line 712, in format
    record.message = record.getMessage()
                     ~~~~~~~~~~~~~~~~~^^
  File "/opt/homebrew/Cellar/python@3.14/3.14.4_1/Frameworks/Python.framework/Versions/3.14/lib/python3.14/logging/__init__.py", line 400, in getMessage
    msg = msg % self.args
          ~~~~^~~~~~~~~~~
TypeError: %d format: a real number is required, not str
[2026-06-14 22:26:29] INFO [run_batch_pipeline_flow] ===== 批量处理 [2/2]: /var************************************************************************************************* =====
[2026-06-14 22:26:29] ERROR [run_batch_pipeline_flow] 批次创建失败: no such table: batches
Traceback (most recent call last):
  File "/Users/zhangchengcheng/work/ai-project/Trea/solo0605/label-02552/tests/../backend/bankcheck.py", line 9570, in run_batch_pipeline_flow
    batch_info = batch_manager.start_batch(input_folder=folder, operator=operator)
  File "/Users/zhangchengcheng/work/ai-project/Trea/solo0605/label-02552/tests/../backend/batch_manager.py", line 214, in start_batch
    cursor.execute('''
    ~~~~~~~~~~~~~~^^^^
        INSERT INTO batches (
        ^^^^^^^^^^^^^^^^^^^^^
    ...<8 lines>...
        batch_info.batch_dir,
        ^^^^^^^^^^^^^^^^^^^^^
    ))
    ^^
sqlite3.OperationalError: no such table: batches
[2026-06-14 22:26:29] INFO [init_audit_db] 审计数据库初始化完成: /var***************************************************************************************
[2026-06-14 22:26:29] INFO [find_lookup_file] 精确匹配到主体查找表: /var*************************************************************************************
[2026-06-14 22:26:29] INFO [__init__] 审计记录已创建 [AUD2*********************] 操作: batch_pipeline, 用户: zha*********eng
[2026-06-14 22:26:29] INFO [find_lookup_file] 精确匹配到主体查找表: /var*************************************************************************************
[2026-06-14 22:26:29] DEBUG [record_input] 审计记录 [AUD2*********************] 已记录输入目录: /var*************************************************************************************************
[2026-06-14 22:26:29] INFO [run_pipeline] ===== 试运行模式已启用（不执行删除与写盘操作）=====
[2026-06-14 22:26:29] INFO [find_lookup_file] 精确匹配到主体查找表: /var*************************************************************************************
[2026-06-14 22:26:29] INFO [run_pipeline] 正在预加载主体查找表...
[2026-06-14 22:26:29] DEBUG [detect_excel_format] 文件 /var************************************************************************************* Magic Bytes 检测为 xlsx 格式 (ZIP/OOXML)
[2026-06-14 22:26:29] INFO [load_lookup_table] 查找表加载完成：共 1 条条目，1 个唯一账号，0 个扩展字段
[2026-06-14 22:26:29] INFO [run_pipeline] 主体查找表预加载完成
[2026-06-14 22:26:29] ERROR [record_failure] 审计记录 [AUD2*********************] 操作失败: Valu***************************************************************************************************************************
[2026-06-14 22:26:29] ERROR [run_batch_pipeline_flow] 批量处理文件夹 [2/2] 失败: /var************************************************************************************************* — 源文件夹不存在或不是目录: /var/folders/8t/8rw7_pg16cx2c2mkh_cvpz8m0000gn/T/bankcheck_batch_test_dkdx6yis/nonexistent_folder_xyz
Traceback (most recent call last):
  File "/Users/zhangchengcheng/work/ai-project/Trea/solo0605/label-02552/tests/../backend/bankcheck.py", line 9581, in run_batch_pipeline_flow
    result = run_pipeline(folder, script_dir, incremental=incremental,
                          batch_id=batch_id, dry_run=dry_run)
  File "/Users/zhangchengcheng/work/ai-project/Trea/solo0605/label-02552/tests/../backend/bankcheck.py", line 3648, in run_pipeline
    working_folder, working_folder_is_copy = prepare_working_folder(
                                             ~~~~~~~~~~~~~~~~~~~~~~^
        folder, strategy=folder_strategy, output_dir=folder_output_dir,
        ^^^^^^^^^^^^^^^^^^^^^^^^^^^^^^^^^^^^^^^^^^^^^^^^^^^^^^^^^^^^^^^
        suffix=folder_suffix, logger=logger
        ^^^^^^^^^^^^^^^^^^^^^^^^^^^^^^^^^^^
    )
    ^
  File "/Users/zhangchengcheng/work/ai-project/Trea/solo0605/label-02552/tests/../backend/bankcheck.py", line 12743, in prepare_working_folder
    raise ValueError(f"源文件夹不存在或不是目录: {source_folder}")
ValueError: 源文件夹不存在或不是目录: /var/folders/8t/8rw7_pg16cx2c2mkh_cvpz8m0000gn/T/bankcheck_batch_test_dkdx6yis/nonexistent_folder_xyz
[2026-06-14 22:26:29] INFO [run_batch_pipeline_flow] 批量处理全部完成: 2 个文件夹, 成功 0, 无数据 0, 失败 2
[2026-06-14 22:26:29] INFO [setup_logging] 日志系统初始化完成，日志文件: /Use*******************************************************************************************************
[2026-06-14 22:26:29] INFO [setup_logging] 未检测到 tkinter，将使用命令行交互模式
[2026-06-14 22:26:29] INFO [run_batch_pipeline_flow] 批量处理：用户选择 1 个文件夹
[2026-06-14 22:26:29] INFO [run_batch_pipeline_flow] 批量处理：用户选择运行模式: 增量合并
[2026-06-14 22:26:29] INFO [run_batch_pipeline_flow] 批量处理：用户选择执行模式: 试运行（不写盘）
[2026-06-14 22:26:29] INFO [run_batch_pipeline_flow] ===== 批量处理 [1/1]: /var******************************************************************************* =====
[2026-06-14 22:26:29] ERROR [run_batch_pipeline_flow] 批次创建失败: no such table: batches
Traceback (most recent call last):
  File "/Users/zhangchengcheng/work/ai-project/Trea/solo0605/label-02552/tests/../backend/bankcheck.py", line 9570, in run_batch_pipeline_flow
    batch_info = batch_manager.start_batch(input_folder=folder, operator=operator)
  File "/Users/zhangchengcheng/work/ai-project/Trea/solo0605/label-02552/tests/../backend/batch_manager.py", line 214, in start_batch
    cursor.execute('''
    ~~~~~~~~~~~~~~^^^^
        INSERT INTO batches (
        ^^^^^^^^^^^^^^^^^^^^^
    ...<8 lines>...
        batch_info.batch_dir,
        ^^^^^^^^^^^^^^^^^^^^^
    ))
    ^^
sqlite3.OperationalError: no such table: batches
[2026-06-14 22:26:29] INFO [init_audit_db] 审计数据库初始化完成: /var***************************************************************************************
[2026-06-14 22:26:29] INFO [find_lookup_file] 精确匹配到主体查找表: /var*************************************************************************************
[2026-06-14 22:26:29] INFO [__init__] 审计记录已创建 [AUD2*********************] 操作: batch_pipeline, 用户: zha*********eng
[2026-06-14 22:26:29] INFO [find_lookup_file] 精确匹配到主体查找表: /var*************************************************************************************
[2026-06-14 22:26:29] DEBUG [record_input] 审计记录 [AUD2*********************] 已记录输入目录: /var*******************************************************************************
[2026-06-14 22:26:29] INFO [run_pipeline] ===== 试运行模式已启用（不执行删除与写盘操作）=====
[2026-06-14 22:26:29] INFO [find_lookup_file] 精确匹配到主体查找表: /var*************************************************************************************
[2026-06-14 22:26:29] INFO [run_pipeline] 正在预加载主体查找表...
[2026-06-14 22:26:29] DEBUG [detect_excel_format] 文件 /var************************************************************************************* Magic Bytes 检测为 xlsx 格式 (ZIP/OOXML)
[2026-06-14 22:26:29] INFO [load_lookup_table] 查找表加载完成：共 1 条条目，1 个唯一账号，0 个扩展字段
[2026-06-14 22:26:29] INFO [run_pipeline] 主体查找表预加载完成
[2026-06-14 22:26:29] INFO [load_existing_keys] 未找到历史总表，将以全量模式运行
[2026-06-14 22:26:29] INFO [run_pipeline] 无历史数据，将以全量模式运行
[2026-06-14 22:26:29] INFO [prepare_working_folder] 已复制文件夹到同级目录: /var***********************************************************************************
[2026-06-14 22:26:29] DEBUG [scan_excel_files] 发现 Excel 文件: /var*********************************************************************************************
[2026-06-14 22:26:29] INFO [scan_excel_files] 共扫描到 1 个 Excel 文件
[2026-06-14 22:26:29] DEBUG [detect_excel_format] 文件 /var********************************************************************************************* Magic Bytes 检测为 xlsx 格式 (ZIP/OOXML)
[2026-06-14 22:26:29] INFO [_identify_bank_by_content] 文件「dry1*****」通过内容特征识别为: 北京银行
[2026-06-14 22:26:29] INFO [parse] 开始处理北京银行文件: /var*********************************************************************************************
[2026-06-14 22:26:29] DEBUG [detect_excel_format] 文件 /var********************************************************************************************* Magic Bytes 检测为 xlsx 格式 (ZIP/OOXML)
[2026-06-14 22:26:29] INFO [validate_headers] 北京银行文件工作表「交易明细」表头校验通过，7 个字段均匹配
[2026-06-14 22:26:29] DEBUG [get_subject_info] 银行账号「0109年03月」匹配到主体: 北********司（优先级: 0）
[2026-06-14 22:26:29] INFO [_parse_sheet] 北京银行文件工作表「交易明细」提取 2 条记录
[2026-06-14 22:26:29] INFO [parse] 北京银行文件处理完成，共提取 2 条记录
[2026-06-14 22:26:29] INFO [run_pipeline] 成功处理文件: /var*********************************************************************************************（2 条记录）
[2026-06-14 22:26:29] INFO [run_pipeline] [试运行] 跳过删除文件操作，待删除文件 1 个
[2026-06-14 22:26:29] INFO [run_pipeline] [试运行] 跳过总表写盘，模式=全量覆盖，共 2 条记录
[2026-06-14 22:26:29] INFO [apply_amount_anomaly_detection] 开始金额异常检测，单笔阈值: [金额已隐藏] 元
[2026-06-14 22:26:29] INFO [apply_amount_anomaly_detection] 金额异常检测完成：共 2 条记录，0 条异常 (0.00%)
[2026-06-14 22:26:29] INFO [apply_counterparty_rules] 对方户名规则匹配完成: 总记录 2, 命中 0, 黑名单 0, 白名单 0
[2026-06-14 22:26:29] INFO [run_pipeline] [试运行] 跳过生成脱敏版总表
[2026-06-14 22:26:29] INFO [run_pipeline] [试运行] 跳过数据库持久化操作
[2026-06-14 22:26:29] INFO [identify_internal_transfers] 内部划转识别完成: 2 条记录, 识别出 0 对 (0 划出 + 0 划入), 涉及 0 个主体, 0 家银行
[2026-06-14 22:26:29] INFO [summarize_transactions] 主体维度汇总完成: 2 条记录, 1 个主体, 1 家银行, 1 个月份, 0 个未匹配账号
[2026-06-14 22:26:31] INFO [export_subject_summary] 主体维度汇总分析已导出: /var********************************************************************************************************
[2026-06-14 22:26:31] INFO [run_pipeline] 主体维度汇总分析已自动生成: /var********************************************************************************************************
[2026-06-14 22:26:31] INFO [check_balance_continuity] 共 1 个账号待校验
[2026-06-14 22:26:31] DEBUG [check_balance_continuity] 校验账号: 0109年03月, 记录数: 2
[2026-06-14 22:26:31] INFO [check_balance_continuity] 余额连续性校验完成 - 总账号: 1, 已校验: 1, 跳过: 0, 异常笔数: 0, 异常账号: 0
[2026-06-14 22:26:31] INFO [export_balance_check_result] 余额连续性校验结果已导出: /var*********************************************************************************************************
[2026-06-14 22:26:31] INFO [run_pipeline] 余额连续性校验报告已自动生成: /var*********************************************************************************************************
[2026-06-14 22:26:31] INFO [detect_duplicates] 重复交易检测完成 - 总记录: 2, 疑似重复组: 0, 疑似重复记录: 0, 重复率: 0.00%
[2026-06-14 22:26:31] INFO [generate_duplicate_check_from_records] 未检测到重复交易，仍导出报告
[2026-06-14 22:26:31] INFO [export_duplicate_check_result] 重复交易检测结果已导出: /var********************************************************************************************************
[2026-06-14 22:26:31] INFO [run_pipeline] 重复交易检测报告已自动生成: /var********************************************************************************************************
[2026-06-14 22:26:31] INFO [filter_interest_fee_transactions] 筛选出 0 条利息手续费交易
[2026-06-14 22:26:31] INFO [summarize_by_period] 按month汇总生成 0 条期间汇总记录，异常 0 条
[2026-06-14 22:26:31] INFO [check_interest_fee] 利息手续费核对完成 - 总记录: 0 (利息: 0, 手续费: 0), 期间汇总: 0, 异常: 0
[2026-06-14 22:26:31] WARNING [generate_interest_fee_check_from_records] 未筛选到任何利息手续费交易，跳过报告生成
[2026-06-14 22:26:31] INFO [mark_non_workday_transactions] 非工作日交易标记完成: 总记录 2, 工作日 2, 周末 0, 法定节假日 0, 调休工作日 0
[2026-06-14 22:26:31] INFO [generate_holiday_check_from_records] 未发现非工作日交易，仍导出报告
[2026-06-14 22:26:31] INFO [export_holiday_check_result] 非工作日交易标记结果已导出: /var**********************************************************************************************************
[2026-06-14 22:26:31] INFO [run_pipeline] 非工作日交易标记报告已自动生成: /var**********************************************************************************************************
[2026-06-14 22:26:31] INFO [assign_accounting_period] 会计期间归属完成: 2 条记录, 1 个期间
[2026-06-14 22:26:31] INFO [export_accounting_period_summary] 会计期间总表已导出: /var******************************************************************************************************（1 个期间）
[2026-06-14 22:26:31] INFO [run_pipeline] 会计期间总表已自动生成: /var******************************************************************************************************
[2026-06-14 22:26:31] INFO [save_report] 性能剖析报告已保存: /var****************************************************************************************************
[2026-06-14 22:26:31] INFO [save_report] 性能剖析数据已保存: /var******************************************************************************************************
[2026-06-14 22:26:31] INFO [run_pipeline] 性能剖析报告已生成: /var****************************************************************************************************
[2026-06-14 22:26:31] INFO [run_pipeline] [试运行] 跳过生成财务协同编辑模板
[2026-06-14 22:26:31] INFO [run_batch_pipeline_flow] 文件夹 [1/1] 处理成功: /var*******************************************************************************
[2026-06-14 22:26:31] INFO [run_batch_pipeline_flow] 用户取消提交试运行变更（文件夹 1/1）
[2026-06-14 22:26:31] ERROR [run_batch_pipeline_flow] 批量处理文件夹 [1/1] 失败: /var******************************************************************************* — %d format: a real number is required, not str
Traceback (most recent call last):
  File "/Users/zhangchengcheng/work/ai-project/Trea/solo0605/label-02552/tests/../backend/bankcheck.py", line 9578, in run_batch_pipeline_flow
    with AuditLogger('batch_pipeline', script_dir) as audit:
         ~~~~~~~~~~~^^^^^^^^^^^^^^^^^^^^^^^^^^^^^^
  File "/Users/zhangchengcheng/work/ai-project/Trea/solo0605/label-02552/tests/../backend/bankcheck.py", line 6006, in __exit__
    self.record_success()
    ~~~~~~~~~~~~~~~~~~~^^
  File "/Users/zhangchengcheng/work/ai-project/Trea/solo0605/label-02552/tests/../backend/bankcheck.py", line 5987, in record_success
    self.logger.info('审计记录 [%s] 操作成功完成，耗时 %d ms', self.audit_id, self.record.duration_ms)
    ~~~~~~~~~~~~~~~~^^^^^^^^^^^^^^^^^^^^^^^^^^^^^^^^^^^^^^^^^^^^^^^^^^^^^^^^^^^^^^^^^^^^^^^^^^^^^^^^^^
  File "/opt/homebrew/Cellar/python@3.14/3.14.4_1/Frameworks/Python.framework/Versions/3.14/lib/python3.14/logging/__init__.py", line 1520, in info
    self._log(INFO, msg, args, **kwargs)
    ~~~~~~~~~^^^^^^^^^^^^^^^^^^^^^^^^^^^
  File "/opt/homebrew/Cellar/python@3.14/3.14.4_1/Frameworks/Python.framework/Versions/3.14/lib/python3.14/logging/__init__.py", line 1665, in _log
    self.handle(record)
    ~~~~~~~~~~~^^^^^^^^
  File "/opt/homebrew/Cellar/python@3.14/3.14.4_1/Frameworks/Python.framework/Versions/3.14/lib/python3.14/logging/__init__.py", line 1681, in handle
    self.callHandlers(record)
    ~~~~~~~~~~~~~~~~~^^^^^^^^
  File "/opt/homebrew/Cellar/python@3.14/3.14.4_1/Frameworks/Python.framework/Versions/3.14/lib/python3.14/logging/__init__.py", line 1737, in callHandlers
    hdlr.handle(record)
    ~~~~~~~~~~~^^^^^^^^
  File "/opt/homebrew/Cellar/python@3.14/3.14.4_1/Frameworks/Python.framework/Versions/3.14/lib/python3.14/logging/__init__.py", line 1027, in handle
    self.emit(record)
    ~~~~~~~~~^^^^^^^^
  File "/opt/homebrew/lib/python3.14/site-packages/_pytest/logging.py", line 384, in emit
    super().emit(record)
    ~~~~~~~~~~~~^^^^^^^^
  File "/opt/homebrew/Cellar/python@3.14/3.14.4_1/Frameworks/Python.framework/Versions/3.14/lib/python3.14/logging/__init__.py", line 1159, in emit
    self.handleError(record)
    ~~~~~~~~~~~~~~~~^^^^^^^^
  File "/opt/homebrew/Cellar/python@3.14/3.14.4_1/Frameworks/Python.framework/Versions/3.14/lib/python3.14/logging/__init__.py", line 1151, in emit
    msg = self.format(record)
  File "/opt/homebrew/Cellar/python@3.14/3.14.4_1/Frameworks/Python.framework/Versions/3.14/lib/python3.14/logging/__init__.py", line 999, in format
    return fmt.format(record)
           ~~~~~~~~~~^^^^^^^^
  File "/opt/homebrew/lib/python3.14/site-packages/_pytest/logging.py", line 137, in format
    return super().format(record)
           ~~~~~~~~~~~~~~^^^^^^^^
  File "/opt/homebrew/Cellar/python@3.14/3.14.4_1/Frameworks/Python.framework/Versions/3.14/lib/python3.14/logging/__init__.py", line 712, in format
    record.message = record.getMessage()
                     ~~~~~~~~~~~~~~~~~^^
  File "/opt/homebrew/Cellar/python@3.14/3.14.4_1/Frameworks/Python.framework/Versions/3.14/lib/python3.14/logging/__init__.py", line 400, in getMessage
    msg = msg % self.args
          ~~~~^~~~~~~~~~~
TypeError: %d format: a real number is required, not str
[2026-06-14 22:26:31] INFO [run_batch_pipeline_flow] 批量处理全部完成: 1 个文件夹, 成功 0, 无数据 0, 失败 1
[2026-06-14 22:26:31] INFO [setup_logging] 日志系统初始化完成，日志文件: /Use*******************************************************************************************************
[2026-06-14 22:26:31] INFO [setup_logging] 未检测到 tkinter，将使用命令行交互模式
[2026-06-14 22:26:32] INFO [run_batch_pipeline_flow] 批量处理：用户选择 1 个文件夹
[2026-06-14 22:26:32] INFO [run_batch_pipeline_flow] 批量处理：用户选择运行模式: 全量覆盖
[2026-06-14 22:26:32] INFO [run_batch_pipeline_flow] 批量处理：用户选择执行模式: 试运行（不写盘）
[2026-06-14 22:26:32] INFO [run_batch_pipeline_flow] ===== 批量处理 [1/1]: /var******************************************************************************* =====
[2026-06-14 22:26:32] ERROR [run_batch_pipeline_flow] 批次创建失败: no such table: batches
Traceback (most recent call last):
  File "/Users/zhangchengcheng/work/ai-project/Trea/solo0605/label-02552/tests/../backend/bankcheck.py", line 9570, in run_batch_pipeline_flow
    batch_info = batch_manager.start_batch(input_folder=folder, operator=operator)
  File "/Users/zhangchengcheng/work/ai-project/Trea/solo0605/label-02552/tests/../backend/batch_manager.py", line 214, in start_batch
    cursor.execute('''
    ~~~~~~~~~~~~~~^^^^
        INSERT INTO batches (
        ^^^^^^^^^^^^^^^^^^^^^
    ...<8 lines>...
        batch_info.batch_dir,
        ^^^^^^^^^^^^^^^^^^^^^
    ))
    ^^
sqlite3.OperationalError: no such table: batches
[2026-06-14 22:26:32] INFO [init_audit_db] 审计数据库初始化完成: /var***************************************************************************************
[2026-06-14 22:26:33] INFO [find_lookup_file] 精确匹配到主体查找表: /var*************************************************************************************
[2026-06-14 22:26:35] INFO [__init__] 审计记录已创建 [AUD2*********************] 操作: batch_pipeline, 用户: zha*********eng
[2026-06-14 22:26:35] INFO [find_lookup_file] 精确匹配到主体查找表: /var*************************************************************************************
[2026-06-14 22:26:35] DEBUG [record_input] 审计记录 [AUD2*********************] 已记录输入目录: /var*******************************************************************************
[2026-06-14 22:26:35] INFO [run_pipeline] ===== 试运行模式已启用（不执行删除与写盘操作）=====
[2026-06-14 22:26:35] INFO [find_lookup_file] 精确匹配到主体查找表: /var*************************************************************************************
[2026-06-14 22:26:35] INFO [run_pipeline] 正在预加载主体查找表...
[2026-06-14 22:26:36] DEBUG [detect_excel_format] 文件 /var************************************************************************************* Magic Bytes 检测为 xlsx 格式 (ZIP/OOXML)
[2026-06-14 22:26:38] INFO [load_lookup_table] 查找表加载完成：共 1 条条目，1 个唯一账号，0 个扩展字段
[2026-06-14 22:26:38] INFO [run_pipeline] 主体查找表预加载完成
[2026-06-14 22:26:39] INFO [prepare_working_folder] 已复制文件夹到同级目录: /var***********************************************************************************
[2026-06-14 22:26:39] DEBUG [scan_excel_files] 发现 Excel 文件: /var*********************************************************************************************
[2026-06-14 22:26:39] INFO [scan_excel_files] 共扫描到 1 个 Excel 文件
[2026-06-14 22:26:40] DEBUG [detect_excel_format] 文件 /var********************************************************************************************* Magic Bytes 检测为 xlsx 格式 (ZIP/OOXML)
[2026-06-14 22:26:40] INFO [_identify_bank_by_content] 文件「inc1*****」通过内容特征识别为: 北京银行
[2026-06-14 22:26:40] INFO [parse] 开始处理北京银行文件: /var*********************************************************************************************
[2026-06-14 22:26:41] DEBUG [detect_excel_format] 文件 /var********************************************************************************************* Magic Bytes 检测为 xlsx 格式 (ZIP/OOXML)
[2026-06-14 22:26:42] INFO [validate_headers] 北京银行文件工作表「交易明细」表头校验通过，7 个字段均匹配
[2026-06-14 22:26:43] DEBUG [get_subject_info] 银行账号「0109年03月」匹配到主体: 北********司（优先级: 0）
[2026-06-14 22:26:43] INFO [_parse_sheet] 北京银行文件工作表「交易明细」提取 2 条记录
[2026-06-14 22:26:43] INFO [parse] 北京银行文件处理完成，共提取 2 条记录
[2026-06-14 22:26:43] INFO [run_pipeline] 成功处理文件: /var*********************************************************************************************（2 条记录）
[2026-06-14 22:26:43] INFO [run_pipeline] [试运行] 跳过删除文件操作，待删除文件 1 个
[2026-06-14 22:26:43] INFO [run_pipeline] [试运行] 跳过总表写盘，模式=全量覆盖，共 2 条记录
[2026-06-14 22:26:43] INFO [apply_amount_anomaly_detection] 开始金额异常检测，单笔阈值: [金额已隐藏] 元
[2026-06-14 22:26:43] INFO [apply_amount_anomaly_detection] 金额异常检测完成：共 2 条记录，0 条异常 (0.00%)
[2026-06-14 22:26:43] INFO [apply_counterparty_rules] 对方户名规则匹配完成: 总记录 2, 命中 0, 黑名单 0, 白名单 0
[2026-06-14 22:26:43] INFO [run_pipeline] [试运行] 跳过生成脱敏版总表
[2026-06-14 22:26:43] INFO [run_pipeline] [试运行] 跳过数据库持久化操作
[2026-06-14 22:26:43] INFO [identify_internal_transfers] 内部划转识别完成: 2 条记录, 识别出 0 对 (0 划出 + 0 划入), 涉及 0 个主体, 0 家银行
[2026-06-14 22:26:44] INFO [summarize_transactions] 主体维度汇总完成: 2 条记录, 1 个主体, 1 家银行, 1 个月份, 0 个未匹配账号
[2026-06-14 22:26:45] INFO [export_subject_summary] 主体维度汇总分析已导出: /var********************************************************************************************************
[2026-06-14 22:26:45] INFO [run_pipeline] 主体维度汇总分析已自动生成: /var********************************************************************************************************
[2026-06-14 22:26:45] INFO [check_balance_continuity] 共 1 个账号待校验
[2026-06-14 22:26:45] DEBUG [check_balance_continuity] 校验账号: 0109年03月, 记录数: 2
[2026-06-14 22:26:45] INFO [check_balance_continuity] 余额连续性校验完成 - 总账号: 1, 已校验: 1, 跳过: 0, 异常笔数: 0, 异常账号: 0
[2026-06-14 22:26:46] INFO [export_balance_check_result] 余额连续性校验结果已导出: /var*********************************************************************************************************
[2026-06-14 22:26:46] INFO [run_pipeline] 余额连续性校验报告已自动生成: /var*********************************************************************************************************
[2026-06-14 22:26:46] INFO [detect_duplicates] 重复交易检测完成 - 总记录: 2, 疑似重复组: 0, 疑似重复记录: 0, 重复率: 0.00%
[2026-06-14 22:26:46] INFO [generate_duplicate_check_from_records] 未检测到重复交易，仍导出报告
[2026-06-14 22:26:46] INFO [export_duplicate_check_result] 重复交易检测结果已导出: /var********************************************************************************************************
[2026-06-14 22:26:46] INFO [run_pipeline] 重复交易检测报告已自动生成: /var********************************************************************************************************
[2026-06-14 22:26:46] INFO [filter_interest_fee_transactions] 筛选出 0 条利息手续费交易
[2026-06-14 22:26:46] INFO [summarize_by_period] 按month汇总生成 0 条期间汇总记录，异常 0 条
[2026-06-14 22:26:46] INFO [check_interest_fee] 利息手续费核对完成 - 总记录: 0 (利息: 0, 手续费: 0), 期间汇总: 0, 异常: 0
[2026-06-14 22:26:46] WARNING [generate_interest_fee_check_from_records] 未筛选到任何利息手续费交易，跳过报告生成
[2026-06-14 22:26:46] INFO [mark_non_workday_transactions] 非工作日交易标记完成: 总记录 2, 工作日 2, 周末 0, 法定节假日 0, 调休工作日 0
[2026-06-14 22:26:46] INFO [generate_holiday_check_from_records] 未发现非工作日交易，仍导出报告
[2026-06-14 22:26:46] INFO [export_holiday_check_result] 非工作日交易标记结果已导出: /var**********************************************************************************************************
[2026-06-14 22:26:47] INFO [run_pipeline] 非工作日交易标记报告已自动生成: /var**********************************************************************************************************
[2026-06-14 22:26:47] INFO [assign_accounting_period] 会计期间归属完成: 2 条记录, 1 个期间
[2026-06-14 22:26:47] INFO [export_accounting_period_summary] 会计期间总表已导出: /var******************************************************************************************************（1 个期间）
[2026-06-14 22:26:47] INFO [run_pipeline] 会计期间总表已自动生成: /var******************************************************************************************************
[2026-06-14 22:26:47] INFO [save_report] 性能剖析报告已保存: /var****************************************************************************************************
[2026-06-14 22:26:47] INFO [save_report] 性能剖析数据已保存: /var******************************************************************************************************
[2026-06-14 22:26:47] INFO [run_pipeline] 性能剖析报告已生成: /var****************************************************************************************************
[2026-06-14 22:26:47] INFO [run_pipeline] [试运行] 跳过生成财务协同编辑模板
[2026-06-14 22:26:47] INFO [run_batch_pipeline_flow] 文件夹 [1/1] 处理成功: /var*******************************************************************************
[2026-06-14 22:26:47] INFO [run_batch_pipeline_flow] 用户取消提交试运行变更（文件夹 1/1）
[2026-06-14 22:26:48] ERROR [run_batch_pipeline_flow] 批量处理文件夹 [1/1] 失败: /var******************************************************************************* — %d format: a real number is required, not str
Traceback (most recent call last):
  File "/Users/zhangchengcheng/work/ai-project/Trea/solo0605/label-02552/tests/../backend/bankcheck.py", line 9578, in run_batch_pipeline_flow
    with AuditLogger('batch_pipeline', script_dir) as audit:
         ~~~~~~~~~~~^^^^^^^^^^^^^^^^^^^^^^^^^^^^^^
  File "/Users/zhangchengcheng/work/ai-project/Trea/solo0605/label-02552/tests/../backend/bankcheck.py", line 6006, in __exit__
    self.record_success()
    ~~~~~~~~~~~~~~~~~~~^^
  File "/Users/zhangchengcheng/work/ai-project/Trea/solo0605/label-02552/tests/../backend/bankcheck.py", line 5987, in record_success
    self.logger.info('审计记录 [%s] 操作成功完成，耗时 %d ms', self.audit_id, self.record.duration_ms)
    ~~~~~~~~~~~~~~~~^^^^^^^^^^^^^^^^^^^^^^^^^^^^^^^^^^^^^^^^^^^^^^^^^^^^^^^^^^^^^^^^^^^^^^^^^^^^^^^^^^
  File "/opt/homebrew/Cellar/python@3.14/3.14.4_1/Frameworks/Python.framework/Versions/3.14/lib/python3.14/logging/__init__.py", line 1520, in info
    self._log(INFO, msg, args, **kwargs)
    ~~~~~~~~~^^^^^^^^^^^^^^^^^^^^^^^^^^^
  File "/opt/homebrew/Cellar/python@3.14/3.14.4_1/Frameworks/Python.framework/Versions/3.14/lib/python3.14/logging/__init__.py", line 1665, in _log
    self.handle(record)
    ~~~~~~~~~~~^^^^^^^^
  File "/opt/homebrew/Cellar/python@3.14/3.14.4_1/Frameworks/Python.framework/Versions/3.14/lib/python3.14/logging/__init__.py", line 1681, in handle
    self.callHandlers(record)
    ~~~~~~~~~~~~~~~~~^^^^^^^^
  File "/opt/homebrew/Cellar/python@3.14/3.14.4_1/Frameworks/Python.framework/Versions/3.14/lib/python3.14/logging/__init__.py", line 1737, in callHandlers
    hdlr.handle(record)
    ~~~~~~~~~~~^^^^^^^^
  File "/opt/homebrew/Cellar/python@3.14/3.14.4_1/Frameworks/Python.framework/Versions/3.14/lib/python3.14/logging/__init__.py", line 1027, in handle
    self.emit(record)
    ~~~~~~~~~^^^^^^^^
  File "/opt/homebrew/lib/python3.14/site-packages/_pytest/logging.py", line 384, in emit
    super().emit(record)
    ~~~~~~~~~~~~^^^^^^^^
  File "/opt/homebrew/Cellar/python@3.14/3.14.4_1/Frameworks/Python.framework/Versions/3.14/lib/python3.14/logging/__init__.py", line 1159, in emit
    self.handleError(record)
    ~~~~~~~~~~~~~~~~^^^^^^^^
  File "/opt/homebrew/Cellar/python@3.14/3.14.4_1/Frameworks/Python.framework/Versions/3.14/lib/python3.14/logging/__init__.py", line 1151, in emit
    msg = self.format(record)
  File "/opt/homebrew/Cellar/python@3.14/3.14.4_1/Frameworks/Python.framework/Versions/3.14/lib/python3.14/logging/__init__.py", line 999, in format
    return fmt.format(record)
           ~~~~~~~~~~^^^^^^^^
  File "/opt/homebrew/lib/python3.14/site-packages/_pytest/logging.py", line 137, in format
    return super().format(record)
           ~~~~~~~~~~~~~~^^^^^^^^
  File "/opt/homebrew/Cellar/python@3.14/3.14.4_1/Frameworks/Python.framework/Versions/3.14/lib/python3.14/logging/__init__.py", line 712, in format
    record.message = record.getMessage()
                     ~~~~~~~~~~~~~~~~~^^
  File "/opt/homebrew/Cellar/python@3.14/3.14.4_1/Frameworks/Python.framework/Versions/3.14/lib/python3.14/logging/__init__.py", line 400, in getMessage
    msg = msg % self.args
          ~~~~^~~~~~~~~~~
TypeError: %d format: a real number is required, not str
[2026-06-14 22:26:48] INFO [run_batch_pipeline_flow] 批量处理全部完成: 1 个文件夹, 成功 0, 无数据 0, 失败 1
[2026-06-14 22:26:48] INFO [setup_logging] 日志系统初始化完成，日志文件: /Use*******************************************************************************************************
[2026-06-14 22:26:48] INFO [setup_logging] 未检测到 tkinter，将使用命令行交互模式
[2026-06-14 22:26:48] INFO [setup_logging] 日志系统初始化完成，日志文件: /Use*******************************************************************************************************
[2026-06-14 22:26:48] INFO [setup_logging] 未检测到 tkinter，将使用命令行交互模式
