[2026-06-16 09:15:45] INFO [setup_logging] 日志系统初始化完成，日志文件: /Use*******************************************************************************************************
[2026-06-16 09:15:45] INFO [setup_logging] 未检测到 tkinter，将使用命令行交互模式
[2026-06-16 09:15:45] INFO [setup_logging] 日志系统初始化完成，日志文件: /Use*******************************************************************************************************
[2026-06-16 09:15:45] INFO [setup_logging] 未检测到 tkinter，将使用命令行交互模式
[2026-06-16 09:15:45] INFO [setup_logging] 日志系统初始化完成，日志文件: /Use*******************************************************************************************************
[2026-06-16 09:15:45] INFO [setup_logging] 未检测到 tkinter，将使用命令行交互模式
[2026-06-16 09:15:45] INFO [setup_logging] 日志系统初始化完成，日志文件: /Use*******************************************************************************************************
[2026-06-16 09:15:45] INFO [setup_logging] 未检测到 tkinter，将使用命令行交互模式
[2026-06-16 09:15:45] INFO [setup_logging] 日志系统初始化完成，日志文件: /Use*******************************************************************************************************
[2026-06-16 09:15:45] INFO [setup_logging] 未检测到 tkinter，将使用命令行交互模式
[2026-06-16 09:15:45] INFO [setup_logging] 日志系统初始化完成，日志文件: /Use*******************************************************************************************************
[2026-06-16 09:15:45] INFO [setup_logging] 未检测到 tkinter，将使用命令行交互模式
[2026-06-16 09:15:45] INFO [setup_logging] 日志系统初始化完成，日志文件: /Use*******************************************************************************************************
[2026-06-16 09:15:45] INFO [setup_logging] 未检测到 tkinter，将使用命令行交互模式
[2026-06-16 09:15:45] INFO [setup_logging] 日志系统初始化完成，日志文件: /Use*******************************************************************************************************
[2026-06-16 09:15:45] INFO [setup_logging] 未检测到 tkinter，将使用命令行交互模式
[2026-06-16 09:15:45] INFO [setup_logging] 日志系统初始化完成，日志文件: /Use*******************************************************************************************************
[2026-06-16 09:15:45] INFO [setup_logging] 未检测到 tkinter，将使用命令行交互模式
[2026-06-16 09:15:45] INFO [setup_logging] 日志系统初始化完成，日志文件: /Use*******************************************************************************************************
[2026-06-16 09:15:45] INFO [setup_logging] 未检测到 tkinter，将使用命令行交互模式
[2026-06-16 09:15:45] INFO [setup_logging] 日志系统初始化完成，日志文件: /Use*******************************************************************************************************
[2026-06-16 09:15:45] INFO [setup_logging] 未检测到 tkinter，将使用命令行交互模式
[2026-06-16 09:15:45] INFO [setup_logging] 日志系统初始化完成，日志文件: /Use*******************************************************************************************************
[2026-06-16 09:15:45] INFO [setup_logging] 未检测到 tkinter，将使用命令行交互模式
[2026-06-16 09:15:45] INFO [setup_logging] 日志系统初始化完成，日志文件: /Use*******************************************************************************************************
[2026-06-16 09:15:45] INFO [setup_logging] 未检测到 tkinter，将使用命令行交互模式
[2026-06-16 09:15:45] INFO [setup_logging] 日志系统初始化完成，日志文件: /Use*******************************************************************************************************
[2026-06-16 09:15:45] INFO [setup_logging] 未检测到 tkinter，将使用命令行交互模式
[2026-06-16 09:15:45] INFO [setup_logging] 日志系统初始化完成，日志文件: /Use*******************************************************************************************************
[2026-06-16 09:15:45] INFO [setup_logging] 未检测到 tkinter，将使用命令行交互模式
[2026-06-16 09:15:45] INFO [setup_logging] 日志系统初始化完成，日志文件: /Use*******************************************************************************************************
[2026-06-16 09:15:45] INFO [setup_logging] 未检测到 tkinter，将使用命令行交互模式
[2026-06-16 09:15:45] INFO [setup_logging] 日志系统初始化完成，日志文件: /Use*******************************************************************************************************
[2026-06-16 09:15:45] INFO [setup_logging] 未检测到 tkinter，将使用命令行交互模式
[2026-06-16 09:15:45] INFO [setup_logging] 日志系统初始化完成，日志文件: /Use*******************************************************************************************************
[2026-06-16 09:15:45] INFO [setup_logging] 未检测到 tkinter，将使用命令行交互模式
[2026-06-16 09:15:45] INFO [setup_logging] 日志系统初始化完成，日志文件: /Use*******************************************************************************************************
[2026-06-16 09:15:45] INFO [setup_logging] 未检测到 tkinter，将使用命令行交互模式
[2026-06-16 09:15:45] INFO [setup_logging] 日志系统初始化完成，日志文件: /Use*******************************************************************************************************
[2026-06-16 09:15:45] INFO [setup_logging] 未检测到 tkinter，将使用命令行交互模式
[2026-06-16 09:15:45] INFO [setup_logging] 日志系统初始化完成，日志文件: /Use*******************************************************************************************************
[2026-06-16 09:15:45] INFO [setup_logging] 未检测到 tkinter，将使用命令行交互模式
[2026-06-16 09:15:45] INFO [setup_logging] 日志系统初始化完成，日志文件: /Use*******************************************************************************************************
[2026-06-16 09:15:45] INFO [setup_logging] 未检测到 tkinter，将使用命令行交互模式
[2026-06-16 09:15:45] INFO [setup_logging] 日志系统初始化完成，日志文件: /Use*******************************************************************************************************
[2026-06-16 09:15:45] INFO [setup_logging] 未检测到 tkinter，将使用命令行交互模式
[2026-06-16 09:15:45] INFO [setup_logging] 日志系统初始化完成，日志文件: /Use*******************************************************************************************************
[2026-06-16 09:15:45] INFO [setup_logging] 未检测到 tkinter，将使用命令行交互模式
[2026-06-16 09:15:45] INFO [setup_logging] 日志系统初始化完成，日志文件: /Use*******************************************************************************************************
[2026-06-16 09:15:45] INFO [setup_logging] 未检测到 tkinter，将使用命令行交互模式
[2026-06-16 09:15:45] INFO [setup_logging] 日志系统初始化完成，日志文件: /Use*******************************************************************************************************
[2026-06-16 09:15:45] INFO [setup_logging] 未检测到 tkinter，将使用命令行交互模式
[2026-06-16 09:15:45] INFO [setup_logging] 日志系统初始化完成，日志文件: /Use*******************************************************************************************************
[2026-06-16 09:15:45] INFO [setup_logging] 未检测到 tkinter，将使用命令行交互模式
[2026-06-16 09:15:45] INFO [setup_logging] 日志系统初始化完成，日志文件: /Use*******************************************************************************************************
[2026-06-16 09:15:45] INFO [setup_logging] 未检测到 tkinter，将使用命令行交互模式
[2026-06-16 09:15:45] INFO [setup_logging] 日志系统初始化完成，日志文件: /Use*******************************************************************************************************
[2026-06-16 09:15:45] INFO [setup_logging] 未检测到 tkinter，将使用命令行交互模式
[2026-06-16 09:15:45] INFO [setup_logging] 日志系统初始化完成，日志文件: /Use*******************************************************************************************************
[2026-06-16 09:15:45] INFO [setup_logging] 未检测到 tkinter，将使用命令行交互模式
[2026-06-16 09:15:45] INFO [setup_logging] 日志系统初始化完成，日志文件: /Use*******************************************************************************************************
[2026-06-16 09:15:45] INFO [setup_logging] 未检测到 tkinter，将使用命令行交互模式
[2026-06-16 09:15:45] INFO [setup_logging] 日志系统初始化完成，日志文件: /Use*******************************************************************************************************
[2026-06-16 09:15:45] INFO [setup_logging] 未检测到 tkinter，将使用命令行交互模式
[2026-06-16 09:15:45] INFO [setup_logging] 日志系统初始化完成，日志文件: /Use*******************************************************************************************************
[2026-06-16 09:15:45] INFO [setup_logging] 未检测到 tkinter，将使用命令行交互模式
[2026-06-16 09:15:45] INFO [setup_logging] 日志系统初始化完成，日志文件: /Use*******************************************************************************************************
[2026-06-16 09:15:45] INFO [setup_logging] 未检测到 tkinter，将使用命令行交互模式
[2026-06-16 09:15:45] WARNING [_read_and_mask_log] 读取日志文件失败 /nonexistent/path/test.log: [Errno 2] No such file or directory: '/nonexistent/path/test.log'
[2026-06-16 09:15:45] INFO [setup_logging] 日志系统初始化完成，日志文件: /Use*******************************************************************************************************
[2026-06-16 09:15:45] INFO [setup_logging] 未检测到 tkinter，将使用命令行交互模式
[2026-06-16 09:15:45] INFO [setup_logging] 日志系统初始化完成，日志文件: /Use*******************************************************************************************************
[2026-06-16 09:15:45] INFO [setup_logging] 未检测到 tkinter，将使用命令行交互模式
[2026-06-16 09:15:45] INFO [setup_logging] 日志系统初始化完成，日志文件: /Use*******************************************************************************************************
[2026-06-16 09:15:45] INFO [setup_logging] 未检测到 tkinter，将使用命令行交互模式
[2026-06-16 09:15:45] INFO [setup_logging] 日志系统初始化完成，日志文件: /Use*******************************************************************************************************
[2026-06-16 09:15:45] INFO [setup_logging] 未检测到 tkinter，将使用命令行交互模式
[2026-06-16 09:15:45] INFO [setup_logging] 日志系统初始化完成，日志文件: /Use*******************************************************************************************************
[2026-06-16 09:15:45] INFO [setup_logging] 未检测到 tkinter，将使用命令行交互模式
[2026-06-16 09:15:45] INFO [setup_logging] 日志系统初始化完成，日志文件: /Use*******************************************************************************************************
[2026-06-16 09:15:45] INFO [setup_logging] 未检测到 tkinter，将使用命令行交互模式
[2026-06-16 09:15:45] INFO [setup_logging] 日志系统初始化完成，日志文件: /Use*******************************************************************************************************
[2026-06-16 09:15:45] INFO [setup_logging] 未检测到 tkinter，将使用命令行交互模式
[2026-06-16 09:15:45] INFO [setup_logging] 日志系统初始化完成，日志文件: /Use*******************************************************************************************************
[2026-06-16 09:15:45] INFO [setup_logging] 未检测到 tkinter，将使用命令行交互模式
[2026-06-16 09:15:45] INFO [setup_logging] 日志系统初始化完成，日志文件: /Use*******************************************************************************************************
[2026-06-16 09:15:45] INFO [setup_logging] 未检测到 tkinter，将使用命令行交互模式
[2026-06-16 09:15:45] INFO [setup_logging] 日志系统初始化完成，日志文件: /Use*******************************************************************************************************
[2026-06-16 09:15:45] INFO [setup_logging] 未检测到 tkinter，将使用命令行交互模式
[2026-06-16 09:15:45] INFO [setup_logging] 日志系统初始化完成，日志文件: /Use*******************************************************************************************************
[2026-06-16 09:15:45] INFO [setup_logging] 未检测到 tkinter，将使用命令行交互模式
[2026-06-16 09:15:45] INFO [setup_logging] 日志系统初始化完成，日志文件: /Use*******************************************************************************************************
[2026-06-16 09:15:45] INFO [setup_logging] 未检测到 tkinter，将使用命令行交互模式
[2026-06-16 09:15:45] INFO [setup_logging] 日志系统初始化完成，日志文件: /Use*******************************************************************************************************
[2026-06-16 09:15:45] INFO [setup_logging] 未检测到 tkinter，将使用命令行交互模式
[2026-06-16 09:15:45] INFO [setup_logging] 日志系统初始化完成，日志文件: /Use*******************************************************************************************************
[2026-06-16 09:15:45] INFO [setup_logging] 未检测到 tkinter，将使用命令行交互模式
[2026-06-16 09:15:45] INFO [run_troubleshooting] 开始智能排障分析
[2026-06-16 09:15:45] INFO [run_troubleshooting] 读取日志文件: /Use******************************************************************************************************* (98 行)
[2026-06-16 09:15:45] INFO [run_troubleshooting] 排障分析完成，发现 0 个问题
[2026-06-16 09:15:45] INFO [setup_logging] 日志系统初始化完成，日志文件: /Use*******************************************************************************************************
[2026-06-16 09:15:45] INFO [setup_logging] 未检测到 tkinter，将使用命令行交互模式
[2026-06-16 09:15:45] INFO [run_troubleshooting] 开始智能排障分析
[2026-06-16 09:15:45] INFO [run_troubleshooting] 读取日志文件: /Use******************************************************************************************************* (103 行)
[2026-06-16 09:15:45] INFO [run_troubleshooting] 排障分析完成，发现 0 个问题
[2026-06-16 09:15:45] INFO [setup_logging] 日志系统初始化完成，日志文件: /Use*******************************************************************************************************
[2026-06-16 09:15:45] INFO [setup_logging] 未检测到 tkinter，将使用命令行交互模式
[2026-06-16 09:15:45] INFO [export_diagnostic_package] 开始生成远程诊断包
[2026-06-16 09:15:45] INFO [export_diagnostic_package] 已收集环境信息
[2026-06-16 09:15:45] INFO [export_diagnostic_package] 已收集 2 个日志文件
[2026-06-16 09:15:45] INFO [export_diagnostic_package] 已收集配置摘要
[2026-06-16 09:15:45] INFO [export_diagnostic_package] 已收集文件结构摘要
[2026-06-16 09:15:45] INFO [run_troubleshooting] 开始智能排障分析
[2026-06-16 09:15:45] INFO [run_troubleshooting] 读取日志文件: /var************************************************************************************************** (3 行)
[2026-06-16 09:15:45] INFO [run_troubleshooting] 排障分析完成，发现 1 个问题
[2026-06-16 09:15:45] INFO [export_diagnostic_package] 已收集排障报告
[2026-06-16 09:15:45] INFO [export_diagnostic_package] 诊断包生成成功: /var************************************************************************************************************** (7 个文件, 3.0 KB)
[2026-06-16 09:15:45] INFO [setup_logging] 日志系统初始化完成，日志文件: /Use*******************************************************************************************************
[2026-06-16 09:15:45] INFO [setup_logging] 未检测到 tkinter，将使用命令行交互模式
[2026-06-16 09:15:45] INFO [export_diagnostic_package] 开始生成远程诊断包
[2026-06-16 09:15:45] INFO [export_diagnostic_package] 已收集环境信息
[2026-06-16 09:15:45] INFO [export_diagnostic_package] 已收集 2 个日志文件
[2026-06-16 09:15:45] INFO [export_diagnostic_package] 已收集配置摘要
[2026-06-16 09:15:45] INFO [export_diagnostic_package] 已收集文件结构摘要
[2026-06-16 09:15:45] INFO [run_troubleshooting] 开始智能排障分析
[2026-06-16 09:15:45] INFO [run_troubleshooting] 读取日志文件: /var************************************************************************************************** (3 行)
[2026-06-16 09:15:45] INFO [run_troubleshooting] 排障分析完成，发现 1 个问题
[2026-06-16 09:15:45] INFO [export_diagnostic_package] 已收集排障报告
[2026-06-16 09:15:45] INFO [export_diagnostic_package] 诊断包生成成功: /var************************************************************************************************************** (7 个文件, 3.0 KB)
[2026-06-16 09:15:45] INFO [setup_logging] 日志系统初始化完成，日志文件: /Use*******************************************************************************************************
[2026-06-16 09:15:45] INFO [setup_logging] 未检测到 tkinter，将使用命令行交互模式
[2026-06-16 09:15:45] INFO [export_diagnostic_package] 开始生成远程诊断包
[2026-06-16 09:15:45] INFO [export_diagnostic_package] 已收集环境信息
[2026-06-16 09:15:45] INFO [export_diagnostic_package] 已收集 2 个日志文件
[2026-06-16 09:15:45] INFO [export_diagnostic_package] 已收集配置摘要
[2026-06-16 09:15:45] INFO [export_diagnostic_package] 已收集文件结构摘要
[2026-06-16 09:15:45] INFO [run_troubleshooting] 开始智能排障分析
[2026-06-16 09:15:45] INFO [run_troubleshooting] 读取日志文件: /var************************************************************************************************** (3 行)
[2026-06-16 09:15:45] INFO [run_troubleshooting] 排障分析完成，发现 1 个问题
[2026-06-16 09:15:45] INFO [export_diagnostic_package] 已收集排障报告
[2026-06-16 09:15:45] INFO [export_diagnostic_package] 诊断包生成成功: /var************************************************************************************************************** (7 个文件, 3.0 KB)
[2026-06-16 09:15:45] INFO [setup_logging] 日志系统初始化完成，日志文件: /Use*******************************************************************************************************
[2026-06-16 09:15:45] INFO [setup_logging] 未检测到 tkinter，将使用命令行交互模式
[2026-06-16 09:15:45] INFO [export_diagnostic_package] 开始生成远程诊断包
[2026-06-16 09:15:45] INFO [export_diagnostic_package] 已收集环境信息
[2026-06-16 09:15:45] INFO [export_diagnostic_package] 已收集 2 个日志文件
[2026-06-16 09:15:45] INFO [export_diagnostic_package] 已收集配置摘要
[2026-06-16 09:15:45] INFO [export_diagnostic_package] 已收集文件结构摘要
[2026-06-16 09:15:45] INFO [run_troubleshooting] 开始智能排障分析
[2026-06-16 09:15:45] INFO [run_troubleshooting] 读取日志文件: /var************************************************************************************************** (3 行)
[2026-06-16 09:15:45] INFO [run_troubleshooting] 排障分析完成，发现 1 个问题
[2026-06-16 09:15:45] INFO [export_diagnostic_package] 已收集排障报告
[2026-06-16 09:15:45] INFO [export_diagnostic_package] 诊断包生成成功: /var************************************************************************************************************** (7 个文件, 3.0 KB)
[2026-06-16 09:15:45] INFO [setup_logging] 日志系统初始化完成，日志文件: /Use*******************************************************************************************************
[2026-06-16 09:15:45] INFO [setup_logging] 未检测到 tkinter，将使用命令行交互模式
[2026-06-16 09:15:45] INFO [export_diagnostic_package] 开始生成远程诊断包
[2026-06-16 09:15:45] INFO [export_diagnostic_package] 已收集环境信息
[2026-06-16 09:15:45] INFO [export_diagnostic_package] 已收集 2 个日志文件
[2026-06-16 09:15:45] INFO [export_diagnostic_package] 已收集配置摘要
[2026-06-16 09:15:45] INFO [export_diagnostic_package] 已收集文件结构摘要
[2026-06-16 09:15:45] INFO [run_troubleshooting] 开始智能排障分析
[2026-06-16 09:15:45] INFO [run_troubleshooting] 读取日志文件: /var************************************************************************************************** (3 行)
[2026-06-16 09:15:45] INFO [run_troubleshooting] 排障分析完成，发现 1 个问题
[2026-06-16 09:15:45] INFO [export_diagnostic_package] 已收集排障报告
[2026-06-16 09:15:45] INFO [export_diagnostic_package] 诊断包生成成功: /var************************************************************************************************************** (7 个文件, 3.0 KB)
[2026-06-16 09:15:45] INFO [setup_logging] 日志系统初始化完成，日志文件: /Use*******************************************************************************************************
[2026-06-16 09:15:45] INFO [setup_logging] 未检测到 tkinter，将使用命令行交互模式
[2026-06-16 09:15:45] INFO [export_diagnostic_package] 开始生成远程诊断包
[2026-06-16 09:15:45] INFO [export_diagnostic_package] 已收集环境信息
[2026-06-16 09:15:45] INFO [export_diagnostic_package] 已收集 2 个日志文件
[2026-06-16 09:15:45] INFO [export_diagnostic_package] 已收集配置摘要
[2026-06-16 09:15:45] INFO [export_diagnostic_package] 已收集文件结构摘要
[2026-06-16 09:15:45] INFO [run_troubleshooting] 开始智能排障分析
[2026-06-16 09:15:46] INFO [run_troubleshooting] 读取日志文件: /var************************************************************************************************** (3 行)
[2026-06-16 09:15:46] INFO [run_troubleshooting] 排障分析完成，发现 1 个问题
[2026-06-16 09:15:46] INFO [export_diagnostic_package] 已收集排障报告
[2026-06-16 09:15:46] INFO [export_diagnostic_package] 诊断包生成成功: /var************************************************************************************************************** (7 个文件, 3.0 KB)
[2026-06-16 09:15:46] INFO [setup_logging] 日志系统初始化完成，日志文件: /Use*******************************************************************************************************
[2026-06-16 09:15:46] INFO [setup_logging] 未检测到 tkinter，将使用命令行交互模式
[2026-06-16 09:15:46] INFO [export_diagnostic_package] 开始生成远程诊断包
[2026-06-16 09:15:46] INFO [export_diagnostic_package] 已收集环境信息
[2026-06-16 09:15:46] INFO [export_diagnostic_package] 已收集 0 个日志文件
[2026-06-16 09:15:46] INFO [export_diagnostic_package] 已收集配置摘要
[2026-06-16 09:15:46] INFO [export_diagnostic_package] 已收集文件结构摘要
[2026-06-16 09:15:46] INFO [run_troubleshooting] 开始智能排障分析
[2026-06-16 09:15:46] WARNING [run_troubleshooting] 未找到日志文件
[2026-06-16 09:15:46] INFO [run_troubleshooting] 排障分析完成，发现 0 个问题
[2026-06-16 09:15:46] INFO [export_diagnostic_package] 已收集排障报告
[2026-06-16 09:15:46] INFO [export_diagnostic_package] 诊断包生成成功: /var************************************************************************************************************** (5 个文件, 2.4 KB)
[2026-06-16 09:15:46] INFO [setup_logging] 日志系统初始化完成，日志文件: /Use*******************************************************************************************************
[2026-06-16 09:15:46] INFO [setup_logging] 未检测到 tkinter，将使用命令行交互模式
[2026-06-16 09:15:46] INFO [export_diagnostic_package] 开始生成远程诊断包
[2026-06-16 09:15:46] INFO [export_diagnostic_package] 已收集环境信息
[2026-06-16 09:15:46] INFO [export_diagnostic_package] 已收集 0 个日志文件
[2026-06-16 09:15:46] INFO [export_diagnostic_package] 已收集配置摘要
[2026-06-16 09:15:46] INFO [export_diagnostic_package] 已收集文件结构摘要
[2026-06-16 09:15:46] INFO [run_troubleshooting] 开始智能排障分析
[2026-06-16 09:15:46] WARNING [run_troubleshooting] 未找到日志文件
[2026-06-16 09:15:46] INFO [run_troubleshooting] 排障分析完成，发现 0 个问题
[2026-06-16 09:15:46] INFO [export_diagnostic_package] 已收集排障报告
[2026-06-16 09:15:46] INFO [export_diagnostic_package] 诊断包生成成功: /var************************************************************************************************************** (5 个文件, 2.2 KB)
[2026-06-16 09:15:46] INFO [setup_logging] 日志系统初始化完成，日志文件: /Use*******************************************************************************************************
[2026-06-16 09:15:46] INFO [setup_logging] 未检测到 tkinter，将使用命令行交互模式
[2026-06-16 09:15:46] INFO [export_diagnostic_package] 开始生成远程诊断包
[2026-06-16 09:15:46] INFO [export_diagnostic_package] 诊断包生成成功: /var************************************************************************************************************** (1 个文件, 0.5 KB)
[2026-06-16 09:15:46] INFO [setup_logging] 日志系统初始化完成，日志文件: /Use*******************************************************************************************************
[2026-06-16 09:15:46] INFO [setup_logging] 未检测到 tkinter，将使用命令行交互模式
[2026-06-16 09:15:46] INFO [export_diagnostic_package] 开始生成远程诊断包
[2026-06-16 09:15:46] INFO [export_diagnostic_package] 已收集环境信息
[2026-06-16 09:15:46] INFO [export_diagnostic_package] 已收集 0 个日志文件
[2026-06-16 09:15:46] INFO [export_diagnostic_package] 已收集配置摘要
[2026-06-16 09:15:46] INFO [export_diagnostic_package] 已收集文件结构摘要
[2026-06-16 09:15:46] INFO [run_troubleshooting] 开始智能排障分析
[2026-06-16 09:15:46] WARNING [run_troubleshooting] 未找到日志文件
[2026-06-16 09:15:46] INFO [run_troubleshooting] 排障分析完成，发现 0 个问题
[2026-06-16 09:15:46] INFO [export_diagnostic_package] 已收集排障报告
[2026-06-16 09:15:46] INFO [export_diagnostic_package] 诊断包生成成功: /var************************************************************************************************************** (5 个文件, 2.4 KB)
[2026-06-16 09:15:46] INFO [setup_logging] 日志系统初始化完成，日志文件: /Use*******************************************************************************************************
[2026-06-16 09:15:46] INFO [setup_logging] 未检测到 tkinter，将使用命令行交互模式
[2026-06-16 09:15:46] INFO [export_diagnostic_package] 开始生成远程诊断包
[2026-06-16 09:15:46] INFO [export_diagnostic_package] 已收集环境信息
[2026-06-16 09:15:46] INFO [export_diagnostic_package] 已收集 2 个日志文件
[2026-06-16 09:15:46] INFO [export_diagnostic_package] 已收集配置摘要
[2026-06-16 09:15:46] INFO [export_diagnostic_package] 已收集文件结构摘要
[2026-06-16 09:15:46] INFO [run_troubleshooting] 开始智能排障分析
[2026-06-16 09:15:46] INFO [run_troubleshooting] 读取日志文件: /var************************************************************************************************** (3 行)
[2026-06-16 09:15:46] INFO [run_troubleshooting] 排障分析完成，发现 1 个问题
[2026-06-16 09:15:46] INFO [export_diagnostic_package] 已收集排障报告
[2026-06-16 09:15:46] INFO [export_diagnostic_package] 诊断包生成成功: /var***************************************************************************************************************************** (7 个文件, 3.0 KB)
[2026-06-16 09:15:46] INFO [setup_logging] 日志系统初始化完成，日志文件: /Use*******************************************************************************************************
[2026-06-16 09:15:46] INFO [setup_logging] 未检测到 tkinter，将使用命令行交互模式
[2026-06-16 09:15:46] INFO [export_diagnostic_package] 开始生成远程诊断包
[2026-06-16 09:15:46] ERROR [export_diagnostic_package] 无法创建输出目录 /nonexistent_root_no_perm/dir: [Errno 1] Operation not permitted: '/nonexistent_root_no_perm'
[2026-06-16 09:15:46] INFO [setup_logging] 日志系统初始化完成，日志文件: /Use*******************************************************************************************************
[2026-06-16 09:15:46] INFO [setup_logging] 未检测到 tkinter，将使用命令行交互模式
[2026-06-16 09:15:46] INFO [export_diagnostic_package] 开始生成远程诊断包
[2026-06-16 09:15:46] INFO [export_diagnostic_package] 已收集环境信息
[2026-06-16 09:15:46] INFO [export_diagnostic_package] 已收集 1 个日志文件
[2026-06-16 09:15:46] INFO [export_diagnostic_package] 已收集配置摘要
[2026-06-16 09:15:46] INFO [export_diagnostic_package] 已收集文件结构摘要
[2026-06-16 09:15:46] INFO [run_troubleshooting] 开始智能排障分析
[2026-06-16 09:15:46] INFO [run_troubleshooting] 读取日志文件: /Use******************************************************************************************************* (241 行)
[2026-06-16 09:15:46] INFO [run_troubleshooting] 排障分析完成，发现 0 个问题
[2026-06-16 09:15:46] INFO [export_diagnostic_package] 已收集排障报告
[2026-06-16 09:15:46] INFO [export_diagnostic_package] 诊断包生成成功: /var************************************************************************************************************** (6 个文件, 7.8 KB)
[2026-06-16 09:15:46] INFO [setup_logging] 日志系统初始化完成，日志文件: /Use*******************************************************************************************************
[2026-06-16 09:15:46] INFO [setup_logging] 未检测到 tkinter，将使用命令行交互模式
[2026-06-16 09:15:46] INFO [export_diagnostic_package] 开始生成远程诊断包
[2026-06-16 09:15:46] INFO [export_diagnostic_package] 已收集环境信息
[2026-06-16 09:15:46] INFO [export_diagnostic_package] 已收集 2 个日志文件
[2026-06-16 09:15:46] INFO [export_diagnostic_package] 已收集配置摘要
[2026-06-16 09:15:46] INFO [export_diagnostic_package] 已收集文件结构摘要
[2026-06-16 09:15:46] INFO [run_troubleshooting] 开始智能排障分析
[2026-06-16 09:15:46] INFO [run_troubleshooting] 读取日志文件: /var************************************************************************************************** (3 行)
[2026-06-16 09:15:46] INFO [run_troubleshooting] 排障分析完成，发现 1 个问题
[2026-06-16 09:15:46] INFO [export_diagnostic_package] 已收集排障报告
[2026-06-16 09:15:46] INFO [export_diagnostic_package] 诊断包生成成功: /var************************************************************************************************************ (7 个文件, 3.1 KB)
[2026-06-16 09:15:46] INFO [setup_logging] 日志系统初始化完成，日志文件: /Use*******************************************************************************************************
[2026-06-16 09:15:46] INFO [setup_logging] 未检测到 tkinter，将使用命令行交互模式
[2026-06-16 09:15:46] INFO [setup_logging] 日志系统初始化完成，日志文件: /Use*******************************************************************************************************
[2026-06-16 09:15:46] INFO [setup_logging] 未检测到 tkinter，将使用命令行交互模式
[2026-06-16 09:15:46] INFO [setup_logging] 日志系统初始化完成，日志文件: /Use*******************************************************************************************************
[2026-06-16 09:15:46] INFO [setup_logging] 未检测到 tkinter，将使用命令行交互模式
[2026-06-16 09:15:46] INFO [setup_logging] 日志系统初始化完成，日志文件: /Use*******************************************************************************************************
[2026-06-16 09:15:46] INFO [setup_logging] 未检测到 tkinter，将使用命令行交互模式
[2026-06-16 09:15:46] INFO [setup_logging] 日志系统初始化完成，日志文件: /Use*******************************************************************************************************
[2026-06-16 09:15:46] INFO [setup_logging] 未检测到 tkinter，将使用命令行交互模式
[2026-06-16 09:15:46] INFO [setup_logging] 日志系统初始化完成，日志文件: /Use*******************************************************************************************************
[2026-06-16 09:15:46] INFO [setup_logging] 未检测到 tkinter，将使用命令行交互模式
[2026-06-16 09:15:46] INFO [export_diagnostic_package] 开始生成远程诊断包
[2026-06-16 09:15:46] INFO [export_diagnostic_package] 已收集环境信息
[2026-06-16 09:15:46] INFO [export_diagnostic_package] 已收集 1 个日志文件
[2026-06-16 09:15:46] INFO [export_diagnostic_package] 已收集配置摘要
[2026-06-16 09:15:46] INFO [export_diagnostic_package] 已收集文件结构摘要
[2026-06-16 09:15:46] INFO [run_troubleshooting] 开始智能排障分析
[2026-06-16 09:15:46] INFO [run_troubleshooting] 读取日志文件: /var************************************************************************************************** (3 行)
[2026-06-16 09:15:46] INFO [run_troubleshooting] 排障分析完成，发现 1 个问题
[2026-06-16 09:15:46] INFO [export_diagnostic_package] 已收集排障报告
[2026-06-16 09:15:46] INFO [export_diagnostic_package] 诊断包生成成功: /var************************************************************************************************************** (6 个文件, 2.9 KB)
[2026-06-16 09:15:46] INFO [setup_logging] 日志系统初始化完成，日志文件: /Use*******************************************************************************************************
[2026-06-16 09:15:46] INFO [setup_logging] 未检测到 tkinter，将使用命令行交互模式
[2026-06-16 09:15:46] INFO [export_diagnostic_package] 开始生成远程诊断包
[2026-06-16 09:15:46] INFO [export_diagnostic_package] 已收集环境信息
[2026-06-16 09:15:46] INFO [export_diagnostic_package] 已收集 0 个日志文件
[2026-06-16 09:15:46] INFO [export_diagnostic_package] 已收集配置摘要
[2026-06-16 09:15:46] INFO [export_diagnostic_package] 已收集文件结构摘要
[2026-06-16 09:15:46] INFO [run_troubleshooting] 开始智能排障分析
[2026-06-16 09:15:46] WARNING [run_troubleshooting] 未找到日志文件
[2026-06-16 09:15:46] INFO [run_troubleshooting] 排障分析完成，发现 0 个问题
[2026-06-16 09:15:46] INFO [export_diagnostic_package] 已收集排障报告
[2026-06-16 09:15:46] INFO [export_diagnostic_package] 诊断包生成成功: /var************************************************************************************************************** (5 个文件, 2.0 KB)
[2026-06-16 09:15:46] INFO [setup_logging] 日志系统初始化完成，日志文件: /Use*******************************************************************************************************
[2026-06-16 09:15:46] INFO [setup_logging] 未检测到 tkinter，将使用命令行交互模式
[2026-06-16 09:15:46] INFO [export_diagnostic_package] 开始生成远程诊断包
[2026-06-16 09:15:46] INFO [export_diagnostic_package] 已收集环境信息
[2026-06-16 09:15:46] INFO [export_diagnostic_package] 已收集 2 个日志文件
[2026-06-16 09:15:46] INFO [export_diagnostic_package] 已收集配置摘要
[2026-06-16 09:15:46] INFO [export_diagnostic_package] 已收集文件结构摘要
[2026-06-16 09:15:46] INFO [run_troubleshooting] 开始智能排障分析
[2026-06-16 09:15:46] INFO [run_troubleshooting] 读取日志文件: /var************************************************************************************************** (3 行)
[2026-06-16 09:15:46] INFO [run_troubleshooting] 排障分析完成，发现 1 个问题
[2026-06-16 09:15:46] INFO [export_diagnostic_package] 已收集排障报告
[2026-06-16 09:15:46] INFO [export_diagnostic_package] 诊断包生成成功: /var************************************************************************************************************** (7 个文件, 3.0 KB)
[2026-06-16 09:15:46] INFO [export_diagnostic_package] 开始生成远程诊断包
[2026-06-16 09:15:46] INFO [export_diagnostic_package] 已收集环境信息
[2026-06-16 09:15:46] INFO [export_diagnostic_package] 已收集 2 个日志文件
[2026-06-16 09:15:46] INFO [export_diagnostic_package] 已收集配置摘要
[2026-06-16 09:15:46] INFO [export_diagnostic_package] 已收集文件结构摘要
[2026-06-16 09:15:46] INFO [run_troubleshooting] 开始智能排障分析
[2026-06-16 09:15:46] INFO [run_troubleshooting] 读取日志文件: /var************************************************************************************************** (3 行)
[2026-06-16 09:15:46] INFO [run_troubleshooting] 排障分析完成，发现 1 个问题
[2026-06-16 09:15:46] INFO [export_diagnostic_package] 已收集排障报告
[2026-06-16 09:15:46] INFO [export_diagnostic_package] 诊断包生成成功: /var************************************************************************************************************** (7 个文件, 3.0 KB)
[2026-06-16 09:15:46] INFO [setup_logging] 日志系统初始化完成，日志文件: /Use*******************************************************************************************************
[2026-06-16 09:15:46] INFO [setup_logging] 未检测到 tkinter，将使用命令行交互模式
[2026-06-16 09:15:46] INFO [setup_logging] 日志系统初始化完成，日志文件: /Use*******************************************************************************************************
[2026-06-16 09:15:46] INFO [setup_logging] 未检测到 tkinter，将使用命令行交互模式
[2026-06-16 09:15:46] INFO [setup_logging] 日志系统初始化完成，日志文件: /Use*******************************************************************************************************
[2026-06-16 09:15:46] INFO [setup_logging] 未检测到 tkinter，将使用命令行交互模式
[2026-06-16 09:15:46] INFO [setup_logging] 日志系统初始化完成，日志文件: /Use*******************************************************************************************************
[2026-06-16 09:15:46] INFO [setup_logging] 未检测到 tkinter，将使用命令行交互模式
[2026-06-16 09:15:46] INFO [setup_logging] 日志系统初始化完成，日志文件: /Use*******************************************************************************************************
[2026-06-16 09:15:46] INFO [setup_logging] 未检测到 tkinter，将使用命令行交互模式
[2026-06-16 09:15:46] INFO [load_config] 已加载 6 个银行规则配置
[2026-06-16 09:15:46] INFO [_cmd_diagnostic_export] ========== 远程诊断包导出（CLI） ==========
[2026-06-16 09:15:46] INFO [export_diagnostic_package] 开始生成远程诊断包
[2026-06-16 09:15:46] INFO [export_diagnostic_package] 已收集环境信息
[2026-06-16 09:15:46] INFO [export_diagnostic_package] 已收集 1 个日志文件
[2026-06-16 09:15:46] INFO [export_diagnostic_package] 已收集配置摘要
[2026-06-16 09:15:46] INFO [export_diagnostic_package] 已收集文件结构摘要
[2026-06-16 09:15:46] INFO [run_troubleshooting] 开始智能排障分析
[2026-06-16 09:15:46] INFO [run_troubleshooting] 读取日志文件: /var************************************************************************************************** (1 行)
[2026-06-16 09:15:46] INFO [run_troubleshooting] 排障分析完成，发现 0 个问题
[2026-06-16 09:15:46] INFO [export_diagnostic_package] 已收集排障报告
[2026-06-16 09:15:46] INFO [export_diagnostic_package] 诊断包生成成功: /var************************************************************************************************************** (6 个文件, 2.3 KB)
[2026-06-16 09:15:46] INFO [_cmd_diagnostic_export] 诊断包导出成功: /var**************************************************************************************************************
[2026-06-16 09:15:46] INFO [setup_logging] 日志系统初始化完成，日志文件: /Use*******************************************************************************************************
[2026-06-16 09:15:46] INFO [setup_logging] 未检测到 tkinter，将使用命令行交互模式
[2026-06-16 09:15:46] INFO [_cmd_diagnostic_export] ========== 远程诊断包导出（CLI） ==========
[2026-06-16 09:15:46] INFO [export_diagnostic_package] 开始生成远程诊断包
[2026-06-16 09:15:46] INFO [export_diagnostic_package] 已收集环境信息
[2026-06-16 09:15:46] INFO [export_diagnostic_package] 诊断包生成成功: /var************************************************************************************************************** (2 个文件, 1.3 KB)
[2026-06-16 09:15:46] INFO [_cmd_diagnostic_export] 诊断包导出成功: /var**************************************************************************************************************
[2026-06-16 09:15:46] INFO [setup_logging] 日志系统初始化完成，日志文件: /Use*******************************************************************************************************
[2026-06-16 09:15:46] INFO [setup_logging] 未检测到 tkinter，将使用命令行交互模式
[2026-06-16 09:15:46] INFO [_cmd_diagnostic_export] ========== 远程诊断包导出（CLI） ==========
[2026-06-16 09:15:46] ERROR [_cmd_diagnostic_export] 诊断包导出模块加载失败: Module not found
[2026-06-16 09:15:46] INFO [setup_logging] 日志系统初始化完成，日志文件: /Use*******************************************************************************************************
[2026-06-16 09:15:46] INFO [setup_logging] 未检测到 tkinter，将使用命令行交互模式
[2026-06-16 09:15:46] INFO [_cmd_diagnostic_export] ========== 远程诊断包导出（CLI） ==========
[2026-06-16 09:15:46] INFO [export_diagnostic_package] 开始生成远程诊断包
[2026-06-16 09:15:46] ERROR [export_diagnostic_package] 无法创建输出目录 /nonexistent_root_dir/that/should/not/exist: [Errno 1] Operation not permitted: '/nonexistent_root_dir'
[2026-06-16 09:15:46] ERROR [_cmd_diagnostic_export] 诊断包导出失败: 无法创建****************************************************************
[2026-06-16 09:15:46] INFO [setup_logging] 日志系统初始化完成，日志文件: /Use*******************************************************************************************************
[2026-06-16 09:15:46] INFO [setup_logging] 未检测到 tkinter，将使用命令行交互模式
[2026-06-16 09:15:46] ERROR [show_error_dialog_with_diagnostic] [测试错误] 发生了一个测试错误 - 详情: 测试详情
NoneType: None
[2026-06-16 09:15:46] INFO [show_error_dialog_with_diagnostic] 用户选择导出诊断包，开始生成...
[2026-06-16 09:15:46] INFO [export_diagnostic_package] 开始生成远程诊断包
[2026-06-16 09:15:46] INFO [export_diagnostic_package] 已收集环境信息
[2026-06-16 09:15:46] INFO [export_diagnostic_package] 已收集 0 个日志文件
[2026-06-16 09:15:46] INFO [export_diagnostic_package] 已收集配置摘要
[2026-06-16 09:15:46] INFO [export_diagnostic_package] 已收集文件结构摘要
[2026-06-16 09:15:46] INFO [run_troubleshooting] 开始智能排障分析
[2026-06-16 09:15:46] WARNING [run_troubleshooting] 未找到日志文件
[2026-06-16 09:15:46] INFO [run_troubleshooting] 排障分析完成，发现 0 个问题
[2026-06-16 09:15:46] INFO [export_diagnostic_package] 已收集排障报告
[2026-06-16 09:15:46] INFO [export_diagnostic_package] 诊断包生成成功: /var************************************************************************************************************ (5 个文件, 2.1 KB)
[2026-06-16 09:15:46] INFO [setup_logging] 日志系统初始化完成，日志文件: /Use*******************************************************************************************************
[2026-06-16 09:15:46] INFO [setup_logging] 未检测到 tkinter，将使用命令行交互模式
[2026-06-16 09:15:46] ERROR [show_error_dialog_with_diagnostic] [测试错误] 发生了一个测试错误
NoneType: None
[2026-06-16 09:15:46] INFO [setup_logging] 日志系统初始化完成，日志文件: /Use*******************************************************************************************************
[2026-06-16 09:15:46] INFO [setup_logging] 未检测到 tkinter，将使用命令行交互模式
[2026-06-16 09:15:46] ERROR [show_error_dialog_with_diagnostic] [测试错误] 发生了一个测试错误
NoneType: None
[2026-06-16 09:15:46] INFO [show_error_dialog_with_diagnostic] 用户选择导出诊断包，开始生成...
[2026-06-16 09:15:46] INFO [export_diagnostic_package] 开始生成远程诊断包
[2026-06-16 09:15:46] INFO [export_diagnostic_package] 已收集环境信息
[2026-06-16 09:15:46] INFO [export_diagnostic_package] 已收集 0 个日志文件
[2026-06-16 09:15:46] INFO [export_diagnostic_package] 已收集配置摘要
[2026-06-16 09:15:46] INFO [export_diagnostic_package] 已收集文件结构摘要
[2026-06-16 09:15:46] INFO [run_troubleshooting] 开始智能排障分析
[2026-06-16 09:15:46] WARNING [run_troubleshooting] 未找到日志文件
[2026-06-16 09:15:46] INFO [run_troubleshooting] 排障分析完成，发现 0 个问题
[2026-06-16 09:15:46] INFO [export_diagnostic_package] 已收集排障报告
[2026-06-16 09:15:46] INFO [export_diagnostic_package] 诊断包生成成功: /var************************************************************************************************************ (5 个文件, 2.1 KB)
[2026-06-16 09:15:46] INFO [setup_logging] 日志系统初始化完成，日志文件: /Use*******************************************************************************************************
[2026-06-16 09:15:46] INFO [setup_logging] 未检测到 tkinter，将使用命令行交互模式
[2026-06-16 09:15:46] INFO [setup_logging] 日志系统初始化完成，日志文件: /Use*******************************************************************************************************
[2026-06-16 09:15:46] INFO [setup_logging] 未检测到 tkinter，将使用命令行交互模式
[2026-06-16 09:15:46] INFO [setup_logging] 日志系统初始化完成，日志文件: /Use*******************************************************************************************************
[2026-06-16 09:15:46] INFO [setup_logging] 未检测到 tkinter，将使用命令行交互模式
[2026-06-16 09:15:46] INFO [setup_logging] 日志系统初始化完成，日志文件: /Use*******************************************************************************************************
[2026-06-16 09:15:46] INFO [setup_logging] 未检测到 tkinter，将使用命令行交互模式
[2026-06-16 09:15:46] ERROR [show_error_dialog_with_diagnostic] [测试错误] 发生了一个测试错误
NoneType: None
[2026-06-16 09:15:46] INFO [show_error_dialog_with_diagnostic] 用户选择导出诊断包，开始生成...
[2026-06-16 09:15:46] INFO [export_diagnostic_package] 开始生成远程诊断包
[2026-06-16 09:15:46] INFO [export_diagnostic_package] 已收集环境信息
[2026-06-16 09:15:46] INFO [export_diagnostic_package] 已收集 0 个日志文件
[2026-06-16 09:15:46] INFO [export_diagnostic_package] 已收集配置摘要
[2026-06-16 09:15:46] INFO [export_diagnostic_package] 已收集文件结构摘要
[2026-06-16 09:15:46] INFO [run_troubleshooting] 开始智能排障分析
[2026-06-16 09:15:46] WARNING [run_troubleshooting] 未找到日志文件
[2026-06-16 09:15:46] INFO [run_troubleshooting] 排障分析完成，发现 0 个问题
[2026-06-16 09:15:46] INFO [export_diagnostic_package] 已收集排障报告
[2026-06-16 09:15:46] INFO [export_diagnostic_package] 诊断包生成成功: /var************************************************************************************************************ (5 个文件, 2.1 KB)
[2026-06-16 09:15:46] INFO [setup_logging] 日志系统初始化完成，日志文件: /Use*******************************************************************************************************
[2026-06-16 09:15:46] INFO [setup_logging] 未检测到 tkinter，将使用命令行交互模式
[2026-06-16 09:15:46] ERROR [show_error_dialog_with_diagnostic] [测试错误] 发生了一个测试错误
NoneType: None
[2026-06-16 09:15:46] INFO [setup_logging] 日志系统初始化完成，日志文件: /Use*******************************************************************************************************
[2026-06-16 09:15:46] INFO [setup_logging] 未检测到 tkinter，将使用命令行交互模式
[2026-06-16 09:15:46] INFO [setup_logging] 日志系统初始化完成，日志文件: /Use*******************************************************************************************************
[2026-06-16 09:15:46] INFO [setup_logging] 未检测到 tkinter，将使用命令行交互模式
[2026-06-16 09:15:46] INFO [setup_logging] 日志系统初始化完成，日志文件: /Use*******************************************************************************************************
[2026-06-16 09:15:46] INFO [setup_logging] 未检测到 tkinter，将使用命令行交互模式
[2026-06-16 09:15:46] CRITICAL [_global_excepthook] 程序发生未捕获异常: ValueError: 测试错误
ValueError: 测试错误
[2026-06-16 09:15:46] INFO [setup_logging] 日志系统初始化完成，日志文件: /Use*******************************************************************************************************
[2026-06-16 09:15:46] INFO [setup_logging] 未检测到 tkinter，将使用命令行交互模式
[2026-06-16 09:15:46] CRITICAL [_global_excepthook] 程序发生未捕获异常: ValueError: 测试错误
ValueError: 测试错误
[2026-06-16 09:15:46] INFO [setup_logging] 日志系统初始化完成，日志文件: /Use*******************************************************************************************************
[2026-06-16 09:15:46] INFO [setup_logging] 未检测到 tkinter，将使用命令行交互模式
[2026-06-16 09:15:46] INFO [setup_logging] 日志系统初始化完成，日志文件: /Use*******************************************************************************************************
[2026-06-16 09:15:46] INFO [setup_logging] 未检测到 tkinter，将使用命令行交互模式
[2026-06-16 09:15:46] INFO [setup_logging] 日志系统初始化完成，日志文件: /Use*******************************************************************************************************
[2026-06-16 09:15:46] INFO [setup_logging] 未检测到 tkinter，将使用命令行交互模式
[2026-06-16 09:15:46] INFO [setup_logging] 日志系统初始化完成，日志文件: /Use*******************************************************************************************************
[2026-06-16 09:15:46] INFO [setup_logging] 未检测到 tkinter，将使用命令行交互模式
