[2026-06-14 19:03:01] INFO [setup_logging] 日志系统初始化完成，日志文件: /Use*******************************************************************************************************
[2026-06-14 19:03:01] INFO [setup_logging] 未检测到 tkinter，将使用命令行交互模式
[2026-06-14 19:03:01] INFO [find_lookup_file] 精确匹配到主体查找表: /var**************************************************************************************
[2026-06-14 19:03:01] INFO [run_pipeline] 正在预加载主体查找表...
[2026-06-14 19:03:01] DEBUG [detect_excel_format] 文件 /var************************************************************************************** Magic Bytes 检测为 xlsx 格式 (ZIP/OOXML)
[2026-06-14 19:03:01] INFO [load_lookup_table] 查找表加载完成：共 2 条条目，2 个唯一账号，0 个扩展字段
[2026-06-14 19:03:01] INFO [run_pipeline] 主体查找表预加载完成
[2026-06-14 19:03:01] INFO [load_existing_keys] 未找到历史总表，将以全量模式运行
[2026-06-14 19:03:01] INFO [run_pipeline] 无历史数据，将以全量模式运行
[2026-06-14 19:03:01] INFO [prepare_working_folder] 已复制文件夹到同级目录: /var******************************************************************************
[2026-06-14 19:03:01] DEBUG [scan_excel_files] 发现 Excel 文件: /var*******************************************************************************************
[2026-06-14 19:03:01] INFO [scan_excel_files] 共扫描到 1 个 Excel 文件
[2026-06-14 19:03:01] DEBUG [detect_excel_format] 文件 /var******************************************************************************************* Magic Bytes 检测为 xlsx 格式 (ZIP/OOXML)
[2026-06-14 19:03:01] INFO [identify_bank] 文件「北京银行_流水.xlsx」通过前缀匹配识别为: 北京银行
[2026-06-14 19:03:01] INFO [parse] 开始处理北京银行文件: /var*******************************************************************************************
[2026-06-14 19:03:01] DEBUG [detect_excel_format] 文件 /var******************************************************************************************* Magic Bytes 检测为 xlsx 格式 (ZIP/OOXML)
[2026-06-14 19:03:01] INFO [validate_headers] 北京银行文件工作表「交易明细」表头校验通过，7 个字段均匹配
[2026-06-14 19:03:01] DEBUG [get_subject_info] 银行账号「0109年03月」匹配到主体: 北********司（优先级: 0）
[2026-06-14 19:03:01] INFO [_parse_sheet] 北京银行文件工作表「交易明细」提取 2 条记录
[2026-06-14 19:03:01] INFO [parse] 北京银行文件处理完成，共提取 2 条记录
[2026-06-14 19:03:01] INFO [run_pipeline] 成功处理文件: /var*******************************************************************************************（2 条记录）
[2026-06-14 19:03:01] DEBUG [delete_processed_files] 已删除文件: /var*******************************************************************************************
[2026-06-14 19:03:01] INFO [run_pipeline] 总表输出完成: /var***************************************************************************************（共 2 条记录）
[2026-06-14 19:03:01] INFO [apply_amount_anomaly_detection] 开始金额异常检测，单笔阈值: [金额已隐藏] 元
[2026-06-14 19:03:01] INFO [apply_amount_anomaly_detection] 金额异常检测完成：共 2 条记录，0 条异常 (0.00%)
[2026-06-14 19:03:02] INFO [save_config] 对方户名规则配置已保存: /var***************************************************************************************************
[2026-06-14 19:03:02] INFO [apply_counterparty_rules] 对方户名规则匹配完成: 总记录 2, 命中 0, 黑名单 0, 白名单 0
[2026-06-14 19:03:02] INFO [export_masked_summary] 脱敏版总表输出完成: /var*******************************************************************************************（共 2 条记录）
[2026-06-14 19:03:02] DEBUG [init_schema] 数据库表结构初始化完成
[2026-06-14 19:03:02] INFO [connect] SQLite 数据库已连接: /Use************************************************************************************
[2026-06-14 19:03:02] INFO [insert_records] 已加载 25 个历史匹配键用于去重
[2026-06-14 19:03:02] INFO [insert_records] 批量导入完成: 批次 BATC***************, 共 2 条, 新增 0 条, 重复 2 条
[2026-06-14 19:03:02] INFO [disconnect] SQLite 数据库已断开
[2026-06-14 19:03:02] INFO [run_pipeline] 数据库持久化完成: 批次 BATC***************, 插入 0 条, 去重跳过 2 条
[2026-06-14 19:03:02] INFO [identify_internal_transfers] 内部划转识别完成: 2 条记录, 识别出 0 对 (0 划出 + 0 划入), 涉及 0 个主体, 0 家银行
[2026-06-14 19:03:02] INFO [summarize_transactions] 主体维度汇总完成: 2 条记录, 1 个主体, 1 家银行, 1 个月份, 0 个未匹配账号
[2026-06-14 19:03:02] INFO [export_subject_summary] 主体维度汇总分析已导出: /var*********************************************************************************************************
[2026-06-14 19:03:02] INFO [run_pipeline] 主体维度汇总分析已自动生成: /var*********************************************************************************************************
[2026-06-14 19:03:02] INFO [check_balance_continuity] 共 1 个账号待校验
[2026-06-14 19:03:02] DEBUG [check_balance_continuity] 校验账号: 0109年03月, 记录数: 2
[2026-06-14 19:03:02] INFO [check_balance_continuity] 余额连续性校验完成 - 总账号: 1, 已校验: 1, 跳过: 0, 异常笔数: 0, 异常账号: 0
[2026-06-14 19:03:02] INFO [export_balance_check_result] 余额连续性校验结果已导出: /var**********************************************************************************************************
[2026-06-14 19:03:02] INFO [run_pipeline] 余额连续性校验报告已自动生成: /var**********************************************************************************************************
[2026-06-14 19:03:02] INFO [detect_duplicates] 重复交易检测完成 - 总记录: 2, 疑似重复组: 0, 疑似重复记录: 0, 重复率: 0.00%
[2026-06-14 19:03:02] INFO [generate_duplicate_check_from_records] 未检测到重复交易，仍导出报告
[2026-06-14 19:03:02] INFO [export_duplicate_check_result] 重复交易检测结果已导出: /var*********************************************************************************************************
[2026-06-14 19:03:02] INFO [run_pipeline] 重复交易检测报告已自动生成: /var*********************************************************************************************************
[2026-06-14 19:03:02] INFO [filter_interest_fee_transactions] 筛选出 0 条利息手续费交易
[2026-06-14 19:03:02] INFO [summarize_by_period] 按month汇总生成 0 条期间汇总记录，异常 0 条
[2026-06-14 19:03:02] INFO [check_interest_fee] 利息手续费核对完成 - 总记录: 0 (利息: 0, 手续费: 0), 期间汇总: 0, 异常: 0
[2026-06-14 19:03:02] WARNING [generate_interest_fee_check_from_records] 未筛选到任何利息手续费交易，跳过报告生成
[2026-06-14 19:03:02] INFO [mark_non_workday_transactions] 非工作日交易标记完成: 总记录 2, 工作日 2, 周末 0, 法定节假日 0, 调休工作日 0
[2026-06-14 19:03:02] INFO [generate_holiday_check_from_records] 未发现非工作日交易，仍导出报告
[2026-06-14 19:03:02] INFO [export_holiday_check_result] 非工作日交易标记结果已导出: /var***********************************************************************************************************
[2026-06-14 19:03:02] INFO [run_pipeline] 非工作日交易标记报告已自动生成: /var***********************************************************************************************************
[2026-06-14 19:03:02] INFO [load_config] 会计期间配置已加载: period_type=monthly, cutoff_day=25, fiscal_year_start_month=1, format=YYYY-MM
[2026-06-14 19:03:02] INFO [assign_accounting_period] 会计期间归属完成: 2 条记录, 1 个期间
[2026-06-14 19:03:02] INFO [export_accounting_period_summary] 会计期间总表已导出: /var*******************************************************************************************************（1 个期间）
[2026-06-14 19:03:02] INFO [run_pipeline] 会计期间总表已自动生成: /var*******************************************************************************************************
[2026-06-14 19:03:02] INFO [save_report] 性能剖析报告已保存: /var*****************************************************************************************************
[2026-06-14 19:03:02] INFO [save_report] 性能剖析数据已保存: /var*******************************************************************************************************
[2026-06-14 19:03:02] INFO [run_pipeline] 性能剖析报告已生成: /var*****************************************************************************************************
[2026-06-14 19:03:03] INFO [generate_collab_template] 财务协同编辑模板生成完成: /var***************************************************************************************************************（可编辑列: 凭证号, 凭证日期, 会计科目编码, 会计科目名称, 备注, 制单人）
[2026-06-14 19:03:03] INFO [run_pipeline] 财务协同编辑模板已自动生成: /var***************************************************************************************************************
[2026-06-14 19:03:03] INFO [setup_logging] 日志系统初始化完成，日志文件: /Use*******************************************************************************************************
[2026-06-14 19:03:03] INFO [setup_logging] 未检测到 tkinter，将使用命令行交互模式
[2026-06-14 19:03:03] INFO [setup_logging] 日志系统初始化完成，日志文件: /Use*******************************************************************************************************
[2026-06-14 19:03:03] INFO [setup_logging] 未检测到 tkinter，将使用命令行交互模式
