[2026-06-13 21:59:00] INFO [setup_logging] 日志系统初始化完成，日志文件: /Use*******************************************************************************************************
[2026-06-13 21:59:00] INFO [setup_logging] 未检测到 tkinter，将使用命令行交互模式
[2026-06-13 21:59:00] DEBUG [detect_excel_format] 文件 /var************************************************************************************** Magic Bytes 检测为 xlsx 格式 (ZIP/OOXML)
[2026-06-13 21:59:00] INFO [load_lookup_table] 查找表加载完成：共 2 条条目，2 个唯一账号，0 个扩展字段
[2026-06-13 21:59:00] INFO [read_lookup_entries] 从查找表读取到 2 条记录，扩展字段: 无
[2026-06-13 21:59:00] INFO [setup_logging] 日志系统初始化完成，日志文件: /Use*******************************************************************************************************
[2026-06-13 21:59:00] INFO [setup_logging] 未检测到 tkinter，将使用命令行交互模式
[2026-06-13 21:59:00] WARNING [find_lookup_file] 程序目录下未找到任何 Excel 文件作为主体查找表
[2026-06-13 21:59:00] INFO [setup_logging] 日志系统初始化完成，日志文件: /Use*******************************************************************************************************
[2026-06-13 21:59:00] INFO [setup_logging] 未检测到 tkinter，将使用命令行交互模式
[2026-06-13 21:59:00] WARNING [find_lookup_file] 程序目录下未找到任何 Excel 文件作为主体查找表
[2026-06-13 21:59:00] INFO [setup_logging] 日志系统初始化完成，日志文件: /Use*******************************************************************************************************
[2026-06-13 21:59:00] INFO [setup_logging] 未检测到 tkinter，将使用命令行交互模式
[2026-06-13 21:59:00] DEBUG [detect_excel_format] 文件 /var************************************************************************************** Magic Bytes 检测为 xlsx 格式 (ZIP/OOXML)
[2026-06-13 21:59:00] INFO [load_lookup_table] 查找表加载完成：共 2 条条目，2 个唯一账号，0 个扩展字段
[2026-06-13 21:59:00] INFO [read_lookup_entries] 从查找表读取到 2 条记录，扩展字段: 无
[2026-06-13 21:59:00] INFO [setup_logging] 日志系统初始化完成，日志文件: /Use*******************************************************************************************************
[2026-06-13 21:59:00] INFO [setup_logging] 未检测到 tkinter，将使用命令行交互模式
[2026-06-13 21:59:00] DEBUG [detect_excel_format] 文件 /var************************************************************************************** Magic Bytes 检测为 xlsx 格式 (ZIP/OOXML)
[2026-06-13 21:59:00] INFO [load_lookup_table] 查找表加载完成：共 0 条条目，0 个唯一账号，0 个扩展字段
[2026-06-13 21:59:00] INFO [read_lookup_entries] 从查找表读取到 0 条记录，扩展字段: 无
[2026-06-13 21:59:00] INFO [setup_logging] 日志系统初始化完成，日志文件: /Use*******************************************************************************************************
[2026-06-13 21:59:00] INFO [setup_logging] 未检测到 tkinter，将使用命令行交互模式
[2026-06-13 21:59:00] DEBUG [detect_excel_format] 文件 /var************************************************************************************** Magic Bytes 检测为 xlsx 格式 (ZIP/OOXML)
[2026-06-13 21:59:00] INFO [load_lookup_table] 查找表加载完成：共 2 条条目，1 个唯一账号，0 个扩展字段
[2026-06-13 21:59:00] INFO [read_lookup_entries] 从查找表读取到 2 条记录，扩展字段: 无
[2026-06-13 21:59:00] INFO [setup_logging] 日志系统初始化完成，日志文件: /Use*******************************************************************************************************
[2026-06-13 21:59:00] INFO [setup_logging] 未检测到 tkinter，将使用命令行交互模式
[2026-06-13 21:59:00] WARNING [find_lookup_file] 程序目录下未找到任何 Excel 文件作为主体查找表
