[2026-06-14 16:44:46] INFO [setup_logging] 日志系统初始化完成，日志文件: /Use*******************************************************************************************************
[2026-06-14 16:44:46] INFO [setup_logging] 未检测到 tkinter，将使用命令行交互模式
[2026-06-14 16:44:46] DEBUG [delete_processed_files] 已删除文件: /var*********************************************************************************
[2026-06-14 16:44:46] INFO [setup_logging] 日志系统初始化完成，日志文件: /Use*******************************************************************************************************
[2026-06-14 16:44:46] INFO [setup_logging] 未检测到 tkinter，将使用命令行交互模式
[2026-06-14 16:44:46] DEBUG [delete_processed_files] 已删除文件: /var*********************************************************************************
[2026-06-14 16:44:46] INFO [setup_logging] 日志系统初始化完成，日志文件: /Use*******************************************************************************************************
[2026-06-14 16:44:46] INFO [setup_logging] 未检测到 tkinter，将使用命令行交互模式
[2026-06-14 16:44:46] DEBUG [delete_processed_files] 保留策略 keep_all：跳过所有文件操作
[2026-06-14 16:44:46] INFO [setup_logging] 日志系统初始化完成，日志文件: /Use*******************************************************************************************************
[2026-06-14 16:44:46] INFO [setup_logging] 未检测到 tkinter，将使用命令行交互模式
[2026-06-14 16:44:46] DEBUG [delete_processed_files] 已删除文件: /var*********************************************************************************
[2026-06-14 16:44:46] DEBUG [delete_processed_files] 已删除文件: /var********************************************************************************
[2026-06-14 16:44:46] DEBUG [delete_processed_files] 已删除文件: /var****************************************************************************
[2026-06-14 16:44:46] INFO [setup_logging] 日志系统初始化完成，日志文件: /Use*******************************************************************************************************
[2026-06-14 16:44:46] INFO [setup_logging] 未检测到 tkinter，将使用命令行交互模式
[2026-06-14 16:44:46] DEBUG [delete_processed_files] 已归档文件: /var********************************************************************************* -> /var***************************************************************************************
[2026-06-14 16:44:46] INFO [setup_logging] 日志系统初始化完成，日志文件: /Use*******************************************************************************************************
[2026-06-14 16:44:46] INFO [setup_logging] 未检测到 tkinter，将使用命令行交互模式
[2026-06-14 16:44:46] DEBUG [delete_processed_files] 已归档文件: /var********************************************************************************* -> /var**************************************************************************************************
[2026-06-14 16:44:46] INFO [setup_logging] 日志系统初始化完成，日志文件: /Use*******************************************************************************************************
[2026-06-14 16:44:46] INFO [setup_logging] 未检测到 tkinter，将使用命令行交互模式
[2026-06-14 16:44:46] DEBUG [delete_processed_files] 已归档文件: /var********************************************************************************* -> /var*****************************************************************************************
[2026-06-14 16:44:46] DEBUG [delete_processed_files] 已归档文件: /var************************************************************************************* -> /var*******************************************************************************************
[2026-06-14 16:44:46] INFO [setup_logging] 日志系统初始化完成，日志文件: /Use*******************************************************************************************************
[2026-06-14 16:44:46] INFO [setup_logging] 未检测到 tkinter，将使用命令行交互模式
[2026-06-14 16:44:46] INFO [setup_logging] 日志系统初始化完成，日志文件: /Use*******************************************************************************************************
[2026-06-14 16:44:46] INFO [setup_logging] 未检测到 tkinter，将使用命令行交互模式
[2026-06-14 16:44:46] WARNING [delete_processed_files] 未知的保留策略「invalid_strategy_xyz」，回退到默认 keep_unprocessed
[2026-06-14 16:44:46] DEBUG [delete_processed_files] 已删除文件: /var*********************************************************************************
[2026-06-14 16:44:46] INFO [setup_logging] 日志系统初始化完成，日志文件: /Use*******************************************************************************************************
[2026-06-14 16:44:46] INFO [setup_logging] 未检测到 tkinter，将使用命令行交互模式
[2026-06-14 16:44:46] INFO [setup_logging] 日志系统初始化完成，日志文件: /Use*******************************************************************************************************
[2026-06-14 16:44:46] INFO [setup_logging] 未检测到 tkinter，将使用命令行交互模式
[2026-06-14 16:44:46] INFO [setup_logging] 日志系统初始化完成，日志文件: /Use*******************************************************************************************************
[2026-06-14 16:44:46] INFO [setup_logging] 未检测到 tkinter，将使用命令行交互模式
[2026-06-14 16:44:46] DEBUG [delete_processed_files] 保留策略 keep_all：跳过所有文件操作
[2026-06-14 16:44:46] INFO [setup_logging] 日志系统初始化完成，日志文件: /Use*******************************************************************************************************
[2026-06-14 16:44:46] INFO [setup_logging] 未检测到 tkinter，将使用命令行交互模式
[2026-06-14 16:44:46] DEBUG [delete_processed_files] 已归档文件: /var********************************************************************************* -> /var***************************************************************************************
[2026-06-14 16:44:46] INFO [setup_logging] 日志系统初始化完成，日志文件: /Use*******************************************************************************************************
[2026-06-14 16:44:46] INFO [setup_logging] 未检测到 tkinter，将使用命令行交互模式
[2026-06-14 16:44:46] DEBUG [delete_processed_files] 已归档文件: /var******************************************************************************** -> /var**************************************************************************************
[2026-06-14 16:44:46] DEBUG [delete_processed_files] 已归档文件: /var******************************************************************************** -> /var**************************************************************************************
[2026-06-14 16:44:46] DEBUG [delete_processed_files] 已归档文件: /var******************************************************************************** -> /var**************************************************************************************
