[2026-06-15 19:33:15] INFO [setup_logging] 日志系统初始化完成，日志文件: /Use*******************************************************************************************************
[2026-06-15 19:33:15] INFO [setup_logging] 未检测到 tkinter，将使用命令行交互模式
[2026-06-15 19:33:15] INFO [setup_logging] 日志系统初始化完成，日志文件: /Use*******************************************************************************************************
[2026-06-15 19:33:15] INFO [setup_logging] 未检测到 tkinter，将使用命令行交互模式
[2026-06-15 19:33:15] INFO [setup_logging] 日志系统初始化完成，日志文件: /Use*******************************************************************************************************
[2026-06-15 19:33:15] INFO [setup_logging] 未检测到 tkinter，将使用命令行交互模式
[2026-06-15 19:33:15] INFO [setup_logging] 日志系统初始化完成，日志文件: /Use*******************************************************************************************************
[2026-06-15 19:33:15] INFO [setup_logging] 未检测到 tkinter，将使用命令行交互模式
[2026-06-15 19:33:15] INFO [setup_logging] 日志系统初始化完成，日志文件: /Use*******************************************************************************************************
[2026-06-15 19:33:15] INFO [setup_logging] 未检测到 tkinter，将使用命令行交互模式
[2026-06-15 19:33:15] INFO [setup_logging] 日志系统初始化完成，日志文件: /Use*******************************************************************************************************
[2026-06-15 19:33:15] INFO [setup_logging] 未检测到 tkinter，将使用命令行交互模式
[2026-06-15 19:33:15] INFO [setup_logging] 日志系统初始化完成，日志文件: /Use*******************************************************************************************************
[2026-06-15 19:33:15] INFO [setup_logging] 未检测到 tkinter，将使用命令行交互模式
[2026-06-15 19:33:15] INFO [setup_logging] 日志系统初始化完成，日志文件: /Use*******************************************************************************************************
[2026-06-15 19:33:15] INFO [setup_logging] 未检测到 tkinter，将使用命令行交互模式
[2026-06-15 19:33:15] INFO [setup_logging] 日志系统初始化完成，日志文件: /Use*******************************************************************************************************
[2026-06-15 19:33:15] INFO [setup_logging] 未检测到 tkinter，将使用命令行交互模式
[2026-06-15 19:33:15] INFO [setup_logging] 日志系统初始化完成，日志文件: /Use*******************************************************************************************************
[2026-06-15 19:33:15] INFO [setup_logging] 未检测到 tkinter，将使用命令行交互模式
[2026-06-15 19:33:15] INFO [setup_logging] 日志系统初始化完成，日志文件: /Use*******************************************************************************************************
[2026-06-15 19:33:15] INFO [setup_logging] 未检测到 tkinter，将使用命令行交互模式
[2026-06-15 19:33:15] INFO [setup_logging] 日志系统初始化完成，日志文件: /Use*******************************************************************************************************
[2026-06-15 19:33:15] INFO [setup_logging] 未检测到 tkinter，将使用命令行交互模式
[2026-06-15 19:33:15] INFO [setup_logging] 日志系统初始化完成，日志文件: /Use*******************************************************************************************************
[2026-06-15 19:33:15] INFO [setup_logging] 未检测到 tkinter，将使用命令行交互模式
[2026-06-15 19:33:15] INFO [setup_logging] 日志系统初始化完成，日志文件: /Use*******************************************************************************************************
[2026-06-15 19:33:15] INFO [setup_logging] 未检测到 tkinter，将使用命令行交互模式
[2026-06-15 19:33:15] INFO [setup_logging] 日志系统初始化完成，日志文件: /Use*******************************************************************************************************
[2026-06-15 19:33:15] INFO [setup_logging] 未检测到 tkinter，将使用命令行交互模式
[2026-06-15 19:33:15] INFO [setup_logging] 日志系统初始化完成，日志文件: /Use*******************************************************************************************************
[2026-06-15 19:33:15] INFO [setup_logging] 未检测到 tkinter，将使用命令行交互模式
[2026-06-15 19:33:15] INFO [setup_logging] 日志系统初始化完成，日志文件: /Use*******************************************************************************************************
[2026-06-15 19:33:15] INFO [setup_logging] 未检测到 tkinter，将使用命令行交互模式
[2026-06-15 19:33:15] INFO [setup_logging] 日志系统初始化完成，日志文件: /Use*******************************************************************************************************
[2026-06-15 19:33:15] INFO [setup_logging] 未检测到 tkinter，将使用命令行交互模式
[2026-06-15 19:33:15] INFO [setup_logging] 日志系统初始化完成，日志文件: /Use*******************************************************************************************************
[2026-06-15 19:33:15] INFO [setup_logging] 未检测到 tkinter，将使用命令行交互模式
[2026-06-15 19:33:15] INFO [setup_logging] 日志系统初始化完成，日志文件: /Use*******************************************************************************************************
[2026-06-15 19:33:15] INFO [setup_logging] 未检测到 tkinter，将使用命令行交互模式
[2026-06-15 19:33:15] INFO [setup_logging] 日志系统初始化完成，日志文件: /Use*******************************************************************************************************
[2026-06-15 19:33:15] INFO [setup_logging] 未检测到 tkinter，将使用命令行交互模式
[2026-06-15 19:33:15] INFO [setup_logging] 日志系统初始化完成，日志文件: /Use*******************************************************************************************************
[2026-06-15 19:33:15] INFO [setup_logging] 未检测到 tkinter，将使用命令行交互模式
[2026-06-15 19:33:15] INFO [setup_logging] 日志系统初始化完成，日志文件: /Use*******************************************************************************************************
[2026-06-15 19:33:15] INFO [setup_logging] 未检测到 tkinter，将使用命令行交互模式
[2026-06-15 19:33:15] INFO [setup_logging] 日志系统初始化完成，日志文件: /Use*******************************************************************************************************
[2026-06-15 19:33:15] INFO [setup_logging] 未检测到 tkinter，将使用命令行交互模式
[2026-06-15 19:33:15] INFO [setup_logging] 日志系统初始化完成，日志文件: /Use*******************************************************************************************************
[2026-06-15 19:33:15] INFO [setup_logging] 未检测到 tkinter，将使用命令行交互模式
[2026-06-15 19:33:15] INFO [save_sample] 已保存历史样本: 北京银行********************* (2 条记录)
[2026-06-15 19:33:15] INFO [setup_logging] 日志系统初始化完成，日志文件: /Use*******************************************************************************************************
[2026-06-15 19:33:15] INFO [setup_logging] 未检测到 tkinter，将使用命令行交互模式
[2026-06-15 19:33:15] INFO [setup_logging] 日志系统初始化完成，日志文件: /Use*******************************************************************************************************
[2026-06-15 19:33:15] INFO [setup_logging] 未检测到 tkinter，将使用命令行交互模式
[2026-06-15 19:33:15] INFO [save_sample] 已保存历史样本: 北京银行********************* (1 条记录)
[2026-06-15 19:33:15] INFO [save_sample] 已保存历史样本: 东亚银行********************* (1 条记录)
[2026-06-15 19:33:15] INFO [setup_logging] 日志系统初始化完成，日志文件: /Use*******************************************************************************************************
[2026-06-15 19:33:15] INFO [setup_logging] 未检测到 tkinter，将使用命令行交互模式
[2026-06-15 19:33:16] INFO [save_sample] 已保存历史样本: 北京银行********************* (1 条记录)
[2026-06-15 19:33:16] INFO [save_sample] 已保存历史样本: 北京银行********************* (1 条记录)
[2026-06-15 19:33:16] INFO [save_sample] 已保存历史样本: 北京银行********************* (1 条记录)
[2026-06-15 19:33:16] INFO [setup_logging] 日志系统初始化完成，日志文件: /Use*******************************************************************************************************
[2026-06-15 19:33:16] INFO [setup_logging] 未检测到 tkinter，将使用命令行交互模式
[2026-06-15 19:33:16] INFO [setup_logging] 日志系统初始化完成，日志文件: /Use*******************************************************************************************************
[2026-06-15 19:33:16] INFO [setup_logging] 未检测到 tkinter，将使用命令行交互模式
[2026-06-15 19:33:16] INFO [save_sample] 已保存历史样本: 北京银行********************* (1 条记录)
[2026-06-15 19:33:16] INFO [save_sample] 已保存历史样本: 东亚银行********************* (1 条记录)
[2026-06-15 19:33:16] INFO [save_sample] 已保存历史样本: 工商银行********************* (1 条记录)
[2026-06-15 19:33:16] INFO [setup_logging] 日志系统初始化完成，日志文件: /Use*******************************************************************************************************
[2026-06-15 19:33:16] INFO [setup_logging] 未检测到 tkinter，将使用命令行交互模式
[2026-06-15 19:33:16] INFO [setup_logging] 日志系统初始化完成，日志文件: /Use*******************************************************************************************************
[2026-06-15 19:33:16] INFO [setup_logging] 未检测到 tkinter，将使用命令行交互模式
[2026-06-15 19:33:16] INFO [setup_logging] 日志系统初始化完成，日志文件: /Use*******************************************************************************************************
[2026-06-15 19:33:16] INFO [setup_logging] 未检测到 tkinter，将使用命令行交互模式
[2026-06-15 19:33:16] INFO [setup_logging] 日志系统初始化完成，日志文件: /Use*******************************************************************************************************
[2026-06-15 19:33:16] INFO [setup_logging] 未检测到 tkinter，将使用命令行交互模式
[2026-06-15 19:33:16] INFO [setup_logging] 日志系统初始化完成，日志文件: /Use*******************************************************************************************************
[2026-06-15 19:33:16] INFO [setup_logging] 未检测到 tkinter，将使用命令行交互模式
[2026-06-15 19:33:16] INFO [setup_logging] 日志系统初始化完成，日志文件: /Use*******************************************************************************************************
[2026-06-15 19:33:16] INFO [setup_logging] 未检测到 tkinter，将使用命令行交互模式
[2026-06-15 19:33:16] INFO [setup_logging] 日志系统初始化完成，日志文件: /Use*******************************************************************************************************
[2026-06-15 19:33:16] INFO [setup_logging] 未检测到 tkinter，将使用命令行交互模式
[2026-06-15 19:33:16] INFO [setup_logging] 日志系统初始化完成，日志文件: /Use*******************************************************************************************************
[2026-06-15 19:33:16] INFO [setup_logging] 未检测到 tkinter，将使用命令行交互模式
[2026-06-15 19:33:16] INFO [save_sample] 已保存历史样本: 测试银行********************* (3 条记录)
[2026-06-15 19:33:16] INFO [evaluate_lookup_change] 开始评估查找表变更影响
[2026-06-15 19:33:16] INFO [read_lookup_entries] 从查找表读取到 2 条记录，扩展字段: 无
[2026-06-15 19:33:16] INFO [evaluate_lookup_change] 查找表变更评估完成: 总计 3 条，受影响 2 条
[2026-06-15 19:33:16] INFO [setup_logging] 日志系统初始化完成，日志文件: /Use*******************************************************************************************************
[2026-06-15 19:33:16] INFO [setup_logging] 未检测到 tkinter，将使用命令行交互模式
[2026-06-15 19:33:16] INFO [evaluate_lookup_change] 开始评估查找表变更影响
[2026-06-15 19:33:16] INFO [setup_logging] 日志系统初始化完成，日志文件: /Use*******************************************************************************************************
[2026-06-15 19:33:16] INFO [setup_logging] 未检测到 tkinter，将使用命令行交互模式
[2026-06-15 19:33:16] INFO [save_sample] 已保存历史样本: 北京银行********************* (1 条记录)
[2026-06-15 19:33:16] INFO [evaluate_bank_rule_change] 开始评估银行「北京银行」规则变更影响
[2026-06-15 19:33:16] WARNING [load_lookup_table] 主体查找表不存在或未指定，返回空查找表结构
[2026-06-15 19:33:16] WARNING [get_subject_info] 主体查找表不存在或未指定，银行账号「0109年03月」的主体将为空
[2026-06-15 19:33:16] INFO [evaluate_bank_rule_change] 银行「北京银行」规则变更评估完成: 总计 1 条，受影响 1 条
[2026-06-15 19:33:16] INFO [setup_logging] 日志系统初始化完成，日志文件: /Use*******************************************************************************************************
[2026-06-15 19:33:16] INFO [setup_logging] 未检测到 tkinter，将使用命令行交互模式
[2026-06-15 19:33:16] INFO [evaluate_bank_rule_change] 开始评估银行「不存在银行」规则变更影响
[2026-06-15 19:33:16] INFO [setup_logging] 日志系统初始化完成，日志文件: /Use*******************************************************************************************************
[2026-06-15 19:33:16] INFO [setup_logging] 未检测到 tkinter，将使用命令行交互模式
[2026-06-15 19:33:16] INFO [save_sample] 已保存历史样本: 测试银行********************* (1 条记录)
[2026-06-15 19:33:16] INFO [setup_logging] 日志系统初始化完成，日志文件: /Use*******************************************************************************************************
[2026-06-15 19:33:16] INFO [setup_logging] 未检测到 tkinter，将使用命令行交互模式
[2026-06-15 19:33:16] INFO [load_config] 已加载 6 个银行规则配置
[2026-06-15 19:33:16] INFO [reload_bank_processors] 已重新加载 6 个银行处理器
[2026-06-15 19:33:16] INFO [save_rule] 银行规则「测试银行」已保存到配置文件
[2026-06-15 19:33:16] INFO [setup_logging] 日志系统初始化完成，日志文件: /Use*******************************************************************************************************
[2026-06-15 19:33:16] INFO [setup_logging] 未检测到 tkinter，将使用命令行交互模式
[2026-06-15 19:33:16] INFO [save_lookup_entries] 查找表已保存到 /var*******************************************************************************，共 1 条记录
[2026-06-15 19:33:16] INFO [read_lookup_entries] 从查找表读取到 1 条记录，扩展字段: 无
[2026-06-15 19:33:16] INFO [setup_logging] 日志系统初始化完成，日志文件: /Use*******************************************************************************************************
[2026-06-15 19:33:16] INFO [setup_logging] 未检测到 tkinter，将使用命令行交互模式
[2026-06-15 19:33:16] INFO [find_lookup_file] 在指定目录找到主体查找表: /var****************************************************************************
[2026-06-15 19:33:16] INFO [setup_logging] 日志系统初始化完成，日志文件: /Use*******************************************************************************************************
[2026-06-15 19:33:16] INFO [setup_logging] 未检测到 tkinter，将使用命令行交互模式
[2026-06-15 19:33:16] INFO [find_lookup_file] 在指定目录找到主体查找表: /var***************************************************************************
[2026-06-15 19:33:16] INFO [setup_logging] 日志系统初始化完成，日志文件: /Use*******************************************************************************************************
[2026-06-15 19:33:16] INFO [setup_logging] 未检测到 tkinter，将使用命令行交互模式
[2026-06-15 19:33:16] WARNING [find_lookup_file] 在指定目录未找到主体查找表: /var*****************************************************************
[2026-06-15 19:33:16] INFO [setup_logging] 日志系统初始化完成，日志文件: /Use*******************************************************************************************************
[2026-06-15 19:33:16] INFO [setup_logging] 未检测到 tkinter，将使用命令行交互模式
[2026-06-15 19:33:16] INFO [read_lookup_entries] 从查找表读取到 3 条记录，扩展字段: 无
[2026-06-15 19:33:16] INFO [setup_logging] 日志系统初始化完成，日志文件: /Use*******************************************************************************************************
[2026-06-15 19:33:16] INFO [setup_logging] 未检测到 tkinter，将使用命令行交互模式
[2026-06-15 19:33:16] WARNING [read_lookup_entries] 查找表文件不存在: /nonexistent/path.xlsx
[2026-06-15 19:33:16] INFO [setup_logging] 日志系统初始化完成，日志文件: /Use*******************************************************************************************************
[2026-06-15 19:33:16] INFO [setup_logging] 未检测到 tkinter，将使用命令行交互模式
[2026-06-15 19:33:16] INFO [read_lookup_entries] 从查找表读取到 0 条记录，扩展字段: 无
[2026-06-15 19:33:16] INFO [setup_logging] 日志系统初始化完成，日志文件: /Use*******************************************************************************************************
[2026-06-15 19:33:16] INFO [setup_logging] 未检测到 tkinter，将使用命令行交互模式
[2026-06-15 19:33:16] INFO [read_lookup_entries] 从查找表读取到 0 条记录，扩展字段: 无
[2026-06-15 19:33:16] INFO [setup_logging] 日志系统初始化完成，日志文件: /Use*******************************************************************************************************
[2026-06-15 19:33:16] INFO [setup_logging] 未检测到 tkinter，将使用命令行交互模式
[2026-06-15 19:33:16] INFO [read_lookup_entries] 从查找表读取到 2 条记录，扩展字段: 无
[2026-06-15 19:33:16] INFO [setup_logging] 日志系统初始化完成，日志文件: /Use*******************************************************************************************************
[2026-06-15 19:33:16] INFO [setup_logging] 未检测到 tkinter，将使用命令行交互模式
[2026-06-15 19:33:16] INFO [save_lookup_entries] 查找表已保存到 /var********************************************************************************，共 2 条记录
[2026-06-15 19:33:16] INFO [evaluate_lookup_change] 开始评估查找表变更影响
[2026-06-15 19:33:16] INFO [read_lookup_entries] 从查找表读取到 2 条记录，扩展字段: 无
[2026-06-15 19:33:16] INFO [setup_logging] 日志系统初始化完成，日志文件: /Use*******************************************************************************************************
[2026-06-15 19:33:16] INFO [setup_logging] 未检测到 tkinter，将使用命令行交互模式
[2026-06-15 19:33:16] INFO [read_lookup_entries] 从查找表读取到 3 条记录，扩展字段: 无
[2026-06-15 19:33:16] INFO [save_lookup_entries] 查找表已保存到 /var****************************************************************************，共 1 条记录
[2026-06-15 19:33:16] INFO [evaluate_lookup_change] 开始评估查找表变更影响
[2026-06-15 19:33:16] INFO [read_lookup_entries] 从查找表读取到 1 条记录，扩展字段: 无
[2026-06-15 19:33:16] INFO [setup_logging] 日志系统初始化完成，日志文件: /Use*******************************************************************************************************
[2026-06-15 19:33:16] INFO [setup_logging] 未检测到 tkinter，将使用命令行交互模式
[2026-06-15 19:33:16] INFO [read_lookup_entries] 从查找表读取到 3 条记录，扩展字段: 无
[2026-06-15 19:33:16] INFO [setup_logging] 日志系统初始化完成，日志文件: /Use*******************************************************************************************************
[2026-06-15 19:33:16] INFO [setup_logging] 未检测到 tkinter，将使用命令行交互模式
[2026-06-15 19:33:16] INFO [read_lookup_entries] 从查找表读取到 3 条记录，扩展字段: 无
[2026-06-15 19:33:16] INFO [setup_logging] 日志系统初始化完成，日志文件: /Use*******************************************************************************************************
[2026-06-15 19:33:16] INFO [setup_logging] 未检测到 tkinter，将使用命令行交互模式
[2026-06-15 19:33:16] INFO [read_lookup_entries] 从查找表读取到 3 条记录，扩展字段: 无
[2026-06-15 19:33:16] INFO [setup_logging] 日志系统初始化完成，日志文件: /Use*******************************************************************************************************
[2026-06-15 19:33:16] INFO [setup_logging] 未检测到 tkinter，将使用命令行交互模式
[2026-06-15 19:33:16] INFO [read_lookup_entries] 从查找表读取到 3 条记录，扩展字段: 无
[2026-06-15 19:33:16] INFO [setup_logging] 日志系统初始化完成，日志文件: /Use*******************************************************************************************************
[2026-06-15 19:33:16] INFO [setup_logging] 未检测到 tkinter，将使用命令行交互模式
[2026-06-15 19:33:16] INFO [read_lookup_entries] 从查找表读取到 3 条记录，扩展字段: 无
[2026-06-15 19:33:16] INFO [read_lookup_entries] 从查找表读取到 3 条记录，扩展字段: 无
[2026-06-15 19:33:16] INFO [save_lookup_entries] 查找表已保存到 /var****************************************************************************，共 4 条记录
[2026-06-15 19:33:16] INFO [evaluate_lookup_change] 开始评估查找表变更影响
[2026-06-15 19:33:16] INFO [add_entry] 已添加条目: 9999年99月 -> 新公司
[2026-06-15 19:33:16] INFO [read_lookup_entries] 从查找表读取到 4 条记录，扩展字段: 无
[2026-06-15 19:33:16] INFO [setup_logging] 日志系统初始化完成，日志文件: /Use*******************************************************************************************************
[2026-06-15 19:33:16] INFO [setup_logging] 未检测到 tkinter，将使用命令行交互模式
[2026-06-15 19:33:16] INFO [read_lookup_entries] 从查找表读取到 3 条记录，扩展字段: 无
[2026-06-15 19:33:16] INFO [read_lookup_entries] 从查找表读取到 3 条记录，扩展字段: 无
[2026-06-15 19:33:16] INFO [setup_logging] 日志系统初始化完成，日志文件: /Use*******************************************************************************************************
[2026-06-15 19:33:16] INFO [setup_logging] 未检测到 tkinter，将使用命令行交互模式
[2026-06-15 19:33:16] INFO [setup_logging] 日志系统初始化完成，日志文件: /Use*******************************************************************************************************
[2026-06-15 19:33:16] INFO [setup_logging] 未检测到 tkinter，将使用命令行交互模式
[2026-06-15 19:33:16] INFO [setup_logging] 日志系统初始化完成，日志文件: /Use*******************************************************************************************************
[2026-06-15 19:33:16] INFO [setup_logging] 未检测到 tkinter，将使用命令行交互模式
[2026-06-15 19:33:16] INFO [read_lookup_entries] 从查找表读取到 3 条记录，扩展字段: 无
[2026-06-15 19:33:16] INFO [read_lookup_entries] 从查找表读取到 3 条记录，扩展字段: 无
[2026-06-15 19:33:16] INFO [save_lookup_entries] 查找表已保存到 /var****************************************************************************，共 4 条记录
[2026-06-15 19:33:16] INFO [evaluate_lookup_change] 开始评估查找表变更影响
[2026-06-15 19:33:16] INFO [add_entry] 已添加条目: [1万-10万] -> 测试公司
[2026-06-15 19:33:16] INFO [read_lookup_entries] 从查找表读取到 4 条记录，扩展字段: 无
[2026-06-15 19:33:16] INFO [setup_logging] 日志系统初始化完成，日志文件: /Use*******************************************************************************************************
[2026-06-15 19:33:16] INFO [setup_logging] 未检测到 tkinter，将使用命令行交互模式
[2026-06-15 19:33:16] INFO [read_lookup_entries] 从查找表读取到 3 条记录，扩展字段: 无
[2026-06-15 19:33:16] INFO [save_lookup_entries] 查找表已保存到 /var****************************************************************************，共 3 条记录
[2026-06-15 19:33:16] INFO [evaluate_lookup_change] 开始评估查找表变更影响
[2026-06-15 19:33:16] INFO [update_entry] 已更新条目: 0109年03月 -> 更新后的公司名 (原账号: 0109年03月)
[2026-06-15 19:33:16] INFO [read_lookup_entries] 从查找表读取到 3 条记录，扩展字段: 无
[2026-06-15 19:33:16] INFO [setup_logging] 日志系统初始化完成，日志文件: /Use*******************************************************************************************************
[2026-06-15 19:33:16] INFO [setup_logging] 未检测到 tkinter，将使用命令行交互模式
[2026-06-15 19:33:16] INFO [read_lookup_entries] 从查找表读取到 3 条记录，扩展字段: 无
[2026-06-15 19:33:16] INFO [save_lookup_entries] 查找表已保存到 /var****************************************************************************，共 3 条记录
[2026-06-15 19:33:16] INFO [evaluate_lookup_change] 开始评估查找表变更影响
[2026-06-15 19:33:16] INFO [update_entry] 已更新条目: 1111年11月 -> 北京XX科技有限公司 (原账号: 0109年03月)
[2026-06-15 19:33:16] INFO [read_lookup_entries] 从查找表读取到 3 条记录，扩展字段: 无
[2026-06-15 19:33:16] INFO [read_lookup_entries] 从查找表读取到 3 条记录，扩展字段: 无
[2026-06-15 19:33:16] INFO [setup_logging] 日志系统初始化完成，日志文件: /Use*******************************************************************************************************
[2026-06-15 19:33:16] INFO [setup_logging] 未检测到 tkinter，将使用命令行交互模式
[2026-06-15 19:33:16] INFO [read_lookup_entries] 从查找表读取到 3 条记录，扩展字段: 无
[2026-06-15 19:33:16] INFO [setup_logging] 日志系统初始化完成，日志文件: /Use*******************************************************************************************************
[2026-06-15 19:33:16] INFO [setup_logging] 未检测到 tkinter，将使用命令行交互模式
[2026-06-15 19:33:16] INFO [read_lookup_entries] 从查找表读取到 3 条记录，扩展字段: 无
[2026-06-15 19:33:16] INFO [setup_logging] 日志系统初始化完成，日志文件: /Use*******************************************************************************************************
[2026-06-15 19:33:16] INFO [setup_logging] 未检测到 tkinter，将使用命令行交互模式
[2026-06-15 19:33:16] INFO [read_lookup_entries] 从查找表读取到 3 条记录，扩展字段: 无
[2026-06-15 19:33:16] INFO [save_lookup_entries] 查找表已保存到 /var****************************************************************************，共 2 条记录
[2026-06-15 19:33:16] INFO [evaluate_lookup_change] 开始评估查找表变更影响
[2026-06-15 19:33:16] INFO [delete_entry] 已删除 1 条条目，账号: 0109年03月
[2026-06-15 19:33:16] INFO [read_lookup_entries] 从查找表读取到 2 条记录，扩展字段: 无
[2026-06-15 19:33:16] INFO [setup_logging] 日志系统初始化完成，日志文件: /Use*******************************************************************************************************
[2026-06-15 19:33:16] INFO [setup_logging] 未检测到 tkinter，将使用命令行交互模式
[2026-06-15 19:33:16] INFO [read_lookup_entries] 从查找表读取到 3 条记录，扩展字段: 无
[2026-06-15 19:33:16] INFO [setup_logging] 日志系统初始化完成，日志文件: /Use*******************************************************************************************************
[2026-06-15 19:33:16] INFO [setup_logging] 未检测到 tkinter，将使用命令行交互模式
[2026-06-15 19:33:17] INFO [read_lookup_entries] 从查找表读取到 3 条记录，扩展字段: 无
[2026-06-15 19:33:17] INFO [save_lookup_entries] 查找表已保存到 /var****************************************************************************，共 2 条记录
[2026-06-15 19:33:17] INFO [evaluate_lookup_change] 开始评估查找表变更影响
[2026-06-15 19:33:17] INFO [delete_entry] 已删除 1 条条目，账号: [>=1千万]
[2026-06-15 19:33:17] INFO [read_lookup_entries] 从查找表读取到 2 条记录，扩展字段: 无
[2026-06-15 19:33:17] INFO [setup_logging] 日志系统初始化完成，日志文件: /Use*******************************************************************************************************
[2026-06-15 19:33:17] INFO [setup_logging] 未检测到 tkinter，将使用命令行交互模式
[2026-06-15 19:33:17] INFO [read_lookup_entries] 从查找表读取到 3 条记录，扩展字段: 无
[2026-06-15 19:33:17] INFO [setup_logging] 日志系统初始化完成，日志文件: /Use*******************************************************************************************************
[2026-06-15 19:33:17] INFO [setup_logging] 未检测到 tkinter，将使用命令行交互模式
[2026-06-15 19:33:17] INFO [read_lookup_entries] 从查找表读取到 3 条记录，扩展字段: 无
[2026-06-15 19:33:17] INFO [setup_logging] 日志系统初始化完成，日志文件: /Use*******************************************************************************************************
[2026-06-15 19:33:17] INFO [setup_logging] 未检测到 tkinter，将使用命令行交互模式
[2026-06-15 19:33:17] INFO [read_lookup_entries] 从查找表读取到 3 条记录，扩展字段: 无
[2026-06-15 19:33:17] INFO [setup_logging] 日志系统初始化完成，日志文件: /Use*******************************************************************************************************
[2026-06-15 19:33:17] INFO [setup_logging] 未检测到 tkinter，将使用命令行交互模式
[2026-06-15 19:33:17] INFO [read_lookup_entries] 从查找表读取到 3 条记录，扩展字段: 无
[2026-06-15 19:33:17] INFO [setup_logging] 日志系统初始化完成，日志文件: /Use*******************************************************************************************************
[2026-06-15 19:33:17] INFO [setup_logging] 未检测到 tkinter，将使用命令行交互模式
[2026-06-15 19:33:17] INFO [read_lookup_entries] 从查找表读取到 3 条记录，扩展字段: 无
[2026-06-15 19:33:17] INFO [read_lookup_entries] 从查找表读取到 3 条记录，扩展字段: 无
[2026-06-15 19:33:17] INFO [setup_logging] 日志系统初始化完成，日志文件: /Use*******************************************************************************************************
[2026-06-15 19:33:17] INFO [setup_logging] 未检测到 tkinter，将使用命令行交互模式
[2026-06-15 19:33:17] INFO [read_lookup_entries] 从查找表读取到 3 条记录，扩展字段: 无
[2026-06-15 19:33:17] INFO [setup_logging] 日志系统初始化完成，日志文件: /Use*******************************************************************************************************
[2026-06-15 19:33:17] INFO [setup_logging] 未检测到 tkinter，将使用命令行交互模式
[2026-06-15 19:33:17] INFO [read_lookup_entries] 从查找表读取到 3 条记录，扩展字段: 无
[2026-06-15 19:33:17] INFO [setup_logging] 日志系统初始化完成，日志文件: /Use*******************************************************************************************************
[2026-06-15 19:33:17] INFO [setup_logging] 未检测到 tkinter，将使用命令行交互模式
[2026-06-15 19:33:17] INFO [read_lookup_entries] 从查找表读取到 3 条记录，扩展字段: 无
[2026-06-15 19:33:17] INFO [export_to_excel] 查找表已导出到 /var*****************************************************************************，共 3 条记录
[2026-06-15 19:33:17] INFO [read_lookup_entries] 从查找表读取到 3 条记录，扩展字段: 无
[2026-06-15 19:33:17] INFO [read_lookup_entries] 从查找表读取到 3 条记录，扩展字段: 无
[2026-06-15 19:33:17] INFO [setup_logging] 日志系统初始化完成，日志文件: /Use*******************************************************************************************************
[2026-06-15 19:33:17] INFO [setup_logging] 未检测到 tkinter，将使用命令行交互模式
[2026-06-15 19:33:17] INFO [read_lookup_entries] 从查找表读取到 2 条记录，扩展字段: 无
[2026-06-15 19:33:17] INFO [read_lookup_entries] 从查找表读取到 3 条记录，扩展字段: 无
[2026-06-15 19:33:17] INFO [save_lookup_entries] 查找表已保存到 /var****************************************************************************，共 4 条记录
[2026-06-15 19:33:17] INFO [evaluate_lookup_change] 开始评估查找表变更影响
[2026-06-15 19:33:17] INFO [read_lookup_entries] 从查找表读取到 4 条记录，扩展字段: 无
[2026-06-15 19:33:17] INFO [read_lookup_entries] 从查找表读取到 4 条记录，扩展字段: 无
[2026-06-15 19:33:17] INFO [setup_logging] 日志系统初始化完成，日志文件: /Use*******************************************************************************************************
[2026-06-15 19:33:17] INFO [setup_logging] 未检测到 tkinter，将使用命令行交互模式
[2026-06-15 19:33:17] INFO [read_lookup_entries] 从查找表读取到 1 条记录，扩展字段: 无
[2026-06-15 19:33:17] INFO [save_lookup_entries] 查找表已保存到 /var****************************************************************************，共 1 条记录
[2026-06-15 19:33:17] INFO [evaluate_lookup_change] 开始评估查找表变更影响
[2026-06-15 19:33:17] INFO [read_lookup_entries] 从查找表读取到 1 条记录，扩展字段: 无
[2026-06-15 19:33:17] INFO [setup_logging] 日志系统初始化完成，日志文件: /Use*******************************************************************************************************
[2026-06-15 19:33:17] INFO [setup_logging] 未检测到 tkinter，将使用命令行交互模式
[2026-06-15 19:33:17] INFO [setup_logging] 日志系统初始化完成，日志文件: /Use*******************************************************************************************************
[2026-06-15 19:33:17] INFO [setup_logging] 未检测到 tkinter，将使用命令行交互模式
[2026-06-15 19:33:17] INFO [setup_logging] 日志系统初始化完成，日志文件: /Use*******************************************************************************************************
[2026-06-15 19:33:17] INFO [setup_logging] 未检测到 tkinter，将使用命令行交互模式
[2026-06-15 19:33:17] INFO [setup_logging] 日志系统初始化完成，日志文件: /Use*******************************************************************************************************
[2026-06-15 19:33:17] INFO [setup_logging] 未检测到 tkinter，将使用命令行交互模式
[2026-06-15 19:33:17] INFO [setup_logging] 日志系统初始化完成，日志文件: /Use*******************************************************************************************************
[2026-06-15 19:33:17] INFO [setup_logging] 未检测到 tkinter，将使用命令行交互模式
[2026-06-15 19:33:17] INFO [setup_logging] 日志系统初始化完成，日志文件: /Use*******************************************************************************************************
[2026-06-15 19:33:17] INFO [setup_logging] 未检测到 tkinter，将使用命令行交互模式
[2026-06-15 19:33:17] INFO [setup_logging] 日志系统初始化完成，日志文件: /Use*******************************************************************************************************
[2026-06-15 19:33:17] INFO [setup_logging] 未检测到 tkinter，将使用命令行交互模式
[2026-06-15 19:33:17] INFO [setup_logging] 日志系统初始化完成，日志文件: /Use*******************************************************************************************************
[2026-06-15 19:33:17] INFO [setup_logging] 未检测到 tkinter，将使用命令行交互模式
[2026-06-15 19:33:17] INFO [setup_logging] 日志系统初始化完成，日志文件: /Use*******************************************************************************************************
[2026-06-15 19:33:17] INFO [setup_logging] 未检测到 tkinter，将使用命令行交互模式
[2026-06-15 19:33:17] INFO [setup_logging] 日志系统初始化完成，日志文件: /Use*******************************************************************************************************
[2026-06-15 19:33:17] INFO [setup_logging] 未检测到 tkinter，将使用命令行交互模式
[2026-06-15 19:33:17] INFO [setup_logging] 日志系统初始化完成，日志文件: /Use*******************************************************************************************************
[2026-06-15 19:33:17] INFO [setup_logging] 未检测到 tkinter，将使用命令行交互模式
[2026-06-15 19:33:17] INFO [setup_logging] 日志系统初始化完成，日志文件: /Use*******************************************************************************************************
[2026-06-15 19:33:17] INFO [setup_logging] 未检测到 tkinter，将使用命令行交互模式
[2026-06-15 19:33:17] INFO [setup_logging] 日志系统初始化完成，日志文件: /Use*******************************************************************************************************
[2026-06-15 19:33:17] INFO [setup_logging] 未检测到 tkinter，将使用命令行交互模式
[2026-06-15 19:33:17] INFO [setup_logging] 日志系统初始化完成，日志文件: /Use*******************************************************************************************************
[2026-06-15 19:33:17] INFO [setup_logging] 未检测到 tkinter，将使用命令行交互模式
[2026-06-15 19:33:17] INFO [setup_logging] 日志系统初始化完成，日志文件: /Use*******************************************************************************************************
[2026-06-15 19:33:17] INFO [setup_logging] 未检测到 tkinter，将使用命令行交互模式
[2026-06-15 19:33:17] INFO [read_lookup_entries] 从查找表读取到 3 条记录，扩展字段: 无
[2026-06-15 19:33:17] INFO [setup_logging] 日志系统初始化完成，日志文件: /Use*******************************************************************************************************
[2026-06-15 19:33:17] INFO [setup_logging] 未检测到 tkinter，将使用命令行交互模式
[2026-06-15 19:33:17] INFO [read_lookup_entries] 从查找表读取到 3 条记录，扩展字段: 无
[2026-06-15 19:33:17] INFO [setup_logging] 日志系统初始化完成，日志文件: /Use*******************************************************************************************************
[2026-06-15 19:33:17] INFO [setup_logging] 未检测到 tkinter，将使用命令行交互模式
[2026-06-15 19:33:17] INFO [read_lookup_entries] 从查找表读取到 3 条记录，扩展字段: 无
[2026-06-15 19:33:17] INFO [setup_logging] 日志系统初始化完成，日志文件: /Use*******************************************************************************************************
[2026-06-15 19:33:17] INFO [setup_logging] 未检测到 tkinter，将使用命令行交互模式
[2026-06-15 19:33:17] INFO [read_lookup_entries] 从查找表读取到 3 条记录，扩展字段: 无
[2026-06-15 19:33:17] INFO [setup_logging] 日志系统初始化完成，日志文件: /Use*******************************************************************************************************
[2026-06-15 19:33:17] INFO [setup_logging] 未检测到 tkinter，将使用命令行交互模式
[2026-06-15 19:33:17] INFO [read_lookup_entries] 从查找表读取到 3 条记录，扩展字段: 无
[2026-06-15 19:33:17] INFO [setup_logging] 日志系统初始化完成，日志文件: /Use*******************************************************************************************************
[2026-06-15 19:33:17] INFO [setup_logging] 未检测到 tkinter，将使用命令行交互模式
[2026-06-15 19:33:17] INFO [read_lookup_entries] 从查找表读取到 3 条记录，扩展字段: 无
[2026-06-15 19:33:17] INFO [setup_logging] 日志系统初始化完成，日志文件: /Use*******************************************************************************************************
[2026-06-15 19:33:17] INFO [setup_logging] 未检测到 tkinter，将使用命令行交互模式
[2026-06-15 19:33:17] INFO [read_lookup_entries] 从查找表读取到 3 条记录，扩展字段: 无
[2026-06-15 19:33:17] INFO [setup_logging] 日志系统初始化完成，日志文件: /Use*******************************************************************************************************
[2026-06-15 19:33:17] INFO [setup_logging] 未检测到 tkinter，将使用命令行交互模式
[2026-06-15 19:33:17] INFO [read_lookup_entries] 从查找表读取到 3 条记录，扩展字段: 无
[2026-06-15 19:33:17] INFO [read_lookup_entries] 从查找表读取到 3 条记录，扩展字段: 无
[2026-06-15 19:33:17] INFO [setup_logging] 日志系统初始化完成，日志文件: /Use*******************************************************************************************************
[2026-06-15 19:33:17] INFO [setup_logging] 未检测到 tkinter，将使用命令行交互模式
[2026-06-15 19:33:17] INFO [read_lookup_entries] 从查找表读取到 2 条记录，扩展字段: 无
[2026-06-15 19:33:17] INFO [setup_logging] 日志系统初始化完成，日志文件: /Use*******************************************************************************************************
[2026-06-15 19:33:17] INFO [setup_logging] 未检测到 tkinter，将使用命令行交互模式
[2026-06-15 19:33:17] INFO [read_lookup_entries] 从查找表读取到 3 条记录，扩展字段: 无
[2026-06-15 19:33:17] INFO [setup_logging] 日志系统初始化完成，日志文件: /Use*******************************************************************************************************
[2026-06-15 19:33:17] INFO [setup_logging] 未检测到 tkinter，将使用命令行交互模式
[2026-06-15 19:33:17] INFO [read_lookup_entries] 从查找表读取到 3 条记录，扩展字段: 无
[2026-06-15 19:33:17] INFO [setup_logging] 日志系统初始化完成，日志文件: /Use*******************************************************************************************************
[2026-06-15 19:33:17] INFO [setup_logging] 未检测到 tkinter，将使用命令行交互模式
[2026-06-15 19:33:17] INFO [read_lookup_entries] 从查找表读取到 3 条记录，扩展字段: 无
[2026-06-15 19:33:17] INFO [setup_logging] 日志系统初始化完成，日志文件: /Use*******************************************************************************************************
[2026-06-15 19:33:17] INFO [setup_logging] 未检测到 tkinter，将使用命令行交互模式
[2026-06-15 19:33:18] INFO [read_lookup_entries] 从查找表读取到 3 条记录，扩展字段: 无
[2026-06-15 19:33:18] INFO [read_lookup_entries] 从查找表读取到 3 条记录，扩展字段: 无
[2026-06-15 19:33:18] INFO [setup_logging] 日志系统初始化完成，日志文件: /Use*******************************************************************************************************
[2026-06-15 19:33:18] INFO [setup_logging] 未检测到 tkinter，将使用命令行交互模式
[2026-06-15 19:33:18] INFO [read_lookup_entries] 从查找表读取到 3 条记录，扩展字段: 无
[2026-06-15 19:33:18] INFO [setup_logging] 日志系统初始化完成，日志文件: /Use*******************************************************************************************************
[2026-06-15 19:33:18] INFO [setup_logging] 未检测到 tkinter，将使用命令行交互模式
[2026-06-15 19:33:18] INFO [read_lookup_entries] 从查找表读取到 1 条记录，扩展字段: ['部门', '项目编号']
[2026-06-15 19:33:18] INFO [setup_logging] 日志系统初始化完成，日志文件: /Use*******************************************************************************************************
[2026-06-15 19:33:18] INFO [setup_logging] 未检测到 tkinter，将使用命令行交互模式
[2026-06-15 19:33:18] INFO [read_lookup_entries] 从查找表读取到 2 条记录，扩展字段: 无
[2026-06-15 19:33:18] INFO [setup_logging] 日志系统初始化完成，日志文件: /Use*******************************************************************************************************
[2026-06-15 19:33:18] INFO [setup_logging] 未检测到 tkinter，将使用命令行交互模式
[2026-06-15 19:33:18] WARNING [find_lookup_file] 未找到主体查找表文件
[2026-06-15 19:33:18] WARNING [read_lookup_entries] 查找表文件不存在: None
[2026-06-15 19:33:18] INFO [setup_logging] 日志系统初始化完成，日志文件: /Use*******************************************************************************************************
[2026-06-15 19:33:18] INFO [setup_logging] 未检测到 tkinter，将使用命令行交互模式
[2026-06-15 19:33:18] WARNING [read_lookup_entries] 查找表文件不存在: /nonexistent/path.xlsx
[2026-06-15 19:33:18] INFO [setup_logging] 日志系统初始化完成，日志文件: /Use*******************************************************************************************************
[2026-06-15 19:33:18] INFO [setup_logging] 未检测到 tkinter，将使用命令行交互模式
[2026-06-15 19:33:18] INFO [read_lookup_entries] 从查找表读取到 1 条记录，扩展字段: ['部门', '项目编号']
[2026-06-15 19:33:18] INFO [setup_logging] 日志系统初始化完成，日志文件: /Use*******************************************************************************************************
[2026-06-15 19:33:18] INFO [setup_logging] 未检测到 tkinter，将使用命令行交互模式
[2026-06-15 19:33:18] INFO [read_lookup_entries] 从查找表读取到 1 条记录，扩展字段: 无
[2026-06-15 19:33:18] INFO [setup_logging] 日志系统初始化完成，日志文件: /Use*******************************************************************************************************
[2026-06-15 19:33:18] INFO [setup_logging] 未检测到 tkinter，将使用命令行交互模式
[2026-06-15 19:33:18] INFO [read_lookup_entries] 从查找表读取到 3 条记录，扩展字段: 无
[2026-06-15 19:33:18] INFO [setup_logging] 日志系统初始化完成，日志文件: /Use*******************************************************************************************************
[2026-06-15 19:33:18] INFO [setup_logging] 未检测到 tkinter，将使用命令行交互模式
[2026-06-15 19:33:18] INFO [read_lookup_entries] 从查找表读取到 2 条记录，扩展字段: ['部门']
[2026-06-15 19:33:18] INFO [setup_logging] 日志系统初始化完成，日志文件: /Use*******************************************************************************************************
[2026-06-15 19:33:18] INFO [setup_logging] 未检测到 tkinter，将使用命令行交互模式
[2026-06-15 19:33:18] INFO [save_lookup_entries] 查找表已保存到 /var*********************************************************************************，共 2 条记录
[2026-06-15 19:33:18] INFO [evaluate_lookup_change] 开始评估查找表变更影响
[2026-06-15 19:33:18] INFO [read_lookup_entries] 从查找表读取到 2 条记录，扩展字段: ['部门', '项目']
[2026-06-15 19:33:18] INFO [setup_logging] 日志系统初始化完成，日志文件: /Use*******************************************************************************************************
[2026-06-15 19:33:18] INFO [setup_logging] 未检测到 tkinter，将使用命令行交互模式
[2026-06-15 19:33:18] INFO [save_lookup_entries] 查找表已保存到 /var********************************************************************************，共 1 条记录
[2026-06-15 19:33:18] INFO [evaluate_lookup_change] 开始评估查找表变更影响
[2026-06-15 19:33:18] INFO [read_lookup_entries] 从查找表读取到 1 条记录，扩展字段: ['负责人', '部门', '项目编号']
[2026-06-15 19:33:18] INFO [setup_logging] 日志系统初始化完成，日志文件: /Use*******************************************************************************************************
[2026-06-15 19:33:18] INFO [setup_logging] 未检测到 tkinter，将使用命令行交互模式
[2026-06-15 19:33:18] INFO [read_lookup_entries] 从查找表读取到 2 条记录，扩展字段: ['部门', '项目编号']
[2026-06-15 19:33:18] INFO [setup_logging] 日志系统初始化完成，日志文件: /Use*******************************************************************************************************
[2026-06-15 19:33:18] INFO [setup_logging] 未检测到 tkinter，将使用命令行交互模式
[2026-06-15 19:33:18] INFO [read_lookup_entries] 从查找表读取到 2 条记录，扩展字段: ['项目编号']
[2026-06-15 19:33:18] INFO [setup_logging] 日志系统初始化完成，日志文件: /Use*******************************************************************************************************
[2026-06-15 19:33:18] INFO [setup_logging] 未检测到 tkinter，将使用命令行交互模式
[2026-06-15 19:33:18] INFO [read_lookup_entries] 从查找表读取到 1 条记录，扩展字段: ['部门']
[2026-06-15 19:33:18] INFO [setup_logging] 日志系统初始化完成，日志文件: /Use*******************************************************************************************************
[2026-06-15 19:33:18] INFO [setup_logging] 未检测到 tkinter，将使用命令行交互模式
[2026-06-15 19:33:18] INFO [read_lookup_entries] 从查找表读取到 1 条记录，扩展字段: ['部门', '项目']
[2026-06-15 19:33:18] INFO [export_to_excel] 查找表已导出到 /var*****************************************************************************，共 1 条记录
[2026-06-15 19:33:18] INFO [read_lookup_entries] 从查找表读取到 1 条记录，扩展字段: ['部门', '项目']
[2026-06-15 19:33:18] INFO [setup_logging] 日志系统初始化完成，日志文件: /Use*******************************************************************************************************
[2026-06-15 19:33:18] INFO [setup_logging] 未检测到 tkinter，将使用命令行交互模式
[2026-06-15 19:33:18] INFO [read_lookup_entries] 从查找表读取到 1 条记录，扩展字段: ['部门', '项目编号']
[2026-06-15 19:33:18] INFO [save_lookup_entries] 查找表已保存到 /var***************************************************************************，共 1 条记录
[2026-06-15 19:33:18] INFO [evaluate_lookup_change] 开始评估查找表变更影响
[2026-06-15 19:33:18] INFO [read_lookup_entries] 从查找表读取到 1 条记录，扩展字段: ['部门', '项目编号']
[2026-06-15 19:33:18] INFO [setup_logging] 日志系统初始化完成，日志文件: /Use*******************************************************************************************************
[2026-06-15 19:33:18] INFO [setup_logging] 未检测到 tkinter，将使用命令行交互模式
[2026-06-15 19:33:18] INFO [read_lookup_entries] 从查找表读取到 1 条记录，扩展字段: ['部门', '项目']
[2026-06-15 19:33:18] INFO [read_lookup_entries] 从查找表读取到 1 条记录，扩展字段: ['部门']
[2026-06-15 19:33:18] INFO [save_lookup_entries] 查找表已保存到 /var***************************************************************************，共 1 条记录
[2026-06-15 19:33:18] INFO [evaluate_lookup_change] 开始评估查找表变更影响
[2026-06-15 19:33:18] INFO [read_lookup_entries] 从查找表读取到 1 条记录，扩展字段: ['部门', '项目']
[2026-06-15 19:33:18] INFO [setup_logging] 日志系统初始化完成，日志文件: /Use*******************************************************************************************************
[2026-06-15 19:33:18] INFO [setup_logging] 未检测到 tkinter，将使用命令行交互模式
[2026-06-15 19:33:18] INFO [setup_logging] 日志系统初始化完成，日志文件: /Use*******************************************************************************************************
[2026-06-15 19:33:18] INFO [setup_logging] 未检测到 tkinter，将使用命令行交互模式
[2026-06-15 19:33:18] INFO [setup_logging] 日志系统初始化完成，日志文件: /Use*******************************************************************************************************
[2026-06-15 19:33:18] INFO [setup_logging] 未检测到 tkinter，将使用命令行交互模式
[2026-06-15 19:33:18] INFO [setup_logging] 日志系统初始化完成，日志文件: /Use*******************************************************************************************************
[2026-06-15 19:33:18] INFO [setup_logging] 未检测到 tkinter，将使用命令行交互模式
[2026-06-15 19:33:18] INFO [setup_logging] 日志系统初始化完成，日志文件: /Use*******************************************************************************************************
[2026-06-15 19:33:18] INFO [setup_logging] 未检测到 tkinter，将使用命令行交互模式
[2026-06-15 19:33:18] INFO [setup_logging] 日志系统初始化完成，日志文件: /Use*******************************************************************************************************
[2026-06-15 19:33:18] INFO [setup_logging] 未检测到 tkinter，将使用命令行交互模式
[2026-06-15 19:33:18] INFO [setup_logging] 日志系统初始化完成，日志文件: /Use*******************************************************************************************************
[2026-06-15 19:33:18] INFO [setup_logging] 未检测到 tkinter，将使用命令行交互模式
[2026-06-15 19:33:18] INFO [setup_logging] 日志系统初始化完成，日志文件: /Use*******************************************************************************************************
[2026-06-15 19:33:18] INFO [setup_logging] 未检测到 tkinter，将使用命令行交互模式
[2026-06-15 19:33:18] INFO [setup_logging] 日志系统初始化完成，日志文件: /Use*******************************************************************************************************
[2026-06-15 19:33:18] INFO [setup_logging] 未检测到 tkinter，将使用命令行交互模式
[2026-06-15 19:33:18] INFO [setup_logging] 日志系统初始化完成，日志文件: /Use*******************************************************************************************************
[2026-06-15 19:33:18] INFO [setup_logging] 未检测到 tkinter，将使用命令行交互模式
[2026-06-15 19:33:18] INFO [setup_logging] 日志系统初始化完成，日志文件: /Use*******************************************************************************************************
[2026-06-15 19:33:18] INFO [setup_logging] 未检测到 tkinter，将使用命令行交互模式
[2026-06-15 19:33:18] INFO [setup_logging] 日志系统初始化完成，日志文件: /Use*******************************************************************************************************
[2026-06-15 19:33:18] INFO [setup_logging] 未检测到 tkinter，将使用命令行交互模式
[2026-06-15 19:33:18] INFO [setup_logging] 日志系统初始化完成，日志文件: /Use*******************************************************************************************************
[2026-06-15 19:33:18] INFO [setup_logging] 未检测到 tkinter，将使用命令行交互模式
[2026-06-15 19:33:18] INFO [setup_logging] 日志系统初始化完成，日志文件: /Use*******************************************************************************************************
[2026-06-15 19:33:18] INFO [setup_logging] 未检测到 tkinter，将使用命令行交互模式
[2026-06-15 19:33:18] INFO [setup_logging] 日志系统初始化完成，日志文件: /Use*******************************************************************************************************
[2026-06-15 19:33:18] INFO [setup_logging] 未检测到 tkinter，将使用命令行交互模式
[2026-06-15 19:33:18] INFO [setup_logging] 日志系统初始化完成，日志文件: /Use*******************************************************************************************************
[2026-06-15 19:33:18] INFO [setup_logging] 未检测到 tkinter，将使用命令行交互模式
[2026-06-15 19:33:18] INFO [setup_logging] 日志系统初始化完成，日志文件: /Use*******************************************************************************************************
[2026-06-15 19:33:18] INFO [setup_logging] 未检测到 tkinter，将使用命令行交互模式
[2026-06-15 19:33:18] INFO [setup_logging] 日志系统初始化完成，日志文件: /Use*******************************************************************************************************
[2026-06-15 19:33:18] INFO [setup_logging] 未检测到 tkinter，将使用命令行交互模式
[2026-06-15 19:33:18] INFO [setup_logging] 日志系统初始化完成，日志文件: /Use*******************************************************************************************************
[2026-06-15 19:33:18] INFO [setup_logging] 未检测到 tkinter，将使用命令行交互模式
[2026-06-15 19:33:18] INFO [setup_logging] 日志系统初始化完成，日志文件: /Use*******************************************************************************************************
[2026-06-15 19:33:18] INFO [setup_logging] 未检测到 tkinter，将使用命令行交互模式
[2026-06-15 19:33:18] INFO [setup_logging] 日志系统初始化完成，日志文件: /Use*******************************************************************************************************
[2026-06-15 19:33:18] INFO [setup_logging] 未检测到 tkinter，将使用命令行交互模式
[2026-06-15 19:33:18] INFO [setup_logging] 日志系统初始化完成，日志文件: /Use*******************************************************************************************************
[2026-06-15 19:33:19] INFO [setup_logging] 未检测到 tkinter，将使用命令行交互模式
[2026-06-15 19:33:19] INFO [setup_logging] 日志系统初始化完成，日志文件: /Use*******************************************************************************************************
[2026-06-15 19:33:19] INFO [setup_logging] 未检测到 tkinter，将使用命令行交互模式
[2026-06-15 19:33:19] INFO [setup_logging] 日志系统初始化完成，日志文件: /Use*******************************************************************************************************
[2026-06-15 19:33:19] INFO [setup_logging] 未检测到 tkinter，将使用命令行交互模式
[2026-06-15 19:33:19] INFO [setup_logging] 日志系统初始化完成，日志文件: /Use*******************************************************************************************************
[2026-06-15 19:33:19] INFO [setup_logging] 未检测到 tkinter，将使用命令行交互模式
[2026-06-15 19:33:19] INFO [setup_logging] 日志系统初始化完成，日志文件: /Use*******************************************************************************************************
[2026-06-15 19:33:19] INFO [setup_logging] 未检测到 tkinter，将使用命令行交互模式
[2026-06-15 19:33:19] INFO [setup_logging] 日志系统初始化完成，日志文件: /Use*******************************************************************************************************
[2026-06-15 19:33:19] INFO [setup_logging] 未检测到 tkinter，将使用命令行交互模式
[2026-06-15 19:33:19] DEBUG [detect_file_format] 文件 /var************************************************************************************* Magic Bytes 检测为 xlsx 格式 (ZIP/OOXML)
[2026-06-15 19:33:19] INFO [setup_logging] 日志系统初始化完成，日志文件: /Use*******************************************************************************************************
[2026-06-15 19:33:19] INFO [setup_logging] 未检测到 tkinter，将使用命令行交互模式
[2026-06-15 19:33:19] DEBUG [detect_file_format] 文件 /var************************************************************************************* Magic Bytes 检测为 xlsx 格式 (ZIP/OOXML)
[2026-06-15 19:33:19] INFO [setup_logging] 日志系统初始化完成，日志文件: /Use*******************************************************************************************************
[2026-06-15 19:33:19] INFO [setup_logging] 未检测到 tkinter，将使用命令行交互模式
[2026-06-15 19:33:19] INFO [setup_logging] 日志系统初始化完成，日志文件: /Use*******************************************************************************************************
[2026-06-15 19:33:19] INFO [setup_logging] 未检测到 tkinter，将使用命令行交互模式
[2026-06-15 19:33:19] DEBUG [detect_file_format] 文件 /var*********************************************************************************** Magic Bytes 检测为 xlsx 格式 (ZIP/OOXML)
[2026-06-15 19:33:19] INFO [setup_logging] 日志系统初始化完成，日志文件: /Use*******************************************************************************************************
[2026-06-15 19:33:19] INFO [setup_logging] 未检测到 tkinter，将使用命令行交互模式
[2026-06-15 19:33:19] DEBUG [detect_file_format] 文件 /var************************************************************************************** Magic Bytes 检测为 xlsx 格式 (ZIP/OOXML)
[2026-06-15 19:33:19] INFO [setup_logging] 日志系统初始化完成，日志文件: /Use*******************************************************************************************************
[2026-06-15 19:33:19] INFO [setup_logging] 未检测到 tkinter，将使用命令行交互模式
[2026-06-15 19:33:19] DEBUG [detect_file_format] 文件 /var**************************************************************************************** Magic Bytes 检测为 xlsx 格式 (ZIP/OOXML)
[2026-06-15 19:33:19] INFO [setup_logging] 日志系统初始化完成，日志文件: /Use*******************************************************************************************************
[2026-06-15 19:33:19] INFO [setup_logging] 未检测到 tkinter，将使用命令行交互模式
[2026-06-15 19:33:19] DEBUG [detect_file_format] 文件 /var************************************************************************************* Magic Bytes 检测为 xlsx 格式 (ZIP/OOXML)
[2026-06-15 19:33:19] INFO [setup_logging] 日志系统初始化完成，日志文件: /Use*******************************************************************************************************
[2026-06-15 19:33:19] INFO [setup_logging] 未检测到 tkinter，将使用命令行交互模式
[2026-06-15 19:33:19] DEBUG [detect_file_format] 文件 /var************************************************************************************* Magic Bytes 检测为 xlsx 格式 (ZIP/OOXML)
[2026-06-15 19:33:19] INFO [setup_logging] 日志系统初始化完成，日志文件: /Use*******************************************************************************************************
[2026-06-15 19:33:19] INFO [setup_logging] 未检测到 tkinter，将使用命令行交互模式
[2026-06-15 19:33:19] DEBUG [detect_file_format] 文件 /var**************************************************************************************** Magic Bytes 检测为 xlsx 格式 (ZIP/OOXML)
[2026-06-15 19:33:19] INFO [setup_logging] 日志系统初始化完成，日志文件: /Use*******************************************************************************************************
[2026-06-15 19:33:19] INFO [setup_logging] 未检测到 tkinter，将使用命令行交互模式
[2026-06-15 19:33:19] DEBUG [detect_file_format] 文件 /var********************************************************************************************* Magic Bytes 检测为 xlsx 格式 (ZIP/OOXML)
[2026-06-15 19:33:19] INFO [setup_logging] 日志系统初始化完成，日志文件: /Use*******************************************************************************************************
[2026-06-15 19:33:19] INFO [setup_logging] 未检测到 tkinter，将使用命令行交互模式
[2026-06-15 19:33:19] INFO [setup_logging] 日志系统初始化完成，日志文件: /Use*******************************************************************************************************
[2026-06-15 19:33:19] INFO [setup_logging] 未检测到 tkinter，将使用命令行交互模式
[2026-06-15 19:33:19] INFO [setup_logging] 日志系统初始化完成，日志文件: /Use*******************************************************************************************************
[2026-06-15 19:33:19] INFO [setup_logging] 未检测到 tkinter，将使用命令行交互模式
[2026-06-15 19:33:19] INFO [load_config] 已加载 0 个银行规则配置
[2026-06-15 19:33:19] INFO [load_config] 已加载 1 个银行规则配置
[2026-06-15 19:33:19] INFO [load_config] 已加载 1 个银行规则配置
[2026-06-15 19:33:19] INFO [reload_bank_processors] 已重新加载 1 个银行处理器
[2026-06-15 19:33:19] INFO [save_rule] 银行规则「测试银行」已保存到配置文件
[2026-06-15 19:33:19] INFO [confirm_and_save] 银行模板推断结果已保存: 测试银行
