[2026-06-15 00:55:54] INFO [setup_logging] 日志系统初始化完成，日志文件: /Use*******************************************************************************************************
[2026-06-15 00:55:54] INFO [setup_logging] 未检测到 tkinter，将使用命令行交互模式
[2026-06-15 00:55:54] INFO [convert_xls_to_xlsx] 正在将 .xls 文件转换为 .xlsx: /var*****************************************************************************
[2026-06-15 00:55:54] INFO [convert_xls_to_xlsx] .xls 转换完成: /var***************************************************************************** -> /var********************************************************************
[2026-06-15 00:55:54] INFO [setup_logging] 日志系统初始化完成，日志文件: /Use*******************************************************************************************************
[2026-06-15 00:55:54] INFO [setup_logging] 未检测到 tkinter，将使用命令行交互模式
[2026-06-15 00:55:54] INFO [convert_xls_to_xlsx] 正在将 .xls 文件转换为 .xlsx: /var*****************************************************************************
[2026-06-15 00:55:54] INFO [convert_xls_to_xlsx] .xls 转换完成: /var***************************************************************************** -> /var********************************************************************
[2026-06-15 00:55:54] INFO [setup_logging] 日志系统初始化完成，日志文件: /Use*******************************************************************************************************
[2026-06-15 00:55:54] INFO [setup_logging] 未检测到 tkinter，将使用命令行交互模式
[2026-06-15 00:55:54] INFO [convert_xls_to_xlsx] 正在将 .xls 文件转换为 .xlsx: /var*****************************************************************************
[2026-06-15 00:55:54] INFO [convert_xls_to_xlsx] .xls 转换完成: /var***************************************************************************** -> /var********************************************************************
[2026-06-15 00:55:54] INFO [setup_logging] 日志系统初始化完成，日志文件: /Use*******************************************************************************************************
[2026-06-15 00:55:54] INFO [setup_logging] 未检测到 tkinter，将使用命令行交互模式
[2026-06-15 00:55:54] INFO [convert_xls_to_xlsx] 正在将 .xls 文件转换为 .xlsx: /var*****************************************************************************
[2026-06-15 00:55:54] INFO [convert_xls_to_xlsx] .xls 转换完成: /var***************************************************************************** -> /var********************************************************************
[2026-06-15 00:55:54] INFO [convert_xls_to_xlsx] 正在将 .xls 文件转换为 .xlsx: /var*****************************************************************************
[2026-06-15 00:55:54] INFO [convert_xls_to_xlsx] .xls 转换完成: /var***************************************************************************** -> /var********************************************************************
[2026-06-15 00:55:54] INFO [convert_xls_to_xlsx] 正在将 .xls 文件转换为 .xlsx: /var*****************************************************************************
[2026-06-15 00:55:54] INFO [convert_xls_to_xlsx] .xls 转换完成: /var***************************************************************************** -> /var********************************************************************
[2026-06-15 00:55:54] INFO [convert_xls_to_xlsx] 正在将 .xls 文件转换为 .xlsx: /var*****************************************************************************
[2026-06-15 00:55:54] INFO [convert_xls_to_xlsx] .xls 转换完成: /var***************************************************************************** -> /var********************************************************************
[2026-06-15 00:55:54] INFO [convert_xls_to_xlsx] 正在将 .xls 文件转换为 .xlsx: /var*****************************************************************************
[2026-06-15 00:55:54] INFO [convert_xls_to_xlsx] .xls 转换完成: /var***************************************************************************** -> /var********************************************************************
[2026-06-15 00:55:54] INFO [setup_logging] 日志系统初始化完成，日志文件: /Use*******************************************************************************************************
[2026-06-15 00:55:54] INFO [setup_logging] 未检测到 tkinter，将使用命令行交互模式
[2026-06-15 00:55:54] INFO [convert_xls_to_xlsx] 正在将 .xls 文件转换为 .xlsx: /var**********************************************************************************
[2026-06-15 00:55:54] INFO [convert_xls_to_xlsx] .xls 转换完成: /var********************************************************************************** -> /var********************************************************************
[2026-06-15 00:55:54] INFO [convert_xls_to_xlsx] 正在将 .xls 文件转换为 .xlsx: /var**********************************************************************************
[2026-06-15 00:55:54] INFO [convert_xls_to_xlsx] .xls 转换完成: /var********************************************************************************** -> /var********************************************************************
[2026-06-15 00:55:54] INFO [setup_logging] 日志系统初始化完成，日志文件: /Use*******************************************************************************************************
[2026-06-15 00:55:54] INFO [setup_logging] 未检测到 tkinter，将使用命令行交互模式
[2026-06-15 00:55:54] INFO [convert_xls_to_xlsx] 正在将 .xls 文件转换为 .xlsx: /var*******************************************************************************
[2026-06-15 00:55:54] INFO [convert_xls_to_xlsx] .xls 转换完成: /var******************************************************************************* -> /var********************************************************************
[2026-06-15 00:55:54] INFO [convert_xls_to_xlsx] 正在将 .xls 文件转换为 .xlsx: /var*******************************************************************************
[2026-06-15 00:55:54] INFO [convert_xls_to_xlsx] .xls 转换完成: /var******************************************************************************* -> /var********************************************************************
[2026-06-15 00:55:54] INFO [setup_logging] 日志系统初始化完成，日志文件: /Use*******************************************************************************************************
[2026-06-15 00:55:54] INFO [setup_logging] 未检测到 tkinter，将使用命令行交互模式
[2026-06-15 00:55:54] INFO [convert_xls_to_xlsx] 正在将 .xls 文件转换为 .xlsx: /var*****************************************************************************
[2026-06-15 00:55:54] INFO [convert_xls_to_xlsx] .xls 转换完成: /var***************************************************************************** -> /var********************************************************************
[2026-06-15 00:55:54] INFO [setup_logging] 日志系统初始化完成，日志文件: /Use*******************************************************************************************************
[2026-06-15 00:55:54] INFO [setup_logging] 未检测到 tkinter，将使用命令行交互模式
[2026-06-15 00:55:54] INFO [convert_xls_to_xlsx] 正在将 .xls 文件转换为 .xlsx: /var*****************************************************************************
[2026-06-15 00:55:54] INFO [convert_xls_to_xlsx] .xls 转换完成: /var***************************************************************************** -> /var********************************************************************
[2026-06-15 00:55:54] INFO [setup_logging] 日志系统初始化完成，日志文件: /Use*******************************************************************************************************
[2026-06-15 00:55:54] INFO [setup_logging] 未检测到 tkinter，将使用命令行交互模式
[2026-06-15 00:55:54] ERROR [convert_xls_to_xlsx] 处理 .xls 文件需要 xlrd 库，请运行: pip install xlrd
[2026-06-15 00:55:54] INFO [setup_logging] 日志系统初始化完成，日志文件: /Use*******************************************************************************************************
[2026-06-15 00:55:54] INFO [setup_logging] 未检测到 tkinter，将使用命令行交互模式
[2026-06-15 00:55:54] INFO [convert_xls_to_xlsx] 正在将 .xls 文件转换为 .xlsx: /var****************************************************************************************
[2026-06-15 00:55:54] INFO [convert_xls_to_xlsx] .xls 转换完成: /var**************************************************************************************** -> /var********************************************************************
[2026-06-15 00:55:54] INFO [convert_xls_to_xlsx] 正在将 .xls 文件转换为 .xlsx: /var****************************************************************************************
[2026-06-15 00:55:54] INFO [convert_xls_to_xlsx] 正在将 .xls 文件转换为 .xlsx: /var****************************************************************************************
[2026-06-15 00:55:54] INFO [convert_xls_to_xlsx] 正在将 .xls 文件转换为 .xlsx: /var****************************************************************************************
[2026-06-15 00:55:54] INFO [convert_xls_to_xlsx] .xls 转换完成: /var**************************************************************************************** -> /var********************************************************************
[2026-06-15 00:55:54] INFO [convert_xls_to_xlsx] 正在将 .xls 文件转换为 .xlsx: /var****************************************************************************************
[2026-06-15 00:55:54] INFO [convert_xls_to_xlsx] 正在将 .xls 文件转换为 .xlsx: /var****************************************************************************************
[2026-06-15 00:55:54] INFO [convert_xls_to_xlsx] 正在将 .xls 文件转换为 .xlsx: /var****************************************************************************************
[2026-06-15 00:55:54] INFO [convert_xls_to_xlsx] 正在将 .xls 文件转换为 .xlsx: /var****************************************************************************************
[2026-06-15 00:55:54] INFO [convert_xls_to_xlsx] 正在将 .xls 文件转换为 .xlsx: /var****************************************************************************************
[2026-06-15 00:55:54] INFO [convert_xls_to_xlsx] .xls 转换完成: /var**************************************************************************************** -> /var********************************************************************
[2026-06-15 00:55:54] INFO [convert_xls_to_xlsx] 正在将 .xls 文件转换为 .xlsx: /var****************************************************************************************
[2026-06-15 00:55:54] INFO [convert_xls_to_xlsx] .xls 转换完成: /var**************************************************************************************** -> /var********************************************************************
[2026-06-15 00:55:54] INFO [convert_xls_to_xlsx] .xls 转换完成: /var**************************************************************************************** -> /var********************************************************************
[2026-06-15 00:55:54] INFO [convert_xls_to_xlsx] .xls 转换完成: /var**************************************************************************************** -> /var********************************************************************
[2026-06-15 00:55:54] INFO [convert_xls_to_xlsx] .xls 转换完成: /var**************************************************************************************** -> /var********************************************************************
[2026-06-15 00:55:54] INFO [convert_xls_to_xlsx] .xls 转换完成: /var**************************************************************************************** -> /var********************************************************************
[2026-06-15 00:55:54] INFO [convert_xls_to_xlsx] .xls 转换完成: /var**************************************************************************************** -> /var********************************************************************
[2026-06-15 00:55:54] INFO [setup_logging] 日志系统初始化完成，日志文件: /Use*******************************************************************************************************
[2026-06-15 00:55:54] INFO [setup_logging] 未检测到 tkinter，将使用命令行交互模式
[2026-06-15 00:55:54] INFO [convert_xls_to_xlsx] 正在将 .xls 文件转换为 .xlsx: /var***************************************************************************************
[2026-06-15 00:55:54] INFO [convert_xls_to_xlsx] 正在将 .xls 文件转换为 .xlsx: /var***************************************************************************************
[2026-06-15 00:55:54] INFO [convert_xls_to_xlsx] 正在将 .xls 文件转换为 .xlsx: /var***************************************************************************************
[2026-06-15 00:55:54] INFO [convert_xls_to_xlsx] 正在将 .xls 文件转换为 .xlsx: /var***************************************************************************************
[2026-06-15 00:55:54] INFO [convert_xls_to_xlsx] 正在将 .xls 文件转换为 .xlsx: /var***************************************************************************************
[2026-06-15 00:55:54] INFO [convert_xls_to_xlsx] .xls 转换完成: /var*************************************************************************************** -> /var********************************************************************
[2026-06-15 00:55:54] INFO [convert_xls_to_xlsx] .xls 转换完成: /var*************************************************************************************** -> /var********************************************************************
[2026-06-15 00:55:54] INFO [convert_xls_to_xlsx] .xls 转换完成: /var*************************************************************************************** -> /var********************************************************************
[2026-06-15 00:55:54] INFO [convert_xls_to_xlsx] .xls 转换完成: /var*************************************************************************************** -> /var********************************************************************
[2026-06-15 00:55:54] INFO [convert_xls_to_xlsx] .xls 转换完成: /var*************************************************************************************** -> /var********************************************************************
[2026-06-15 00:55:55] INFO [setup_logging] 日志系统初始化完成，日志文件: /Use*******************************************************************************************************
[2026-06-15 00:55:55] INFO [setup_logging] 未检测到 tkinter，将使用命令行交互模式
[2026-06-15 00:55:55] WARNING [detect_file_format] 检测文件格式失败 /var*****************************************************************************: [Errno 2] No such file or directory: '/var/folders/8t/8rw7_pg16cx2c2mkh_cvpz8m0000gn/T/bankcheck_test_gkanl79y/test.xls'
[2026-06-15 00:55:55] INFO [convert_xls_to_xlsx] 正在将 .xls 文件转换为 .xlsx: /var*****************************************************************************
[2026-06-15 00:55:55] INFO [convert_xls_to_xlsx] .xls 转换完成: /var***************************************************************************** -> /var********************************************************************
[2026-06-15 00:55:55] INFO [setup_logging] 日志系统初始化完成，日志文件: /Use*******************************************************************************************************
[2026-06-15 00:55:55] INFO [setup_logging] 未检测到 tkinter，将使用命令行交互模式
[2026-06-15 00:55:55] WARNING [detect_file_format] 检测文件格式失败 /var*****************************************************************************: [Errno 2] No such file or directory: '/var/folders/8t/8rw7_pg16cx2c2mkh_cvpz8m0000gn/T/bankcheck_test_ipn0xa8c/test.xls'
[2026-06-15 00:55:55] INFO [convert_xls_to_xlsx] 正在将 .xls 文件转换为 .xlsx: /var*****************************************************************************
[2026-06-15 00:55:55] INFO [convert_xls_to_xlsx] .xls 转换完成: /var***************************************************************************** -> /var********************************************************************
[2026-06-15 00:55:55] INFO [setup_logging] 日志系统初始化完成，日志文件: /Use*******************************************************************************************************
[2026-06-15 00:55:55] INFO [setup_logging] 未检测到 tkinter，将使用命令行交互模式
[2026-06-15 00:55:55] WARNING [detect_file_format] 检测文件格式失败 /var*****************************************************************************: [Errno 2] No such file or directory: '/var/folders/8t/8rw7_pg16cx2c2mkh_cvpz8m0000gn/T/bankcheck_test_izg1gt4t/test.xls'
[2026-06-15 00:55:55] INFO [convert_xls_to_xlsx] 正在将 .xls 文件转换为 .xlsx: /var*****************************************************************************
[2026-06-15 00:55:55] INFO [convert_xls_to_xlsx] .xls 转换完成: /var***************************************************************************** -> /var********************************************************************
[2026-06-15 00:55:55] WARNING [detect_file_format] 检测文件格式失败 /var*****************************************************************************: [Errno 2] No such file or directory: '/var/folders/8t/8rw7_pg16cx2c2mkh_cvpz8m0000gn/T/bankcheck_test_izg1gt4t/test.xls'
[2026-06-15 00:55:55] INFO [convert_xls_to_xlsx] 正在将 .xls 文件转换为 .xlsx: /var*****************************************************************************
[2026-06-15 00:55:55] INFO [convert_xls_to_xlsx] .xls 转换完成: /var***************************************************************************** -> /var********************************************************************
[2026-06-15 00:55:55] INFO [setup_logging] 日志系统初始化完成，日志文件: /Use*******************************************************************************************************
[2026-06-15 00:55:55] INFO [setup_logging] 未检测到 tkinter，将使用命令行交互模式
[2026-06-15 00:55:55] WARNING [detect_file_format] 检测文件格式失败 /var*****************************************************************************: [Errno 2] No such file or directory: '/var/folders/8t/8rw7_pg16cx2c2mkh_cvpz8m0000gn/T/bankcheck_test_eoogy70p/test.xls'
[2026-06-15 00:55:55] INFO [convert_xls_to_xlsx] 正在将 .xls 文件转换为 .xlsx: /var*****************************************************************************
[2026-06-15 00:55:55] INFO [convert_xls_to_xlsx] .xls 转换完成: /var***************************************************************************** -> /var********************************************************************
[2026-06-15 00:55:55] INFO [setup_logging] 日志系统初始化完成，日志文件: /Use*******************************************************************************************************
[2026-06-15 00:55:55] INFO [setup_logging] 未检测到 tkinter，将使用命令行交互模式
[2026-06-15 00:55:55] INFO [convert_xls_to_xlsx] 正在将 .xls 文件转换为 .xlsx: /var*****************************************************************************
[2026-06-15 00:55:55] INFO [convert_xls_to_xlsx] .xls 转换完成: /var***************************************************************************** -> /var********************************************************************
[2026-06-15 00:55:55] INFO [setup_logging] 日志系统初始化完成，日志文件: /Use*******************************************************************************************************
[2026-06-15 00:55:55] INFO [setup_logging] 未检测到 tkinter，将使用命令行交互模式
[2026-06-15 00:55:55] INFO [convert_xls_to_xlsx] 正在将 .xls 文件转换为 .xlsx: /var*****************************************************************************
[2026-06-15 00:55:55] INFO [convert_xls_to_xlsx] .xls 转换完成: /var***************************************************************************** -> /var********************************************************************
[2026-06-15 00:55:55] INFO [setup_logging] 日志系统初始化完成，日志文件: /Use*******************************************************************************************************
[2026-06-15 00:55:55] INFO [setup_logging] 未检测到 tkinter，将使用命令行交互模式
[2026-06-15 00:55:55] INFO [setup_logging] 日志系统初始化完成，日志文件: /Use*******************************************************************************************************
[2026-06-15 00:55:55] INFO [setup_logging] 未检测到 tkinter，将使用命令行交互模式
[2026-06-15 00:55:55] INFO [setup_logging] 日志系统初始化完成，日志文件: /Use*******************************************************************************************************
[2026-06-15 00:55:55] INFO [setup_logging] 未检测到 tkinter，将使用命令行交互模式
[2026-06-15 00:55:55] INFO [setup_logging] 日志系统初始化完成，日志文件: /Use*******************************************************************************************************
[2026-06-15 00:55:55] INFO [setup_logging] 未检测到 tkinter，将使用命令行交互模式
[2026-06-15 00:55:55] INFO [setup_logging] 日志系统初始化完成，日志文件: /Use*******************************************************************************************************
[2026-06-15 00:55:55] INFO [setup_logging] 未检测到 tkinter，将使用命令行交互模式
[2026-06-15 00:55:55] INFO [setup_logging] 日志系统初始化完成，日志文件: /Use*******************************************************************************************************
[2026-06-15 00:55:55] INFO [setup_logging] 未检测到 tkinter，将使用命令行交互模式
[2026-06-15 00:55:55] INFO [setup_logging] 日志系统初始化完成，日志文件: /Use*******************************************************************************************************
[2026-06-15 00:55:55] INFO [setup_logging] 未检测到 tkinter，将使用命令行交互模式
[2026-06-15 00:55:55] INFO [setup_logging] 日志系统初始化完成，日志文件: /Use*******************************************************************************************************
[2026-06-15 00:55:55] INFO [setup_logging] 未检测到 tkinter，将使用命令行交互模式
[2026-06-15 00:55:55] DEBUG [detect_file_format] 文件 /var****************************************************************************** Magic Bytes 检测为 xlsx 格式 (ZIP/OOXML)
[2026-06-15 00:55:55] INFO [setup_logging] 日志系统初始化完成，日志文件: /Use*******************************************************************************************************
[2026-06-15 00:55:55] INFO [setup_logging] 未检测到 tkinter，将使用命令行交互模式
[2026-06-15 00:55:55] DEBUG [detect_file_format] 文件 /var***************************************************************************** Magic Bytes 检测为 xls 格式 (OLE/BIFF)
[2026-06-15 00:55:55] INFO [setup_logging] 日志系统初始化完成，日志文件: /Use*******************************************************************************************************
[2026-06-15 00:55:55] INFO [setup_logging] 未检测到 tkinter，将使用命令行交互模式
[2026-06-15 00:55:55] DEBUG [detect_file_format] 文件 /var***************************************************************************** 检测为 csv 格式 (纯文本)
[2026-06-15 00:55:55] INFO [setup_logging] 日志系统初始化完成，日志文件: /Use*******************************************************************************************************
[2026-06-15 00:55:55] INFO [setup_logging] 未检测到 tkinter，将使用命令行交互模式
[2026-06-15 00:55:55] DEBUG [detect_file_format] 文件 /var****************************************************************************** 头部数据不足，无法检测格式
[2026-06-15 00:55:55] INFO [setup_logging] 日志系统初始化完成，日志文件: /Use*******************************************************************************************************
[2026-06-15 00:55:55] INFO [setup_logging] 未检测到 tkinter，将使用命令行交互模式
[2026-06-15 00:55:55] DEBUG [detect_file_format] 文件 /var****************************************************************************** 头部数据不足，无法检测格式
[2026-06-15 00:55:55] INFO [setup_logging] 日志系统初始化完成，日志文件: /Use*******************************************************************************************************
[2026-06-15 00:55:55] INFO [setup_logging] 未检测到 tkinter，将使用命令行交互模式
[2026-06-15 00:55:55] WARNING [detect_file_format] 检测文件格式失败 /var*************************************************************************************: [Errno 2] No such file or directory: '/var/folders/8t/8rw7_pg16cx2c2mkh_cvpz8m0000gn/T/bankcheck_test_2ybj_tmg/nonexistent.xlsx'
[2026-06-15 00:55:55] INFO [setup_logging] 日志系统初始化完成，日志文件: /Use*******************************************************************************************************
[2026-06-15 00:55:55] INFO [setup_logging] 未检测到 tkinter，将使用命令行交互模式
[2026-06-15 00:55:55] DEBUG [detect_file_format] 文件 /var***************************************************************************** Magic Bytes 检测为 xlsx 格式 (ZIP/OOXML)
[2026-06-15 00:55:55] INFO [setup_logging] 日志系统初始化完成，日志文件: /Use*******************************************************************************************************
[2026-06-15 00:55:55] INFO [setup_logging] 未检测到 tkinter，将使用命令行交互模式
[2026-06-15 00:55:55] DEBUG [detect_file_format] 文件 /var****************************************************************************** Magic Bytes 检测为 xls 格式 (OLE/BIFF)
[2026-06-15 00:55:55] INFO [setup_logging] 日志系统初始化完成，日志文件: /Use*******************************************************************************************************
[2026-06-15 00:55:55] INFO [setup_logging] 未检测到 tkinter，将使用命令行交互模式
[2026-06-15 00:55:55] DEBUG [detect_file_format] 文件 /var***************************************************************************** Magic Bytes 检测为 xlsx 格式 (ZIP/OOXML)
[2026-06-15 00:55:55] WARNING [open_workbook_compat] 文件「/var*****************************************************************************」扩展名与实际格式不一致：扩展名为 xls，实际为 xlsx，将按 xlsx 格式解析
[2026-06-15 00:55:55] INFO [setup_logging] 日志系统初始化完成，日志文件: /Use*******************************************************************************************************
[2026-06-15 00:55:55] INFO [setup_logging] 未检测到 tkinter，将使用命令行交互模式
[2026-06-15 00:55:55] DEBUG [detect_file_format] 文件 /var****************************************************************************** Magic Bytes 检测为 xls 格式 (OLE/BIFF)
[2026-06-15 00:55:55] WARNING [open_workbook_compat] 文件「/var******************************************************************************」扩展名与实际格式不一致：扩展名为 xlsx，实际为 xls，将按 xls 格式解析
[2026-06-15 00:55:55] INFO [convert_xls_to_xlsx] 正在将 .xls 文件转换为 .xlsx: /var******************************************************************************
[2026-06-15 00:55:55] INFO [convert_xls_to_xlsx] .xls 转换完成: /var****************************************************************************** -> /var********************************************************************
[2026-06-15 00:55:55] INFO [setup_logging] 日志系统初始化完成，日志文件: /Use*******************************************************************************************************
[2026-06-15 00:55:55] INFO [setup_logging] 未检测到 tkinter，将使用命令行交互模式
[2026-06-15 00:55:55] DEBUG [detect_file_format] 文件 /var******************************************************************************** Magic Bytes 检测为 xlsx 格式 (ZIP/OOXML)
[2026-06-15 00:55:55] INFO [setup_logging] 日志系统初始化完成，日志文件: /Use*******************************************************************************************************
[2026-06-15 00:55:55] INFO [setup_logging] 未检测到 tkinter，将使用命令行交互模式
[2026-06-15 00:55:55] DEBUG [detect_file_format] 文件 /var******************************************************************************* Magic Bytes 检测为 xls 格式 (OLE/BIFF)
[2026-06-15 00:55:55] INFO [convert_xls_to_xlsx] 正在将 .xls 文件转换为 .xlsx: /var*******************************************************************************
[2026-06-15 00:55:55] INFO [convert_xls_to_xlsx] .xls 转换完成: /var******************************************************************************* -> /var********************************************************************
[2026-06-15 00:55:55] INFO [setup_logging] 日志系统初始化完成，日志文件: /Use*******************************************************************************************************
[2026-06-15 00:55:55] INFO [setup_logging] 未检测到 tkinter，将使用命令行交互模式
[2026-06-15 00:55:55] DEBUG [detect_file_format] 文件 /var********************************************************************************* Magic Bytes 检测为 xlsx 格式 (ZIP/OOXML)
[2026-06-15 00:55:55] INFO [setup_logging] 日志系统初始化完成，日志文件: /Use*******************************************************************************************************
[2026-06-15 00:55:55] INFO [setup_logging] 未检测到 tkinter，将使用命令行交互模式
[2026-06-15 00:55:55] DEBUG [detect_file_format] 文件 /var******************************************************************************** 未识别的 Magic Bytes: 0001年02月
[2026-06-15 00:55:55] INFO [convert_xls_to_xlsx] 正在将 .xls 文件转换为 .xlsx: /var********************************************************************************
[2026-06-15 00:55:55] INFO [convert_xls_to_xlsx] .xls 转换完成: /var******************************************************************************** -> /var********************************************************************
[2026-06-15 00:55:55] INFO [setup_logging] 日志系统初始化完成，日志文件: /Use*******************************************************************************************************
[2026-06-15 00:55:55] INFO [setup_logging] 未检测到 tkinter，将使用命令行交互模式
[2026-06-15 00:55:55] INFO [parse] 开始处理北京银行文件: /var*********************************************************************************
[2026-06-15 00:55:55] DEBUG [detect_file_format] 文件 /var********************************************************************************* Magic Bytes 检测为 xlsx 格式 (ZIP/OOXML)
[2026-06-15 00:55:55] INFO [validate_headers] 北京银行文件工作表「1月」表头校验通过，7 个字段均匹配
[2026-06-15 00:55:55] DEBUG [detect_file_format] 文件 /var******************************************************************************* Magic Bytes 检测为 xlsx 格式 (ZIP/OOXML)
[2026-06-15 00:55:55] INFO [load_lookup_table] 查找表加载完成：共 2 条条目，2 个唯一账号，0 个扩展字段
[2026-06-15 00:55:55] DEBUG [get_subject_info] 银行账号「0109年03月」匹配到主体: 北********司（优先级: 0）
[2026-06-15 00:55:55] INFO [_parse_sheet] 北京银行文件工作表「1月」提取 2 条记录
[2026-06-15 00:55:55] INFO [validate_headers] 北京银行文件工作表「2月」表头校验通过，7 个字段均匹配
[2026-06-15 00:55:55] DEBUG [detect_file_format] 文件 /var******************************************************************************* Magic Bytes 检测为 xlsx 格式 (ZIP/OOXML)
[2026-06-15 00:55:55] INFO [load_lookup_table] 查找表加载完成：共 2 条条目，2 个唯一账号，0 个扩展字段
[2026-06-15 00:55:55] DEBUG [get_subject_info] 银行账号「0109年03月」匹配到主体: 北********司（优先级: 0）
[2026-06-15 00:55:55] INFO [_parse_sheet] 北京银行文件工作表「2月」提取 2 条记录
[2026-06-15 00:55:55] INFO [parse] 北京银行文件处理完成，共提取 4 条记录
[2026-06-15 00:55:55] INFO [setup_logging] 日志系统初始化完成，日志文件: /Use*******************************************************************************************************
[2026-06-15 00:55:55] INFO [setup_logging] 未检测到 tkinter，将使用命令行交互模式
[2026-06-15 00:55:55] INFO [parse] 开始处理北京银行文件: /var*********************************************************************************
[2026-06-15 00:55:55] DEBUG [detect_file_format] 文件 /var********************************************************************************* Magic Bytes 检测为 xlsx 格式 (ZIP/OOXML)
[2026-06-15 00:55:55] INFO [validate_headers] 北京银行文件工作表「1月」表头校验通过，7 个字段均匹配
[2026-06-15 00:55:55] DEBUG [detect_file_format] 文件 /var******************************************************************************* Magic Bytes 检测为 xlsx 格式 (ZIP/OOXML)
[2026-06-15 00:55:55] INFO [load_lookup_table] 查找表加载完成：共 2 条条目，2 个唯一账号，0 个扩展字段
[2026-06-15 00:55:55] DEBUG [get_subject_info] 银行账号「0109年03月」匹配到主体: 北********司（优先级: 0）
[2026-06-15 00:55:55] INFO [_parse_sheet] 北京银行文件工作表「1月」提取 2 条记录
[2026-06-15 00:55:55] INFO [validate_headers] 北京银行文件工作表「2月」表头校验通过，7 个字段均匹配
[2026-06-15 00:55:55] DEBUG [detect_file_format] 文件 /var******************************************************************************* Magic Bytes 检测为 xlsx 格式 (ZIP/OOXML)
[2026-06-15 00:55:55] INFO [load_lookup_table] 查找表加载完成：共 2 条条目，2 个唯一账号，0 个扩展字段
[2026-06-15 00:55:55] DEBUG [get_subject_info] 银行账号「0109年03月」匹配到主体: 北********司（优先级: 0）
[2026-06-15 00:55:55] INFO [_parse_sheet] 北京银行文件工作表「2月」提取 2 条记录
[2026-06-15 00:55:55] INFO [parse] 北京银行文件处理完成，共提取 4 条记录
[2026-06-15 00:55:55] INFO [setup_logging] 日志系统初始化完成，日志文件: /Use*******************************************************************************************************
[2026-06-15 00:55:55] INFO [setup_logging] 未检测到 tkinter，将使用命令行交互模式
[2026-06-15 00:55:55] INFO [parse] 开始处理北京银行文件: /var*********************************************************************************
[2026-06-15 00:55:55] DEBUG [detect_file_format] 文件 /var********************************************************************************* Magic Bytes 检测为 xlsx 格式 (ZIP/OOXML)
[2026-06-15 00:55:55] INFO [validate_headers] 北京银行文件工作表「1月」表头校验通过，7 个字段均匹配
[2026-06-15 00:55:55] DEBUG [detect_file_format] 文件 /var******************************************************************************* Magic Bytes 检测为 xlsx 格式 (ZIP/OOXML)
[2026-06-15 00:55:55] INFO [load_lookup_table] 查找表加载完成：共 2 条条目，2 个唯一账号，0 个扩展字段
[2026-06-15 00:55:55] DEBUG [get_subject_info] 银行账号「0109年03月」匹配到主体: 北********司（优先级: 0）
[2026-06-15 00:55:55] INFO [_parse_sheet] 北京银行文件工作表「1月」提取 2 条记录
[2026-06-15 00:55:55] INFO [validate_headers] 北京银行文件工作表「2月」表头校验通过，7 个字段均匹配
[2026-06-15 00:55:55] DEBUG [detect_file_format] 文件 /var******************************************************************************* Magic Bytes 检测为 xlsx 格式 (ZIP/OOXML)
[2026-06-15 00:55:55] INFO [load_lookup_table] 查找表加载完成：共 2 条条目，2 个唯一账号，0 个扩展字段
[2026-06-15 00:55:55] DEBUG [get_subject_info] 银行账号「0109年03月」匹配到主体: 北********司（优先级: 0）
[2026-06-15 00:55:55] INFO [_parse_sheet] 北京银行文件工作表「2月」提取 2 条记录
[2026-06-15 00:55:55] INFO [parse] 北京银行文件处理完成，共提取 4 条记录
[2026-06-15 00:55:55] INFO [setup_logging] 日志系统初始化完成，日志文件: /Use*******************************************************************************************************
[2026-06-15 00:55:56] INFO [setup_logging] 未检测到 tkinter，将使用命令行交互模式
[2026-06-15 00:55:56] INFO [parse] 开始处理北京银行文件: /var*********************************************************************************
[2026-06-15 00:55:56] DEBUG [detect_file_format] 文件 /var********************************************************************************* Magic Bytes 检测为 xlsx 格式 (ZIP/OOXML)
[2026-06-15 00:55:56] INFO [validate_headers] 北京银行文件工作表「1月」表头校验通过，7 个字段均匹配
[2026-06-15 00:55:56] DEBUG [detect_file_format] 文件 /var******************************************************************************* Magic Bytes 检测为 xlsx 格式 (ZIP/OOXML)
[2026-06-15 00:55:56] INFO [load_lookup_table] 查找表加载完成：共 2 条条目，2 个唯一账号，0 个扩展字段
[2026-06-15 00:55:56] DEBUG [get_subject_info] 银行账号「0109年03月」匹配到主体: 北********司（优先级: 0）
[2026-06-15 00:55:56] INFO [_parse_sheet] 北京银行文件工作表「1月」提取 2 条记录
[2026-06-15 00:55:56] INFO [validate_headers] 北京银行文件工作表「2月」表头校验通过，7 个字段均匹配
[2026-06-15 00:55:56] DEBUG [detect_file_format] 文件 /var******************************************************************************* Magic Bytes 检测为 xlsx 格式 (ZIP/OOXML)
[2026-06-15 00:55:56] INFO [load_lookup_table] 查找表加载完成：共 2 条条目，2 个唯一账号，0 个扩展字段
[2026-06-15 00:55:56] DEBUG [get_subject_info] 银行账号「0109年03月」匹配到主体: 北********司（优先级: 0）
[2026-06-15 00:55:56] INFO [_parse_sheet] 北京银行文件工作表「2月」提取 2 条记录
[2026-06-15 00:55:56] INFO [parse] 北京银行文件处理完成，共提取 4 条记录
[2026-06-15 00:55:56] INFO [setup_logging] 日志系统初始化完成，日志文件: /Use*******************************************************************************************************
[2026-06-15 00:55:56] INFO [setup_logging] 未检测到 tkinter，将使用命令行交互模式
[2026-06-15 00:55:56] INFO [parse] 开始处理北京银行文件: /var*********************************************************************************
[2026-06-15 00:55:56] DEBUG [detect_file_format] 文件 /var********************************************************************************* Magic Bytes 检测为 xlsx 格式 (ZIP/OOXML)
[2026-06-15 00:55:56] INFO [validate_headers] 北京银行文件工作表「1月」表头校验通过，7 个字段均匹配
[2026-06-15 00:55:56] DEBUG [detect_file_format] 文件 /var******************************************************************************* Magic Bytes 检测为 xlsx 格式 (ZIP/OOXML)
[2026-06-15 00:55:56] INFO [load_lookup_table] 查找表加载完成：共 2 条条目，2 个唯一账号，0 个扩展字段
[2026-06-15 00:55:56] DEBUG [get_subject_info] 银行账号「0109年03月」匹配到主体: 北********司（优先级: 0）
[2026-06-15 00:55:56] INFO [_parse_sheet] 北京银行文件工作表「1月」提取 2 条记录
[2026-06-15 00:55:56] INFO [validate_headers] 北京银行文件工作表「2月」表头校验通过，7 个字段均匹配
[2026-06-15 00:55:56] DEBUG [detect_file_format] 文件 /var******************************************************************************* Magic Bytes 检测为 xlsx 格式 (ZIP/OOXML)
[2026-06-15 00:55:56] INFO [load_lookup_table] 查找表加载完成：共 2 条条目，2 个唯一账号，0 个扩展字段
[2026-06-15 00:55:56] DEBUG [get_subject_info] 银行账号「0109年03月」匹配到主体: 北********司（优先级: 0）
[2026-06-15 00:55:56] INFO [_parse_sheet] 北京银行文件工作表「2月」提取 2 条记录
[2026-06-15 00:55:56] INFO [parse] 北京银行文件处理完成，共提取 4 条记录
[2026-06-15 00:55:56] INFO [setup_logging] 日志系统初始化完成，日志文件: /Use*******************************************************************************************************
[2026-06-15 00:55:56] INFO [setup_logging] 未检测到 tkinter，将使用命令行交互模式
[2026-06-15 00:55:56] INFO [parse] 开始处理北京银行文件: /var*********************************************************************************
[2026-06-15 00:55:56] DEBUG [detect_file_format] 文件 /var********************************************************************************* Magic Bytes 检测为 xlsx 格式 (ZIP/OOXML)
[2026-06-15 00:55:56] INFO [validate_headers] 北京银行文件工作表「1月」表头校验通过，7 个字段均匹配
[2026-06-15 00:55:56] DEBUG [detect_file_format] 文件 /var******************************************************************************* Magic Bytes 检测为 xlsx 格式 (ZIP/OOXML)
[2026-06-15 00:55:56] INFO [load_lookup_table] 查找表加载完成：共 2 条条目，2 个唯一账号，0 个扩展字段
[2026-06-15 00:55:56] DEBUG [get_subject_info] 银行账号「0109年03月」匹配到主体: 北********司（优先级: 0）
[2026-06-15 00:55:56] INFO [_parse_sheet] 北京银行文件工作表「1月」提取 2 条记录
[2026-06-15 00:55:57] INFO [validate_headers] 北京银行文件工作表「2月」表头校验通过，7 个字段均匹配
[2026-06-15 00:55:57] DEBUG [detect_file_format] 文件 /var******************************************************************************* Magic Bytes 检测为 xlsx 格式 (ZIP/OOXML)
[2026-06-15 00:55:57] INFO [load_lookup_table] 查找表加载完成：共 2 条条目，2 个唯一账号，0 个扩展字段
[2026-06-15 00:55:57] DEBUG [get_subject_info] 银行账号「0109年03月」匹配到主体: 北********司（优先级: 0）
[2026-06-15 00:55:57] INFO [_parse_sheet] 北京银行文件工作表「2月」提取 2 条记录
[2026-06-15 00:55:57] INFO [parse] 北京银行文件处理完成，共提取 4 条记录
[2026-06-15 00:55:57] INFO [setup_logging] 日志系统初始化完成，日志文件: /Use*******************************************************************************************************
[2026-06-15 00:55:57] INFO [setup_logging] 未检测到 tkinter，将使用命令行交互模式
[2026-06-15 00:55:57] INFO [parse] 开始处理北京银行文件: /var*********************************************************************************
[2026-06-15 00:55:57] DEBUG [detect_file_format] 文件 /var********************************************************************************* Magic Bytes 检测为 xlsx 格式 (ZIP/OOXML)
[2026-06-15 00:55:57] INFO [validate_headers] 北京银行文件工作表「1月」表头校验通过，7 个字段均匹配
[2026-06-15 00:55:57] DEBUG [detect_file_format] 文件 /var******************************************************************************* Magic Bytes 检测为 xlsx 格式 (ZIP/OOXML)
[2026-06-15 00:55:57] INFO [load_lookup_table] 查找表加载完成：共 2 条条目，2 个唯一账号，0 个扩展字段
[2026-06-15 00:55:57] DEBUG [get_subject_info] 银行账号「0109年03月」匹配到主体: 北********司（优先级: 0）
[2026-06-15 00:55:57] INFO [_parse_sheet] 北京银行文件工作表「1月」提取 2 条记录
[2026-06-15 00:55:57] INFO [validate_headers] 北京银行文件工作表「2月」表头校验通过，7 个字段均匹配
[2026-06-15 00:55:57] DEBUG [detect_file_format] 文件 /var******************************************************************************* Magic Bytes 检测为 xlsx 格式 (ZIP/OOXML)
[2026-06-15 00:55:57] INFO [load_lookup_table] 查找表加载完成：共 2 条条目，2 个唯一账号，0 个扩展字段
[2026-06-15 00:55:57] DEBUG [get_subject_info] 银行账号「0109年03月」匹配到主体: 北********司（优先级: 0）
[2026-06-15 00:55:57] INFO [_parse_sheet] 北京银行文件工作表「2月」提取 2 条记录
[2026-06-15 00:55:57] INFO [parse] 北京银行文件处理完成，共提取 4 条记录
[2026-06-15 00:55:57] INFO [setup_logging] 日志系统初始化完成，日志文件: /Use*******************************************************************************************************
[2026-06-15 00:55:57] INFO [setup_logging] 未检测到 tkinter，将使用命令行交互模式
[2026-06-15 00:55:57] INFO [parse] 开始处理北京银行文件: /var*********************************************************************************
[2026-06-15 00:55:57] DEBUG [detect_file_format] 文件 /var********************************************************************************* Magic Bytes 检测为 xlsx 格式 (ZIP/OOXML)
[2026-06-15 00:55:57] INFO [validate_headers] 北京银行文件工作表「1月」表头校验通过，7 个字段均匹配
[2026-06-15 00:55:57] DEBUG [detect_file_format] 文件 /var******************************************************************************* Magic Bytes 检测为 xlsx 格式 (ZIP/OOXML)
[2026-06-15 00:55:57] INFO [load_lookup_table] 查找表加载完成：共 2 条条目，2 个唯一账号，0 个扩展字段
[2026-06-15 00:55:58] DEBUG [get_subject_info] 银行账号「0109年03月」匹配到主体: 北********司（优先级: 0）
[2026-06-15 00:55:58] INFO [_parse_sheet] 北京银行文件工作表「1月」提取 2 条记录
[2026-06-15 00:55:58] INFO [validate_headers] 北京银行文件工作表「2月」表头校验通过，7 个字段均匹配
[2026-06-15 00:55:58] DEBUG [detect_file_format] 文件 /var******************************************************************************* Magic Bytes 检测为 xlsx 格式 (ZIP/OOXML)
[2026-06-15 00:55:58] INFO [load_lookup_table] 查找表加载完成：共 2 条条目，2 个唯一账号，0 个扩展字段
[2026-06-15 00:55:58] DEBUG [get_subject_info] 银行账号「0109年03月」匹配到主体: 北********司（优先级: 0）
[2026-06-15 00:55:58] INFO [_parse_sheet] 北京银行文件工作表「2月」提取 2 条记录
[2026-06-15 00:55:58] INFO [parse] 北京银行文件处理完成，共提取 4 条记录
[2026-06-15 00:55:58] INFO [setup_logging] 日志系统初始化完成，日志文件: /Use*******************************************************************************************************
[2026-06-15 00:55:58] INFO [setup_logging] 未检测到 tkinter，将使用命令行交互模式
[2026-06-15 00:55:58] INFO [parse] 开始处理北京银行文件: /var*********************************************************************************
[2026-06-15 00:55:58] DEBUG [detect_file_format] 文件 /var********************************************************************************* Magic Bytes 检测为 xlsx 格式 (ZIP/OOXML)
[2026-06-15 00:55:58] INFO [validate_headers] 北京银行文件工作表「账号1」表头校验通过，7 个字段均匹配
[2026-06-15 00:55:58] DEBUG [detect_file_format] 文件 /var******************************************************************************* Magic Bytes 检测为 xlsx 格式 (ZIP/OOXML)
[2026-06-15 00:55:58] INFO [load_lookup_table] 查找表加载完成：共 2 条条目，2 个唯一账号，0 个扩展字段
[2026-06-15 00:55:58] DEBUG [get_subject_info] 银行账号「0109年03月」匹配到主体: 公*A（优先级: 0）
[2026-06-15 00:55:58] INFO [_parse_sheet] 北京银行文件工作表「账号1」提取 1 条记录
[2026-06-15 00:55:58] INFO [validate_headers] 北京银行文件工作表「账号2」表头校验通过，7 个字段均匹配
[2026-06-15 00:55:58] DEBUG [detect_file_format] 文件 /var******************************************************************************* Magic Bytes 检测为 xlsx 格式 (ZIP/OOXML)
[2026-06-15 00:55:58] INFO [load_lookup_table] 查找表加载完成：共 2 条条目，2 个唯一账号，0 个扩展字段
[2026-06-15 00:55:58] DEBUG [get_subject_info] 银行账号「0109年03月」匹配到主体: 公*B（优先级: 0）
[2026-06-15 00:55:58] INFO [_parse_sheet] 北京银行文件工作表「账号2」提取 1 条记录
[2026-06-15 00:55:58] INFO [parse] 北京银行文件处理完成，共提取 2 条记录
[2026-06-15 00:55:58] INFO [setup_logging] 日志系统初始化完成，日志文件: /Use*******************************************************************************************************
[2026-06-15 00:55:58] INFO [setup_logging] 未检测到 tkinter，将使用命令行交互模式
[2026-06-15 00:55:58] INFO [parse] 开始处理北京银行文件: /var*********************************************************************************
[2026-06-15 00:55:58] DEBUG [detect_file_format] 文件 /var********************************************************************************* Magic Bytes 检测为 xlsx 格式 (ZIP/OOXML)
[2026-06-15 00:55:58] INFO [validate_headers] 北京银行文件工作表「交易明细」表头校验通过，7 个字段均匹配
[2026-06-15 00:55:58] DEBUG [detect_file_format] 文件 /var******************************************************************************* Magic Bytes 检测为 xlsx 格式 (ZIP/OOXML)
[2026-06-15 00:55:58] INFO [load_lookup_table] 查找表加载完成：共 2 条条目，2 个唯一账号，0 个扩展字段
[2026-06-15 00:55:58] DEBUG [get_subject_info] 银行账号「0109年03月」匹配到主体: 北********司（优先级: 0）
[2026-06-15 00:55:58] INFO [_parse_sheet] 北京银行文件工作表「交易明细」提取 1 条记录
[2026-06-15 00:55:58] WARNING [validate_headers] 北京银行文件工作表「说明」表头校验：字段「trade_date」第 2 列第 3 行单元格为空，预期为「交易日期」
[2026-06-15 00:55:58] WARNING [validate_headers] 北京银行文件工作表「说明」表头校验：字段「payment」第 4 列第 3 行单元格为空，预期为「支出金额」
[2026-06-15 00:55:58] WARNING [validate_headers] 北京银行文件工作表「说明」表头校验：字段「receipt」第 5 列第 3 行单元格为空，预期为「收入金额」
[2026-06-15 00:55:58] WARNING [validate_headers] 北京银行文件工作表「说明」表头校验：字段「summary」第 12 列第 3 行单元格为空，预期为「摘要」
[2026-06-15 00:55:58] WARNING [validate_headers] 北京银行文件工作表「说明」表头校验：字段「cou*****art」第 7 列第 3 行单元格为空，预期为「对方户名」
[2026-06-15 00:55:58] WARNING [validate_headers] 北京银行文件工作表「说明」表头校验：字段「balance」第 6 列第 3 行单元格为空，预期为「余额」
[2026-06-15 00:55:58] WARNING [validate_headers] 北京银行文件工作表「说明」表头校验：字段「transaction_id」第 16 列第 3 行单元格为空，预期为「交易流水号」
[2026-06-15 00:55:58] WARNING [validate_headers] 北京银行文件工作表「说明」表头校验未通过：7/7 个字段不匹配（trade_date, payment, receipt, summary, counterpart, balance, transaction_id）
[2026-06-15 00:55:58] WARNING [_parse_sheet] 文件「/var*********************************************************************************」工作表「说明」B2 单元格为空，银行账号缺失
[2026-06-15 00:55:58] WARNING [get_subject_info] 银行账号为空，无法查找主体
[2026-06-15 00:55:58] INFO [_parse_sheet] 北京银行文件工作表「说明」未提取到记录，跳过
[2026-06-15 00:55:58] WARNING [validate_headers] 北京银行文件工作表「汇总」表头校验：字段「trade_date」第 2 列第 3 行单元格为空，预期为「交易日期」
[2026-06-15 00:55:58] WARNING [validate_headers] 北京银行文件工作表「汇总」表头校验：字段「payment」第 4 列第 3 行单元格为空，预期为「支出金额」
[2026-06-15 00:55:58] WARNING [validate_headers] 北京银行文件工作表「汇总」表头校验：字段「receipt」第 5 列第 3 行单元格为空，预期为「收入金额」
[2026-06-15 00:55:58] WARNING [validate_headers] 北京银行文件工作表「汇总」表头校验：字段「summary」第 12 列第 3 行单元格为空，预期为「摘要」
[2026-06-15 00:55:58] WARNING [validate_headers] 北京银行文件工作表「汇总」表头校验：字段「cou*****art」第 7 列第 3 行单元格为空，预期为「对方户名」
[2026-06-15 00:55:58] WARNING [validate_headers] 北京银行文件工作表「汇总」表头校验：字段「balance」第 6 列第 3 行单元格为空，预期为「余额」
[2026-06-15 00:55:58] WARNING [validate_headers] 北京银行文件工作表「汇总」表头校验：字段「transaction_id」第 16 列第 3 行单元格为空，预期为「交易流水号」
[2026-06-15 00:55:58] WARNING [validate_headers] 北京银行文件工作表「汇总」表头校验未通过：7/7 个字段不匹配（trade_date, payment, receipt, summary, counterpart, balance, transaction_id）
[2026-06-15 00:55:58] WARNING [_parse_sheet] 文件「/var*********************************************************************************」工作表「汇总」B2 单元格为空，银行账号缺失
[2026-06-15 00:55:58] WARNING [get_subject_info] 银行账号为空，无法查找主体
[2026-06-15 00:55:58] INFO [_parse_sheet] 北京银行文件工作表「汇总」未提取到记录，跳过
[2026-06-15 00:55:58] INFO [parse] 北京银行文件处理完成，共提取 1 条记录
[2026-06-15 00:55:58] INFO [setup_logging] 日志系统初始化完成，日志文件: /Use*******************************************************************************************************
[2026-06-15 00:55:58] INFO [setup_logging] 未检测到 tkinter，将使用命令行交互模式
[2026-06-15 00:55:58] INFO [parse] 开始处理北京银行文件: /var*********************************************************************************
[2026-06-15 00:55:58] DEBUG [detect_file_format] 文件 /var********************************************************************************* Magic Bytes 检测为 xlsx 格式 (ZIP/OOXML)
[2026-06-15 00:55:58] INFO [validate_headers] 北京银行文件工作表「交易明细」表头校验通过，7 个字段均匹配
[2026-06-15 00:55:58] DEBUG [detect_file_format] 文件 /var******************************************************************************* Magic Bytes 检测为 xlsx 格式 (ZIP/OOXML)
[2026-06-15 00:55:58] INFO [load_lookup_table] 查找表加载完成：共 2 条条目，2 个唯一账号，0 个扩展字段
[2026-06-15 00:55:58] DEBUG [get_subject_info] 银行账号「0109年03月」匹配到主体: 北********司（优先级: 0）
[2026-06-15 00:55:58] INFO [_parse_sheet] 北京银行文件工作表「交易明细」提取 1 条记录
[2026-06-15 00:55:58] WARNING [validate_headers] 北京银行文件工作表「说明」表头校验：字段「trade_date」第 2 列第 3 行单元格为空，预期为「交易日期」
[2026-06-15 00:55:58] WARNING [validate_headers] 北京银行文件工作表「说明」表头校验：字段「payment」第 4 列第 3 行单元格为空，预期为「支出金额」
[2026-06-15 00:55:58] WARNING [validate_headers] 北京银行文件工作表「说明」表头校验：字段「receipt」第 5 列第 3 行单元格为空，预期为「收入金额」
[2026-06-15 00:55:58] WARNING [validate_headers] 北京银行文件工作表「说明」表头校验：字段「summary」第 12 列第 3 行单元格为空，预期为「摘要」
[2026-06-15 00:55:58] WARNING [validate_headers] 北京银行文件工作表「说明」表头校验：字段「cou*****art」第 7 列第 3 行单元格为空，预期为「对方户名」
[2026-06-15 00:55:58] WARNING [validate_headers] 北京银行文件工作表「说明」表头校验：字段「balance」第 6 列第 3 行单元格为空，预期为「余额」
[2026-06-15 00:55:58] WARNING [validate_headers] 北京银行文件工作表「说明」表头校验：字段「transaction_id」第 16 列第 3 行单元格为空，预期为「交易流水号」
[2026-06-15 00:55:58] WARNING [validate_headers] 北京银行文件工作表「说明」表头校验未通过：7/7 个字段不匹配（trade_date, payment, receipt, summary, counterpart, balance, transaction_id）
[2026-06-15 00:55:58] WARNING [_parse_sheet] 文件「/var*********************************************************************************」工作表「说明」B2 单元格为空，银行账号缺失
[2026-06-15 00:55:58] WARNING [get_subject_info] 银行账号为空，无法查找主体
[2026-06-15 00:55:58] INFO [_parse_sheet] 北京银行文件工作表「说明」未提取到记录，跳过
[2026-06-15 00:55:58] WARNING [validate_headers] 北京银行文件工作表「汇总」表头校验：字段「trade_date」第 2 列第 3 行单元格为空，预期为「交易日期」
[2026-06-15 00:55:58] WARNING [validate_headers] 北京银行文件工作表「汇总」表头校验：字段「payment」第 4 列第 3 行单元格为空，预期为「支出金额」
[2026-06-15 00:55:58] WARNING [validate_headers] 北京银行文件工作表「汇总」表头校验：字段「receipt」第 5 列第 3 行单元格为空，预期为「收入金额」
[2026-06-15 00:55:58] WARNING [validate_headers] 北京银行文件工作表「汇总」表头校验：字段「summary」第 12 列第 3 行单元格为空，预期为「摘要」
[2026-06-15 00:55:58] WARNING [validate_headers] 北京银行文件工作表「汇总」表头校验：字段「cou*****art」第 7 列第 3 行单元格为空，预期为「对方户名」
[2026-06-15 00:55:58] WARNING [validate_headers] 北京银行文件工作表「汇总」表头校验：字段「balance」第 6 列第 3 行单元格为空，预期为「余额」
[2026-06-15 00:55:58] WARNING [validate_headers] 北京银行文件工作表「汇总」表头校验：字段「transaction_id」第 16 列第 3 行单元格为空，预期为「交易流水号」
[2026-06-15 00:55:58] WARNING [validate_headers] 北京银行文件工作表「汇总」表头校验未通过：7/7 个字段不匹配（trade_date, payment, receipt, summary, counterpart, balance, transaction_id）
[2026-06-15 00:55:58] WARNING [_parse_sheet] 文件「/var*********************************************************************************」工作表「汇总」B2 单元格为空，银行账号缺失
[2026-06-15 00:55:58] WARNING [get_subject_info] 银行账号为空，无法查找主体
[2026-06-15 00:55:58] INFO [_parse_sheet] 北京银行文件工作表「汇总」未提取到记录，跳过
[2026-06-15 00:55:58] INFO [parse] 北京银行文件处理完成，共提取 1 条记录
[2026-06-15 00:55:58] INFO [setup_logging] 日志系统初始化完成，日志文件: /Use*******************************************************************************************************
[2026-06-15 00:55:58] INFO [setup_logging] 未检测到 tkinter，将使用命令行交互模式
[2026-06-15 00:55:58] INFO [parse] 开始处理北京银行文件: /var*********************************************************************************
[2026-06-15 00:55:58] DEBUG [detect_file_format] 文件 /var********************************************************************************* Magic Bytes 检测为 xlsx 格式 (ZIP/OOXML)
[2026-06-15 00:55:58] DEBUG [detect_file_format] 文件 /var******************************************************************************* Magic Bytes 检测为 xlsx 格式 (ZIP/OOXML)
[2026-06-15 00:55:59] INFO [load_lookup_table] 查找表加载完成：共 2 条条目，2 个唯一账号，0 个扩展字段
[2026-06-15 00:55:59] DEBUG [get_subject_info] 银行账号「0109年03月」匹配到主体: 北********司（优先级: 0）
[2026-06-15 00:55:59] INFO [_parse_sheet] 北京银行文件工作表「1月」提取 2 条记录
[2026-06-15 00:55:59] INFO [parse] 北京银行文件工作表「2月」在 skip_sheets 中，跳过
[2026-06-15 00:55:59] INFO [parse] 北京银行文件处理完成，共提取 2 条记录
[2026-06-15 00:55:59] INFO [setup_logging] 日志系统初始化完成，日志文件: /Use*******************************************************************************************************
[2026-06-15 00:55:59] INFO [setup_logging] 未检测到 tkinter，将使用命令行交互模式
[2026-06-15 00:55:59] INFO [parse] 开始处理北京银行文件: /var*********************************************************************************
[2026-06-15 00:55:59] DEBUG [detect_file_format] 文件 /var********************************************************************************* Magic Bytes 检测为 xlsx 格式 (ZIP/OOXML)
[2026-06-15 00:55:59] DEBUG [detect_file_format] 文件 /var******************************************************************************* Magic Bytes 检测为 xlsx 格式 (ZIP/OOXML)
[2026-06-15 00:55:59] INFO [load_lookup_table] 查找表加载完成：共 2 条条目，2 个唯一账号，0 个扩展字段
[2026-06-15 00:55:59] DEBUG [get_subject_info] 银行账号「0109年03月」匹配到主体: 北********司（优先级: 0）
[2026-06-15 00:55:59] INFO [_parse_sheet] 北京银行文件工作表「1月」提取 2 条记录
[2026-06-15 00:55:59] DEBUG [detect_file_format] 文件 /var******************************************************************************* Magic Bytes 检测为 xlsx 格式 (ZIP/OOXML)
[2026-06-15 00:55:59] INFO [load_lookup_table] 查找表加载完成：共 2 条条目，2 个唯一账号，0 个扩展字段
[2026-06-15 00:55:59] DEBUG [get_subject_info] 银行账号「0109年03月」匹配到主体: 北********司（优先级: 0）
[2026-06-15 00:55:59] INFO [_parse_sheet] 北京银行文件工作表「2月」提取 2 条记录
[2026-06-15 00:55:59] INFO [parse] 北京银行文件处理完成，共提取 4 条记录
[2026-06-15 00:55:59] INFO [setup_logging] 日志系统初始化完成，日志文件: /Use*******************************************************************************************************
[2026-06-15 00:55:59] INFO [setup_logging] 未检测到 tkinter，将使用命令行交互模式
[2026-06-15 00:55:59] INFO [parse] 开始处理北京银行文件: /var*********************************************************************************
[2026-06-15 00:55:59] DEBUG [detect_file_format] 文件 /var********************************************************************************* Magic Bytes 检测为 xlsx 格式 (ZIP/OOXML)
[2026-06-15 00:55:59] DEBUG [detect_file_format] 文件 /var******************************************************************************* Magic Bytes 检测为 xlsx 格式 (ZIP/OOXML)
[2026-06-15 00:55:59] INFO [load_lookup_table] 查找表加载完成：共 2 条条目，2 个唯一账号，0 个扩展字段
[2026-06-15 00:55:59] DEBUG [get_subject_info] 银行账号「0109年03月」匹配到主体: 北********司（优先级: 0）
[2026-06-15 00:55:59] INFO [_parse_sheet] 北京银行文件工作表「1月」提取 2 条记录
[2026-06-15 00:55:59] DEBUG [detect_file_format] 文件 /var******************************************************************************* Magic Bytes 检测为 xlsx 格式 (ZIP/OOXML)
[2026-06-15 00:55:59] INFO [load_lookup_table] 查找表加载完成：共 2 条条目，2 个唯一账号，0 个扩展字段
[2026-06-15 00:55:59] DEBUG [get_subject_info] 银行账号「0109年03月」匹配到主体: 北********司（优先级: 0）
[2026-06-15 00:55:59] INFO [_parse_sheet] 北京银行文件工作表「2月」提取 2 条记录
[2026-06-15 00:55:59] INFO [parse] 北京银行文件处理完成，共提取 4 条记录
[2026-06-15 00:55:59] INFO [setup_logging] 日志系统初始化完成，日志文件: /Use*******************************************************************************************************
[2026-06-15 00:55:59] INFO [setup_logging] 未检测到 tkinter，将使用命令行交互模式
[2026-06-15 00:55:59] INFO [parse] 开始处理北京银行文件: /var*********************************************************************************
[2026-06-15 00:55:59] DEBUG [detect_file_format] 文件 /var********************************************************************************* Magic Bytes 检测为 xlsx 格式 (ZIP/OOXML)
[2026-06-15 00:55:59] INFO [parse] 北京银行文件工作表「1月」在 skip_sheets 中，跳过
[2026-06-15 00:55:59] INFO [parse] 北京银行文件工作表「2月」在 skip_sheets 中，跳过
[2026-06-15 00:55:59] INFO [parse] 北京银行文件处理完成，共提取 0 条记录
[2026-06-15 00:55:59] INFO [setup_logging] 日志系统初始化完成，日志文件: /Use*******************************************************************************************************
[2026-06-15 00:55:59] INFO [setup_logging] 未检测到 tkinter，将使用命令行交互模式
[2026-06-15 00:55:59] INFO [parse] 开始处理北京银行文件: /var*********************************************************************************
[2026-06-15 00:55:59] DEBUG [detect_file_format] 文件 /var********************************************************************************* Magic Bytes 检测为 xlsx 格式 (ZIP/OOXML)
[2026-06-15 00:55:59] INFO [validate_headers] 北京银行文件工作表「有数据」表头校验通过，7 个字段均匹配
[2026-06-15 00:55:59] DEBUG [detect_file_format] 文件 /var******************************************************************************* Magic Bytes 检测为 xlsx 格式 (ZIP/OOXML)
[2026-06-15 00:55:59] INFO [load_lookup_table] 查找表加载完成：共 2 条条目，2 个唯一账号，0 个扩展字段
[2026-06-15 00:55:59] DEBUG [get_subject_info] 银行账号「0109年03月」匹配到主体: 北********司（优先级: 0）
[2026-06-15 00:55:59] INFO [_parse_sheet] 北京银行文件工作表「有数据」提取 1 条记录
[2026-06-15 00:55:59] INFO [validate_headers] 北京银行文件工作表「空表」表头校验通过，7 个字段均匹配
[2026-06-15 00:55:59] DEBUG [detect_file_format] 文件 /var******************************************************************************* Magic Bytes 检测为 xlsx 格式 (ZIP/OOXML)
[2026-06-15 00:55:59] INFO [load_lookup_table] 查找表加载完成：共 2 条条目，2 个唯一账号，0 个扩展字段
[2026-06-15 00:55:59] DEBUG [get_subject_info] 银行账号「0109年03月」匹配到主体: 北********司（优先级: 0）
[2026-06-15 00:55:59] INFO [_parse_sheet] 北京银行文件工作表「空表」未提取到记录，跳过
[2026-06-15 00:55:59] INFO [parse] 北京银行文件处理完成，共提取 1 条记录
[2026-06-15 00:55:59] INFO [setup_logging] 日志系统初始化完成，日志文件: /Use*******************************************************************************************************
[2026-06-15 00:55:59] INFO [setup_logging] 未检测到 tkinter，将使用命令行交互模式
[2026-06-15 00:55:59] INFO [parse] 开始处理北京银行文件: /var*********************************************************************************
[2026-06-15 00:55:59] DEBUG [detect_file_format] 文件 /var********************************************************************************* Magic Bytes 检测为 xlsx 格式 (ZIP/OOXML)
[2026-06-15 00:55:59] INFO [validate_headers] 北京银行文件工作表「空表1」表头校验通过，7 个字段均匹配
[2026-06-15 00:55:59] DEBUG [detect_file_format] 文件 /var******************************************************************************* Magic Bytes 检测为 xlsx 格式 (ZIP/OOXML)
[2026-06-15 00:55:59] INFO [load_lookup_table] 查找表加载完成：共 2 条条目，2 个唯一账号，0 个扩展字段
[2026-06-15 00:55:59] DEBUG [get_subject_info] 银行账号「0109年03月」匹配到主体: 北********司（优先级: 0）
[2026-06-15 00:55:59] INFO [_parse_sheet] 北京银行文件工作表「空表1」未提取到记录，跳过
[2026-06-15 00:55:59] INFO [validate_headers] 北京银行文件工作表「空表2」表头校验通过，7 个字段均匹配
[2026-06-15 00:55:59] DEBUG [detect_file_format] 文件 /var******************************************************************************* Magic Bytes 检测为 xlsx 格式 (ZIP/OOXML)
[2026-06-15 00:55:59] INFO [load_lookup_table] 查找表加载完成：共 2 条条目，2 个唯一账号，0 个扩展字段
[2026-06-15 00:55:59] DEBUG [get_subject_info] 银行账号「0109年03月」匹配到主体: 北********司（优先级: 0）
[2026-06-15 00:55:59] INFO [_parse_sheet] 北京银行文件工作表「空表2」未提取到记录，跳过
[2026-06-15 00:55:59] INFO [parse] 北京银行文件处理完成，共提取 0 条记录
[2026-06-15 00:55:59] INFO [setup_logging] 日志系统初始化完成，日志文件: /Use*******************************************************************************************************
[2026-06-15 00:55:59] INFO [setup_logging] 未检测到 tkinter，将使用命令行交互模式
[2026-06-15 00:55:59] INFO [parse] 开始处理北京银行文件: /var*********************************************************************************
[2026-06-15 00:55:59] DEBUG [detect_file_format] 文件 /var********************************************************************************* Magic Bytes 检测为 xlsx 格式 (ZIP/OOXML)
[2026-06-15 00:55:59] INFO [validate_headers] 北京银行文件工作表「有账号」表头校验通过，7 个字段均匹配
[2026-06-15 00:55:59] DEBUG [detect_file_format] 文件 /var******************************************************************************* Magic Bytes 检测为 xlsx 格式 (ZIP/OOXML)
[2026-06-15 00:55:59] INFO [load_lookup_table] 查找表加载完成：共 2 条条目，2 个唯一账号，0 个扩展字段
[2026-06-15 00:55:59] DEBUG [get_subject_info] 银行账号「0109年03月」匹配到主体: 北********司（优先级: 0）
[2026-06-15 00:55:59] INFO [_parse_sheet] 北京银行文件工作表「有账号」提取 1 条记录
[2026-06-15 00:55:59] INFO [validate_headers] 北京银行文件工作表「无账号」表头校验通过，7 个字段均匹配
[2026-06-15 00:55:59] WARNING [_parse_sheet] 文件「/var*********************************************************************************」工作表「无账号」B2 单元格为空，银行账号缺失
[2026-06-15 00:55:59] WARNING [get_subject_info] 银行账号为空，无法查找主体
[2026-06-15 00:55:59] INFO [_parse_sheet] 北京银行文件工作表「无账号」提取 1 条记录
[2026-06-15 00:55:59] INFO [parse] 北京银行文件处理完成，共提取 2 条记录
[2026-06-15 00:55:59] INFO [setup_logging] 日志系统初始化完成，日志文件: /Use*******************************************************************************************************
[2026-06-15 00:55:59] INFO [setup_logging] 未检测到 tkinter，将使用命令行交互模式
[2026-06-15 00:55:59] INFO [parse] 开始处理北京银行文件: /var*********************************************************************************
[2026-06-15 00:55:59] DEBUG [detect_file_format] 文件 /var********************************************************************************* Magic Bytes 检测为 xlsx 格式 (ZIP/OOXML)
[2026-06-15 00:55:59] INFO [validate_headers] 北京银行文件工作表「交易明细」表头校验通过，7 个字段均匹配
[2026-06-15 00:55:59] DEBUG [detect_file_format] 文件 /var******************************************************************************* Magic Bytes 检测为 xlsx 格式 (ZIP/OOXML)
[2026-06-15 00:55:59] INFO [load_lookup_table] 查找表加载完成：共 2 条条目，2 个唯一账号，0 个扩展字段
[2026-06-15 00:55:59] DEBUG [get_subject_info] 银行账号「0109年03月」匹配到主体: 北********司（优先级: 0）
[2026-06-15 00:55:59] INFO [_parse_sheet] 北京银行文件工作表「交易明细」提取 2 条记录
[2026-06-15 00:55:59] INFO [parse] 北京银行文件处理完成，共提取 2 条记录
[2026-06-15 00:55:59] INFO [setup_logging] 日志系统初始化完成，日志文件: /Use*******************************************************************************************************
[2026-06-15 00:55:59] INFO [setup_logging] 未检测到 tkinter，将使用命令行交互模式
[2026-06-15 00:55:59] INFO [parse] 开始处理北京银行文件: /var*********************************************************************************
[2026-06-15 00:55:59] DEBUG [detect_file_format] 文件 /var********************************************************************************* Magic Bytes 检测为 xlsx 格式 (ZIP/OOXML)
[2026-06-15 00:56:00] INFO [validate_headers] 北京银行文件工作表「交易明细」表头校验通过，7 个字段均匹配
[2026-06-15 00:56:00] DEBUG [detect_file_format] 文件 /var******************************************************************************* Magic Bytes 检测为 xlsx 格式 (ZIP/OOXML)
[2026-06-15 00:56:00] INFO [load_lookup_table] 查找表加载完成：共 2 条条目，2 个唯一账号，0 个扩展字段
[2026-06-15 00:56:00] DEBUG [get_subject_info] 银行账号「0109年03月」匹配到主体: 北********司（优先级: 0）
[2026-06-15 00:56:00] INFO [_parse_sheet] 北京银行文件工作表「交易明细」提取 2 条记录
[2026-06-15 00:56:00] INFO [parse] 北京银行文件处理完成，共提取 2 条记录
[2026-06-15 00:56:00] INFO [setup_logging] 日志系统初始化完成，日志文件: /Use*******************************************************************************************************
[2026-06-15 00:56:00] INFO [setup_logging] 未检测到 tkinter，将使用命令行交互模式
[2026-06-15 00:56:00] DEBUG [detect_file_format] 文件 /var******************************************************************************* Magic Bytes 检测为 xlsx 格式 (ZIP/OOXML)
[2026-06-15 00:56:00] INFO [load_lookup_table] 查找表加载完成：共 2 条条目，2 个唯一账号，0 个扩展字段
[2026-06-15 00:56:00] DEBUG [get_subject_info] 银行账号「0109年03月」匹配到主体: 北********司（优先级: 0）
[2026-06-15 00:56:00] INFO [_parse_sheet] 北京银行文件工作表「交易明细」提取 2 条记录
[2026-06-15 00:56:00] INFO [setup_logging] 日志系统初始化完成，日志文件: /Use*******************************************************************************************************
[2026-06-15 00:56:00] INFO [setup_logging] 未检测到 tkinter，将使用命令行交互模式
[2026-06-15 00:56:00] WARNING [_parse_sheet] 文件「/fake/path.xlsx」工作表「空表」B2 单元格为空，银行账号缺失
[2026-06-15 00:56:00] WARNING [get_subject_info] 银行账号为空，无法查找主体
[2026-06-15 00:56:00] INFO [_parse_sheet] 北京银行文件工作表「空表」未提取到记录，跳过
[2026-06-15 00:56:00] INFO [setup_logging] 日志系统初始化完成，日志文件: /Use*******************************************************************************************************
[2026-06-15 00:56:00] INFO [setup_logging] 未检测到 tkinter，将使用命令行交互模式
[2026-06-15 00:56:00] INFO [parse] 开始处理北京银行文件: /var*********************************************************************************
[2026-06-15 00:56:00] DEBUG [detect_file_format] 文件 /var********************************************************************************* Magic Bytes 检测为 xlsx 格式 (ZIP/OOXML)
[2026-06-15 00:56:00] INFO [validate_headers] 北京银行文件工作表「1月」表头校验通过，7 个字段均匹配
[2026-06-15 00:56:00] DEBUG [detect_file_format] 文件 /var******************************************************************************* Magic Bytes 检测为 xlsx 格式 (ZIP/OOXML)
[2026-06-15 00:56:00] INFO [load_lookup_table] 查找表加载完成：共 2 条条目，2 个唯一账号，0 个扩展字段
[2026-06-15 00:56:00] DEBUG [get_subject_info] 银行账号「0109年03月」匹配到主体: 北********司（优先级: 0）
[2026-06-15 00:56:00] INFO [_parse_sheet] 北京银行文件工作表「1月」提取 1 条记录
[2026-06-15 00:56:00] INFO [validate_headers] 北京银行文件工作表「2月」表头校验通过，7 个字段均匹配
[2026-06-15 00:56:00] DEBUG [detect_file_format] 文件 /var******************************************************************************* Magic Bytes 检测为 xlsx 格式 (ZIP/OOXML)
[2026-06-15 00:56:00] INFO [load_lookup_table] 查找表加载完成：共 2 条条目，2 个唯一账号，0 个扩展字段
[2026-06-15 00:56:00] DEBUG [get_subject_info] 银行账号「0109年03月」匹配到主体: 北********司（优先级: 0）
[2026-06-15 00:56:00] INFO [_parse_sheet] 北京银行文件工作表「2月」提取 1 条记录
[2026-06-15 00:56:00] INFO [validate_headers] 北京银行文件工作表「3月」表头校验通过，7 个字段均匹配
[2026-06-15 00:56:00] DEBUG [detect_file_format] 文件 /var******************************************************************************* Magic Bytes 检测为 xlsx 格式 (ZIP/OOXML)
[2026-06-15 00:56:00] INFO [load_lookup_table] 查找表加载完成：共 2 条条目，2 个唯一账号，0 个扩展字段
[2026-06-15 00:56:00] DEBUG [get_subject_info] 银行账号「0109年03月」匹配到主体: 北********司（优先级: 0）
[2026-06-15 00:56:00] INFO [_parse_sheet] 北京银行文件工作表「3月」提取 1 条记录
[2026-06-15 00:56:00] INFO [parse] 北京银行文件处理完成，共提取 3 条记录
[2026-06-15 00:56:00] INFO [setup_logging] 日志系统初始化完成，日志文件: /Use*******************************************************************************************************
[2026-06-15 00:56:00] INFO [setup_logging] 未检测到 tkinter，将使用命令行交互模式
[2026-06-15 00:56:00] INFO [parse] 开始处理北京银行文件: /var*********************************************************************************
[2026-06-15 00:56:00] DEBUG [detect_file_format] 文件 /var********************************************************************************* Magic Bytes 检测为 xlsx 格式 (ZIP/OOXML)
[2026-06-15 00:56:00] DEBUG [detect_file_format] 文件 /var******************************************************************************* Magic Bytes 检测为 xlsx 格式 (ZIP/OOXML)
[2026-06-15 00:56:00] INFO [load_lookup_table] 查找表加载完成：共 2 条条目，2 个唯一账号，0 个扩展字段
[2026-06-15 00:56:00] DEBUG [get_subject_info] 银行账号「0109年03月」匹配到主体: 北********司（优先级: 0）
[2026-06-15 00:56:00] INFO [_parse_sheet] 北京银行文件工作表「1月」提取 1 条记录
[2026-06-15 00:56:00] INFO [parse] 北京银行文件工作表「2月」在 skip_sheets 中，跳过
[2026-06-15 00:56:00] DEBUG [detect_file_format] 文件 /var******************************************************************************* Magic Bytes 检测为 xlsx 格式 (ZIP/OOXML)
[2026-06-15 00:56:00] INFO [load_lookup_table] 查找表加载完成：共 2 条条目，2 个唯一账号，0 个扩展字段
[2026-06-15 00:56:00] DEBUG [get_subject_info] 银行账号「0109年03月」匹配到主体: 北********司（优先级: 0）
[2026-06-15 00:56:00] INFO [_parse_sheet] 北京银行文件工作表「3月」提取 1 条记录
[2026-06-15 00:56:00] INFO [parse] 北京银行文件处理完成，共提取 2 条记录
[2026-06-15 00:56:00] INFO [setup_logging] 日志系统初始化完成，日志文件: /Use*******************************************************************************************************
[2026-06-15 00:56:00] INFO [setup_logging] 未检测到 tkinter，将使用命令行交互模式
[2026-06-15 00:56:00] INFO [setup_logging] 日志系统初始化完成，日志文件: /Use*******************************************************************************************************
[2026-06-15 00:56:00] INFO [setup_logging] 未检测到 tkinter，将使用命令行交互模式
[2026-06-15 00:56:00] INFO [setup_logging] 日志系统初始化完成，日志文件: /Use*******************************************************************************************************
[2026-06-15 00:56:00] INFO [setup_logging] 未检测到 tkinter，将使用命令行交互模式
[2026-06-15 00:56:00] INFO [setup_logging] 日志系统初始化完成，日志文件: /Use*******************************************************************************************************
[2026-06-15 00:56:00] INFO [setup_logging] 未检测到 tkinter，将使用命令行交互模式
[2026-06-15 00:56:00] INFO [setup_logging] 日志系统初始化完成，日志文件: /Use*******************************************************************************************************
[2026-06-15 00:56:00] INFO [setup_logging] 未检测到 tkinter，将使用命令行交互模式
[2026-06-15 00:56:01] INFO [setup_logging] 日志系统初始化完成，日志文件: /Use*******************************************************************************************************
[2026-06-15 00:56:01] INFO [setup_logging] 未检测到 tkinter，将使用命令行交互模式
