[2026-06-14 16:34:23] INFO [setup_logging] 日志系统初始化完成，日志文件: /Use*******************************************************************************************************
[2026-06-14 16:34:23] INFO [setup_logging] 未检测到 tkinter，将使用命令行交互模式
[2026-06-14 16:34:23] INFO [_load_config] 配置加载完成，根目录: /var********************************************************************
[2026-06-14 16:34:23] INFO [_load_config] 已配置银行: 北京银行, 东亚银行, 工商银行, 建设银行, 招商银行
[2026-06-14 16:34:23] INFO [_ensure_directories] 目录结构已就绪: /var********************************************************************
[2026-06-14 16:34:23] INFO [setup_logging] 日志系统初始化完成，日志文件: /Use*******************************************************************************************************
[2026-06-14 16:34:23] INFO [setup_logging] 未检测到 tkinter，将使用命令行交互模式
[2026-06-14 16:34:23] INFO [setup_logging] 日志系统初始化完成，日志文件: /Use*******************************************************************************************************
[2026-06-14 16:34:23] INFO [setup_logging] 未检测到 tkinter，将使用命令行交互模式
[2026-06-14 16:34:23] INFO [_load_config] 配置加载完成，根目录: /var******************************************************************************
[2026-06-14 16:34:23] INFO [_load_config] 已配置银行: 北京银行, 东亚银行, 工商银行, 建设银行, 招商银行
[2026-06-14 16:34:23] INFO [_ensure_directories] 目录结构已就绪: /var******************************************************************************
[2026-06-14 16:34:23] INFO [setup_logging] 日志系统初始化完成，日志文件: /Use*******************************************************************************************************
[2026-06-14 16:34:23] INFO [setup_logging] 未检测到 tkinter，将使用命令行交互模式
[2026-06-14 16:34:23] INFO [_load_config] 配置加载完成，根目录: /var******************************************************************************
[2026-06-14 16:34:23] INFO [_load_config] 已配置银行: 北京银行, 东亚银行, 工商银行, 建设银行, 招商银行
[2026-06-14 16:34:23] INFO [_ensure_directories] 目录结构已就绪: /var******************************************************************************
[2026-06-14 16:34:23] INFO [_scan_inbox] 扫描 inbox 发现 2 个匹配文件
[2026-06-14 16:34:23] INFO [setup_logging] 日志系统初始化完成，日志文件: /Use*******************************************************************************************************
[2026-06-14 16:34:23] INFO [setup_logging] 未检测到 tkinter，将使用命令行交互模式
[2026-06-14 16:34:23] INFO [_load_config] 配置加载完成，根目录: /var******************************************************************************
[2026-06-14 16:34:23] INFO [_load_config] 已配置银行: 北京银行, 东亚银行, 工商银行, 建设银行, 招商银行
[2026-06-14 16:34:23] INFO [_ensure_directories] 目录结构已就绪: /var******************************************************************************
[2026-06-14 16:34:23] INFO [setup_logging] 日志系统初始化完成，日志文件: /Use*******************************************************************************************************
[2026-06-14 16:34:23] INFO [setup_logging] 未检测到 tkinter，将使用命令行交互模式
[2026-06-14 16:34:23] INFO [_load_config] 配置加载完成，根目录: /var******************************************************************************
[2026-06-14 16:34:23] INFO [_load_config] 已配置银行: 北京银行, 东亚银行, 工商银行, 建设银行, 招商银行
[2026-06-14 16:34:23] INFO [_ensure_directories] 目录结构已就绪: /var******************************************************************************
[2026-06-14 16:34:23] INFO [setup_logging] 日志系统初始化完成，日志文件: /Use*******************************************************************************************************
[2026-06-14 16:34:23] INFO [setup_logging] 未检测到 tkinter，将使用命令行交互模式
[2026-06-14 16:34:23] INFO [_load_config] 配置加载完成，根目录: /var******************************************************************************
[2026-06-14 16:34:23] INFO [_load_config] 已配置银行: 北京银行, 东亚银行, 工商银行, 建设银行, 招商银行
[2026-06-14 16:34:23] INFO [_ensure_directories] 目录结构已就绪: /var******************************************************************************
[2026-06-14 16:34:23] INFO [_scan_inbox] 扫描 inbox 发现 2 个匹配文件
[2026-06-14 16:34:23] INFO [_validate_files] 文件被锁定，跳过: /var************************************************************************************************
[2026-06-14 16:34:23] INFO [_validate_files] 验证通过 1 个文件，可进行处理
[2026-06-14 16:34:23] INFO [setup_logging] 日志系统初始化完成，日志文件: /Use*******************************************************************************************************
[2026-06-14 16:34:23] INFO [setup_logging] 未检测到 tkinter，将使用命令行交互模式
[2026-06-14 16:34:23] INFO [_load_config] 配置加载完成，根目录: /var******************************************************************************
[2026-06-14 16:34:23] INFO [_load_config] 已配置银行: 北京银行, 东亚银行, 工商银行, 建设银行, 招商银行
[2026-06-14 16:34:23] INFO [_ensure_directories] 目录结构已就绪: /var******************************************************************************
[2026-06-14 16:34:23] INFO [_move_to_processing] 已移动到处理目录: /var*************************************************************************************************** -> /var********************************************************************************************************
[2026-06-14 16:34:23] INFO [setup_logging] 日志系统初始化完成，日志文件: /Use*******************************************************************************************************
[2026-06-14 16:34:23] INFO [setup_logging] 未检测到 tkinter，将使用命令行交互模式
[2026-06-14 16:34:23] INFO [_load_config] 配置加载完成，根目录: /var******************************************************************************
[2026-06-14 16:34:23] INFO [_load_config] 已配置银行: 北京银行, 东亚银行, 工商银行, 建设银行, 招商银行
[2026-06-14 16:34:23] INFO [_ensure_directories] 目录结构已就绪: /var******************************************************************************
[2026-06-14 16:34:24] ERROR [_move_to_error] 已移动到错误目录: /var******************************************************************************************************** -> /var*******************************************************************************************************************
[2026-06-14 16:34:24] INFO [setup_logging] 日志系统初始化完成，日志文件: /Use*******************************************************************************************************
[2026-06-14 16:34:24] INFO [setup_logging] 未检测到 tkinter，将使用命令行交互模式
[2026-06-14 16:34:24] INFO [_load_config] 配置加载完成，根目录: /var******************************************************************************
[2026-06-14 16:34:24] INFO [_load_config] 已配置银行: 北京银行, 东亚银行, 工商银行, 建设银行, 招商银行
[2026-06-14 16:34:24] INFO [_ensure_directories] 目录结构已就绪: /var******************************************************************************
[2026-06-14 16:34:24] INFO [run_once] ========== 开始单次目录处理 ==========
[2026-06-14 16:34:24] INFO [_scan_inbox] 扫描 inbox 发现 0 个匹配文件
[2026-06-14 16:34:24] INFO [_validate_files] 验证通过 0 个文件，可进行处理
[2026-06-14 16:34:24] INFO [run_once] 没有可处理的文件
[2026-06-14 16:34:24] INFO [setup_logging] 日志系统初始化完成，日志文件: /Use*******************************************************************************************************
[2026-06-14 16:34:24] INFO [setup_logging] 未检测到 tkinter，将使用命令行交互模式
[2026-06-14 16:34:24] INFO [_load_config] 配置加载完成，根目录: /var******************************************************************************
[2026-06-14 16:34:24] INFO [_load_config] 已配置银行: 北京银行, 东亚银行, 工商银行, 建设银行, 招商银行
[2026-06-14 16:34:24] INFO [_ensure_directories] 目录结构已就绪: /var******************************************************************************
[2026-06-14 16:34:24] INFO [run_once] ========== 开始单次目录处理 ==========
[2026-06-14 16:34:24] INFO [_scan_inbox] 扫描 inbox 发现 1 个匹配文件
[2026-06-14 16:34:24] INFO [_validate_files] 验证通过 1 个文件，可进行处理
[2026-06-14 16:34:24] INFO [_move_to_processing] 已移动到处理目录: /var************************************************************************************************************** -> /var*******************************************************************************************************************
[2026-06-14 16:34:24] INFO [find_lookup_file] 精确匹配到主体查找表: /var**************************************************************************************
[2026-06-14 16:34:24] INFO [run_pipeline_with_options] 正在预加载主体查找表...
[2026-06-14 16:34:24] DEBUG [detect_excel_format] 文件 /var************************************************************************************** Magic Bytes 检测为 xlsx 格式 (ZIP/OOXML)
[2026-06-14 16:34:24] INFO [load_lookup_table] 查找表加载完成：共 2 条条目，2 个唯一账号，0 个扩展字段
[2026-06-14 16:34:24] INFO [run_pipeline_with_options] 主体查找表预加载完成
[2026-06-14 16:34:24] INFO [load_existing_keys] 未找到历史总表，将以全量模式运行
[2026-06-14 16:34:24] INFO [run_pipeline_with_options] 无历史数据，将以全量模式运行
[2026-06-14 16:34:24] INFO [run_pipeline_with_options] 已复制文件夹为＋检验版: /var*********************************************************************************************
[2026-06-14 16:34:24] DEBUG [scan_excel_files] 发现 Excel 文件: /var***********************************************************************************************************************
[2026-06-14 16:34:24] INFO [scan_excel_files] 共扫描到 1 个 Excel 文件
[2026-06-14 16:34:24] INFO [identify_bank] 文件「北京银行*********************」通过前缀匹配识别为: 北京银行
[2026-06-14 16:34:24] INFO [parse] 开始处理北京银行文件: /var***********************************************************************************************************************
[2026-06-14 16:34:24] DEBUG [detect_excel_format] 文件 /var*********************************************************************************************************************** Magic Bytes 检测为 xlsx 格式 (ZIP/OOXML)
[2026-06-14 16:34:24] INFO [validate_headers] 北京银行文件工作表「交易明细」表头校验通过，7 个字段均匹配
[2026-06-14 16:34:24] DEBUG [get_subject_info] 银行账号「0109年03月」匹配到主体: 北********司（优先级: 0）
[2026-06-14 16:34:24] INFO [_parse_sheet] 北京银行文件工作表「交易明细」提取 2 条记录
[2026-06-14 16:34:24] INFO [parse] 北京银行文件处理完成，共提取 2 条记录
[2026-06-14 16:34:24] INFO [run_pipeline_with_options] 成功处理文件: /var***********************************************************************************************************************（2 条记录）
[2026-06-14 16:34:24] INFO [run_pipeline_with_options] 保留策略：仅保留未处理文件
[2026-06-14 16:34:24] DEBUG [delete_processed_files] 已删除文件: /var***********************************************************************************************************************
[2026-06-14 16:34:24] INFO [run_pipeline_with_options] 总表输出完成: /var***************************************************************************************（共 2 条记录）
[2026-06-14 16:34:24] INFO [apply_amount_anomaly_detection] 开始金额异常检测，单笔阈值: [金额已隐藏] 元
[2026-06-14 16:34:24] INFO [apply_amount_anomaly_detection] 金额异常检测完成：共 2 条记录，0 条异常 (0.00%)
[2026-06-14 16:34:24] INFO [save_config] 对方户名规则配置已保存: /var***************************************************************************************************
[2026-06-14 16:34:24] INFO [apply_counterparty_rules] 对方户名规则匹配完成: 总记录 2, 命中 0, 黑名单 0, 白名单 0
[2026-06-14 16:34:25] INFO [export_masked_summary] 脱敏版总表输出完成: /var*******************************************************************************************（共 2 条记录）
[2026-06-14 16:34:25] DEBUG [init_schema] 数据库表结构初始化完成
[2026-06-14 16:34:25] INFO [connect] SQLite 数据库已连接: /Use************************************************************************************
[2026-06-14 16:34:25] INFO [insert_records] 已加载 25 个历史匹配键用于去重
[2026-06-14 16:34:25] INFO [insert_records] 批量导入完成: 批次 BATC***************, 共 2 条, 新增 0 条, 重复 2 条
[2026-06-14 16:34:25] INFO [disconnect] SQLite 数据库已断开
[2026-06-14 16:34:25] INFO [run_pipeline_with_options] 数据库持久化完成: 批次 BATC***************, 插入 0 条, 去重跳过 2 条
[2026-06-14 16:34:25] INFO [identify_internal_transfers] 内部划转识别完成: 2 条记录, 识别出 0 对 (0 划出 + 0 划入), 涉及 0 个主体, 0 家银行
[2026-06-14 16:34:25] INFO [summarize_transactions] 主体维度汇总完成: 2 条记录, 1 个主体, 1 家银行, 1 个月份, 0 个未匹配账号
[2026-06-14 16:34:25] INFO [export_subject_summary] 主体维度汇总分析已导出: /var*********************************************************************************************************
[2026-06-14 16:34:25] INFO [run_pipeline_with_options] 主体维度汇总分析已自动生成: /var*********************************************************************************************************
[2026-06-14 16:34:25] INFO [check_balance_continuity] 共 1 个账号待校验
[2026-06-14 16:34:25] DEBUG [check_balance_continuity] 校验账号: 0109年03月, 记录数: 2
[2026-06-14 16:34:25] INFO [check_balance_continuity] 余额连续性校验完成 - 总账号: 1, 已校验: 1, 跳过: 0, 异常笔数: 0, 异常账号: 0
[2026-06-14 16:34:25] INFO [export_balance_check_result] 余额连续性校验结果已导出: /var**********************************************************************************************************
[2026-06-14 16:34:25] INFO [run_pipeline_with_options] 余额连续性校验报告已自动生成: /var**********************************************************************************************************
[2026-06-14 16:34:25] INFO [detect_duplicates] 重复交易检测完成 - 总记录: 2, 疑似重复组: 0, 疑似重复记录: 0, 重复率: 0.00%
[2026-06-14 16:34:25] INFO [generate_duplicate_check_from_records] 未检测到重复交易，仍导出报告
[2026-06-14 16:34:25] INFO [export_duplicate_check_result] 重复交易检测结果已导出: /var*********************************************************************************************************
[2026-06-14 16:34:25] INFO [run_pipeline_with_options] 重复交易检测报告已自动生成: /var*********************************************************************************************************
[2026-06-14 16:34:25] INFO [filter_interest_fee_transactions] 筛选出 0 条利息手续费交易
[2026-06-14 16:34:25] INFO [summarize_by_period] 按month汇总生成 0 条期间汇总记录，异常 0 条
[2026-06-14 16:34:25] INFO [check_interest_fee] 利息手续费核对完成 - 总记录: 0 (利息: 0, 手续费: 0), 期间汇总: 0, 异常: 0
[2026-06-14 16:34:25] WARNING [generate_interest_fee_check_from_records] 未筛选到任何利息手续费交易，跳过报告生成
[2026-06-14 16:34:25] INFO [mark_non_workday_transactions] 非工作日交易标记完成: 总记录 2, 工作日 2, 周末 0, 法定节假日 0, 调休工作日 0
[2026-06-14 16:34:25] INFO [generate_holiday_check_from_records] 未发现非工作日交易，仍导出报告
[2026-06-14 16:34:25] INFO [export_holiday_check_result] 非工作日交易标记结果已导出: /var***********************************************************************************************************
[2026-06-14 16:34:25] INFO [run_pipeline_with_options] 非工作日交易标记报告已自动生成: /var***********************************************************************************************************
[2026-06-14 16:34:25] INFO [_archive_results] 结果已归档到: /var*****************************************************************************************************
[2026-06-14 16:34:25] INFO [run_once] 银行 北京银行 处理完成
[2026-06-14 16:34:25] INFO [run_once] ========== 目录处理完成 ==========
[2026-06-14 16:34:25] INFO [setup_logging] 日志系统初始化完成，日志文件: /Use*******************************************************************************************************
[2026-06-14 16:34:25] INFO [setup_logging] 未检测到 tkinter，将使用命令行交互模式
[2026-06-14 16:34:25] INFO [_load_config] 配置加载完成，根目录: /var******************************************************************************
[2026-06-14 16:34:25] INFO [_load_config] 已配置银行: 北京银行, 东亚银行, 工商银行, 建设银行, 招商银行
[2026-06-14 16:34:25] INFO [_ensure_directories] 目录结构已就绪: /var******************************************************************************
[2026-06-14 16:34:25] INFO [run_once] ========== 开始单次目录处理 ==========
[2026-06-14 16:34:25] INFO [_scan_inbox] 扫描 inbox 发现 2 个匹配文件
[2026-06-14 16:34:25] INFO [_validate_files] 验证通过 2 个文件，可进行处理
[2026-06-14 16:34:25] INFO [_move_to_processing] 已移动到处理目录: /var************************************************************************************************************** -> /var*******************************************************************************************************************
[2026-06-14 16:34:25] INFO [_move_to_processing] 已移动到处理目录: /var****************************************************************************************************** -> /var***********************************************************************************************************
[2026-06-14 16:34:25] INFO [find_lookup_file] 精确匹配到主体查找表: /var**************************************************************************************
[2026-06-14 16:34:25] INFO [run_pipeline_with_options] 正在预加载主体查找表...
[2026-06-14 16:34:25] DEBUG [detect_excel_format] 文件 /var************************************************************************************** Magic Bytes 检测为 xlsx 格式 (ZIP/OOXML)
[2026-06-14 16:34:25] INFO [load_lookup_table] 查找表加载完成：共 2 条条目，2 个唯一账号，0 个扩展字段
[2026-06-14 16:34:25] INFO [run_pipeline_with_options] 主体查找表预加载完成
[2026-06-14 16:34:25] INFO [load_existing_keys] 未找到历史总表，将以全量模式运行
[2026-06-14 16:34:25] INFO [run_pipeline_with_options] 无历史数据，将以全量模式运行
[2026-06-14 16:34:25] INFO [run_pipeline_with_options] 已复制文件夹为＋检验版: /var*********************************************************************************************
[2026-06-14 16:34:25] DEBUG [scan_excel_files] 发现 Excel 文件: /var***********************************************************************************************************************
[2026-06-14 16:34:25] DEBUG [scan_excel_files] 发现 Excel 文件: /var***************************************************************************************************************
[2026-06-14 16:34:25] INFO [scan_excel_files] 共扫描到 2 个 Excel 文件
[2026-06-14 16:34:25] INFO [identify_bank] 文件「北京银行*********************」通过前缀匹配识别为: 北京银行
[2026-06-14 16:34:25] INFO [parse] 开始处理北京银行文件: /var***********************************************************************************************************************
[2026-06-14 16:34:25] DEBUG [detect_excel_format] 文件 /var*********************************************************************************************************************** Magic Bytes 检测为 xlsx 格式 (ZIP/OOXML)
[2026-06-14 16:34:25] INFO [validate_headers] 北京银行文件工作表「交易明细」表头校验通过，7 个字段均匹配
[2026-06-14 16:34:25] DEBUG [get_subject_info] 银行账号「0109年03月」匹配到主体: 北********司（优先级: 0）
[2026-06-14 16:34:25] INFO [_parse_sheet] 北京银行文件工作表「交易明细」提取 2 条记录
[2026-06-14 16:34:25] INFO [parse] 北京银行文件处理完成，共提取 2 条记录
[2026-06-14 16:34:25] INFO [run_pipeline_with_options] 成功处理文件: /var***********************************************************************************************************************（2 条记录）
[2026-06-14 16:34:25] INFO [identify_bank] 文件「北京银行_corrupt.xlsx」通过前缀匹配识别为: 北京银行
[2026-06-14 16:34:25] INFO [parse] 开始处理北京银行文件: /var***************************************************************************************************************
[2026-06-14 16:34:25] DEBUG [detect_excel_format] 文件 /var*************************************************************************************************************** 未识别的 Magic Bytes: 6e6f****
[2026-06-14 16:34:25] ERROR [run_pipeline_with_options] 处理文件「/var***************************************************************************************************************」时发生错误: File is not a zip file
Traceback (most recent call last):
  File "/Users/zhangchengcheng/work/ai-project/Trea/solo0605/label-02552/tests/../backend/bankcheck.py", line 11986, in run_pipeline_with_options
    rows = processor(filepath, lookup_data)
  File "/Users/zhangchengcheng/work/ai-project/Trea/solo0605/label-02552/tests/../backend/bankcheck.py", line 1945, in processor
    return parser.parse(filepath, lookup_source)
           ~~~~~~~~~~~~^^^^^^^^^^^^^^^^^^^^^^^^^
  File "/Users/zhangchengcheng/work/ai-project/Trea/solo0605/label-02552/tests/../backend/bankcheck.py", line 1912, in parse
    wb, tmp_path = open_workbook_compat(filepath)
                   ~~~~~~~~~~~~~~~~~~~~^^^^^^^^^^
  File "/Users/zhangchengcheng/work/ai-project/Trea/solo0605/label-02552/tests/../backend/bankcheck.py", line 984, in open_workbook_compat
    wb = openpyxl.load_workbook(filepath, data_only=True)
  File "/opt/homebrew/lib/python3.14/site-packages/openpyxl/reader/excel.py", line 346, in load_workbook
    reader = ExcelReader(filename, read_only, keep_vba,
                         data_only, keep_links, rich_text)
  File "/opt/homebrew/lib/python3.14/site-packages/openpyxl/reader/excel.py", line 123, in __init__
    self.archive = _validate_archive(fn)
                   ~~~~~~~~~~~~~~~~~^^^^
  File "/opt/homebrew/lib/python3.14/site-packages/openpyxl/reader/excel.py", line 95, in _validate_archive
    archive = ZipFile(filename, 'r')
  File "/opt/homebrew/Cellar/python@3.14/3.14.4_1/Frameworks/Python.framework/Versions/3.14/lib/python3.14/zipfile/__init__.py", line 1471, in __init__
    self._RealGetContents()
    ~~~~~~~~~~~~~~~~~~~~~^^
  File "/opt/homebrew/Cellar/python@3.14/3.14.4_1/Frameworks/Python.framework/Versions/3.14/lib/python3.14/zipfile/__init__.py", line 1538, in _RealGetContents
    raise BadZipFile("File is not a zip file")
zipfile.BadZipFile: File is not a zip file
[2026-06-14 16:34:25] INFO [run_pipeline_with_options] 保留策略：仅保留未处理文件
[2026-06-14 16:34:25] DEBUG [delete_processed_files] 已删除文件: /var***********************************************************************************************************************
[2026-06-14 16:34:25] INFO [run_pipeline_with_options] 总表输出完成: /var***************************************************************************************（共 2 条记录）
[2026-06-14 16:34:25] INFO [apply_amount_anomaly_detection] 开始金额异常检测，单笔阈值: [金额已隐藏] 元
[2026-06-14 16:34:25] INFO [apply_amount_anomaly_detection] 金额异常检测完成：共 2 条记录，0 条异常 (0.00%)
[2026-06-14 16:34:25] INFO [apply_counterparty_rules] 对方户名规则匹配完成: 总记录 2, 命中 0, 黑名单 0, 白名单 0
[2026-06-14 16:34:25] INFO [export_masked_summary] 脱敏版总表输出完成: /var*******************************************************************************************（共 2 条记录）
[2026-06-14 16:34:25] DEBUG [init_schema] 数据库表结构初始化完成
[2026-06-14 16:34:25] INFO [connect] SQLite 数据库已连接: /Use************************************************************************************
[2026-06-14 16:34:25] INFO [disconnect] SQLite 数据库已断开
[2026-06-14 16:34:25] ERROR [persist_transactions] 数据库持久化失败: UNIQUE constraint failed: import_batches.batch_id
Traceback (most recent call last):
  File "/Users/zhangchengcheng/work/ai-project/Trea/solo0605/label-02552/tests/../backend/database.py", line 1612, in persist_transactions
    insert_count, duplicate_count = db.insert_records(
                                    ~~~~~~~~~~~~~~~~~^
        transaction_records,
        ^^^^^^^^^^^^^^^^^^^^
        batch_id=batch_id,
        ^^^^^^^^^^^^^^^^^^
        deduplicate=deduplicate,
        ^^^^^^^^^^^^^^^^^^^^^^^^
    )
    ^
  File "/Users/zhangchengcheng/work/ai-project/Trea/solo0605/label-02552/tests/../backend/database.py", line 554, in insert_records
    cursor.execute('''
    ~~~~~~~~~~~~~~^^^^
        INSERT INTO import_batches (
        ^^^^^^^^^^^^^^^^^^^^^^^^^^^^
            batch_id, total_records, started_at, status
            ^^^^^^^^^^^^^^^^^^^^^^^^^^^^^^^^^^^^^^^^^^^
        ) VALUES (?, ?, ?, ?)
        ^^^^^^^^^^^^^^^^^^^^^
    ''', (batch_id, len(records), started_at, 'processing'))
    ^^^^^^^^^^^^^^^^^^^^^^^^^^^^^^^^^^^^^^^^^^^^^^^^^^^^^^^^
sqlite3.IntegrityError: UNIQUE constraint failed: import_batches.batch_id
[2026-06-14 16:34:25] INFO [run_pipeline_with_options] 数据库持久化完成: 批次 BATC***************, 插入 0 条, 去重跳过 0 条
[2026-06-14 16:34:25] INFO [identify_internal_transfers] 内部划转识别完成: 2 条记录, 识别出 0 对 (0 划出 + 0 划入), 涉及 0 个主体, 0 家银行
[2026-06-14 16:34:25] INFO [summarize_transactions] 主体维度汇总完成: 2 条记录, 1 个主体, 1 家银行, 1 个月份, 0 个未匹配账号
[2026-06-14 16:34:25] INFO [export_subject_summary] 主体维度汇总分析已导出: /var*********************************************************************************************************
[2026-06-14 16:34:25] INFO [run_pipeline_with_options] 主体维度汇总分析已自动生成: /var*********************************************************************************************************
[2026-06-14 16:34:25] INFO [check_balance_continuity] 共 1 个账号待校验
[2026-06-14 16:34:25] DEBUG [check_balance_continuity] 校验账号: 0109年03月, 记录数: 2
[2026-06-14 16:34:25] INFO [check_balance_continuity] 余额连续性校验完成 - 总账号: 1, 已校验: 1, 跳过: 0, 异常笔数: 0, 异常账号: 0
[2026-06-14 16:34:25] INFO [export_balance_check_result] 余额连续性校验结果已导出: /var**********************************************************************************************************
[2026-06-14 16:34:25] INFO [run_pipeline_with_options] 余额连续性校验报告已自动生成: /var**********************************************************************************************************
[2026-06-14 16:34:25] INFO [detect_duplicates] 重复交易检测完成 - 总记录: 2, 疑似重复组: 0, 疑似重复记录: 0, 重复率: 0.00%
[2026-06-14 16:34:25] INFO [generate_duplicate_check_from_records] 未检测到重复交易，仍导出报告
[2026-06-14 16:34:25] INFO [export_duplicate_check_result] 重复交易检测结果已导出: /var*********************************************************************************************************
[2026-06-14 16:34:25] INFO [run_pipeline_with_options] 重复交易检测报告已自动生成: /var*********************************************************************************************************
[2026-06-14 16:34:25] INFO [filter_interest_fee_transactions] 筛选出 0 条利息手续费交易
[2026-06-14 16:34:25] INFO [summarize_by_period] 按month汇总生成 0 条期间汇总记录，异常 0 条
[2026-06-14 16:34:25] INFO [check_interest_fee] 利息手续费核对完成 - 总记录: 0 (利息: 0, 手续费: 0), 期间汇总: 0, 异常: 0
[2026-06-14 16:34:25] WARNING [generate_interest_fee_check_from_records] 未筛选到任何利息手续费交易，跳过报告生成
[2026-06-14 16:34:25] INFO [mark_non_workday_transactions] 非工作日交易标记完成: 总记录 2, 工作日 2, 周末 0, 法定节假日 0, 调休工作日 0
[2026-06-14 16:34:25] INFO [generate_holiday_check_from_records] 未发现非工作日交易，仍导出报告
[2026-06-14 16:34:25] INFO [export_holiday_check_result] 非工作日交易标记结果已导出: /var***********************************************************************************************************
[2026-06-14 16:34:25] INFO [run_pipeline_with_options] 非工作日交易标记报告已自动生成: /var***********************************************************************************************************
[2026-06-14 16:34:25] INFO [generate_pending_list_xlsx] 待处理清单已生成: /var******************************************************************************************************（共 1 条记录）
[2026-06-14 16:34:25] ERROR [_move_to_error] 已移动到错误目录: /var*************************************************************************************************************** -> /var**********************************************************************************************************************
[2026-06-14 16:34:25] INFO [_archive_results] 结果已归档到: /var*****************************************************************************************************
[2026-06-14 16:34:25] INFO [run_once] 银行 北京银行 处理完成
[2026-06-14 16:34:25] INFO [run_once] ========== 目录处理完成 ==========
[2026-06-14 16:34:25] INFO [setup_logging] 日志系统初始化完成，日志文件: /Use*******************************************************************************************************
[2026-06-14 16:34:25] INFO [setup_logging] 未检测到 tkinter，将使用命令行交互模式
[2026-06-14 16:34:25] INFO [_load_config] 配置加载完成，根目录: /var******************************************************************************
[2026-06-14 16:34:25] INFO [_load_config] 已配置银行: 北京银行, 东亚银行, 工商银行, 建设银行, 招商银行
[2026-06-14 16:34:25] INFO [_ensure_directories] 目录结构已就绪: /var******************************************************************************
[2026-06-14 16:34:26] INFO [_archive_results] 结果已归档到: /var*****************************************************************************************************
[2026-06-14 16:34:26] INFO [setup_logging] 日志系统初始化完成，日志文件: /Use*******************************************************************************************************
[2026-06-14 16:34:26] INFO [setup_logging] 未检测到 tkinter，将使用命令行交互模式
[2026-06-14 16:34:26] INFO [__enter__] 已创建锁定文件: /var***********************************************************************************************
[2026-06-14 16:34:26] INFO [__exit__] 已删除锁定文件: /var***********************************************************************************************
[2026-06-14 16:34:26] INFO [setup_logging] 日志系统初始化完成，日志文件: /Use*******************************************************************************************************
[2026-06-14 16:34:26] INFO [setup_logging] 未检测到 tkinter，将使用命令行交互模式
[2026-06-14 16:34:26] INFO [setup_logging] 日志系统初始化完成，日志文件: /Use*******************************************************************************************************
[2026-06-14 16:34:26] INFO [setup_logging] 未检测到 tkinter，将使用命令行交互模式
[2026-06-14 16:34:26] INFO [setup_logging] 日志系统初始化完成，日志文件: /Use*******************************************************************************************************
[2026-06-14 16:34:26] INFO [setup_logging] 未检测到 tkinter，将使用命令行交互模式
[2026-06-14 16:34:26] INFO [download_mock_beijing_bank] 开始模拟下载北京银行流水（测试模式）
[2026-06-14 16:34:26] INFO [__enter__] 已创建锁定文件: /var***************************************************************************************************************
[2026-06-14 16:34:27] INFO [__exit__] 已删除锁定文件: /var***************************************************************************************************************
[2026-06-14 16:34:27] ERROR [download_mock_beijing_bank] 模拟下载失败
Traceback (most recent call last):
  File "/Users/zhangchengcheng/work/ai-project/Trea/solo0605/label-02552/tests/../backend/bank_download_templates.py", line 364, in download_mock_beijing_bank
    logger.info('已生成测试文件: %s (%d bytes)', filename, file_size)
    ~~~~~~~~~~~^^^^^^^^^^^^^^^^^^^^^^^^^^^^^^^^^^^^^^^^^^^^^^^^^^^^^^
  File "/opt/homebrew/Cellar/python@3.14/3.14.4_1/Frameworks/Python.framework/Versions/3.14/lib/python3.14/logging/__init__.py", line 1520, in info
    self._log(INFO, msg, args, **kwargs)
    ~~~~~~~~~^^^^^^^^^^^^^^^^^^^^^^^^^^^
  File "/opt/homebrew/Cellar/python@3.14/3.14.4_1/Frameworks/Python.framework/Versions/3.14/lib/python3.14/logging/__init__.py", line 1665, in _log
    self.handle(record)
    ~~~~~~~~~~~^^^^^^^^
  File "/opt/homebrew/Cellar/python@3.14/3.14.4_1/Frameworks/Python.framework/Versions/3.14/lib/python3.14/logging/__init__.py", line 1681, in handle
    self.callHandlers(record)
    ~~~~~~~~~~~~~~~~~^^^^^^^^
  File "/opt/homebrew/Cellar/python@3.14/3.14.4_1/Frameworks/Python.framework/Versions/3.14/lib/python3.14/logging/__init__.py", line 1737, in callHandlers
    hdlr.handle(record)
    ~~~~~~~~~~~^^^^^^^^
  File "/opt/homebrew/Cellar/python@3.14/3.14.4_1/Frameworks/Python.framework/Versions/3.14/lib/python3.14/logging/__init__.py", line 1027, in handle
    self.emit(record)
    ~~~~~~~~~^^^^^^^^
  File "/opt/homebrew/lib/python3.14/site-packages/_pytest/logging.py", line 384, in emit
    super().emit(record)
    ~~~~~~~~~~~~^^^^^^^^
  File "/opt/homebrew/Cellar/python@3.14/3.14.4_1/Frameworks/Python.framework/Versions/3.14/lib/python3.14/logging/__init__.py", line 1159, in emit
    self.handleError(record)
    ~~~~~~~~~~~~~~~~^^^^^^^^
  File "/opt/homebrew/Cellar/python@3.14/3.14.4_1/Frameworks/Python.framework/Versions/3.14/lib/python3.14/logging/__init__.py", line 1151, in emit
    msg = self.format(record)
  File "/opt/homebrew/Cellar/python@3.14/3.14.4_1/Frameworks/Python.framework/Versions/3.14/lib/python3.14/logging/__init__.py", line 999, in format
    return fmt.format(record)
           ~~~~~~~~~~^^^^^^^^
  File "/opt/homebrew/lib/python3.14/site-packages/_pytest/logging.py", line 137, in format
    return super().format(record)
           ~~~~~~~~~~~~~~^^^^^^^^
  File "/opt/homebrew/Cellar/python@3.14/3.14.4_1/Frameworks/Python.framework/Versions/3.14/lib/python3.14/logging/__init__.py", line 712, in format
    record.message = record.getMessage()
                     ~~~~~~~~~~~~~~~~~^^
  File "/opt/homebrew/Cellar/python@3.14/3.14.4_1/Frameworks/Python.framework/Versions/3.14/lib/python3.14/logging/__init__.py", line 400, in getMessage
    msg = msg % self.args
          ~~~~^~~~~~~~~~~
TypeError: %d format: a real number is required, not str
[2026-06-14 16:34:27] INFO [setup_logging] 日志系统初始化完成，日志文件: /Use*******************************************************************************************************
[2026-06-14 16:34:27] INFO [setup_logging] 未检测到 tkinter，将使用命令行交互模式
[2026-06-14 16:34:27] INFO [setup_logging] 日志系统初始化完成，日志文件: /Use*******************************************************************************************************
[2026-06-14 16:34:27] INFO [setup_logging] 未检测到 tkinter，将使用命令行交互模式
[2026-06-14 16:34:27] INFO [run_directory_pipeline] ========== 开始目录对接流水线 ==========
[2026-06-14 16:34:27] INFO [_load_config] 配置加载完成，根目录: /var******************************************************************************
[2026-06-14 16:34:27] INFO [_load_config] 已配置银行: 北京银行, 东亚银行, 工商银行, 建设银行, 招商银行
[2026-06-14 16:34:27] INFO [_ensure_directories] 目录结构已就绪: /var******************************************************************************
[2026-06-14 16:34:27] INFO [run_once] ========== 开始单次目录处理 ==========
[2026-06-14 16:34:27] INFO [_scan_inbox] 扫描 inbox 发现 1 个匹配文件
[2026-06-14 16:34:27] INFO [_validate_files] 验证通过 1 个文件，可进行处理
[2026-06-14 16:34:27] INFO [_move_to_processing] 已移动到处理目录: /var************************************************************************************************************** -> /var*******************************************************************************************************************
[2026-06-14 16:34:27] INFO [find_lookup_file] 精确匹配到主体查找表: /var**************************************************************************************
[2026-06-14 16:34:27] INFO [run_pipeline_with_options] 正在预加载主体查找表...
[2026-06-14 16:34:27] DEBUG [detect_excel_format] 文件 /var************************************************************************************** Magic Bytes 检测为 xlsx 格式 (ZIP/OOXML)
[2026-06-14 16:34:27] INFO [load_lookup_table] 查找表加载完成：共 2 条条目，2 个唯一账号，0 个扩展字段
[2026-06-14 16:34:27] INFO [run_pipeline_with_options] 主体查找表预加载完成
[2026-06-14 16:34:27] INFO [run_pipeline_with_options] 已复制文件夹为＋检验版: /var*********************************************************************************************
[2026-06-14 16:34:27] DEBUG [scan_excel_files] 发现 Excel 文件: /var***********************************************************************************************************************
[2026-06-14 16:34:27] INFO [scan_excel_files] 共扫描到 1 个 Excel 文件
[2026-06-14 16:34:27] INFO [identify_bank] 文件「北京银行*********************」通过前缀匹配识别为: 北京银行
[2026-06-14 16:34:27] INFO [parse] 开始处理北京银行文件: /var***********************************************************************************************************************
[2026-06-14 16:34:27] DEBUG [detect_excel_format] 文件 /var*********************************************************************************************************************** Magic Bytes 检测为 xlsx 格式 (ZIP/OOXML)
[2026-06-14 16:34:27] INFO [validate_headers] 北京银行文件工作表「交易明细」表头校验通过，7 个字段均匹配
[2026-06-14 16:34:27] DEBUG [get_subject_info] 银行账号「0109年03月」匹配到主体: 北********司（优先级: 0）
[2026-06-14 16:34:27] INFO [_parse_sheet] 北京银行文件工作表「交易明细」提取 2 条记录
[2026-06-14 16:34:27] INFO [parse] 北京银行文件处理完成，共提取 2 条记录
[2026-06-14 16:34:27] INFO [run_pipeline_with_options] 成功处理文件: /var***********************************************************************************************************************（2 条记录）
[2026-06-14 16:34:27] INFO [run_pipeline_with_options] 保留策略：仅保留未处理文件
[2026-06-14 16:34:27] DEBUG [delete_processed_files] 已删除文件: /var***********************************************************************************************************************
[2026-06-14 16:34:27] INFO [run_pipeline_with_options] 总表输出完成: /var***************************************************************************************（共 2 条记录）
[2026-06-14 16:34:27] INFO [apply_amount_anomaly_detection] 开始金额异常检测，单笔阈值: [金额已隐藏] 元
[2026-06-14 16:34:27] INFO [apply_amount_anomaly_detection] 金额异常检测完成：共 2 条记录，0 条异常 (0.00%)
[2026-06-14 16:34:27] INFO [apply_counterparty_rules] 对方户名规则匹配完成: 总记录 2, 命中 0, 黑名单 0, 白名单 0
[2026-06-14 16:34:27] INFO [export_masked_summary] 脱敏版总表输出完成: /var*******************************************************************************************（共 2 条记录）
[2026-06-14 16:34:27] DEBUG [init_schema] 数据库表结构初始化完成
[2026-06-14 16:34:27] INFO [connect] SQLite 数据库已连接: /Use************************************************************************************
[2026-06-14 16:34:27] INFO [insert_records] 已加载 25 个历史匹配键用于去重
[2026-06-14 16:34:27] INFO [insert_records] 批量导入完成: 批次 BATC***************, 共 2 条, 新增 0 条, 重复 2 条
[2026-06-14 16:34:27] INFO [disconnect] SQLite 数据库已断开
[2026-06-14 16:34:27] INFO [run_pipeline_with_options] 数据库持久化完成: 批次 BATC***************, 插入 0 条, 去重跳过 2 条
[2026-06-14 16:34:27] INFO [identify_internal_transfers] 内部划转识别完成: 2 条记录, 识别出 0 对 (0 划出 + 0 划入), 涉及 0 个主体, 0 家银行
[2026-06-14 16:34:27] INFO [summarize_transactions] 主体维度汇总完成: 2 条记录, 1 个主体, 1 家银行, 1 个月份, 0 个未匹配账号
[2026-06-14 16:34:27] INFO [export_subject_summary] 主体维度汇总分析已导出: /var*********************************************************************************************************
[2026-06-14 16:34:27] INFO [run_pipeline_with_options] 主体维度汇总分析已自动生成: /var*********************************************************************************************************
[2026-06-14 16:34:27] INFO [check_balance_continuity] 共 1 个账号待校验
[2026-06-14 16:34:27] DEBUG [check_balance_continuity] 校验账号: 0109年03月, 记录数: 2
[2026-06-14 16:34:27] INFO [check_balance_continuity] 余额连续性校验完成 - 总账号: 1, 已校验: 1, 跳过: 0, 异常笔数: 0, 异常账号: 0
[2026-06-14 16:34:27] INFO [export_balance_check_result] 余额连续性校验结果已导出: /var**********************************************************************************************************
[2026-06-14 16:34:27] INFO [run_pipeline_with_options] 余额连续性校验报告已自动生成: /var**********************************************************************************************************
[2026-06-14 16:34:27] INFO [detect_duplicates] 重复交易检测完成 - 总记录: 2, 疑似重复组: 0, 疑似重复记录: 0, 重复率: 0.00%
[2026-06-14 16:34:27] INFO [generate_duplicate_check_from_records] 未检测到重复交易，仍导出报告
[2026-06-14 16:34:27] INFO [export_duplicate_check_result] 重复交易检测结果已导出: /var*********************************************************************************************************
[2026-06-14 16:34:27] INFO [run_pipeline_with_options] 重复交易检测报告已自动生成: /var*********************************************************************************************************
[2026-06-14 16:34:27] INFO [filter_interest_fee_transactions] 筛选出 0 条利息手续费交易
[2026-06-14 16:34:27] INFO [summarize_by_period] 按month汇总生成 0 条期间汇总记录，异常 0 条
[2026-06-14 16:34:27] INFO [check_interest_fee] 利息手续费核对完成 - 总记录: 0 (利息: 0, 手续费: 0), 期间汇总: 0, 异常: 0
[2026-06-14 16:34:27] WARNING [generate_interest_fee_check_from_records] 未筛选到任何利息手续费交易，跳过报告生成
[2026-06-14 16:34:27] INFO [mark_non_workday_transactions] 非工作日交易标记完成: 总记录 2, 工作日 2, 周末 0, 法定节假日 0, 调休工作日 0
[2026-06-14 16:34:27] INFO [generate_holiday_check_from_records] 未发现非工作日交易，仍导出报告
[2026-06-14 16:34:27] INFO [export_holiday_check_result] 非工作日交易标记结果已导出: /var***********************************************************************************************************
[2026-06-14 16:34:27] INFO [run_pipeline_with_options] 非工作日交易标记报告已自动生成: /var***********************************************************************************************************
[2026-06-14 16:34:27] INFO [_archive_results] 结果已归档到: /var*****************************************************************************************************
[2026-06-14 16:34:27] INFO [run_once] 银行 北京银行 处理完成
[2026-06-14 16:34:27] INFO [run_once] ========== 目录处理完成 ==========
[2026-06-14 16:34:27] INFO [run_directory_pipeline] 目录对接流水线完成: 成功处理 1 个文件
[2026-06-14 16:34:27] INFO [run_directory_pipeline] ========== 目录对接流水线结束 ==========
[2026-06-14 16:34:27] INFO [setup_logging] 日志系统初始化完成，日志文件: /Use*******************************************************************************************************
[2026-06-14 16:34:27] INFO [setup_logging] 未检测到 tkinter，将使用命令行交互模式
[2026-06-14 16:34:27] INFO [_load_config] 配置加载完成，根目录: /var******************************************************************************
[2026-06-14 16:34:27] INFO [_load_config] 已配置银行: 北京银行, 东亚银行, 工商银行, 建设银行, 招商银行
[2026-06-14 16:34:27] INFO [_ensure_directories] 目录结构已就绪: /var******************************************************************************
[2026-06-14 16:34:27] INFO [_scan_inbox] 扫描 inbox 发现 0 个匹配文件
[2026-06-14 16:34:27] INFO [_validate_files] 验证通过 0 个文件，可进行处理
[2026-06-14 16:34:27] INFO [setup_logging] 日志系统初始化完成，日志文件: /Use*******************************************************************************************************
[2026-06-14 16:34:27] INFO [setup_logging] 未检测到 tkinter，将使用命令行交互模式
[2026-06-14 16:34:27] INFO [setup_logging] 日志系统初始化完成，日志文件: /Use*******************************************************************************************************
[2026-06-14 16:34:27] INFO [setup_logging] 未检测到 tkinter，将使用命令行交互模式
