[2026-06-14 14:15:30] INFO [setup_logging] 日志系统初始化完成，日志文件: /Use*******************************************************************************************************
[2026-06-14 14:15:30] INFO [setup_logging] 未检测到 tkinter，将使用命令行交互模式
[2026-06-14 14:15:30] INFO [summarize_transactions] 主体维度汇总完成: 1 条记录, 1 个主体, 1 家银行, 1 个月份, 0 个未匹配账号
[2026-06-14 14:15:30] INFO [setup_logging] 日志系统初始化完成，日志文件: /Use*******************************************************************************************************
[2026-06-14 14:15:30] INFO [setup_logging] 未检测到 tkinter，将使用命令行交互模式
[2026-06-14 14:15:30] INFO [summarize_transactions] 主体维度汇总完成: 2 条记录, 1 个主体, 1 家银行, 1 个月份, 1 个未匹配账号
[2026-06-14 14:15:30] INFO [setup_logging] 日志系统初始化完成，日志文件: /Use*******************************************************************************************************
[2026-06-14 14:15:30] INFO [setup_logging] 未检测到 tkinter，将使用命令行交互模式
[2026-06-14 14:15:30] INFO [summarize_transactions] 主体维度汇总完成: 4 条记录, 1 个主体, 2 家银行, 1 个月份, 2 个未匹配账号
[2026-06-14 14:15:30] INFO [setup_logging] 日志系统初始化完成，日志文件: /Use*******************************************************************************************************
[2026-06-14 14:15:30] INFO [setup_logging] 未检测到 tkinter，将使用命令行交互模式
[2026-06-14 14:15:30] INFO [summarize_transactions] 主体维度汇总完成: 2 条记录, 1 个主体, 2 家银行, 1 个月份, 1 个未匹配账号
[2026-06-14 14:15:30] INFO [setup_logging] 日志系统初始化完成，日志文件: /Use*******************************************************************************************************
[2026-06-14 14:15:30] INFO [setup_logging] 未检测到 tkinter，将使用命令行交互模式
[2026-06-14 14:15:30] INFO [summarize_transactions] 主体维度汇总完成: 1 条记录, 1 个主体, 1 家银行, 1 个月份, 0 个未匹配账号
[2026-06-14 14:15:31] INFO [setup_logging] 日志系统初始化完成，日志文件: /Use*******************************************************************************************************
[2026-06-14 14:15:31] INFO [setup_logging] 未检测到 tkinter，将使用命令行交互模式
[2026-06-14 14:15:31] INFO [summarize_transactions] 主体维度汇总完成: 2 条记录, 2 个主体, 1 家银行, 1 个月份, 1 个未匹配账号
[2026-06-14 14:15:31] INFO [setup_logging] 日志系统初始化完成，日志文件: /Use*******************************************************************************************************
[2026-06-14 14:15:31] INFO [setup_logging] 未检测到 tkinter，将使用命令行交互模式
[2026-06-14 14:15:31] INFO [summarize_transactions] 主体维度汇总完成: 1 条记录, 1 个主体, 1 家银行, 1 个月份, 1 个未匹配账号
[2026-06-14 14:15:31] INFO [export_subject_summary] 主体维度汇总分析已导出: /var*************************************************************************************
[2026-06-14 14:15:31] INFO [setup_logging] 日志系统初始化完成，日志文件: /Use*******************************************************************************************************
[2026-06-14 14:15:31] INFO [setup_logging] 未检测到 tkinter，将使用命令行交互模式
[2026-06-14 14:15:31] INFO [summarize_transactions] 主体维度汇总完成: 1 条记录, 1 个主体, 1 家银行, 1 个月份, 0 个未匹配账号
[2026-06-14 14:15:31] INFO [export_subject_summary] 主体维度汇总分析已导出: /var**************************************************************************************
[2026-06-14 14:15:31] INFO [setup_logging] 日志系统初始化完成，日志文件: /Use*******************************************************************************************************
[2026-06-14 14:15:31] INFO [setup_logging] 未检测到 tkinter，将使用命令行交互模式
[2026-06-14 14:15:31] INFO [summarize_transactions] 主体维度汇总完成: 2 条记录, 1 个主体, 1 家银行, 1 个月份, 2 个未匹配账号
[2026-06-14 14:15:31] INFO [export_subject_summary] 主体维度汇总分析已导出: /var************************************************************************************
[2026-06-14 14:15:31] INFO [setup_logging] 日志系统初始化完成，日志文件: /Use*******************************************************************************************************
[2026-06-14 14:15:31] INFO [setup_logging] 未检测到 tkinter，将使用命令行交互模式
[2026-06-14 14:15:31] INFO [summarize_transactions] 主体维度汇总完成: 1 条记录, 1 个主体, 1 家银行, 1 个月份, 1 个未匹配账号
[2026-06-14 14:15:31] INFO [export_subject_summary] 主体维度汇总分析已导出: /var********************************************************************************************************
