[2026-06-15 19:52:10] INFO [setup_logging] 日志系统初始化完成，日志文件: /Use*******************************************************************************************************
[2026-06-15 19:52:10] INFO [setup_logging] 未检测到 tkinter，将使用命令行交互模式
[2026-06-15 19:52:10] INFO [find_lookup_file] 在指定目录找到主体查找表: /var****************************************************************************
[2026-06-15 19:52:10] INFO [setup_logging] 日志系统初始化完成，日志文件: /Use*******************************************************************************************************
[2026-06-15 19:52:10] INFO [setup_logging] 未检测到 tkinter，将使用命令行交互模式
[2026-06-15 19:52:10] INFO [find_lookup_file] 在指定目录找到主体查找表: /var***************************************************************************
[2026-06-15 19:52:10] INFO [setup_logging] 日志系统初始化完成，日志文件: /Use*******************************************************************************************************
[2026-06-15 19:52:10] INFO [setup_logging] 未检测到 tkinter，将使用命令行交互模式
[2026-06-15 19:52:10] WARNING [find_lookup_file] 在指定目录未找到主体查找表: /var*****************************************************************
[2026-06-15 19:52:10] INFO [setup_logging] 日志系统初始化完成，日志文件: /Use*******************************************************************************************************
[2026-06-15 19:52:10] INFO [setup_logging] 未检测到 tkinter，将使用命令行交互模式
[2026-06-15 19:52:10] INFO [read_lookup_entries] 从查找表读取到 3 条记录，扩展字段: 无
[2026-06-15 19:52:10] INFO [setup_logging] 日志系统初始化完成，日志文件: /Use*******************************************************************************************************
[2026-06-15 19:52:10] INFO [setup_logging] 未检测到 tkinter，将使用命令行交互模式
[2026-06-15 19:52:10] WARNING [read_lookup_entries] 查找表文件不存在: /nonexistent/path.xlsx
[2026-06-15 19:52:10] INFO [setup_logging] 日志系统初始化完成，日志文件: /Use*******************************************************************************************************
[2026-06-15 19:52:10] INFO [setup_logging] 未检测到 tkinter，将使用命令行交互模式
[2026-06-15 19:52:10] INFO [read_lookup_entries] 从查找表读取到 0 条记录，扩展字段: 无
[2026-06-15 19:52:10] INFO [setup_logging] 日志系统初始化完成，日志文件: /Use*******************************************************************************************************
[2026-06-15 19:52:10] INFO [setup_logging] 未检测到 tkinter，将使用命令行交互模式
[2026-06-15 19:52:10] INFO [read_lookup_entries] 从查找表读取到 0 条记录，扩展字段: 无
[2026-06-15 19:52:10] INFO [setup_logging] 日志系统初始化完成，日志文件: /Use*******************************************************************************************************
[2026-06-15 19:52:10] INFO [setup_logging] 未检测到 tkinter，将使用命令行交互模式
[2026-06-15 19:52:10] INFO [read_lookup_entries] 从查找表读取到 2 条记录，扩展字段: 无
[2026-06-15 19:52:10] INFO [setup_logging] 日志系统初始化完成，日志文件: /Use*******************************************************************************************************
[2026-06-15 19:52:10] INFO [setup_logging] 未检测到 tkinter，将使用命令行交互模式
[2026-06-15 19:52:10] INFO [save_lookup_entries] 查找表已保存到 /var********************************************************************************，共 2 条记录
[2026-06-15 19:52:10] INFO [evaluate_lookup_change] 开始评估查找表变更影响
[2026-06-15 19:52:10] INFO [read_lookup_entries] 从查找表读取到 2 条记录，扩展字段: 无
[2026-06-15 19:52:10] INFO [setup_logging] 日志系统初始化完成，日志文件: /Use*******************************************************************************************************
[2026-06-15 19:52:10] INFO [setup_logging] 未检测到 tkinter，将使用命令行交互模式
[2026-06-15 19:52:10] INFO [read_lookup_entries] 从查找表读取到 3 条记录，扩展字段: 无
[2026-06-15 19:52:10] INFO [save_lookup_entries] 查找表已保存到 /var****************************************************************************，共 1 条记录
[2026-06-15 19:52:10] INFO [evaluate_lookup_change] 开始评估查找表变更影响
[2026-06-15 19:52:10] INFO [read_lookup_entries] 从查找表读取到 1 条记录，扩展字段: 无
[2026-06-15 19:52:10] INFO [setup_logging] 日志系统初始化完成，日志文件: /Use*******************************************************************************************************
[2026-06-15 19:52:10] INFO [setup_logging] 未检测到 tkinter，将使用命令行交互模式
[2026-06-15 19:52:10] INFO [read_lookup_entries] 从查找表读取到 3 条记录，扩展字段: 无
[2026-06-15 19:52:10] INFO [setup_logging] 日志系统初始化完成，日志文件: /Use*******************************************************************************************************
[2026-06-15 19:52:10] INFO [setup_logging] 未检测到 tkinter，将使用命令行交互模式
[2026-06-15 19:52:10] INFO [read_lookup_entries] 从查找表读取到 3 条记录，扩展字段: 无
[2026-06-15 19:52:10] INFO [setup_logging] 日志系统初始化完成，日志文件: /Use*******************************************************************************************************
[2026-06-15 19:52:10] INFO [setup_logging] 未检测到 tkinter，将使用命令行交互模式
[2026-06-15 19:52:10] INFO [read_lookup_entries] 从查找表读取到 3 条记录，扩展字段: 无
[2026-06-15 19:52:10] INFO [setup_logging] 日志系统初始化完成，日志文件: /Use*******************************************************************************************************
[2026-06-15 19:52:10] INFO [setup_logging] 未检测到 tkinter，将使用命令行交互模式
[2026-06-15 19:52:10] INFO [read_lookup_entries] 从查找表读取到 3 条记录，扩展字段: 无
[2026-06-15 19:52:10] INFO [setup_logging] 日志系统初始化完成，日志文件: /Use*******************************************************************************************************
[2026-06-15 19:52:10] INFO [setup_logging] 未检测到 tkinter，将使用命令行交互模式
[2026-06-15 19:52:10] INFO [read_lookup_entries] 从查找表读取到 3 条记录，扩展字段: 无
[2026-06-15 19:52:10] INFO [read_lookup_entries] 从查找表读取到 3 条记录，扩展字段: 无
[2026-06-15 19:52:10] INFO [save_lookup_entries] 查找表已保存到 /var****************************************************************************，共 4 条记录
[2026-06-15 19:52:10] INFO [evaluate_lookup_change] 开始评估查找表变更影响
[2026-06-15 19:52:10] INFO [add_entry] 已添加条目: 9999年99月 -> 新公司
[2026-06-15 19:52:10] INFO [read_lookup_entries] 从查找表读取到 4 条记录，扩展字段: 无
[2026-06-15 19:52:10] INFO [setup_logging] 日志系统初始化完成，日志文件: /Use*******************************************************************************************************
[2026-06-15 19:52:10] INFO [setup_logging] 未检测到 tkinter，将使用命令行交互模式
[2026-06-15 19:52:10] INFO [read_lookup_entries] 从查找表读取到 3 条记录，扩展字段: 无
[2026-06-15 19:52:10] INFO [read_lookup_entries] 从查找表读取到 3 条记录，扩展字段: 无
[2026-06-15 19:52:10] INFO [setup_logging] 日志系统初始化完成，日志文件: /Use*******************************************************************************************************
[2026-06-15 19:52:10] INFO [setup_logging] 未检测到 tkinter，将使用命令行交互模式
[2026-06-15 19:52:10] INFO [setup_logging] 日志系统初始化完成，日志文件: /Use*******************************************************************************************************
[2026-06-15 19:52:10] INFO [setup_logging] 未检测到 tkinter，将使用命令行交互模式
[2026-06-15 19:52:10] INFO [setup_logging] 日志系统初始化完成，日志文件: /Use*******************************************************************************************************
[2026-06-15 19:52:10] INFO [setup_logging] 未检测到 tkinter，将使用命令行交互模式
[2026-06-15 19:52:10] INFO [read_lookup_entries] 从查找表读取到 3 条记录，扩展字段: 无
[2026-06-15 19:52:10] INFO [read_lookup_entries] 从查找表读取到 3 条记录，扩展字段: 无
[2026-06-15 19:52:10] INFO [save_lookup_entries] 查找表已保存到 /var****************************************************************************，共 4 条记录
[2026-06-15 19:52:10] INFO [evaluate_lookup_change] 开始评估查找表变更影响
[2026-06-15 19:52:10] INFO [add_entry] 已添加条目: [1万-10万] -> 测试公司
[2026-06-15 19:52:10] INFO [read_lookup_entries] 从查找表读取到 4 条记录，扩展字段: 无
[2026-06-15 19:52:10] INFO [setup_logging] 日志系统初始化完成，日志文件: /Use*******************************************************************************************************
[2026-06-15 19:52:10] INFO [setup_logging] 未检测到 tkinter，将使用命令行交互模式
[2026-06-15 19:52:10] INFO [read_lookup_entries] 从查找表读取到 3 条记录，扩展字段: 无
[2026-06-15 19:52:10] INFO [save_lookup_entries] 查找表已保存到 /var****************************************************************************，共 3 条记录
[2026-06-15 19:52:10] INFO [evaluate_lookup_change] 开始评估查找表变更影响
[2026-06-15 19:52:10] INFO [update_entry] 已更新条目: 0109年03月 -> 更新后的公司名 (原账号: 0109年03月)
[2026-06-15 19:52:10] INFO [read_lookup_entries] 从查找表读取到 3 条记录，扩展字段: 无
[2026-06-15 19:52:10] INFO [setup_logging] 日志系统初始化完成，日志文件: /Use*******************************************************************************************************
[2026-06-15 19:52:10] INFO [setup_logging] 未检测到 tkinter，将使用命令行交互模式
[2026-06-15 19:52:10] INFO [read_lookup_entries] 从查找表读取到 3 条记录，扩展字段: 无
[2026-06-15 19:52:10] INFO [save_lookup_entries] 查找表已保存到 /var****************************************************************************，共 3 条记录
[2026-06-15 19:52:10] INFO [evaluate_lookup_change] 开始评估查找表变更影响
[2026-06-15 19:52:10] INFO [update_entry] 已更新条目: 1111年11月 -> 北京XX科技有限公司 (原账号: 0109年03月)
[2026-06-15 19:52:10] INFO [read_lookup_entries] 从查找表读取到 3 条记录，扩展字段: 无
[2026-06-15 19:52:10] INFO [read_lookup_entries] 从查找表读取到 3 条记录，扩展字段: 无
[2026-06-15 19:52:10] INFO [setup_logging] 日志系统初始化完成，日志文件: /Use*******************************************************************************************************
[2026-06-15 19:52:10] INFO [setup_logging] 未检测到 tkinter，将使用命令行交互模式
[2026-06-15 19:52:10] INFO [read_lookup_entries] 从查找表读取到 3 条记录，扩展字段: 无
[2026-06-15 19:52:10] INFO [setup_logging] 日志系统初始化完成，日志文件: /Use*******************************************************************************************************
[2026-06-15 19:52:10] INFO [setup_logging] 未检测到 tkinter，将使用命令行交互模式
[2026-06-15 19:52:10] INFO [read_lookup_entries] 从查找表读取到 3 条记录，扩展字段: 无
[2026-06-15 19:52:10] INFO [setup_logging] 日志系统初始化完成，日志文件: /Use*******************************************************************************************************
[2026-06-15 19:52:10] INFO [setup_logging] 未检测到 tkinter，将使用命令行交互模式
[2026-06-15 19:52:10] INFO [read_lookup_entries] 从查找表读取到 3 条记录，扩展字段: 无
[2026-06-15 19:52:10] INFO [save_lookup_entries] 查找表已保存到 /var****************************************************************************，共 2 条记录
[2026-06-15 19:52:10] INFO [evaluate_lookup_change] 开始评估查找表变更影响
[2026-06-15 19:52:10] INFO [delete_entry] 已删除 1 条条目，账号: 0109年03月
[2026-06-15 19:52:10] INFO [read_lookup_entries] 从查找表读取到 2 条记录，扩展字段: 无
[2026-06-15 19:52:10] INFO [setup_logging] 日志系统初始化完成，日志文件: /Use*******************************************************************************************************
[2026-06-15 19:52:10] INFO [setup_logging] 未检测到 tkinter，将使用命令行交互模式
[2026-06-15 19:52:10] INFO [read_lookup_entries] 从查找表读取到 3 条记录，扩展字段: 无
[2026-06-15 19:52:10] INFO [setup_logging] 日志系统初始化完成，日志文件: /Use*******************************************************************************************************
[2026-06-15 19:52:10] INFO [setup_logging] 未检测到 tkinter，将使用命令行交互模式
[2026-06-15 19:52:10] INFO [read_lookup_entries] 从查找表读取到 3 条记录，扩展字段: 无
[2026-06-15 19:52:10] INFO [save_lookup_entries] 查找表已保存到 /var****************************************************************************，共 2 条记录
[2026-06-15 19:52:10] INFO [evaluate_lookup_change] 开始评估查找表变更影响
[2026-06-15 19:52:10] INFO [delete_entry] 已删除 1 条条目，账号: [>=1千万]
[2026-06-15 19:52:10] INFO [read_lookup_entries] 从查找表读取到 2 条记录，扩展字段: 无
[2026-06-15 19:52:10] INFO [setup_logging] 日志系统初始化完成，日志文件: /Use*******************************************************************************************************
[2026-06-15 19:52:10] INFO [setup_logging] 未检测到 tkinter，将使用命令行交互模式
[2026-06-15 19:52:10] INFO [read_lookup_entries] 从查找表读取到 3 条记录，扩展字段: 无
[2026-06-15 19:52:10] INFO [setup_logging] 日志系统初始化完成，日志文件: /Use*******************************************************************************************************
[2026-06-15 19:52:10] INFO [setup_logging] 未检测到 tkinter，将使用命令行交互模式
[2026-06-15 19:52:10] INFO [read_lookup_entries] 从查找表读取到 3 条记录，扩展字段: 无
[2026-06-15 19:52:10] INFO [setup_logging] 日志系统初始化完成，日志文件: /Use*******************************************************************************************************
[2026-06-15 19:52:10] INFO [setup_logging] 未检测到 tkinter，将使用命令行交互模式
[2026-06-15 19:52:10] INFO [read_lookup_entries] 从查找表读取到 3 条记录，扩展字段: 无
[2026-06-15 19:52:10] INFO [setup_logging] 日志系统初始化完成，日志文件: /Use*******************************************************************************************************
[2026-06-15 19:52:10] INFO [setup_logging] 未检测到 tkinter，将使用命令行交互模式
[2026-06-15 19:52:10] INFO [read_lookup_entries] 从查找表读取到 3 条记录，扩展字段: 无
[2026-06-15 19:52:10] INFO [setup_logging] 日志系统初始化完成，日志文件: /Use*******************************************************************************************************
[2026-06-15 19:52:10] INFO [setup_logging] 未检测到 tkinter，将使用命令行交互模式
[2026-06-15 19:52:11] INFO [read_lookup_entries] 从查找表读取到 3 条记录，扩展字段: 无
[2026-06-15 19:52:11] INFO [read_lookup_entries] 从查找表读取到 3 条记录，扩展字段: 无
[2026-06-15 19:52:11] INFO [setup_logging] 日志系统初始化完成，日志文件: /Use*******************************************************************************************************
[2026-06-15 19:52:11] INFO [setup_logging] 未检测到 tkinter，将使用命令行交互模式
[2026-06-15 19:52:11] INFO [read_lookup_entries] 从查找表读取到 3 条记录，扩展字段: 无
[2026-06-15 19:52:11] INFO [setup_logging] 日志系统初始化完成，日志文件: /Use*******************************************************************************************************
[2026-06-15 19:52:11] INFO [setup_logging] 未检测到 tkinter，将使用命令行交互模式
[2026-06-15 19:52:11] INFO [read_lookup_entries] 从查找表读取到 3 条记录，扩展字段: 无
[2026-06-15 19:52:11] INFO [setup_logging] 日志系统初始化完成，日志文件: /Use*******************************************************************************************************
[2026-06-15 19:52:11] INFO [setup_logging] 未检测到 tkinter，将使用命令行交互模式
[2026-06-15 19:52:11] INFO [read_lookup_entries] 从查找表读取到 3 条记录，扩展字段: 无
[2026-06-15 19:52:11] INFO [export_to_excel] 查找表已导出到 /var*****************************************************************************，共 3 条记录
[2026-06-15 19:52:11] INFO [read_lookup_entries] 从查找表读取到 3 条记录，扩展字段: 无
[2026-06-15 19:52:11] INFO [read_lookup_entries] 从查找表读取到 3 条记录，扩展字段: 无
[2026-06-15 19:52:11] INFO [setup_logging] 日志系统初始化完成，日志文件: /Use*******************************************************************************************************
[2026-06-15 19:52:11] INFO [setup_logging] 未检测到 tkinter，将使用命令行交互模式
[2026-06-15 19:52:11] INFO [read_lookup_entries] 从查找表读取到 2 条记录，扩展字段: 无
[2026-06-15 19:52:11] INFO [read_lookup_entries] 从查找表读取到 3 条记录，扩展字段: 无
[2026-06-15 19:52:11] INFO [save_lookup_entries] 查找表已保存到 /var****************************************************************************，共 4 条记录
[2026-06-15 19:52:11] INFO [evaluate_lookup_change] 开始评估查找表变更影响
[2026-06-15 19:52:11] INFO [read_lookup_entries] 从查找表读取到 4 条记录，扩展字段: 无
[2026-06-15 19:52:11] INFO [read_lookup_entries] 从查找表读取到 4 条记录，扩展字段: 无
[2026-06-15 19:52:11] INFO [setup_logging] 日志系统初始化完成，日志文件: /Use*******************************************************************************************************
[2026-06-15 19:52:11] INFO [setup_logging] 未检测到 tkinter，将使用命令行交互模式
[2026-06-15 19:52:11] INFO [read_lookup_entries] 从查找表读取到 1 条记录，扩展字段: 无
[2026-06-15 19:52:11] INFO [save_lookup_entries] 查找表已保存到 /var****************************************************************************，共 1 条记录
[2026-06-15 19:52:11] INFO [evaluate_lookup_change] 开始评估查找表变更影响
[2026-06-15 19:52:11] INFO [read_lookup_entries] 从查找表读取到 1 条记录，扩展字段: 无
[2026-06-15 19:52:11] INFO [setup_logging] 日志系统初始化完成，日志文件: /Use*******************************************************************************************************
[2026-06-15 19:52:11] INFO [setup_logging] 未检测到 tkinter，将使用命令行交互模式
[2026-06-15 19:52:11] INFO [setup_logging] 日志系统初始化完成，日志文件: /Use*******************************************************************************************************
[2026-06-15 19:52:11] INFO [setup_logging] 未检测到 tkinter，将使用命令行交互模式
[2026-06-15 19:52:11] INFO [setup_logging] 日志系统初始化完成，日志文件: /Use*******************************************************************************************************
[2026-06-15 19:52:11] INFO [setup_logging] 未检测到 tkinter，将使用命令行交互模式
[2026-06-15 19:52:11] INFO [setup_logging] 日志系统初始化完成，日志文件: /Use*******************************************************************************************************
[2026-06-15 19:52:11] INFO [setup_logging] 未检测到 tkinter，将使用命令行交互模式
[2026-06-15 19:52:11] INFO [setup_logging] 日志系统初始化完成，日志文件: /Use*******************************************************************************************************
[2026-06-15 19:52:11] INFO [setup_logging] 未检测到 tkinter，将使用命令行交互模式
[2026-06-15 19:52:11] INFO [setup_logging] 日志系统初始化完成，日志文件: /Use*******************************************************************************************************
[2026-06-15 19:52:11] INFO [setup_logging] 未检测到 tkinter，将使用命令行交互模式
[2026-06-15 19:52:11] INFO [setup_logging] 日志系统初始化完成，日志文件: /Use*******************************************************************************************************
[2026-06-15 19:52:11] INFO [setup_logging] 未检测到 tkinter，将使用命令行交互模式
[2026-06-15 19:52:11] INFO [setup_logging] 日志系统初始化完成，日志文件: /Use*******************************************************************************************************
[2026-06-15 19:52:11] INFO [setup_logging] 未检测到 tkinter，将使用命令行交互模式
[2026-06-15 19:52:11] INFO [setup_logging] 日志系统初始化完成，日志文件: /Use*******************************************************************************************************
[2026-06-15 19:52:11] INFO [setup_logging] 未检测到 tkinter，将使用命令行交互模式
[2026-06-15 19:52:11] INFO [setup_logging] 日志系统初始化完成，日志文件: /Use*******************************************************************************************************
[2026-06-15 19:52:11] INFO [setup_logging] 未检测到 tkinter，将使用命令行交互模式
[2026-06-15 19:52:11] INFO [setup_logging] 日志系统初始化完成，日志文件: /Use*******************************************************************************************************
[2026-06-15 19:52:11] INFO [setup_logging] 未检测到 tkinter，将使用命令行交互模式
[2026-06-15 19:52:11] INFO [setup_logging] 日志系统初始化完成，日志文件: /Use*******************************************************************************************************
[2026-06-15 19:52:11] INFO [setup_logging] 未检测到 tkinter，将使用命令行交互模式
[2026-06-15 19:52:11] INFO [setup_logging] 日志系统初始化完成，日志文件: /Use*******************************************************************************************************
[2026-06-15 19:52:11] INFO [setup_logging] 未检测到 tkinter，将使用命令行交互模式
[2026-06-15 19:52:11] INFO [setup_logging] 日志系统初始化完成，日志文件: /Use*******************************************************************************************************
[2026-06-15 19:52:11] INFO [setup_logging] 未检测到 tkinter，将使用命令行交互模式
[2026-06-15 19:52:11] INFO [setup_logging] 日志系统初始化完成，日志文件: /Use*******************************************************************************************************
[2026-06-15 19:52:11] INFO [setup_logging] 未检测到 tkinter，将使用命令行交互模式
[2026-06-15 19:52:11] INFO [read_lookup_entries] 从查找表读取到 3 条记录，扩展字段: 无
[2026-06-15 19:52:11] INFO [setup_logging] 日志系统初始化完成，日志文件: /Use*******************************************************************************************************
[2026-06-15 19:52:11] INFO [setup_logging] 未检测到 tkinter，将使用命令行交互模式
[2026-06-15 19:52:11] INFO [read_lookup_entries] 从查找表读取到 3 条记录，扩展字段: 无
[2026-06-15 19:52:11] INFO [setup_logging] 日志系统初始化完成，日志文件: /Use*******************************************************************************************************
[2026-06-15 19:52:11] INFO [setup_logging] 未检测到 tkinter，将使用命令行交互模式
[2026-06-15 19:52:11] INFO [read_lookup_entries] 从查找表读取到 3 条记录，扩展字段: 无
[2026-06-15 19:52:11] INFO [setup_logging] 日志系统初始化完成，日志文件: /Use*******************************************************************************************************
[2026-06-15 19:52:11] INFO [setup_logging] 未检测到 tkinter，将使用命令行交互模式
[2026-06-15 19:52:11] INFO [read_lookup_entries] 从查找表读取到 3 条记录，扩展字段: 无
[2026-06-15 19:52:11] INFO [setup_logging] 日志系统初始化完成，日志文件: /Use*******************************************************************************************************
[2026-06-15 19:52:11] INFO [setup_logging] 未检测到 tkinter，将使用命令行交互模式
[2026-06-15 19:52:11] INFO [read_lookup_entries] 从查找表读取到 3 条记录，扩展字段: 无
[2026-06-15 19:52:11] INFO [setup_logging] 日志系统初始化完成，日志文件: /Use*******************************************************************************************************
[2026-06-15 19:52:11] INFO [setup_logging] 未检测到 tkinter，将使用命令行交互模式
[2026-06-15 19:52:11] INFO [read_lookup_entries] 从查找表读取到 3 条记录，扩展字段: 无
[2026-06-15 19:52:11] INFO [setup_logging] 日志系统初始化完成，日志文件: /Use*******************************************************************************************************
[2026-06-15 19:52:11] INFO [setup_logging] 未检测到 tkinter，将使用命令行交互模式
[2026-06-15 19:52:11] INFO [read_lookup_entries] 从查找表读取到 3 条记录，扩展字段: 无
[2026-06-15 19:52:11] INFO [setup_logging] 日志系统初始化完成，日志文件: /Use*******************************************************************************************************
[2026-06-15 19:52:11] INFO [setup_logging] 未检测到 tkinter，将使用命令行交互模式
[2026-06-15 19:52:11] INFO [read_lookup_entries] 从查找表读取到 3 条记录，扩展字段: 无
[2026-06-15 19:52:11] INFO [read_lookup_entries] 从查找表读取到 3 条记录，扩展字段: 无
[2026-06-15 19:52:11] INFO [setup_logging] 日志系统初始化完成，日志文件: /Use*******************************************************************************************************
[2026-06-15 19:52:11] INFO [setup_logging] 未检测到 tkinter，将使用命令行交互模式
[2026-06-15 19:52:11] INFO [read_lookup_entries] 从查找表读取到 2 条记录，扩展字段: 无
[2026-06-15 19:52:11] INFO [setup_logging] 日志系统初始化完成，日志文件: /Use*******************************************************************************************************
[2026-06-15 19:52:11] INFO [setup_logging] 未检测到 tkinter，将使用命令行交互模式
[2026-06-15 19:52:11] INFO [read_lookup_entries] 从查找表读取到 3 条记录，扩展字段: 无
[2026-06-15 19:52:11] INFO [setup_logging] 日志系统初始化完成，日志文件: /Use*******************************************************************************************************
[2026-06-15 19:52:11] INFO [setup_logging] 未检测到 tkinter，将使用命令行交互模式
[2026-06-15 19:52:11] INFO [read_lookup_entries] 从查找表读取到 3 条记录，扩展字段: 无
[2026-06-15 19:52:11] INFO [setup_logging] 日志系统初始化完成，日志文件: /Use*******************************************************************************************************
[2026-06-15 19:52:11] INFO [setup_logging] 未检测到 tkinter，将使用命令行交互模式
[2026-06-15 19:52:11] INFO [read_lookup_entries] 从查找表读取到 3 条记录，扩展字段: 无
[2026-06-15 19:52:11] INFO [setup_logging] 日志系统初始化完成，日志文件: /Use*******************************************************************************************************
[2026-06-15 19:52:11] INFO [setup_logging] 未检测到 tkinter，将使用命令行交互模式
[2026-06-15 19:52:11] INFO [read_lookup_entries] 从查找表读取到 3 条记录，扩展字段: 无
[2026-06-15 19:52:11] INFO [read_lookup_entries] 从查找表读取到 3 条记录，扩展字段: 无
[2026-06-15 19:52:11] INFO [setup_logging] 日志系统初始化完成，日志文件: /Use*******************************************************************************************************
[2026-06-15 19:52:11] INFO [setup_logging] 未检测到 tkinter，将使用命令行交互模式
[2026-06-15 19:52:11] INFO [read_lookup_entries] 从查找表读取到 3 条记录，扩展字段: 无
[2026-06-15 19:52:11] INFO [setup_logging] 日志系统初始化完成，日志文件: /Use*******************************************************************************************************
[2026-06-15 19:52:11] INFO [setup_logging] 未检测到 tkinter，将使用命令行交互模式
[2026-06-15 19:52:11] INFO [read_lookup_entries] 从查找表读取到 1 条记录，扩展字段: ['部门', '项目编号']
[2026-06-15 19:52:11] INFO [setup_logging] 日志系统初始化完成，日志文件: /Use*******************************************************************************************************
[2026-06-15 19:52:11] INFO [setup_logging] 未检测到 tkinter，将使用命令行交互模式
[2026-06-15 19:52:11] INFO [read_lookup_entries] 从查找表读取到 2 条记录，扩展字段: 无
[2026-06-15 19:52:11] INFO [setup_logging] 日志系统初始化完成，日志文件: /Use*******************************************************************************************************
[2026-06-15 19:52:11] INFO [setup_logging] 未检测到 tkinter，将使用命令行交互模式
[2026-06-15 19:52:11] WARNING [find_lookup_file] 未找到主体查找表文件
[2026-06-15 19:52:11] WARNING [read_lookup_entries] 查找表文件不存在: None
[2026-06-15 19:52:11] INFO [setup_logging] 日志系统初始化完成，日志文件: /Use*******************************************************************************************************
[2026-06-15 19:52:11] INFO [setup_logging] 未检测到 tkinter，将使用命令行交互模式
[2026-06-15 19:52:11] WARNING [read_lookup_entries] 查找表文件不存在: /nonexistent/path.xlsx
[2026-06-15 19:52:11] INFO [setup_logging] 日志系统初始化完成，日志文件: /Use*******************************************************************************************************
[2026-06-15 19:52:11] INFO [setup_logging] 未检测到 tkinter，将使用命令行交互模式
[2026-06-15 19:52:11] INFO [read_lookup_entries] 从查找表读取到 1 条记录，扩展字段: ['部门', '项目编号']
[2026-06-15 19:52:11] INFO [setup_logging] 日志系统初始化完成，日志文件: /Use*******************************************************************************************************
[2026-06-15 19:52:11] INFO [setup_logging] 未检测到 tkinter，将使用命令行交互模式
[2026-06-15 19:52:11] INFO [read_lookup_entries] 从查找表读取到 1 条记录，扩展字段: 无
[2026-06-15 19:52:11] INFO [setup_logging] 日志系统初始化完成，日志文件: /Use*******************************************************************************************************
[2026-06-15 19:52:11] INFO [setup_logging] 未检测到 tkinter，将使用命令行交互模式
[2026-06-15 19:52:11] INFO [read_lookup_entries] 从查找表读取到 3 条记录，扩展字段: 无
[2026-06-15 19:52:11] INFO [setup_logging] 日志系统初始化完成，日志文件: /Use*******************************************************************************************************
[2026-06-15 19:52:11] INFO [setup_logging] 未检测到 tkinter，将使用命令行交互模式
[2026-06-15 19:52:11] INFO [read_lookup_entries] 从查找表读取到 2 条记录，扩展字段: ['部门']
[2026-06-15 19:52:11] INFO [setup_logging] 日志系统初始化完成，日志文件: /Use*******************************************************************************************************
[2026-06-15 19:52:11] INFO [setup_logging] 未检测到 tkinter，将使用命令行交互模式
[2026-06-15 19:52:11] INFO [save_lookup_entries] 查找表已保存到 /var*********************************************************************************，共 2 条记录
[2026-06-15 19:52:11] INFO [evaluate_lookup_change] 开始评估查找表变更影响
[2026-06-15 19:52:11] INFO [read_lookup_entries] 从查找表读取到 2 条记录，扩展字段: ['部门', '项目']
[2026-06-15 19:52:11] INFO [setup_logging] 日志系统初始化完成，日志文件: /Use*******************************************************************************************************
[2026-06-15 19:52:11] INFO [setup_logging] 未检测到 tkinter，将使用命令行交互模式
[2026-06-15 19:52:11] INFO [save_lookup_entries] 查找表已保存到 /var********************************************************************************，共 1 条记录
[2026-06-15 19:52:11] INFO [evaluate_lookup_change] 开始评估查找表变更影响
[2026-06-15 19:52:11] INFO [read_lookup_entries] 从查找表读取到 1 条记录，扩展字段: ['负责人', '部门', '项目编号']
[2026-06-15 19:52:11] INFO [setup_logging] 日志系统初始化完成，日志文件: /Use*******************************************************************************************************
[2026-06-15 19:52:11] INFO [setup_logging] 未检测到 tkinter，将使用命令行交互模式
[2026-06-15 19:52:11] INFO [read_lookup_entries] 从查找表读取到 2 条记录，扩展字段: ['部门', '项目编号']
[2026-06-15 19:52:11] INFO [setup_logging] 日志系统初始化完成，日志文件: /Use*******************************************************************************************************
[2026-06-15 19:52:11] INFO [setup_logging] 未检测到 tkinter，将使用命令行交互模式
[2026-06-15 19:52:11] INFO [read_lookup_entries] 从查找表读取到 2 条记录，扩展字段: ['项目编号']
[2026-06-15 19:52:11] INFO [setup_logging] 日志系统初始化完成，日志文件: /Use*******************************************************************************************************
[2026-06-15 19:52:11] INFO [setup_logging] 未检测到 tkinter，将使用命令行交互模式
[2026-06-15 19:52:11] INFO [read_lookup_entries] 从查找表读取到 1 条记录，扩展字段: ['部门']
[2026-06-15 19:52:11] INFO [setup_logging] 日志系统初始化完成，日志文件: /Use*******************************************************************************************************
[2026-06-15 19:52:11] INFO [setup_logging] 未检测到 tkinter，将使用命令行交互模式
[2026-06-15 19:52:11] INFO [read_lookup_entries] 从查找表读取到 1 条记录，扩展字段: ['部门', '项目']
[2026-06-15 19:52:11] INFO [export_to_excel] 查找表已导出到 /var*****************************************************************************，共 1 条记录
[2026-06-15 19:52:11] INFO [read_lookup_entries] 从查找表读取到 1 条记录，扩展字段: ['部门', '项目']
[2026-06-15 19:52:11] INFO [setup_logging] 日志系统初始化完成，日志文件: /Use*******************************************************************************************************
[2026-06-15 19:52:11] INFO [setup_logging] 未检测到 tkinter，将使用命令行交互模式
[2026-06-15 19:52:12] INFO [read_lookup_entries] 从查找表读取到 1 条记录，扩展字段: ['部门', '项目编号']
[2026-06-15 19:52:12] INFO [save_lookup_entries] 查找表已保存到 /var***************************************************************************，共 1 条记录
[2026-06-15 19:52:12] INFO [evaluate_lookup_change] 开始评估查找表变更影响
[2026-06-15 19:52:12] INFO [read_lookup_entries] 从查找表读取到 1 条记录，扩展字段: ['部门', '项目编号']
[2026-06-15 19:52:12] INFO [setup_logging] 日志系统初始化完成，日志文件: /Use*******************************************************************************************************
[2026-06-15 19:52:12] INFO [setup_logging] 未检测到 tkinter，将使用命令行交互模式
[2026-06-15 19:52:12] INFO [read_lookup_entries] 从查找表读取到 1 条记录，扩展字段: ['部门', '项目']
[2026-06-15 19:52:12] INFO [read_lookup_entries] 从查找表读取到 1 条记录，扩展字段: ['部门']
[2026-06-15 19:52:12] INFO [save_lookup_entries] 查找表已保存到 /var***************************************************************************，共 1 条记录
[2026-06-15 19:52:12] INFO [evaluate_lookup_change] 开始评估查找表变更影响
[2026-06-15 19:52:12] INFO [read_lookup_entries] 从查找表读取到 1 条记录，扩展字段: ['部门', '项目']
[2026-06-15 19:52:12] INFO [setup_logging] 日志系统初始化完成，日志文件: /Use*******************************************************************************************************
[2026-06-15 19:52:12] INFO [setup_logging] 未检测到 tkinter，将使用命令行交互模式
[2026-06-15 19:52:12] INFO [setup_logging] 日志系统初始化完成，日志文件: /Use*******************************************************************************************************
[2026-06-15 19:52:12] INFO [setup_logging] 未检测到 tkinter，将使用命令行交互模式
[2026-06-15 19:52:12] INFO [setup_logging] 日志系统初始化完成，日志文件: /Use*******************************************************************************************************
[2026-06-15 19:52:12] INFO [setup_logging] 未检测到 tkinter，将使用命令行交互模式
[2026-06-15 19:52:12] INFO [setup_logging] 日志系统初始化完成，日志文件: /Use*******************************************************************************************************
[2026-06-15 19:52:12] INFO [setup_logging] 未检测到 tkinter，将使用命令行交互模式
[2026-06-15 19:52:12] INFO [setup_logging] 日志系统初始化完成，日志文件: /Use*******************************************************************************************************
[2026-06-15 19:52:12] INFO [setup_logging] 未检测到 tkinter，将使用命令行交互模式
[2026-06-15 19:52:12] INFO [setup_logging] 日志系统初始化完成，日志文件: /Use*******************************************************************************************************
[2026-06-15 19:52:12] INFO [setup_logging] 未检测到 tkinter，将使用命令行交互模式
[2026-06-15 19:52:12] INFO [setup_logging] 日志系统初始化完成，日志文件: /Use*******************************************************************************************************
[2026-06-15 19:52:12] INFO [setup_logging] 未检测到 tkinter，将使用命令行交互模式
[2026-06-15 19:52:12] INFO [setup_logging] 日志系统初始化完成，日志文件: /Use*******************************************************************************************************
[2026-06-15 19:52:12] INFO [setup_logging] 未检测到 tkinter，将使用命令行交互模式
[2026-06-15 19:52:12] INFO [setup_logging] 日志系统初始化完成，日志文件: /Use*******************************************************************************************************
[2026-06-15 19:52:12] INFO [setup_logging] 未检测到 tkinter，将使用命令行交互模式
[2026-06-15 19:52:12] INFO [setup_logging] 日志系统初始化完成，日志文件: /Use*******************************************************************************************************
[2026-06-15 19:52:12] INFO [setup_logging] 未检测到 tkinter，将使用命令行交互模式
[2026-06-15 19:52:12] INFO [setup_logging] 日志系统初始化完成，日志文件: /Use*******************************************************************************************************
[2026-06-15 19:52:12] INFO [setup_logging] 未检测到 tkinter，将使用命令行交互模式
[2026-06-15 19:52:12] INFO [setup_logging] 日志系统初始化完成，日志文件: /Use*******************************************************************************************************
[2026-06-15 19:52:12] INFO [setup_logging] 未检测到 tkinter，将使用命令行交互模式
[2026-06-15 19:52:12] INFO [setup_logging] 日志系统初始化完成，日志文件: /Use*******************************************************************************************************
[2026-06-15 19:52:12] INFO [setup_logging] 未检测到 tkinter，将使用命令行交互模式
[2026-06-15 19:52:12] INFO [setup_logging] 日志系统初始化完成，日志文件: /Use*******************************************************************************************************
[2026-06-15 19:52:12] INFO [setup_logging] 未检测到 tkinter，将使用命令行交互模式
[2026-06-15 19:52:12] INFO [setup_logging] 日志系统初始化完成，日志文件: /Use*******************************************************************************************************
[2026-06-15 19:52:12] INFO [setup_logging] 未检测到 tkinter，将使用命令行交互模式
[2026-06-15 19:52:12] INFO [setup_logging] 日志系统初始化完成，日志文件: /Use*******************************************************************************************************
[2026-06-15 19:52:12] INFO [setup_logging] 未检测到 tkinter，将使用命令行交互模式
[2026-06-15 19:52:12] INFO [setup_logging] 日志系统初始化完成，日志文件: /Use*******************************************************************************************************
[2026-06-15 19:52:12] INFO [setup_logging] 未检测到 tkinter，将使用命令行交互模式
[2026-06-15 19:52:12] INFO [setup_logging] 日志系统初始化完成，日志文件: /Use*******************************************************************************************************
[2026-06-15 19:52:12] INFO [setup_logging] 未检测到 tkinter，将使用命令行交互模式
[2026-06-15 19:52:12] INFO [setup_logging] 日志系统初始化完成，日志文件: /Use*******************************************************************************************************
[2026-06-15 19:52:12] INFO [setup_logging] 未检测到 tkinter，将使用命令行交互模式
[2026-06-15 19:52:12] INFO [setup_logging] 日志系统初始化完成，日志文件: /Use*******************************************************************************************************
[2026-06-15 19:52:12] INFO [setup_logging] 未检测到 tkinter，将使用命令行交互模式
[2026-06-15 19:52:12] INFO [setup_logging] 日志系统初始化完成，日志文件: /Use*******************************************************************************************************
[2026-06-15 19:52:12] INFO [setup_logging] 未检测到 tkinter，将使用命令行交互模式
[2026-06-15 19:52:12] INFO [setup_logging] 日志系统初始化完成，日志文件: /Use*******************************************************************************************************
[2026-06-15 19:52:12] INFO [setup_logging] 未检测到 tkinter，将使用命令行交互模式
[2026-06-15 19:52:12] INFO [setup_logging] 日志系统初始化完成，日志文件: /Use*******************************************************************************************************
[2026-06-15 19:52:12] INFO [setup_logging] 未检测到 tkinter，将使用命令行交互模式
[2026-06-15 19:52:12] INFO [setup_logging] 日志系统初始化完成，日志文件: /Use*******************************************************************************************************
[2026-06-15 19:52:12] INFO [setup_logging] 未检测到 tkinter，将使用命令行交互模式
[2026-06-15 19:52:12] INFO [setup_logging] 日志系统初始化完成，日志文件: /Use*******************************************************************************************************
[2026-06-15 19:52:12] INFO [setup_logging] 未检测到 tkinter，将使用命令行交互模式
[2026-06-15 19:52:12] INFO [setup_logging] 日志系统初始化完成，日志文件: /Use*******************************************************************************************************
[2026-06-15 19:52:12] INFO [setup_logging] 未检测到 tkinter，将使用命令行交互模式
[2026-06-15 19:52:12] INFO [setup_logging] 日志系统初始化完成，日志文件: /Use*******************************************************************************************************
[2026-06-15 19:52:12] INFO [setup_logging] 未检测到 tkinter，将使用命令行交互模式
[2026-06-15 19:52:12] DEBUG [detect_file_format] 文件 /var************************************************************************************* Magic Bytes 检测为 xlsx 格式 (ZIP/OOXML)
[2026-06-15 19:52:12] INFO [setup_logging] 日志系统初始化完成，日志文件: /Use*******************************************************************************************************
[2026-06-15 19:52:12] INFO [setup_logging] 未检测到 tkinter，将使用命令行交互模式
[2026-06-15 19:52:12] DEBUG [detect_file_format] 文件 /var************************************************************************************* Magic Bytes 检测为 xlsx 格式 (ZIP/OOXML)
[2026-06-15 19:52:12] INFO [setup_logging] 日志系统初始化完成，日志文件: /Use*******************************************************************************************************
[2026-06-15 19:52:12] INFO [setup_logging] 未检测到 tkinter，将使用命令行交互模式
[2026-06-15 19:52:12] INFO [setup_logging] 日志系统初始化完成，日志文件: /Use*******************************************************************************************************
[2026-06-15 19:52:12] INFO [setup_logging] 未检测到 tkinter，将使用命令行交互模式
[2026-06-15 19:52:12] DEBUG [detect_file_format] 文件 /var*********************************************************************************** Magic Bytes 检测为 xlsx 格式 (ZIP/OOXML)
[2026-06-15 19:52:12] INFO [setup_logging] 日志系统初始化完成，日志文件: /Use*******************************************************************************************************
[2026-06-15 19:52:12] INFO [setup_logging] 未检测到 tkinter，将使用命令行交互模式
[2026-06-15 19:52:12] DEBUG [detect_file_format] 文件 /var************************************************************************************** Magic Bytes 检测为 xlsx 格式 (ZIP/OOXML)
[2026-06-15 19:52:12] INFO [setup_logging] 日志系统初始化完成，日志文件: /Use*******************************************************************************************************
[2026-06-15 19:52:12] INFO [setup_logging] 未检测到 tkinter，将使用命令行交互模式
[2026-06-15 19:52:12] DEBUG [detect_file_format] 文件 /var**************************************************************************************** Magic Bytes 检测为 xlsx 格式 (ZIP/OOXML)
[2026-06-15 19:52:12] INFO [setup_logging] 日志系统初始化完成，日志文件: /Use*******************************************************************************************************
[2026-06-15 19:52:12] INFO [setup_logging] 未检测到 tkinter，将使用命令行交互模式
[2026-06-15 19:52:12] DEBUG [detect_file_format] 文件 /var************************************************************************************* Magic Bytes 检测为 xlsx 格式 (ZIP/OOXML)
[2026-06-15 19:52:12] INFO [setup_logging] 日志系统初始化完成，日志文件: /Use*******************************************************************************************************
[2026-06-15 19:52:12] INFO [setup_logging] 未检测到 tkinter，将使用命令行交互模式
[2026-06-15 19:52:12] DEBUG [detect_file_format] 文件 /var************************************************************************************* Magic Bytes 检测为 xlsx 格式 (ZIP/OOXML)
[2026-06-15 19:52:12] INFO [setup_logging] 日志系统初始化完成，日志文件: /Use*******************************************************************************************************
[2026-06-15 19:52:12] INFO [setup_logging] 未检测到 tkinter，将使用命令行交互模式
[2026-06-15 19:52:12] DEBUG [detect_file_format] 文件 /var**************************************************************************************** Magic Bytes 检测为 xlsx 格式 (ZIP/OOXML)
[2026-06-15 19:52:12] INFO [setup_logging] 日志系统初始化完成，日志文件: /Use*******************************************************************************************************
[2026-06-15 19:52:12] INFO [setup_logging] 未检测到 tkinter，将使用命令行交互模式
[2026-06-15 19:52:12] DEBUG [detect_file_format] 文件 /var********************************************************************************************* Magic Bytes 检测为 xlsx 格式 (ZIP/OOXML)
[2026-06-15 19:52:12] INFO [setup_logging] 日志系统初始化完成，日志文件: /Use*******************************************************************************************************
[2026-06-15 19:52:12] INFO [setup_logging] 未检测到 tkinter，将使用命令行交互模式
[2026-06-15 19:52:12] INFO [setup_logging] 日志系统初始化完成，日志文件: /Use*******************************************************************************************************
[2026-06-15 19:52:12] INFO [setup_logging] 未检测到 tkinter，将使用命令行交互模式
[2026-06-15 19:52:12] INFO [setup_logging] 日志系统初始化完成，日志文件: /Use*******************************************************************************************************
[2026-06-15 19:52:12] INFO [setup_logging] 未检测到 tkinter，将使用命令行交互模式
[2026-06-15 19:52:12] INFO [load_config] 已加载 0 个银行规则配置
[2026-06-15 19:52:12] INFO [load_config] 已加载 1 个银行规则配置
[2026-06-15 19:52:12] INFO [load_config] 已加载 1 个银行规则配置
[2026-06-15 19:52:12] INFO [reload_bank_processors] 已重新加载 1 个银行处理器
[2026-06-15 19:52:12] INFO [save_rule] 银行规则「测试银行」已保存到配置文件
[2026-06-15 19:52:12] INFO [confirm_and_save] 银行模板推断结果已保存: 测试银行
