[2026-06-14 23:05:40] INFO [setup_logging] 日志系统初始化完成，日志文件: /Use*******************************************************************************************************
[2026-06-14 23:05:40] INFO [setup_logging] 未检测到 tkinter，将使用命令行交互模式
[2026-06-14 23:05:40] INFO [setup_logging] 日志系统初始化完成，日志文件: /Use*******************************************************************************************************
[2026-06-14 23:05:40] INFO [setup_logging] 未检测到 tkinter，将使用命令行交互模式
[2026-06-14 23:05:40] INFO [setup_logging] 日志系统初始化完成，日志文件: /Use*******************************************************************************************************
[2026-06-14 23:05:40] INFO [setup_logging] 未检测到 tkinter，将使用命令行交互模式
[2026-06-14 23:05:40] INFO [setup_logging] 日志系统初始化完成，日志文件: /Use*******************************************************************************************************
[2026-06-14 23:05:40] INFO [setup_logging] 未检测到 tkinter，将使用命令行交互模式
[2026-06-14 23:05:40] INFO [setup_logging] 日志系统初始化完成，日志文件: /Use*******************************************************************************************************
[2026-06-14 23:05:40] INFO [setup_logging] 未检测到 tkinter，将使用命令行交互模式
[2026-06-14 23:05:40] INFO [setup_logging] 日志系统初始化完成，日志文件: /Use*******************************************************************************************************
[2026-06-14 23:05:40] INFO [setup_logging] 未检测到 tkinter，将使用命令行交互模式
[2026-06-14 23:05:40] INFO [setup_logging] 日志系统初始化完成，日志文件: /Use*******************************************************************************************************
[2026-06-14 23:05:40] INFO [setup_logging] 未检测到 tkinter，将使用命令行交互模式
[2026-06-14 23:05:40] INFO [identify_bank] 文件「北京银行***************」通过前缀匹配识别为: 北京银行
[2026-06-14 23:05:40] INFO [setup_logging] 日志系统初始化完成，日志文件: /Use*******************************************************************************************************
[2026-06-14 23:05:40] INFO [setup_logging] 未检测到 tkinter，将使用命令行交互模式
[2026-06-14 23:05:40] INFO [identify_bank] 文件「东亚银行***************」通过前缀匹配识别为: 东亚银行
[2026-06-14 23:05:40] INFO [setup_logging] 日志系统初始化完成，日志文件: /Use*******************************************************************************************************
[2026-06-14 23:05:40] INFO [setup_logging] 未检测到 tkinter，将使用命令行交互模式
[2026-06-14 23:05:40] INFO [identify_bank] 文件「工商银行***************」通过前缀匹配识别为: 工商银行
[2026-06-14 23:05:40] INFO [setup_logging] 日志系统初始化完成，日志文件: /Use*******************************************************************************************************
[2026-06-14 23:05:40] INFO [setup_logging] 未检测到 tkinter，将使用命令行交互模式
[2026-06-14 23:05:40] INFO [identify_bank] 文件「建设银行***************」通过前缀匹配识别为: 建设银行
[2026-06-14 23:05:40] INFO [setup_logging] 日志系统初始化完成，日志文件: /Use*******************************************************************************************************
[2026-06-14 23:05:40] INFO [setup_logging] 未检测到 tkinter，将使用命令行交互模式
[2026-06-14 23:05:40] INFO [identify_bank] 文件「招商银行***************」通过前缀匹配识别为: 招商银行
[2026-06-14 23:05:40] INFO [setup_logging] 日志系统初始化完成，日志文件: /Use*******************************************************************************************************
[2026-06-14 23:05:40] INFO [setup_logging] 未检测到 tkinter，将使用命令行交互模式
[2026-06-14 23:05:40] INFO [identify_bank] 文件「2024****************」通过正则匹配识别为: 北京银行
[2026-06-14 23:05:40] INFO [setup_logging] 日志系统初始化完成，日志文件: /Use*******************************************************************************************************
[2026-06-14 23:05:40] INFO [setup_logging] 未检测到 tkinter，将使用命令行交互模式
[2026-06-14 23:05:40] INFO [identify_bank] 文件「2024****************」通过正则匹配识别为: 东亚银行
[2026-06-14 23:05:40] INFO [setup_logging] 日志系统初始化完成，日志文件: /Use*******************************************************************************************************
[2026-06-14 23:05:40] INFO [setup_logging] 未检测到 tkinter，将使用命令行交互模式
[2026-06-14 23:05:40] INFO [identify_bank] 文件「2024****************」通过正则匹配识别为: 工商银行
[2026-06-14 23:05:40] INFO [setup_logging] 日志系统初始化完成，日志文件: /Use*******************************************************************************************************
[2026-06-14 23:05:40] INFO [setup_logging] 未检测到 tkinter，将使用命令行交互模式
[2026-06-14 23:05:40] INFO [identify_bank] 文件「2024****************」通过正则匹配识别为: 建设银行
[2026-06-14 23:05:40] INFO [setup_logging] 日志系统初始化完成，日志文件: /Use*******************************************************************************************************
[2026-06-14 23:05:40] INFO [setup_logging] 未检测到 tkinter，将使用命令行交互模式
[2026-06-14 23:05:40] INFO [identify_bank] 文件「2024****************」通过正则匹配识别为: 招商银行
[2026-06-14 23:05:40] INFO [setup_logging] 日志系统初始化完成，日志文件: /Use*******************************************************************************************************
[2026-06-14 23:05:40] INFO [setup_logging] 未检测到 tkinter，将使用命令行交互模式
[2026-06-14 23:05:40] INFO [identify_bank] 文件「北京银行***************」通过前缀匹配识别为: 北京银行
[2026-06-14 23:05:40] INFO [setup_logging] 日志系统初始化完成，日志文件: /Use*******************************************************************************************************
[2026-06-14 23:05:40] INFO [setup_logging] 未检测到 tkinter，将使用命令行交互模式
[2026-06-14 23:05:40] INFO [identify_bank] 文件「东亚银行***************」通过前缀匹配识别为: 东亚银行
[2026-06-14 23:05:40] INFO [setup_logging] 日志系统初始化完成，日志文件: /Use*******************************************************************************************************
[2026-06-14 23:05:40] INFO [setup_logging] 未检测到 tkinter，将使用命令行交互模式
[2026-06-14 23:05:40] INFO [identify_bank] 文件「工商银行***************」通过前缀匹配识别为: 工商银行
[2026-06-14 23:05:40] INFO [setup_logging] 日志系统初始化完成，日志文件: /Use*******************************************************************************************************
[2026-06-14 23:05:40] INFO [setup_logging] 未检测到 tkinter，将使用命令行交互模式
[2026-06-14 23:05:40] INFO [identify_bank] 文件「建设银行***************」通过前缀匹配识别为: 建设银行
[2026-06-14 23:05:40] INFO [setup_logging] 日志系统初始化完成，日志文件: /Use*******************************************************************************************************
[2026-06-14 23:05:40] INFO [setup_logging] 未检测到 tkinter，将使用命令行交互模式
[2026-06-14 23:05:40] INFO [identify_bank] 文件「招商银行***************」通过前缀匹配识别为: 招商银行
[2026-06-14 23:05:40] INFO [setup_logging] 日志系统初始化完成，日志文件: /Use*******************************************************************************************************
[2026-06-14 23:05:40] INFO [setup_logging] 未检测到 tkinter，将使用命令行交互模式
[2026-06-14 23:05:40] INFO [parse] 开始处理北京银行文件: /var*********************************************************************************
[2026-06-14 23:05:40] DEBUG [detect_excel_format] 文件 /var********************************************************************************* Magic Bytes 检测为 xlsx 格式 (ZIP/OOXML)
[2026-06-14 23:05:40] INFO [validate_headers] 北京银行文件工作表「交易明细」表头校验通过，7 个字段均匹配
[2026-06-14 23:05:40] DEBUG [detect_excel_format] 文件 /var******************************************************************************* Magic Bytes 检测为 xlsx 格式 (ZIP/OOXML)
[2026-06-14 23:05:40] INFO [load_lookup_table] 查找表加载完成：共 5 条条目，5 个唯一账号，0 个扩展字段
[2026-06-14 23:05:40] DEBUG [get_subject_info] 银行账号「0109年03月」匹配到主体: 北********司（优先级: 0）
[2026-06-14 23:05:40] INFO [_parse_sheet] 北京银行文件工作表「交易明细」提取 2 条记录
[2026-06-14 23:05:40] INFO [parse] 北京银行文件处理完成，共提取 2 条记录
[2026-06-14 23:05:40] INFO [setup_logging] 日志系统初始化完成，日志文件: /Use*******************************************************************************************************
[2026-06-14 23:05:40] INFO [setup_logging] 未检测到 tkinter，将使用命令行交互模式
[2026-06-14 23:05:40] INFO [parse] 开始处理东亚银行文件: /var*********************************************************************************
[2026-06-14 23:05:40] DEBUG [detect_excel_format] 文件 /var********************************************************************************* Magic Bytes 检测为 xlsx 格式 (ZIP/OOXML)
[2026-06-14 23:05:40] INFO [validate_headers] 东亚银行文件工作表「交易明细」表头校验通过，7 个字段均匹配
[2026-06-14 23:05:40] DEBUG [detect_excel_format] 文件 /var******************************************************************************* Magic Bytes 检测为 xlsx 格式 (ZIP/OOXML)
[2026-06-14 23:05:40] INFO [load_lookup_table] 查找表加载完成：共 5 条条目，5 个唯一账号，0 个扩展字段
[2026-06-14 23:05:40] DEBUG [get_subject_info] 银行账号「3881年23月」匹配到主体: 上********司（优先级: 0）
[2026-06-14 23:05:40] INFO [_parse_sheet] 东亚银行文件工作表「交易明细」提取 2 条记录
[2026-06-14 23:05:40] INFO [parse] 东亚银行文件处理完成，共提取 2 条记录
[2026-06-14 23:05:40] INFO [setup_logging] 日志系统初始化完成，日志文件: /Use*******************************************************************************************************
[2026-06-14 23:05:40] INFO [setup_logging] 未检测到 tkinter，将使用命令行交互模式
[2026-06-14 23:05:40] INFO [parse] 开始处理工商银行文件: /var*********************************************************************************
[2026-06-14 23:05:40] DEBUG [detect_excel_format] 文件 /var********************************************************************************* Magic Bytes 检测为 xlsx 格式 (ZIP/OOXML)
[2026-06-14 23:05:40] INFO [validate_headers] 工商银行文件工作表「交易明细」表头校验通过，7 个字段均匹配
[2026-06-14 23:05:40] DEBUG [detect_excel_format] 文件 /var******************************************************************************* Magic Bytes 检测为 xlsx 格式 (ZIP/OOXML)
[2026-06-14 23:05:40] INFO [load_lookup_table] 查找表加载完成：共 5 条条目，5 个唯一账号，0 个扩展字段
[2026-06-14 23:05:40] DEBUG [get_subject_info] 银行账号「6222年02月」匹配到主体: 深********司（优先级: 0）
[2026-06-14 23:05:40] INFO [_parse_sheet] 工商银行文件工作表「交易明细」提取 2 条记录
[2026-06-14 23:05:40] INFO [parse] 工商银行文件处理完成，共提取 2 条记录
[2026-06-14 23:05:40] INFO [setup_logging] 日志系统初始化完成，日志文件: /Use*******************************************************************************************************
[2026-06-14 23:05:40] INFO [setup_logging] 未检测到 tkinter，将使用命令行交互模式
[2026-06-14 23:05:40] INFO [parse] 开始处理建设银行文件: /var*********************************************************************************
[2026-06-14 23:05:40] DEBUG [detect_excel_format] 文件 /var********************************************************************************* Magic Bytes 检测为 xlsx 格式 (ZIP/OOXML)
[2026-06-14 23:05:40] INFO [validate_headers] 建设银行文件工作表「交易明细」表头校验通过，7 个字段均匹配
[2026-06-14 23:05:40] DEBUG [detect_excel_format] 文件 /var******************************************************************************* Magic Bytes 检测为 xlsx 格式 (ZIP/OOXML)
[2026-06-14 23:05:40] INFO [load_lookup_table] 查找表加载完成：共 5 条条目，5 个唯一账号，0 个扩展字段
[2026-06-14 23:05:40] DEBUG [get_subject_info] 银行账号「6227年00月」匹配到主体: 广**********司（优先级: 0）
[2026-06-14 23:05:40] INFO [_parse_sheet] 建设银行文件工作表「交易明细」提取 2 条记录
[2026-06-14 23:05:40] INFO [parse] 建设银行文件处理完成，共提取 2 条记录
[2026-06-14 23:05:40] INFO [setup_logging] 日志系统初始化完成，日志文件: /Use*******************************************************************************************************
[2026-06-14 23:05:40] INFO [setup_logging] 未检测到 tkinter，将使用命令行交互模式
[2026-06-14 23:05:40] INFO [parse] 开始处理招商银行文件: /var*********************************************************************************
[2026-06-14 23:05:40] DEBUG [detect_excel_format] 文件 /var********************************************************************************* Magic Bytes 检测为 xlsx 格式 (ZIP/OOXML)
[2026-06-14 23:05:40] INFO [validate_headers] 招商银行文件工作表「活期交易明细」表头校验通过，7 个字段均匹配
[2026-06-14 23:05:40] DEBUG [detect_excel_format] 文件 /var******************************************************************************* Magic Bytes 检测为 xlsx 格式 (ZIP/OOXML)
[2026-06-14 23:05:40] INFO [load_lookup_table] 查找表加载完成：共 5 条条目，5 个唯一账号，0 个扩展字段
[2026-06-14 23:05:40] DEBUG [get_subject_info] 银行账号「6225年88月」匹配到主体: 杭**********司（优先级: 0）
[2026-06-14 23:05:40] INFO [_parse_sheet] 招商银行文件工作表「活期交易明细」提取 2 条记录
[2026-06-14 23:05:40] INFO [parse] 招商银行文件处理完成，共提取 2 条记录
[2026-06-14 23:05:40] INFO [setup_logging] 日志系统初始化完成，日志文件: /Use*******************************************************************************************************
[2026-06-14 23:05:40] INFO [setup_logging] 未检测到 tkinter，将使用命令行交互模式
[2026-06-14 23:05:40] INFO [parse] 开始处理北京银行文件: /var*********************************************************************************
[2026-06-14 23:05:40] DEBUG [detect_excel_format] 文件 /var********************************************************************************* Magic Bytes 检测为 xlsx 格式 (ZIP/OOXML)
[2026-06-14 23:05:40] INFO [validate_headers] 北京银行文件工作表「交易明细」表头校验通过，7 个字段均匹配
[2026-06-14 23:05:40] DEBUG [detect_excel_format] 文件 /var******************************************************************************* Magic Bytes 检测为 xlsx 格式 (ZIP/OOXML)
[2026-06-14 23:05:40] INFO [load_lookup_table] 查找表加载完成：共 5 条条目，5 个唯一账号，0 个扩展字段
[2026-06-14 23:05:40] DEBUG [get_subject_info] 银行账号「0109年03月」匹配到主体: 北********司（优先级: 0）
[2026-06-14 23:05:40] INFO [_parse_sheet] 北京银行文件工作表「交易明细」提取 2 条记录
[2026-06-14 23:05:40] INFO [parse] 北京银行文件处理完成，共提取 2 条记录
[2026-06-14 23:05:40] INFO [parse] 开始处理东亚银行文件: /var*********************************************************************************
[2026-06-14 23:05:40] DEBUG [detect_excel_format] 文件 /var********************************************************************************* Magic Bytes 检测为 xlsx 格式 (ZIP/OOXML)
[2026-06-14 23:05:40] INFO [validate_headers] 东亚银行文件工作表「交易明细」表头校验通过，7 个字段均匹配
[2026-06-14 23:05:40] DEBUG [detect_excel_format] 文件 /var******************************************************************************* Magic Bytes 检测为 xlsx 格式 (ZIP/OOXML)
[2026-06-14 23:05:40] INFO [load_lookup_table] 查找表加载完成：共 5 条条目，5 个唯一账号，0 个扩展字段
[2026-06-14 23:05:40] DEBUG [get_subject_info] 银行账号「3881年23月」匹配到主体: 上********司（优先级: 0）
[2026-06-14 23:05:40] INFO [_parse_sheet] 东亚银行文件工作表「交易明细」提取 2 条记录
[2026-06-14 23:05:40] INFO [parse] 东亚银行文件处理完成，共提取 2 条记录
[2026-06-14 23:05:40] INFO [parse] 开始处理工商银行文件: /var*********************************************************************************
[2026-06-14 23:05:40] DEBUG [detect_excel_format] 文件 /var********************************************************************************* Magic Bytes 检测为 xlsx 格式 (ZIP/OOXML)
[2026-06-14 23:05:40] INFO [validate_headers] 工商银行文件工作表「交易明细」表头校验通过，7 个字段均匹配
[2026-06-14 23:05:40] DEBUG [detect_excel_format] 文件 /var******************************************************************************* Magic Bytes 检测为 xlsx 格式 (ZIP/OOXML)
[2026-06-14 23:05:40] INFO [load_lookup_table] 查找表加载完成：共 5 条条目，5 个唯一账号，0 个扩展字段
[2026-06-14 23:05:40] DEBUG [get_subject_info] 银行账号「6222年02月」匹配到主体: 深********司（优先级: 0）
[2026-06-14 23:05:40] INFO [_parse_sheet] 工商银行文件工作表「交易明细」提取 2 条记录
[2026-06-14 23:05:40] INFO [parse] 工商银行文件处理完成，共提取 2 条记录
[2026-06-14 23:05:40] INFO [parse] 开始处理建设银行文件: /var*********************************************************************************
[2026-06-14 23:05:40] DEBUG [detect_excel_format] 文件 /var********************************************************************************* Magic Bytes 检测为 xlsx 格式 (ZIP/OOXML)
[2026-06-14 23:05:40] INFO [validate_headers] 建设银行文件工作表「交易明细」表头校验通过，7 个字段均匹配
[2026-06-14 23:05:40] DEBUG [detect_excel_format] 文件 /var******************************************************************************* Magic Bytes 检测为 xlsx 格式 (ZIP/OOXML)
[2026-06-14 23:05:40] INFO [load_lookup_table] 查找表加载完成：共 5 条条目，5 个唯一账号，0 个扩展字段
[2026-06-14 23:05:40] DEBUG [get_subject_info] 银行账号「6227年00月」匹配到主体: 广**********司（优先级: 0）
[2026-06-14 23:05:40] INFO [_parse_sheet] 建设银行文件工作表「交易明细」提取 2 条记录
[2026-06-14 23:05:40] INFO [parse] 建设银行文件处理完成，共提取 2 条记录
[2026-06-14 23:05:40] INFO [parse] 开始处理招商银行文件: /var*********************************************************************************
[2026-06-14 23:05:40] DEBUG [detect_excel_format] 文件 /var********************************************************************************* Magic Bytes 检测为 xlsx 格式 (ZIP/OOXML)
[2026-06-14 23:05:40] INFO [validate_headers] 招商银行文件工作表「活期交易明细」表头校验通过，7 个字段均匹配
[2026-06-14 23:05:40] DEBUG [detect_excel_format] 文件 /var******************************************************************************* Magic Bytes 检测为 xlsx 格式 (ZIP/OOXML)
[2026-06-14 23:05:40] INFO [load_lookup_table] 查找表加载完成：共 5 条条目，5 个唯一账号，0 个扩展字段
[2026-06-14 23:05:40] DEBUG [get_subject_info] 银行账号「6225年88月」匹配到主体: 杭**********司（优先级: 0）
[2026-06-14 23:05:40] INFO [_parse_sheet] 招商银行文件工作表「活期交易明细」提取 2 条记录
[2026-06-14 23:05:40] INFO [parse] 招商银行文件处理完成，共提取 2 条记录
[2026-06-14 23:05:40] INFO [setup_logging] 日志系统初始化完成，日志文件: /Use*******************************************************************************************************
[2026-06-14 23:05:40] INFO [setup_logging] 未检测到 tkinter，将使用命令行交互模式
[2026-06-14 23:05:40] INFO [parse] 开始处理北京银行文件: /var*********************************************************************************
[2026-06-14 23:05:40] DEBUG [detect_excel_format] 文件 /var********************************************************************************* Magic Bytes 检测为 xlsx 格式 (ZIP/OOXML)
[2026-06-14 23:05:40] INFO [validate_headers] 北京银行文件工作表「交易明细」表头校验通过，7 个字段均匹配
[2026-06-14 23:05:40] DEBUG [detect_excel_format] 文件 /var******************************************************************************* Magic Bytes 检测为 xlsx 格式 (ZIP/OOXML)
[2026-06-14 23:05:40] INFO [load_lookup_table] 查找表加载完成：共 5 条条目，5 个唯一账号，0 个扩展字段
[2026-06-14 23:05:40] DEBUG [get_subject_info] 银行账号「0109年03月」匹配到主体: 北********司（优先级: 0）
[2026-06-14 23:05:40] INFO [_parse_sheet] 北京银行文件工作表「交易明细」提取 2 条记录
[2026-06-14 23:05:40] INFO [parse] 北京银行文件处理完成，共提取 2 条记录
[2026-06-14 23:05:40] INFO [parse] 开始处理东亚银行文件: /var*********************************************************************************
[2026-06-14 23:05:40] DEBUG [detect_excel_format] 文件 /var********************************************************************************* Magic Bytes 检测为 xlsx 格式 (ZIP/OOXML)
[2026-06-14 23:05:40] INFO [validate_headers] 东亚银行文件工作表「交易明细」表头校验通过，7 个字段均匹配
[2026-06-14 23:05:40] DEBUG [detect_excel_format] 文件 /var******************************************************************************* Magic Bytes 检测为 xlsx 格式 (ZIP/OOXML)
[2026-06-14 23:05:40] INFO [load_lookup_table] 查找表加载完成：共 5 条条目，5 个唯一账号，0 个扩展字段
[2026-06-14 23:05:40] DEBUG [get_subject_info] 银行账号「3881年23月」匹配到主体: 上********司（优先级: 0）
[2026-06-14 23:05:40] INFO [_parse_sheet] 东亚银行文件工作表「交易明细」提取 2 条记录
[2026-06-14 23:05:40] INFO [parse] 东亚银行文件处理完成，共提取 2 条记录
[2026-06-14 23:05:40] INFO [parse] 开始处理工商银行文件: /var*********************************************************************************
[2026-06-14 23:05:40] DEBUG [detect_excel_format] 文件 /var********************************************************************************* Magic Bytes 检测为 xlsx 格式 (ZIP/OOXML)
[2026-06-14 23:05:40] INFO [validate_headers] 工商银行文件工作表「交易明细」表头校验通过，7 个字段均匹配
[2026-06-14 23:05:40] DEBUG [detect_excel_format] 文件 /var******************************************************************************* Magic Bytes 检测为 xlsx 格式 (ZIP/OOXML)
[2026-06-14 23:05:40] INFO [load_lookup_table] 查找表加载完成：共 5 条条目，5 个唯一账号，0 个扩展字段
[2026-06-14 23:05:40] DEBUG [get_subject_info] 银行账号「6222年02月」匹配到主体: 深********司（优先级: 0）
[2026-06-14 23:05:40] INFO [_parse_sheet] 工商银行文件工作表「交易明细」提取 2 条记录
[2026-06-14 23:05:40] INFO [parse] 工商银行文件处理完成，共提取 2 条记录
[2026-06-14 23:05:40] INFO [parse] 开始处理建设银行文件: /var*********************************************************************************
[2026-06-14 23:05:40] DEBUG [detect_excel_format] 文件 /var********************************************************************************* Magic Bytes 检测为 xlsx 格式 (ZIP/OOXML)
[2026-06-14 23:05:40] INFO [validate_headers] 建设银行文件工作表「交易明细」表头校验通过，7 个字段均匹配
[2026-06-14 23:05:40] DEBUG [detect_excel_format] 文件 /var******************************************************************************* Magic Bytes 检测为 xlsx 格式 (ZIP/OOXML)
[2026-06-14 23:05:40] INFO [load_lookup_table] 查找表加载完成：共 5 条条目，5 个唯一账号，0 个扩展字段
[2026-06-14 23:05:40] DEBUG [get_subject_info] 银行账号「6227年00月」匹配到主体: 广**********司（优先级: 0）
[2026-06-14 23:05:40] INFO [_parse_sheet] 建设银行文件工作表「交易明细」提取 2 条记录
[2026-06-14 23:05:40] INFO [parse] 建设银行文件处理完成，共提取 2 条记录
[2026-06-14 23:05:40] INFO [parse] 开始处理招商银行文件: /var*********************************************************************************
[2026-06-14 23:05:40] DEBUG [detect_excel_format] 文件 /var********************************************************************************* Magic Bytes 检测为 xlsx 格式 (ZIP/OOXML)
[2026-06-14 23:05:40] INFO [validate_headers] 招商银行文件工作表「活期交易明细」表头校验通过，7 个字段均匹配
[2026-06-14 23:05:40] DEBUG [detect_excel_format] 文件 /var******************************************************************************* Magic Bytes 检测为 xlsx 格式 (ZIP/OOXML)
[2026-06-14 23:05:40] INFO [load_lookup_table] 查找表加载完成：共 5 条条目，5 个唯一账号，0 个扩展字段
[2026-06-14 23:05:40] DEBUG [get_subject_info] 银行账号「6225年88月」匹配到主体: 杭**********司（优先级: 0）
[2026-06-14 23:05:40] INFO [_parse_sheet] 招商银行文件工作表「活期交易明细」提取 2 条记录
[2026-06-14 23:05:40] INFO [parse] 招商银行文件处理完成，共提取 2 条记录
[2026-06-14 23:05:40] INFO [setup_logging] 日志系统初始化完成，日志文件: /Use*******************************************************************************************************
[2026-06-14 23:05:40] INFO [setup_logging] 未检测到 tkinter，将使用命令行交互模式
[2026-06-14 23:05:40] INFO [parse] 开始处理北京银行文件: /var*********************************************************************************
[2026-06-14 23:05:40] DEBUG [detect_excel_format] 文件 /var********************************************************************************* Magic Bytes 检测为 xlsx 格式 (ZIP/OOXML)
[2026-06-14 23:05:40] INFO [validate_headers] 北京银行文件工作表「交易明细」表头校验通过，7 个字段均匹配
[2026-06-14 23:05:40] DEBUG [detect_excel_format] 文件 /var******************************************************************************* Magic Bytes 检测为 xlsx 格式 (ZIP/OOXML)
[2026-06-14 23:05:40] INFO [load_lookup_table] 查找表加载完成：共 5 条条目，5 个唯一账号，0 个扩展字段
[2026-06-14 23:05:40] DEBUG [get_subject_info] 银行账号「0109年03月」匹配到主体: 北********司（优先级: 0）
[2026-06-14 23:05:40] INFO [_parse_sheet] 北京银行文件工作表「交易明细」提取 2 条记录
[2026-06-14 23:05:40] INFO [parse] 北京银行文件处理完成，共提取 2 条记录
[2026-06-14 23:05:40] INFO [parse] 开始处理东亚银行文件: /var*********************************************************************************
[2026-06-14 23:05:40] DEBUG [detect_excel_format] 文件 /var********************************************************************************* Magic Bytes 检测为 xlsx 格式 (ZIP/OOXML)
[2026-06-14 23:05:40] INFO [validate_headers] 东亚银行文件工作表「交易明细」表头校验通过，7 个字段均匹配
[2026-06-14 23:05:40] DEBUG [detect_excel_format] 文件 /var******************************************************************************* Magic Bytes 检测为 xlsx 格式 (ZIP/OOXML)
[2026-06-14 23:05:40] INFO [load_lookup_table] 查找表加载完成：共 5 条条目，5 个唯一账号，0 个扩展字段
[2026-06-14 23:05:40] DEBUG [get_subject_info] 银行账号「3881年23月」匹配到主体: 上********司（优先级: 0）
[2026-06-14 23:05:40] INFO [_parse_sheet] 东亚银行文件工作表「交易明细」提取 2 条记录
[2026-06-14 23:05:40] INFO [parse] 东亚银行文件处理完成，共提取 2 条记录
[2026-06-14 23:05:40] INFO [parse] 开始处理工商银行文件: /var*********************************************************************************
[2026-06-14 23:05:40] DEBUG [detect_excel_format] 文件 /var********************************************************************************* Magic Bytes 检测为 xlsx 格式 (ZIP/OOXML)
[2026-06-14 23:05:40] INFO [validate_headers] 工商银行文件工作表「交易明细」表头校验通过，7 个字段均匹配
[2026-06-14 23:05:40] DEBUG [detect_excel_format] 文件 /var******************************************************************************* Magic Bytes 检测为 xlsx 格式 (ZIP/OOXML)
[2026-06-14 23:05:40] INFO [load_lookup_table] 查找表加载完成：共 5 条条目，5 个唯一账号，0 个扩展字段
[2026-06-14 23:05:40] DEBUG [get_subject_info] 银行账号「6222年02月」匹配到主体: 深********司（优先级: 0）
[2026-06-14 23:05:40] INFO [_parse_sheet] 工商银行文件工作表「交易明细」提取 2 条记录
[2026-06-14 23:05:40] INFO [parse] 工商银行文件处理完成，共提取 2 条记录
[2026-06-14 23:05:40] INFO [parse] 开始处理建设银行文件: /var*********************************************************************************
[2026-06-14 23:05:40] DEBUG [detect_excel_format] 文件 /var********************************************************************************* Magic Bytes 检测为 xlsx 格式 (ZIP/OOXML)
[2026-06-14 23:05:40] INFO [validate_headers] 建设银行文件工作表「交易明细」表头校验通过，7 个字段均匹配
[2026-06-14 23:05:40] DEBUG [detect_excel_format] 文件 /var******************************************************************************* Magic Bytes 检测为 xlsx 格式 (ZIP/OOXML)
[2026-06-14 23:05:40] INFO [load_lookup_table] 查找表加载完成：共 5 条条目，5 个唯一账号，0 个扩展字段
[2026-06-14 23:05:40] DEBUG [get_subject_info] 银行账号「6227年00月」匹配到主体: 广**********司（优先级: 0）
[2026-06-14 23:05:40] INFO [_parse_sheet] 建设银行文件工作表「交易明细」提取 2 条记录
[2026-06-14 23:05:40] INFO [parse] 建设银行文件处理完成，共提取 2 条记录
[2026-06-14 23:05:40] INFO [parse] 开始处理招商银行文件: /var*********************************************************************************
[2026-06-14 23:05:40] DEBUG [detect_excel_format] 文件 /var********************************************************************************* Magic Bytes 检测为 xlsx 格式 (ZIP/OOXML)
[2026-06-14 23:05:40] INFO [validate_headers] 招商银行文件工作表「活期交易明细」表头校验通过，7 个字段均匹配
[2026-06-14 23:05:40] DEBUG [detect_excel_format] 文件 /var******************************************************************************* Magic Bytes 检测为 xlsx 格式 (ZIP/OOXML)
[2026-06-14 23:05:40] INFO [load_lookup_table] 查找表加载完成：共 5 条条目，5 个唯一账号，0 个扩展字段
[2026-06-14 23:05:40] DEBUG [get_subject_info] 银行账号「6225年88月」匹配到主体: 杭**********司（优先级: 0）
[2026-06-14 23:05:40] INFO [_parse_sheet] 招商银行文件工作表「活期交易明细」提取 2 条记录
[2026-06-14 23:05:40] INFO [parse] 招商银行文件处理完成，共提取 2 条记录
[2026-06-14 23:05:40] INFO [setup_logging] 日志系统初始化完成，日志文件: /Use*******************************************************************************************************
[2026-06-14 23:05:40] INFO [setup_logging] 未检测到 tkinter，将使用命令行交互模式
[2026-06-14 23:05:40] INFO [parse] 开始处理北京银行文件: /var*********************************************************************************
[2026-06-14 23:05:40] DEBUG [detect_excel_format] 文件 /var********************************************************************************* Magic Bytes 检测为 xlsx 格式 (ZIP/OOXML)
[2026-06-14 23:05:40] INFO [validate_headers] 北京银行文件工作表「交易明细」表头校验通过，7 个字段均匹配
[2026-06-14 23:05:40] DEBUG [detect_excel_format] 文件 /var******************************************************************************* Magic Bytes 检测为 xlsx 格式 (ZIP/OOXML)
[2026-06-14 23:05:40] INFO [load_lookup_table] 查找表加载完成：共 5 条条目，5 个唯一账号，0 个扩展字段
[2026-06-14 23:05:40] DEBUG [get_subject_info] 银行账号「0109年03月」匹配到主体: 北********司（优先级: 0）
[2026-06-14 23:05:40] INFO [_parse_sheet] 北京银行文件工作表「交易明细」提取 2 条记录
[2026-06-14 23:05:40] INFO [parse] 北京银行文件处理完成，共提取 2 条记录
[2026-06-14 23:05:40] INFO [parse] 开始处理东亚银行文件: /var*********************************************************************************
[2026-06-14 23:05:40] DEBUG [detect_excel_format] 文件 /var********************************************************************************* Magic Bytes 检测为 xlsx 格式 (ZIP/OOXML)
[2026-06-14 23:05:40] INFO [validate_headers] 东亚银行文件工作表「交易明细」表头校验通过，7 个字段均匹配
[2026-06-14 23:05:40] DEBUG [detect_excel_format] 文件 /var******************************************************************************* Magic Bytes 检测为 xlsx 格式 (ZIP/OOXML)
[2026-06-14 23:05:40] INFO [load_lookup_table] 查找表加载完成：共 5 条条目，5 个唯一账号，0 个扩展字段
[2026-06-14 23:05:40] DEBUG [get_subject_info] 银行账号「3881年23月」匹配到主体: 上********司（优先级: 0）
[2026-06-14 23:05:40] INFO [_parse_sheet] 东亚银行文件工作表「交易明细」提取 2 条记录
[2026-06-14 23:05:40] INFO [parse] 东亚银行文件处理完成，共提取 2 条记录
[2026-06-14 23:05:40] INFO [parse] 开始处理工商银行文件: /var*********************************************************************************
[2026-06-14 23:05:40] DEBUG [detect_excel_format] 文件 /var********************************************************************************* Magic Bytes 检测为 xlsx 格式 (ZIP/OOXML)
[2026-06-14 23:05:40] INFO [validate_headers] 工商银行文件工作表「交易明细」表头校验通过，7 个字段均匹配
[2026-06-14 23:05:40] DEBUG [detect_excel_format] 文件 /var******************************************************************************* Magic Bytes 检测为 xlsx 格式 (ZIP/OOXML)
[2026-06-14 23:05:40] INFO [load_lookup_table] 查找表加载完成：共 5 条条目，5 个唯一账号，0 个扩展字段
[2026-06-14 23:05:40] DEBUG [get_subject_info] 银行账号「6222年02月」匹配到主体: 深********司（优先级: 0）
[2026-06-14 23:05:40] INFO [_parse_sheet] 工商银行文件工作表「交易明细」提取 2 条记录
[2026-06-14 23:05:40] INFO [parse] 工商银行文件处理完成，共提取 2 条记录
[2026-06-14 23:05:40] INFO [parse] 开始处理建设银行文件: /var*********************************************************************************
[2026-06-14 23:05:40] DEBUG [detect_excel_format] 文件 /var********************************************************************************* Magic Bytes 检测为 xlsx 格式 (ZIP/OOXML)
[2026-06-14 23:05:40] INFO [validate_headers] 建设银行文件工作表「交易明细」表头校验通过，7 个字段均匹配
[2026-06-14 23:05:40] DEBUG [detect_excel_format] 文件 /var******************************************************************************* Magic Bytes 检测为 xlsx 格式 (ZIP/OOXML)
[2026-06-14 23:05:40] INFO [load_lookup_table] 查找表加载完成：共 5 条条目，5 个唯一账号，0 个扩展字段
[2026-06-14 23:05:40] DEBUG [get_subject_info] 银行账号「6227年00月」匹配到主体: 广**********司（优先级: 0）
[2026-06-14 23:05:40] INFO [_parse_sheet] 建设银行文件工作表「交易明细」提取 2 条记录
[2026-06-14 23:05:40] INFO [parse] 建设银行文件处理完成，共提取 2 条记录
[2026-06-14 23:05:40] INFO [parse] 开始处理招商银行文件: /var*********************************************************************************
[2026-06-14 23:05:40] DEBUG [detect_excel_format] 文件 /var********************************************************************************* Magic Bytes 检测为 xlsx 格式 (ZIP/OOXML)
[2026-06-14 23:05:40] INFO [validate_headers] 招商银行文件工作表「活期交易明细」表头校验通过，7 个字段均匹配
[2026-06-14 23:05:40] DEBUG [detect_excel_format] 文件 /var******************************************************************************* Magic Bytes 检测为 xlsx 格式 (ZIP/OOXML)
[2026-06-14 23:05:40] INFO [load_lookup_table] 查找表加载完成：共 5 条条目，5 个唯一账号，0 个扩展字段
[2026-06-14 23:05:40] DEBUG [get_subject_info] 银行账号「6225年88月」匹配到主体: 杭**********司（优先级: 0）
[2026-06-14 23:05:40] INFO [_parse_sheet] 招商银行文件工作表「活期交易明细」提取 2 条记录
[2026-06-14 23:05:40] INFO [parse] 招商银行文件处理完成，共提取 2 条记录
[2026-06-14 23:05:40] DEBUG [detect_excel_format] 文件 /var******************************************************************************* Magic Bytes 检测为 xlsx 格式 (ZIP/OOXML)
[2026-06-14 23:05:40] INFO [load_lookup_table] 查找表加载完成：共 5 条条目，5 个唯一账号，0 个扩展字段
[2026-06-14 23:05:40] INFO [setup_logging] 日志系统初始化完成，日志文件: /Use*******************************************************************************************************
[2026-06-14 23:05:40] INFO [setup_logging] 未检测到 tkinter，将使用命令行交互模式
[2026-06-14 23:05:40] INFO [parse] 开始处理北京银行文件: /var*********************************************************************************
[2026-06-14 23:05:40] DEBUG [detect_excel_format] 文件 /var********************************************************************************* Magic Bytes 检测为 xlsx 格式 (ZIP/OOXML)
[2026-06-14 23:05:40] INFO [validate_headers] 北京银行文件工作表「交易明细」表头校验通过，7 个字段均匹配
[2026-06-14 23:05:40] DEBUG [detect_excel_format] 文件 /var******************************************************************************* Magic Bytes 检测为 xlsx 格式 (ZIP/OOXML)
[2026-06-14 23:05:40] INFO [load_lookup_table] 查找表加载完成：共 5 条条目，5 个唯一账号，0 个扩展字段
[2026-06-14 23:05:40] DEBUG [get_subject_info] 银行账号「0109年03月」匹配到主体: 北********司（优先级: 0）
[2026-06-14 23:05:40] INFO [_parse_sheet] 北京银行文件工作表「交易明细」提取 2 条记录
[2026-06-14 23:05:40] INFO [parse] 北京银行文件处理完成，共提取 2 条记录
[2026-06-14 23:05:40] INFO [parse] 开始处理东亚银行文件: /var*********************************************************************************
[2026-06-14 23:05:40] DEBUG [detect_excel_format] 文件 /var********************************************************************************* Magic Bytes 检测为 xlsx 格式 (ZIP/OOXML)
[2026-06-14 23:05:40] INFO [validate_headers] 东亚银行文件工作表「交易明细」表头校验通过，7 个字段均匹配
[2026-06-14 23:05:41] DEBUG [detect_excel_format] 文件 /var******************************************************************************* Magic Bytes 检测为 xlsx 格式 (ZIP/OOXML)
[2026-06-14 23:05:41] INFO [load_lookup_table] 查找表加载完成：共 5 条条目，5 个唯一账号，0 个扩展字段
[2026-06-14 23:05:41] DEBUG [get_subject_info] 银行账号「3881年23月」匹配到主体: 上********司（优先级: 0）
[2026-06-14 23:05:41] INFO [_parse_sheet] 东亚银行文件工作表「交易明细」提取 2 条记录
[2026-06-14 23:05:41] INFO [parse] 东亚银行文件处理完成，共提取 2 条记录
[2026-06-14 23:05:41] INFO [parse] 开始处理工商银行文件: /var*********************************************************************************
[2026-06-14 23:05:41] DEBUG [detect_excel_format] 文件 /var********************************************************************************* Magic Bytes 检测为 xlsx 格式 (ZIP/OOXML)
[2026-06-14 23:05:41] INFO [validate_headers] 工商银行文件工作表「交易明细」表头校验通过，7 个字段均匹配
[2026-06-14 23:05:41] DEBUG [detect_excel_format] 文件 /var******************************************************************************* Magic Bytes 检测为 xlsx 格式 (ZIP/OOXML)
[2026-06-14 23:05:41] INFO [load_lookup_table] 查找表加载完成：共 5 条条目，5 个唯一账号，0 个扩展字段
[2026-06-14 23:05:41] DEBUG [get_subject_info] 银行账号「6222年02月」匹配到主体: 深********司（优先级: 0）
[2026-06-14 23:05:41] INFO [_parse_sheet] 工商银行文件工作表「交易明细」提取 2 条记录
[2026-06-14 23:05:41] INFO [parse] 工商银行文件处理完成，共提取 2 条记录
[2026-06-14 23:05:41] INFO [parse] 开始处理建设银行文件: /var*********************************************************************************
[2026-06-14 23:05:41] DEBUG [detect_excel_format] 文件 /var********************************************************************************* Magic Bytes 检测为 xlsx 格式 (ZIP/OOXML)
[2026-06-14 23:05:41] INFO [validate_headers] 建设银行文件工作表「交易明细」表头校验通过，7 个字段均匹配
[2026-06-14 23:05:41] DEBUG [detect_excel_format] 文件 /var******************************************************************************* Magic Bytes 检测为 xlsx 格式 (ZIP/OOXML)
[2026-06-14 23:05:41] INFO [load_lookup_table] 查找表加载完成：共 5 条条目，5 个唯一账号，0 个扩展字段
[2026-06-14 23:05:41] DEBUG [get_subject_info] 银行账号「6227年00月」匹配到主体: 广**********司（优先级: 0）
[2026-06-14 23:05:41] INFO [_parse_sheet] 建设银行文件工作表「交易明细」提取 2 条记录
[2026-06-14 23:05:41] INFO [parse] 建设银行文件处理完成，共提取 2 条记录
[2026-06-14 23:05:41] INFO [parse] 开始处理招商银行文件: /var*********************************************************************************
[2026-06-14 23:05:41] DEBUG [detect_excel_format] 文件 /var********************************************************************************* Magic Bytes 检测为 xlsx 格式 (ZIP/OOXML)
[2026-06-14 23:05:41] INFO [validate_headers] 招商银行文件工作表「活期交易明细」表头校验通过，7 个字段均匹配
[2026-06-14 23:05:41] DEBUG [detect_excel_format] 文件 /var******************************************************************************* Magic Bytes 检测为 xlsx 格式 (ZIP/OOXML)
[2026-06-14 23:05:41] INFO [load_lookup_table] 查找表加载完成：共 5 条条目，5 个唯一账号，0 个扩展字段
[2026-06-14 23:05:41] DEBUG [get_subject_info] 银行账号「6225年88月」匹配到主体: 杭**********司（优先级: 0）
[2026-06-14 23:05:41] INFO [_parse_sheet] 招商银行文件工作表「活期交易明细」提取 2 条记录
[2026-06-14 23:05:41] INFO [parse] 招商银行文件处理完成，共提取 2 条记录
[2026-06-14 23:05:41] DEBUG [detect_excel_format] 文件 /var******************************************************************************* Magic Bytes 检测为 xlsx 格式 (ZIP/OOXML)
[2026-06-14 23:05:41] INFO [load_lookup_table] 查找表加载完成：共 5 条条目，5 个唯一账号，0 个扩展字段
[2026-06-14 23:05:41] INFO [setup_logging] 日志系统初始化完成，日志文件: /Use*******************************************************************************************************
[2026-06-14 23:05:41] INFO [setup_logging] 未检测到 tkinter，将使用命令行交互模式
[2026-06-14 23:05:41] INFO [parse] 开始处理工商银行文件: /var*********************************************************************************
[2026-06-14 23:05:41] DEBUG [detect_excel_format] 文件 /var********************************************************************************* Magic Bytes 检测为 xlsx 格式 (ZIP/OOXML)
[2026-06-14 23:05:41] INFO [validate_headers] 工商银行文件工作表「交易明细」表头校验通过，7 个字段均匹配
[2026-06-14 23:05:41] DEBUG [detect_excel_format] 文件 /var******************************************************************************* Magic Bytes 检测为 xlsx 格式 (ZIP/OOXML)
[2026-06-14 23:05:41] INFO [load_lookup_table] 查找表加载完成：共 5 条条目，5 个唯一账号，0 个扩展字段
[2026-06-14 23:05:42] DEBUG [get_subject_info] 银行账号「6222年02月」匹配到主体: 深********司（优先级: 0）
[2026-06-14 23:05:42] INFO [_parse_sheet] 工商银行文件工作表「交易明细」提取 2 条记录
[2026-06-14 23:05:42] INFO [parse] 工商银行文件处理完成，共提取 2 条记录
[2026-06-14 23:05:42] INFO [setup_logging] 日志系统初始化完成，日志文件: /Use*******************************************************************************************************
[2026-06-14 23:05:42] INFO [setup_logging] 未检测到 tkinter，将使用命令行交互模式
[2026-06-14 23:05:42] INFO [parse] 开始处理建设银行文件: /var*********************************************************************************
[2026-06-14 23:05:42] DEBUG [detect_excel_format] 文件 /var********************************************************************************* Magic Bytes 检测为 xlsx 格式 (ZIP/OOXML)
[2026-06-14 23:05:42] INFO [validate_headers] 建设银行文件工作表「交易明细」表头校验通过，7 个字段均匹配
[2026-06-14 23:05:42] DEBUG [detect_excel_format] 文件 /var******************************************************************************* Magic Bytes 检测为 xlsx 格式 (ZIP/OOXML)
[2026-06-14 23:05:42] INFO [load_lookup_table] 查找表加载完成：共 5 条条目，5 个唯一账号，0 个扩展字段
[2026-06-14 23:05:42] DEBUG [get_subject_info] 银行账号「6227年00月」匹配到主体: 广**********司（优先级: 0）
[2026-06-14 23:05:42] INFO [_parse_sheet] 建设银行文件工作表「交易明细」提取 2 条记录
[2026-06-14 23:05:42] INFO [parse] 建设银行文件处理完成，共提取 2 条记录
[2026-06-14 23:05:42] INFO [setup_logging] 日志系统初始化完成，日志文件: /Use*******************************************************************************************************
[2026-06-14 23:05:42] INFO [setup_logging] 未检测到 tkinter，将使用命令行交互模式
[2026-06-14 23:05:42] INFO [parse] 开始处理招商银行文件: /var*********************************************************************************
[2026-06-14 23:05:42] DEBUG [detect_excel_format] 文件 /var********************************************************************************* Magic Bytes 检测为 xlsx 格式 (ZIP/OOXML)
[2026-06-14 23:05:42] INFO [validate_headers] 招商银行文件工作表「活期交易明细」表头校验通过，7 个字段均匹配
[2026-06-14 23:05:42] DEBUG [detect_excel_format] 文件 /var******************************************************************************* Magic Bytes 检测为 xlsx 格式 (ZIP/OOXML)
[2026-06-14 23:05:42] INFO [load_lookup_table] 查找表加载完成：共 5 条条目，5 个唯一账号，0 个扩展字段
[2026-06-14 23:05:42] DEBUG [get_subject_info] 银行账号「6225年88月」匹配到主体: 杭**********司（优先级: 0）
[2026-06-14 23:05:42] INFO [_parse_sheet] 招商银行文件工作表「活期交易明细」提取 2 条记录
[2026-06-14 23:05:42] INFO [parse] 招商银行文件处理完成，共提取 2 条记录
[2026-06-14 23:05:42] INFO [setup_logging] 日志系统初始化完成，日志文件: /Use*******************************************************************************************************
[2026-06-14 23:05:42] INFO [setup_logging] 未检测到 tkinter，将使用命令行交互模式
[2026-06-14 23:05:42] INFO [_identify_bank_by_content] 文件「无银行名_流水.xlsx」通过内容特征识别为: 北京银行
[2026-06-14 23:05:42] INFO [setup_logging] 日志系统初始化完成，日志文件: /Use*******************************************************************************************************
[2026-06-14 23:05:42] INFO [setup_logging] 未检测到 tkinter，将使用命令行交互模式
[2026-06-14 23:05:42] INFO [_identify_bank_by_content] 文件「无银行名_流水.xlsx」通过内容特征识别为: 东亚银行
[2026-06-14 23:05:42] INFO [setup_logging] 日志系统初始化完成，日志文件: /Use*******************************************************************************************************
[2026-06-14 23:05:42] INFO [setup_logging] 未检测到 tkinter，将使用命令行交互模式
[2026-06-14 23:05:42] INFO [_identify_bank_by_content] 文件「无银行名_流水.xlsx」通过内容特征识别为: 工商银行
[2026-06-14 23:05:42] INFO [setup_logging] 日志系统初始化完成，日志文件: /Use*******************************************************************************************************
[2026-06-14 23:05:42] INFO [setup_logging] 未检测到 tkinter，将使用命令行交互模式
[2026-06-14 23:05:42] INFO [_identify_bank_by_content] 文件「无银行名_流水.xlsx」通过内容特征识别为: 建设银行
[2026-06-14 23:05:42] INFO [setup_logging] 日志系统初始化完成，日志文件: /Use*******************************************************************************************************
[2026-06-14 23:05:42] INFO [setup_logging] 未检测到 tkinter，将使用命令行交互模式
[2026-06-14 23:05:42] INFO [_identify_bank_by_content] 文件「无银行名_流水.xlsx」通过内容特征识别为: 招商银行
[2026-06-14 23:05:42] INFO [setup_logging] 日志系统初始化完成，日志文件: /Use*******************************************************************************************************
[2026-06-14 23:05:42] INFO [setup_logging] 未检测到 tkinter，将使用命令行交互模式
[2026-06-14 23:05:42] INFO [parse] 开始处理北京银行文件: /var*********************************************************************************
[2026-06-14 23:05:42] DEBUG [detect_excel_format] 文件 /var********************************************************************************* Magic Bytes 检测为 xlsx 格式 (ZIP/OOXML)
[2026-06-14 23:05:42] INFO [validate_headers] 北京银行文件工作表「交易明细」表头校验通过，7 个字段均匹配
[2026-06-14 23:05:42] DEBUG [detect_excel_format] 文件 /var******************************************************************************* Magic Bytes 检测为 xlsx 格式 (ZIP/OOXML)
[2026-06-14 23:05:42] INFO [load_lookup_table] 查找表加载完成：共 5 条条目，5 个唯一账号，0 个扩展字段
[2026-06-14 23:05:42] DEBUG [get_subject_info] 银行账号「0109年03月」匹配到主体: 北********司（优先级: 0）
[2026-06-14 23:05:42] INFO [_parse_sheet] 北京银行文件工作表「交易明细」提取 2 条记录
[2026-06-14 23:05:42] INFO [parse] 北京银行文件处理完成，共提取 2 条记录
[2026-06-14 23:05:42] INFO [setup_logging] 日志系统初始化完成，日志文件: /Use*******************************************************************************************************
[2026-06-14 23:05:42] INFO [setup_logging] 未检测到 tkinter，将使用命令行交互模式
[2026-06-14 23:05:42] INFO [parse] 开始处理东亚银行文件: /var*********************************************************************************
[2026-06-14 23:05:42] DEBUG [detect_excel_format] 文件 /var********************************************************************************* Magic Bytes 检测为 xlsx 格式 (ZIP/OOXML)
[2026-06-14 23:05:42] INFO [validate_headers] 东亚银行文件工作表「交易明细」表头校验通过，7 个字段均匹配
[2026-06-14 23:05:42] DEBUG [detect_excel_format] 文件 /var******************************************************************************* Magic Bytes 检测为 xlsx 格式 (ZIP/OOXML)
[2026-06-14 23:05:42] INFO [load_lookup_table] 查找表加载完成：共 5 条条目，5 个唯一账号，0 个扩展字段
[2026-06-14 23:05:42] DEBUG [get_subject_info] 银行账号「3881年23月」匹配到主体: 上********司（优先级: 0）
[2026-06-14 23:05:42] INFO [_parse_sheet] 东亚银行文件工作表「交易明细」提取 2 条记录
[2026-06-14 23:05:42] INFO [parse] 东亚银行文件处理完成，共提取 2 条记录
[2026-06-14 23:05:42] INFO [setup_logging] 日志系统初始化完成，日志文件: /Use*******************************************************************************************************
[2026-06-14 23:05:42] INFO [setup_logging] 未检测到 tkinter，将使用命令行交互模式
[2026-06-14 23:05:42] INFO [parse] 开始处理工商银行文件: /var*********************************************************************************
[2026-06-14 23:05:42] DEBUG [detect_excel_format] 文件 /var********************************************************************************* Magic Bytes 检测为 xlsx 格式 (ZIP/OOXML)
[2026-06-14 23:05:42] INFO [validate_headers] 工商银行文件工作表「交易明细」表头校验通过，7 个字段均匹配
[2026-06-14 23:05:42] DEBUG [detect_excel_format] 文件 /var******************************************************************************* Magic Bytes 检测为 xlsx 格式 (ZIP/OOXML)
[2026-06-14 23:05:42] INFO [load_lookup_table] 查找表加载完成：共 5 条条目，5 个唯一账号，0 个扩展字段
[2026-06-14 23:05:42] DEBUG [get_subject_info] 银行账号「6222年02月」匹配到主体: 深********司（优先级: 0）
[2026-06-14 23:05:42] INFO [_parse_sheet] 工商银行文件工作表「交易明细」提取 2 条记录
[2026-06-14 23:05:42] INFO [parse] 工商银行文件处理完成，共提取 2 条记录
[2026-06-14 23:05:42] INFO [setup_logging] 日志系统初始化完成，日志文件: /Use*******************************************************************************************************
[2026-06-14 23:05:42] INFO [setup_logging] 未检测到 tkinter，将使用命令行交互模式
[2026-06-14 23:05:42] INFO [parse] 开始处理建设银行文件: /var*********************************************************************************
[2026-06-14 23:05:42] DEBUG [detect_excel_format] 文件 /var********************************************************************************* Magic Bytes 检测为 xlsx 格式 (ZIP/OOXML)
[2026-06-14 23:05:42] INFO [validate_headers] 建设银行文件工作表「交易明细」表头校验通过，7 个字段均匹配
[2026-06-14 23:05:42] DEBUG [detect_excel_format] 文件 /var******************************************************************************* Magic Bytes 检测为 xlsx 格式 (ZIP/OOXML)
[2026-06-14 23:05:42] INFO [load_lookup_table] 查找表加载完成：共 5 条条目，5 个唯一账号，0 个扩展字段
[2026-06-14 23:05:42] DEBUG [get_subject_info] 银行账号「6227年00月」匹配到主体: 广**********司（优先级: 0）
[2026-06-14 23:05:42] INFO [_parse_sheet] 建设银行文件工作表「交易明细」提取 2 条记录
[2026-06-14 23:05:42] INFO [parse] 建设银行文件处理完成，共提取 2 条记录
[2026-06-14 23:05:43] INFO [setup_logging] 日志系统初始化完成，日志文件: /Use*******************************************************************************************************
[2026-06-14 23:05:43] INFO [setup_logging] 未检测到 tkinter，将使用命令行交互模式
[2026-06-14 23:05:43] INFO [parse] 开始处理招商银行文件: /var*********************************************************************************
[2026-06-14 23:05:43] DEBUG [detect_excel_format] 文件 /var********************************************************************************* Magic Bytes 检测为 xlsx 格式 (ZIP/OOXML)
[2026-06-14 23:05:43] INFO [validate_headers] 招商银行文件工作表「活期交易明细」表头校验通过，7 个字段均匹配
[2026-06-14 23:05:43] DEBUG [detect_excel_format] 文件 /var******************************************************************************* Magic Bytes 检测为 xlsx 格式 (ZIP/OOXML)
[2026-06-14 23:05:43] INFO [load_lookup_table] 查找表加载完成：共 5 条条目，5 个唯一账号，0 个扩展字段
[2026-06-14 23:05:43] DEBUG [get_subject_info] 银行账号「6225年88月」匹配到主体: 杭**********司（优先级: 0）
[2026-06-14 23:05:43] INFO [_parse_sheet] 招商银行文件工作表「活期交易明细」提取 2 条记录
[2026-06-14 23:05:43] INFO [parse] 招商银行文件处理完成，共提取 2 条记录
[2026-06-14 23:05:43] INFO [setup_logging] 日志系统初始化完成，日志文件: /Use*******************************************************************************************************
[2026-06-14 23:05:43] INFO [setup_logging] 未检测到 tkinter，将使用命令行交互模式
[2026-06-14 23:05:43] INFO [parse] 开始处理北京银行文件: /var*********************************************************************************
[2026-06-14 23:05:43] DEBUG [detect_excel_format] 文件 /var********************************************************************************* Magic Bytes 检测为 xlsx 格式 (ZIP/OOXML)
[2026-06-14 23:05:43] INFO [validate_headers] 北京银行文件工作表「交易明细」表头校验通过，7 个字段均匹配
[2026-06-14 23:05:43] DEBUG [detect_excel_format] 文件 /var******************************************************************************* Magic Bytes 检测为 xlsx 格式 (ZIP/OOXML)
[2026-06-14 23:05:43] INFO [load_lookup_table] 查找表加载完成：共 5 条条目，5 个唯一账号，0 个扩展字段
[2026-06-14 23:05:43] DEBUG [get_subject_info] 银行账号「0109年03月」匹配到主体: 北********司（优先级: 0）
[2026-06-14 23:05:43] INFO [_parse_sheet] 北京银行文件工作表「交易明细」提取 2 条记录
[2026-06-14 23:05:43] INFO [parse] 北京银行文件处理完成，共提取 2 条记录
[2026-06-14 23:05:43] INFO [setup_logging] 日志系统初始化完成，日志文件: /Use*******************************************************************************************************
[2026-06-14 23:05:43] INFO [setup_logging] 未检测到 tkinter，将使用命令行交互模式
[2026-06-14 23:05:43] INFO [parse] 开始处理东亚银行文件: /var*********************************************************************************
[2026-06-14 23:05:43] DEBUG [detect_excel_format] 文件 /var********************************************************************************* Magic Bytes 检测为 xlsx 格式 (ZIP/OOXML)
[2026-06-14 23:05:43] INFO [validate_headers] 东亚银行文件工作表「交易明细」表头校验通过，7 个字段均匹配
[2026-06-14 23:05:43] DEBUG [detect_excel_format] 文件 /var******************************************************************************* Magic Bytes 检测为 xlsx 格式 (ZIP/OOXML)
[2026-06-14 23:05:43] INFO [load_lookup_table] 查找表加载完成：共 5 条条目，5 个唯一账号，0 个扩展字段
[2026-06-14 23:05:43] DEBUG [get_subject_info] 银行账号「3881年23月」匹配到主体: 上********司（优先级: 0）
[2026-06-14 23:05:43] INFO [_parse_sheet] 东亚银行文件工作表「交易明细」提取 2 条记录
[2026-06-14 23:05:43] INFO [parse] 东亚银行文件处理完成，共提取 2 条记录
[2026-06-14 23:05:43] INFO [setup_logging] 日志系统初始化完成，日志文件: /Use*******************************************************************************************************
[2026-06-14 23:05:43] INFO [setup_logging] 未检测到 tkinter，将使用命令行交互模式
[2026-06-14 23:05:43] INFO [parse] 开始处理工商银行文件: /var*********************************************************************************
[2026-06-14 23:05:43] DEBUG [detect_excel_format] 文件 /var********************************************************************************* Magic Bytes 检测为 xlsx 格式 (ZIP/OOXML)
[2026-06-14 23:05:44] INFO [validate_headers] 工商银行文件工作表「交易明细」表头校验通过，7 个字段均匹配
[2026-06-14 23:05:44] DEBUG [detect_excel_format] 文件 /var******************************************************************************* Magic Bytes 检测为 xlsx 格式 (ZIP/OOXML)
[2026-06-14 23:05:44] INFO [load_lookup_table] 查找表加载完成：共 5 条条目，5 个唯一账号，0 个扩展字段
[2026-06-14 23:05:44] DEBUG [get_subject_info] 银行账号「6222年02月」匹配到主体: 深********司（优先级: 0）
[2026-06-14 23:05:44] INFO [_parse_sheet] 工商银行文件工作表「交易明细」提取 2 条记录
[2026-06-14 23:05:44] INFO [parse] 工商银行文件处理完成，共提取 2 条记录
[2026-06-14 23:05:44] INFO [setup_logging] 日志系统初始化完成，日志文件: /Use*******************************************************************************************************
[2026-06-14 23:05:44] INFO [setup_logging] 未检测到 tkinter，将使用命令行交互模式
[2026-06-14 23:05:44] INFO [parse] 开始处理建设银行文件: /var*********************************************************************************
[2026-06-14 23:05:44] DEBUG [detect_excel_format] 文件 /var********************************************************************************* Magic Bytes 检测为 xlsx 格式 (ZIP/OOXML)
[2026-06-14 23:05:44] INFO [validate_headers] 建设银行文件工作表「交易明细」表头校验通过，7 个字段均匹配
[2026-06-14 23:05:44] DEBUG [detect_excel_format] 文件 /var******************************************************************************* Magic Bytes 检测为 xlsx 格式 (ZIP/OOXML)
[2026-06-14 23:05:44] INFO [load_lookup_table] 查找表加载完成：共 5 条条目，5 个唯一账号，0 个扩展字段
[2026-06-14 23:05:44] DEBUG [get_subject_info] 银行账号「6227年00月」匹配到主体: 广**********司（优先级: 0）
[2026-06-14 23:05:44] INFO [_parse_sheet] 建设银行文件工作表「交易明细」提取 2 条记录
[2026-06-14 23:05:44] INFO [parse] 建设银行文件处理完成，共提取 2 条记录
[2026-06-14 23:05:44] INFO [setup_logging] 日志系统初始化完成，日志文件: /Use*******************************************************************************************************
[2026-06-14 23:05:44] INFO [setup_logging] 未检测到 tkinter，将使用命令行交互模式
[2026-06-14 23:05:44] INFO [parse] 开始处理招商银行文件: /var*********************************************************************************
[2026-06-14 23:05:44] DEBUG [detect_excel_format] 文件 /var********************************************************************************* Magic Bytes 检测为 xlsx 格式 (ZIP/OOXML)
[2026-06-14 23:05:44] INFO [validate_headers] 招商银行文件工作表「活期交易明细」表头校验通过，7 个字段均匹配
[2026-06-14 23:05:44] DEBUG [detect_excel_format] 文件 /var******************************************************************************* Magic Bytes 检测为 xlsx 格式 (ZIP/OOXML)
[2026-06-14 23:05:44] INFO [load_lookup_table] 查找表加载完成：共 5 条条目，5 个唯一账号，0 个扩展字段
[2026-06-14 23:05:44] DEBUG [get_subject_info] 银行账号「6225年88月」匹配到主体: 杭**********司（优先级: 0）
[2026-06-14 23:05:44] INFO [_parse_sheet] 招商银行文件工作表「活期交易明细」提取 2 条记录
[2026-06-14 23:05:44] INFO [parse] 招商银行文件处理完成，共提取 2 条记录
[2026-06-14 23:05:44] INFO [setup_logging] 日志系统初始化完成，日志文件: /Use*******************************************************************************************************
[2026-06-14 23:05:44] INFO [setup_logging] 未检测到 tkinter，将使用命令行交互模式
[2026-06-14 23:05:44] INFO [parse] 开始处理北京银行文件: /var*********************************************************************************
[2026-06-14 23:05:44] DEBUG [detect_excel_format] 文件 /var********************************************************************************* Magic Bytes 检测为 xlsx 格式 (ZIP/OOXML)
[2026-06-14 23:05:44] INFO [validate_headers] 北京银行文件工作表「交易明细」表头校验通过，7 个字段均匹配
[2026-06-14 23:05:44] DEBUG [detect_excel_format] 文件 /var******************************************************************************* Magic Bytes 检测为 xlsx 格式 (ZIP/OOXML)
[2026-06-14 23:05:44] INFO [load_lookup_table] 查找表加载完成：共 5 条条目，5 个唯一账号，0 个扩展字段
[2026-06-14 23:05:44] DEBUG [get_subject_info] 银行账号「0109年03月」匹配到主体: 北********司（优先级: 0）
[2026-06-14 23:05:44] INFO [_parse_sheet] 北京银行文件工作表「交易明细」提取 2 条记录
[2026-06-14 23:05:44] INFO [parse] 北京银行文件处理完成，共提取 2 条记录
[2026-06-14 23:05:44] INFO [setup_logging] 日志系统初始化完成，日志文件: /Use*******************************************************************************************************
[2026-06-14 23:05:44] INFO [setup_logging] 未检测到 tkinter，将使用命令行交互模式
[2026-06-14 23:05:44] INFO [parse] 开始处理东亚银行文件: /var*********************************************************************************
[2026-06-14 23:05:44] DEBUG [detect_excel_format] 文件 /var********************************************************************************* Magic Bytes 检测为 xlsx 格式 (ZIP/OOXML)
[2026-06-14 23:05:44] INFO [validate_headers] 东亚银行文件工作表「交易明细」表头校验通过，7 个字段均匹配
[2026-06-14 23:05:44] DEBUG [detect_excel_format] 文件 /var******************************************************************************* Magic Bytes 检测为 xlsx 格式 (ZIP/OOXML)
[2026-06-14 23:05:44] INFO [load_lookup_table] 查找表加载完成：共 5 条条目，5 个唯一账号，0 个扩展字段
[2026-06-14 23:05:44] DEBUG [get_subject_info] 银行账号「3881年23月」匹配到主体: 上********司（优先级: 0）
[2026-06-14 23:05:44] INFO [_parse_sheet] 东亚银行文件工作表「交易明细」提取 2 条记录
[2026-06-14 23:05:44] INFO [parse] 东亚银行文件处理完成，共提取 2 条记录
[2026-06-14 23:05:44] INFO [setup_logging] 日志系统初始化完成，日志文件: /Use*******************************************************************************************************
[2026-06-14 23:05:44] INFO [setup_logging] 未检测到 tkinter，将使用命令行交互模式
[2026-06-14 23:05:44] INFO [parse] 开始处理工商银行文件: /var*********************************************************************************
[2026-06-14 23:05:44] DEBUG [detect_excel_format] 文件 /var********************************************************************************* Magic Bytes 检测为 xlsx 格式 (ZIP/OOXML)
[2026-06-14 23:05:44] INFO [validate_headers] 工商银行文件工作表「交易明细」表头校验通过，7 个字段均匹配
[2026-06-14 23:05:44] DEBUG [detect_excel_format] 文件 /var******************************************************************************* Magic Bytes 检测为 xlsx 格式 (ZIP/OOXML)
[2026-06-14 23:05:44] INFO [load_lookup_table] 查找表加载完成：共 5 条条目，5 个唯一账号，0 个扩展字段
[2026-06-14 23:05:44] DEBUG [get_subject_info] 银行账号「6222年02月」匹配到主体: 深********司（优先级: 0）
[2026-06-14 23:05:44] INFO [_parse_sheet] 工商银行文件工作表「交易明细」提取 2 条记录
[2026-06-14 23:05:44] INFO [parse] 工商银行文件处理完成，共提取 2 条记录
[2026-06-14 23:05:44] INFO [setup_logging] 日志系统初始化完成，日志文件: /Use*******************************************************************************************************
[2026-06-14 23:05:44] INFO [setup_logging] 未检测到 tkinter，将使用命令行交互模式
[2026-06-14 23:05:44] INFO [parse] 开始处理建设银行文件: /var*********************************************************************************
[2026-06-14 23:05:44] DEBUG [detect_excel_format] 文件 /var********************************************************************************* Magic Bytes 检测为 xlsx 格式 (ZIP/OOXML)
[2026-06-14 23:05:44] INFO [validate_headers] 建设银行文件工作表「交易明细」表头校验通过，7 个字段均匹配
[2026-06-14 23:05:44] DEBUG [detect_excel_format] 文件 /var******************************************************************************* Magic Bytes 检测为 xlsx 格式 (ZIP/OOXML)
[2026-06-14 23:05:44] INFO [load_lookup_table] 查找表加载完成：共 5 条条目，5 个唯一账号，0 个扩展字段
[2026-06-14 23:05:44] DEBUG [get_subject_info] 银行账号「6227年00月」匹配到主体: 广**********司（优先级: 0）
[2026-06-14 23:05:44] INFO [_parse_sheet] 建设银行文件工作表「交易明细」提取 2 条记录
[2026-06-14 23:05:44] INFO [parse] 建设银行文件处理完成，共提取 2 条记录
[2026-06-14 23:05:44] INFO [setup_logging] 日志系统初始化完成，日志文件: /Use*******************************************************************************************************
[2026-06-14 23:05:44] INFO [setup_logging] 未检测到 tkinter，将使用命令行交互模式
[2026-06-14 23:05:45] INFO [parse] 开始处理招商银行文件: /var*********************************************************************************
[2026-06-14 23:05:45] DEBUG [detect_excel_format] 文件 /var********************************************************************************* Magic Bytes 检测为 xlsx 格式 (ZIP/OOXML)
[2026-06-14 23:05:45] INFO [validate_headers] 招商银行文件工作表「活期交易明细」表头校验通过，7 个字段均匹配
[2026-06-14 23:05:45] DEBUG [detect_excel_format] 文件 /var******************************************************************************* Magic Bytes 检测为 xlsx 格式 (ZIP/OOXML)
[2026-06-14 23:05:45] INFO [load_lookup_table] 查找表加载完成：共 5 条条目，5 个唯一账号，0 个扩展字段
[2026-06-14 23:05:45] DEBUG [get_subject_info] 银行账号「6225年88月」匹配到主体: 杭**********司（优先级: 0）
[2026-06-14 23:05:45] INFO [_parse_sheet] 招商银行文件工作表「活期交易明细」提取 2 条记录
[2026-06-14 23:05:45] INFO [parse] 招商银行文件处理完成，共提取 2 条记录
